2026-01-27T12:42:29.0311762Z Current runner version: '2.331.0'
2026-01-27T12:42:29.0344767Z ##[group]Runner Image Provisioner
2026-01-27T12:42:29.0345992Z Hosted Compute Agent
2026-01-27T12:42:29.0346909Z Version: 20260115.477
2026-01-27T12:42:29.0347908Z Commit: 4b342d620503cbe250a3154040964899ea7c9b00
2026-01-27T12:42:29.0348929Z Build Date: 2026-01-15T22:32:41Z
2026-01-27T12:42:29.0350051Z Worker ID: {d7e4c57c-b429-480f-9715-62455196759d}
2026-01-27T12:42:29.0351329Z Azure Region: northcentralus
2026-01-27T12:42:29.0352549Z ##[endgroup]
2026-01-27T12:42:29.0355229Z ##[group]Operating System
2026-01-27T12:42:29.0356179Z Ubuntu
2026-01-27T12:42:29.0356964Z 24.04.3
2026-01-27T12:42:29.0357779Z LTS
2026-01-27T12:42:29.0358640Z ##[endgroup]
2026-01-27T12:42:29.0359452Z ##[group]Runner Image
2026-01-27T12:42:29.0360437Z Image: ubuntu-24.04
2026-01-27T12:42:29.0361324Z Version: 20260119.4.1
2026-01-27T12:42:29.0363694Z Included Software: https://github.com/actions/runner-images/blob/ubuntu24/20260119.4/images/ubuntu/Ubuntu2404-Readme.md
2026-01-27T12:42:29.0366337Z Image Release: https://github.com/actions/runner-images/releases/tag/ubuntu24%2F20260119.4
2026-01-27T12:42:29.0367966Z ##[endgroup]
2026-01-27T12:42:29.0369943Z ##[group]GITHUB_TOKEN Permissions
2026-01-27T12:42:29.0372932Z Contents: read
2026-01-27T12:42:29.0373877Z Metadata: read
2026-01-27T12:42:29.0374741Z Packages: read
2026-01-27T12:42:29.0375639Z ##[endgroup]
2026-01-27T12:42:29.0378475Z Secret source: Actions
2026-01-27T12:42:29.0380281Z Prepare workflow directory
2026-01-27T12:42:29.0865493Z Prepare all required actions
2026-01-27T12:42:29.0919230Z Getting action download info
2026-01-27T12:42:29.4272018Z Download action repository 'actions/checkout@v4' (SHA:34e114876b0b11c390a56381ad16ebd13914f8d5)
2026-01-27T12:42:29.5409347Z Download action repository 'actions/setup-python@v4' (SHA:7f4fc3e22c37d6ff65e88745f38bd3157c663f7c)
2026-01-27T12:42:29.6567639Z Download action repository 'actions/cache@v3' (SHA:6f8efc29b200d32929f49075959781ed54ec270c)
2026-01-27T12:42:29.8957683Z Complete job name: backend-test (3.11)
2026-01-27T12:42:29.9572427Z ##[group]Run actions/checkout@v4
2026-01-27T12:42:29.9573321Z with:
2026-01-27T12:42:29.9573751Z   repository: sst2020/ai-teaching-assistant
2026-01-27T12:42:29.9574458Z   token: ***
2026-01-27T12:42:29.9574851Z   ssh-strict: true
2026-01-27T12:42:29.9575250Z   ssh-user: git
2026-01-27T12:42:29.9575660Z   persist-credentials: true
2026-01-27T12:42:29.9576104Z   clean: true
2026-01-27T12:42:29.9576527Z   sparse-checkout-cone-mode: true
2026-01-27T12:42:29.9577039Z   fetch-depth: 1
2026-01-27T12:42:29.9577427Z   fetch-tags: false
2026-01-27T12:42:29.9577834Z   show-progress: true
2026-01-27T12:42:29.9578268Z   lfs: false
2026-01-27T12:42:29.9578640Z   submodules: false
2026-01-27T12:42:29.9579057Z   set-safe-directory: true
2026-01-27T12:42:29.9579698Z ##[endgroup]
2026-01-27T12:42:30.0754280Z Syncing repository: sst2020/ai-teaching-assistant
2026-01-27T12:42:30.0756088Z ##[group]Getting Git version info
2026-01-27T12:42:30.0757004Z Working directory is '/home/runner/work/ai-teaching-assistant/ai-teaching-assistant'
2026-01-27T12:42:30.0758102Z [command]/usr/bin/git version
2026-01-27T12:42:30.0863726Z git version 2.52.0
2026-01-27T12:42:30.0892497Z ##[endgroup]
2026-01-27T12:42:30.0917281Z Temporarily overriding HOME='/home/runner/work/_temp/a14eeb41-81ac-439c-b426-bde759430f2c' before making global git config changes
2026-01-27T12:42:30.0919625Z Adding repository directory to the temporary git global config as a safe directory
2026-01-27T12:42:30.0924534Z [command]/usr/bin/git config --global --add safe.directory /home/runner/work/ai-teaching-assistant/ai-teaching-assistant
2026-01-27T12:42:30.0967369Z Deleting the contents of '/home/runner/work/ai-teaching-assistant/ai-teaching-assistant'
2026-01-27T12:42:30.0971131Z ##[group]Initializing the repository
2026-01-27T12:42:30.0977059Z [command]/usr/bin/git init /home/runner/work/ai-teaching-assistant/ai-teaching-assistant
2026-01-27T12:42:30.1154543Z hint: Using 'master' as the name for the initial branch. This default branch name
2026-01-27T12:42:30.1156380Z hint: will change to "main" in Git 3.0. To configure the initial branch name
2026-01-27T12:42:30.1157464Z hint: to use in all of your new repositories, which will suppress this warning,
2026-01-27T12:42:30.1158707Z hint: call:
2026-01-27T12:42:30.1159097Z hint:
2026-01-27T12:42:30.1159824Z hint: 	git config --global init.defaultBranch <name>
2026-01-27T12:42:30.1160866Z hint:
2026-01-27T12:42:30.1161862Z hint: Names commonly chosen instead of 'master' are 'main', 'trunk' and
2026-01-27T12:42:30.1163702Z hint: 'development'. The just-created branch can be renamed via this command:
2026-01-27T12:42:30.1165010Z hint:
2026-01-27T12:42:30.1165711Z hint: 	git branch -m <name>
2026-01-27T12:42:30.1166449Z hint:
2026-01-27T12:42:30.1167433Z hint: Disable this message with "git config set advice.defaultBranchName false"
2026-01-27T12:42:30.1169420Z Initialized empty Git repository in /home/runner/work/ai-teaching-assistant/ai-teaching-assistant/.git/
2026-01-27T12:42:30.1172904Z [command]/usr/bin/git remote add origin https://github.com/sst2020/ai-teaching-assistant
2026-01-27T12:42:30.1206433Z ##[endgroup]
2026-01-27T12:42:30.1207629Z ##[group]Disabling automatic garbage collection
2026-01-27T12:42:30.1211347Z [command]/usr/bin/git config --local gc.auto 0
2026-01-27T12:42:30.1239747Z ##[endgroup]
2026-01-27T12:42:30.1240931Z ##[group]Setting up auth
2026-01-27T12:42:30.1247085Z [command]/usr/bin/git config --local --name-only --get-regexp core\.sshCommand
2026-01-27T12:42:30.1276750Z [command]/usr/bin/git submodule foreach --recursive sh -c "git config --local --name-only --get-regexp 'core\.sshCommand' && git config --local --unset-all 'core.sshCommand' || :"
2026-01-27T12:42:30.1632929Z [command]/usr/bin/git config --local --name-only --get-regexp http\.https\:\/\/github\.com\/\.extraheader
2026-01-27T12:42:30.1661347Z [command]/usr/bin/git submodule foreach --recursive sh -c "git config --local --name-only --get-regexp 'http\.https\:\/\/github\.com\/\.extraheader' && git config --local --unset-all 'http.https://github.com/.extraheader' || :"
2026-01-27T12:42:30.1883742Z [command]/usr/bin/git config --local --name-only --get-regexp ^includeIf\.gitdir:
2026-01-27T12:42:30.1919512Z [command]/usr/bin/git submodule foreach --recursive git config --local --show-origin --name-only --get-regexp remote.origin.url
2026-01-27T12:42:30.2152723Z [command]/usr/bin/git config --local http.https://github.com/.extraheader AUTHORIZATION: basic ***
2026-01-27T12:42:30.2187421Z ##[endgroup]
2026-01-27T12:42:30.2188725Z ##[group]Fetching the repository
2026-01-27T12:42:30.2197177Z [command]/usr/bin/git -c protocol.version=2 fetch --no-tags --prune --no-recurse-submodules --depth=1 origin +c92fed8adc260732accc9cf8fb7f577bdf6c7f27:refs/remotes/origin/main
2026-01-27T12:42:30.6167053Z From https://github.com/sst2020/ai-teaching-assistant
2026-01-27T12:42:30.6168700Z  * [new ref]         c92fed8adc260732accc9cf8fb7f577bdf6c7f27 -> origin/main
2026-01-27T12:42:30.6201426Z ##[endgroup]
2026-01-27T12:42:30.6203165Z ##[group]Determining the checkout info
2026-01-27T12:42:30.6204655Z ##[endgroup]
2026-01-27T12:42:30.6210164Z [command]/usr/bin/git sparse-checkout disable
2026-01-27T12:42:30.6257065Z [command]/usr/bin/git config --local --unset-all extensions.worktreeConfig
2026-01-27T12:42:30.6286600Z ##[group]Checking out the ref
2026-01-27T12:42:30.6288194Z [command]/usr/bin/git checkout --progress --force -B main refs/remotes/origin/main
2026-01-27T12:42:30.6615865Z Switched to a new branch 'main'
2026-01-27T12:42:30.6618915Z branch 'main' set up to track 'origin/main'.
2026-01-27T12:42:30.6625557Z ##[endgroup]
2026-01-27T12:42:30.6660355Z [command]/usr/bin/git log -1 --format=%H
2026-01-27T12:42:30.6683365Z c92fed8adc260732accc9cf8fb7f577bdf6c7f27
2026-01-27T12:42:30.6988797Z ##[group]Run actions/setup-python@v4
2026-01-27T12:42:30.6989953Z with:
2026-01-27T12:42:30.6990743Z   python-version: 3.11
2026-01-27T12:42:30.6991689Z   check-latest: false
2026-01-27T12:42:30.6993096Z   token: ***
2026-01-27T12:42:30.6994182Z   update-environment: true
2026-01-27T12:42:30.6995185Z   allow-prereleases: false
2026-01-27T12:42:30.6996140Z ##[endgroup]
2026-01-27T12:42:30.8667162Z ##[group]Installed versions
2026-01-27T12:42:30.8778616Z Successfully set up CPython (3.11.14)
2026-01-27T12:42:30.8781135Z ##[endgroup]
2026-01-27T12:42:30.9917396Z ##[group]Run actions/cache@v3
2026-01-27T12:42:30.9918364Z with:
2026-01-27T12:42:30.9919057Z   path: ~/.cache/pip
2026-01-27T12:42:30.9920416Z   key: Linux-pip-f4e97e6f7633a41b8f0d5f5f4959c7ff93e194c73bd0134573d2fdf632fe88b2
2026-01-27T12:42:30.9922007Z   restore-keys: Linux-pip-

2026-01-27T12:42:30.9923266Z   enableCrossOsArchive: false
2026-01-27T12:42:30.9924192Z   fail-on-cache-miss: false
2026-01-27T12:42:30.9925068Z   lookup-only: false
2026-01-27T12:42:30.9925826Z env:
2026-01-27T12:42:30.9926734Z   pythonLocation: /opt/hostedtoolcache/Python/3.11.14/x64
2026-01-27T12:42:30.9928282Z   PKG_CONFIG_PATH: /opt/hostedtoolcache/Python/3.11.14/x64/lib/pkgconfig
2026-01-27T12:42:30.9929851Z   Python_ROOT_DIR: /opt/hostedtoolcache/Python/3.11.14/x64
2026-01-27T12:42:30.9931242Z   Python2_ROOT_DIR: /opt/hostedtoolcache/Python/3.11.14/x64
2026-01-27T12:42:30.9932743Z   Python3_ROOT_DIR: /opt/hostedtoolcache/Python/3.11.14/x64
2026-01-27T12:42:30.9934237Z   LD_LIBRARY_PATH: /opt/hostedtoolcache/Python/3.11.14/x64/lib
2026-01-27T12:42:30.9935443Z ##[endgroup]
2026-01-27T12:42:31.3351391Z Cache not found for input keys: Linux-pip-f4e97e6f7633a41b8f0d5f5f4959c7ff93e194c73bd0134573d2fdf632fe88b2, Linux-pip-
2026-01-27T12:42:31.3509799Z ##[group]Run python -m pip install --upgrade pip
2026-01-27T12:42:31.3510320Z [36;1mpython -m pip install --upgrade pip[0m
2026-01-27T12:42:31.3510682Z [36;1mpip install -r requirements.txt[0m
2026-01-27T12:42:31.3511035Z [36;1mpip install pytest pytest-cov ruff mypy[0m
2026-01-27T12:42:31.3553826Z shell: /usr/bin/bash -e {0}
2026-01-27T12:42:31.3554145Z env:
2026-01-27T12:42:31.3554451Z   pythonLocation: /opt/hostedtoolcache/Python/3.11.14/x64
2026-01-27T12:42:31.3554939Z   PKG_CONFIG_PATH: /opt/hostedtoolcache/Python/3.11.14/x64/lib/pkgconfig
2026-01-27T12:42:31.3555416Z   Python_ROOT_DIR: /opt/hostedtoolcache/Python/3.11.14/x64
2026-01-27T12:42:31.3555832Z   Python2_ROOT_DIR: /opt/hostedtoolcache/Python/3.11.14/x64
2026-01-27T12:42:31.3556232Z   Python3_ROOT_DIR: /opt/hostedtoolcache/Python/3.11.14/x64
2026-01-27T12:42:31.3556651Z   LD_LIBRARY_PATH: /opt/hostedtoolcache/Python/3.11.14/x64/lib
2026-01-27T12:42:31.3556993Z ##[endgroup]
2026-01-27T12:42:34.0394187Z Requirement already satisfied: pip in /opt/hostedtoolcache/Python/3.11.14/x64/lib/python3.11/site-packages (25.3)
2026-01-27T12:42:34.7478158Z Collecting fastapi>=0.104.0 (from -r requirements.txt (line 6))
2026-01-27T12:42:34.8036735Z   Downloading fastapi-0.128.0-py3-none-any.whl.metadata (30 kB)
2026-01-27T12:42:34.8536530Z Collecting uvicorn>=0.24.0 (from uvicorn[standard]>=0.24.0->-r requirements.txt (line 7))
2026-01-27T12:42:34.8571375Z   Downloading uvicorn-0.40.0-py3-none-any.whl.metadata (6.7 kB)
2026-01-27T12:42:34.8714919Z Collecting python-multipart>=0.0.6 (from -r requirements.txt (line 8))
2026-01-27T12:42:34.8748235Z   Downloading python_multipart-0.0.22-py3-none-any.whl.metadata (1.8 kB)
2026-01-27T12:42:34.9862950Z Collecting pydantic>=2.5.0 (from pydantic[email]>=2.5.0->-r requirements.txt (line 11))
2026-01-27T12:42:34.9899988Z   Downloading pydantic-2.12.5-py3-none-any.whl.metadata (90 kB)
2026-01-27T12:42:35.0149740Z Collecting pydantic-settings>=2.1.0 (from -r requirements.txt (line 12))
2026-01-27T12:42:35.0182642Z   Downloading pydantic_settings-2.12.0-py3-none-any.whl.metadata (3.4 kB)
2026-01-27T12:42:35.0327343Z Collecting email-validator>=2.0.0 (from -r requirements.txt (line 13))
2026-01-27T12:42:35.0358756Z   Downloading email_validator-2.3.0-py3-none-any.whl.metadata (26 kB)
2026-01-27T12:42:35.0570892Z Collecting httpx>=0.25.0 (from -r requirements.txt (line 16))
2026-01-27T12:42:35.0602089Z   Downloading httpx-0.28.1-py3-none-any.whl.metadata (7.1 kB)
2026-01-27T12:42:35.5537497Z Collecting aiohttp>=3.9.0 (from -r requirements.txt (line 17))
2026-01-27T12:42:35.5576489Z   Downloading aiohttp-3.13.3-cp311-cp311-manylinux2014_x86_64.manylinux_2_17_x86_64.manylinux_2_28_x86_64.whl.metadata (8.1 kB)
2026-01-27T12:42:35.5705599Z Collecting aiofiles>=23.2.0 (from -r requirements.txt (line 20))
2026-01-27T12:42:35.5738265Z   Downloading aiofiles-25.1.0-py3-none-any.whl.metadata (6.3 kB)
2026-01-27T12:42:35.8529965Z Collecting sqlalchemy>=2.0.0 (from -r requirements.txt (line 23))
2026-01-27T12:42:35.8566717Z   Downloading sqlalchemy-2.0.46-cp311-cp311-manylinux2014_x86_64.manylinux_2_17_x86_64.manylinux_2_28_x86_64.whl.metadata (9.5 kB)
2026-01-27T12:42:35.8762765Z Collecting aiosqlite>=0.19.0 (from -r requirements.txt (line 24))
2026-01-27T12:42:35.8802575Z   Downloading aiosqlite-0.22.1-py3-none-any.whl.metadata (4.3 kB)
2026-01-27T12:42:35.9224943Z Collecting asyncpg>=0.29.0 (from -r requirements.txt (line 25))
2026-01-27T12:42:35.9264657Z   Downloading asyncpg-0.31.0-cp311-cp311-manylinux2014_x86_64.manylinux_2_17_x86_64.manylinux_2_28_x86_64.whl.metadata (4.4 kB)
2026-01-27T12:42:35.9882084Z Collecting psycopg2-binary>=2.9.0 (from -r requirements.txt (line 26))
2026-01-27T12:42:35.9917976Z   Downloading psycopg2_binary-2.9.11-cp311-cp311-manylinux2014_x86_64.manylinux_2_17_x86_64.whl.metadata (4.9 kB)
2026-01-27T12:42:36.0159751Z Collecting alembic>=1.13.0 (from -r requirements.txt (line 27))
2026-01-27T12:42:36.0194144Z   Downloading alembic-1.18.1-py3-none-any.whl.metadata (7.2 kB)
2026-01-27T12:42:36.0861946Z Collecting openai>=1.3.0 (from -r requirements.txt (line 30))
2026-01-27T12:42:36.0896663Z   Downloading openai-2.15.0-py3-none-any.whl.metadata (29 kB)
2026-01-27T12:42:36.1288333Z Collecting tiktoken>=0.5.0 (from -r requirements.txt (line 31))
2026-01-27T12:42:36.1325409Z   Downloading tiktoken-0.12.0-cp311-cp311-manylinux_2_28_x86_64.whl.metadata (6.7 kB)
2026-01-27T12:42:36.1450383Z Collecting python-docx>=1.0.0 (from -r requirements.txt (line 40))
2026-01-27T12:42:36.1482625Z   Downloading python_docx-1.2.0-py3-none-any.whl.metadata (2.0 kB)
2026-01-27T12:42:36.1677784Z Collecting PyPDF2>=3.0.0 (from -r requirements.txt (line 41))
2026-01-27T12:42:36.1714015Z   Downloading pypdf2-3.0.1-py3-none-any.whl.metadata (6.8 kB)
2026-01-27T12:42:36.1861159Z Collecting pycodestyle>=2.11.0 (from -r requirements.txt (line 44))
2026-01-27T12:42:36.1894611Z   Downloading pycodestyle-2.14.0-py2.py3-none-any.whl.metadata (4.5 kB)
2026-01-27T12:42:36.2059131Z Collecting radon>=6.0.0 (from -r requirements.txt (line 45))
2026-01-27T12:42:36.2090392Z   Downloading radon-6.0.1-py2.py3-none-any.whl.metadata (8.2 kB)
2026-01-27T12:42:36.2452977Z Collecting pylint>=3.0.0 (from -r requirements.txt (line 46))
2026-01-27T12:42:36.2487413Z   Downloading pylint-4.0.4-py3-none-any.whl.metadata (12 kB)
2026-01-27T12:42:36.2686679Z Collecting bandit>=1.7.0 (from -r requirements.txt (line 47))
2026-01-27T12:42:36.2718483Z   Downloading bandit-1.9.3-py3-none-any.whl.metadata (7.1 kB)
2026-01-27T12:42:36.3074553Z Collecting pytest>=7.4.0 (from -r requirements.txt (line 50))
2026-01-27T12:42:36.3109283Z   Downloading pytest-9.0.2-py3-none-any.whl.metadata (7.6 kB)
2026-01-27T12:42:36.3324940Z Collecting pytest-asyncio>=0.21.0 (from -r requirements.txt (line 51))
2026-01-27T12:42:36.3359630Z   Downloading pytest_asyncio-1.3.0-py3-none-any.whl.metadata (4.1 kB)
2026-01-27T12:42:36.3517896Z Collecting pytest-cov>=4.1.0 (from -r requirements.txt (line 52))
2026-01-27T12:42:36.3551355Z   Downloading pytest_cov-7.0.0-py3-none-any.whl.metadata (31 kB)
2026-01-27T12:42:36.3721026Z Collecting python-dotenv>=1.0.0 (from -r requirements.txt (line 56))
2026-01-27T12:42:36.3754713Z   Downloading python_dotenv-1.2.1-py3-none-any.whl.metadata (25 kB)
2026-01-27T12:42:36.4269126Z Collecting black>=23.0.0 (from -r requirements.txt (line 57))
2026-01-27T12:42:36.4301623Z   Downloading black-26.1.0-cp311-cp311-manylinux2014_x86_64.manylinux_2_17_x86_64.manylinux_2_28_x86_64.whl.metadata (88 kB)
2026-01-27T12:42:36.4662488Z Collecting isort>=5.12.0 (from -r requirements.txt (line 58))
2026-01-27T12:42:36.4694606Z   Downloading isort-7.0.0-py3-none-any.whl.metadata (11 kB)
2026-01-27T12:42:36.5988180Z Collecting mypy>=1.7.0 (from -r requirements.txt (line 59))
2026-01-27T12:42:36.6048586Z   Downloading mypy-1.19.1-cp311-cp311-manylinux2014_x86_64.manylinux_2_17_x86_64.manylinux_2_28_x86_64.whl.metadata (2.2 kB)
2026-01-27T12:42:36.9798062Z Collecting ruff>=0.1.0 (from -r requirements.txt (line 60))
2026-01-27T12:42:36.9832782Z   Downloading ruff-0.14.14-py3-none-manylinux_2_17_x86_64.manylinux2014_x86_64.whl.metadata (26 kB)
2026-01-27T12:42:37.0018053Z Collecting cachetools>=5.3.0 (from -r requirements.txt (line 63))
2026-01-27T12:42:37.0051401Z   Downloading cachetools-6.2.5-py3-none-any.whl.metadata (5.6 kB)
2026-01-27T12:42:37.0174504Z Collecting loguru>=0.7.0 (from -r requirements.txt (line 66))
2026-01-27T12:42:37.0205862Z   Downloading loguru-0.7.3-py3-none-any.whl.metadata (22 kB)
2026-01-27T12:42:37.0388504Z Collecting python-jose>=3.3.0 (from python-jose[cryptography]>=3.3.0->-r requirements.txt (line 69))
2026-01-27T12:42:37.0420414Z   Downloading python_jose-3.5.0-py2.py3-none-any.whl.metadata (5.5 kB)
2026-01-27T12:42:37.0548360Z Collecting passlib>=1.7.0 (from passlib[bcrypt]>=1.7.0->-r requirements.txt (line 70))
2026-01-27T12:42:37.0579702Z   Downloading passlib-1.7.4-py2.py3-none-any.whl.metadata (1.7 kB)
2026-01-27T12:42:37.0887230Z Collecting starlette<0.51.0,>=0.40.0 (from fastapi>=0.104.0->-r requirements.txt (line 6))
2026-01-27T12:42:37.0927546Z   Downloading starlette-0.50.0-py3-none-any.whl.metadata (6.3 kB)
2026-01-27T12:42:37.1223656Z Collecting typing-extensions>=4.8.0 (from fastapi>=0.104.0->-r requirements.txt (line 6))
2026-01-27T12:42:37.1256953Z   Downloading typing_extensions-4.15.0-py3-none-any.whl.metadata (3.3 kB)
2026-01-27T12:42:37.1357703Z Collecting annotated-doc>=0.0.2 (from fastapi>=0.104.0->-r requirements.txt (line 6))
2026-01-27T12:42:37.1390698Z   Downloading annotated_doc-0.0.4-py3-none-any.whl.metadata (6.6 kB)
2026-01-27T12:42:37.1654532Z Collecting anyio<5,>=3.6.2 (from starlette<0.51.0,>=0.40.0->fastapi>=0.104.0->-r requirements.txt (line 6))
2026-01-27T12:42:37.1688567Z   Downloading anyio-4.12.1-py3-none-any.whl.metadata (4.3 kB)
2026-01-27T12:42:37.1874094Z Collecting idna>=2.8 (from anyio<5,>=3.6.2->starlette<0.51.0,>=0.40.0->fastapi>=0.104.0->-r requirements.txt (line 6))
2026-01-27T12:42:37.1905843Z   Downloading idna-3.11-py3-none-any.whl.metadata (8.4 kB)
2026-01-27T12:42:37.2133937Z Collecting click>=7.0 (from uvicorn>=0.24.0->uvicorn[standard]>=0.24.0->-r requirements.txt (line 7))
2026-01-27T12:42:37.2165597Z   Downloading click-8.3.1-py3-none-any.whl.metadata (2.6 kB)
2026-01-27T12:42:37.2278488Z Collecting h11>=0.8 (from uvicorn>=0.24.0->uvicorn[standard]>=0.24.0->-r requirements.txt (line 7))
2026-01-27T12:42:37.2309668Z   Downloading h11-0.16.0-py3-none-any.whl.metadata (8.3 kB)
2026-01-27T12:42:37.2427403Z Collecting annotated-types>=0.6.0 (from pydantic>=2.5.0->pydantic[email]>=2.5.0->-r requirements.txt (line 11))
2026-01-27T12:42:37.2460327Z   Downloading annotated_types-0.7.0-py3-none-any.whl.metadata (15 kB)
2026-01-27T12:42:37.9287486Z Collecting pydantic-core==2.41.5 (from pydantic>=2.5.0->pydantic[email]>=2.5.0->-r requirements.txt (line 11))
2026-01-27T12:42:37.9322734Z   Downloading pydantic_core-2.41.5-cp311-cp311-manylinux_2_17_x86_64.manylinux2014_x86_64.whl.metadata (7.3 kB)
2026-01-27T12:42:37.9466882Z Collecting typing-inspection>=0.4.2 (from pydantic>=2.5.0->pydantic[email]>=2.5.0->-r requirements.txt (line 11))
2026-01-27T12:42:37.9498296Z   Downloading typing_inspection-0.4.2-py3-none-any.whl.metadata (2.6 kB)
2026-01-27T12:42:37.9688614Z Collecting dnspython>=2.0.0 (from email-validator>=2.0.0->-r requirements.txt (line 13))
2026-01-27T12:42:37.9720663Z   Downloading dnspython-2.8.0-py3-none-any.whl.metadata (5.7 kB)
2026-01-27T12:42:37.9972053Z Collecting certifi (from httpx>=0.25.0->-r requirements.txt (line 16))
2026-01-27T12:42:38.0003134Z   Downloading certifi-2026.1.4-py3-none-any.whl.metadata (2.5 kB)
2026-01-27T12:42:38.0200785Z Collecting httpcore==1.* (from httpx>=0.25.0->-r requirements.txt (line 16))
2026-01-27T12:42:38.0236596Z   Downloading httpcore-1.0.9-py3-none-any.whl.metadata (21 kB)
2026-01-27T12:42:38.0437331Z Collecting aiohappyeyeballs>=2.5.0 (from aiohttp>=3.9.0->-r requirements.txt (line 17))
2026-01-27T12:42:38.0475785Z   Downloading aiohappyeyeballs-2.6.1-py3-none-any.whl.metadata (5.9 kB)
2026-01-27T12:42:38.0598524Z Collecting aiosignal>=1.4.0 (from aiohttp>=3.9.0->-r requirements.txt (line 17))
2026-01-27T12:42:38.0630630Z   Downloading aiosignal-1.4.0-py3-none-any.whl.metadata (3.7 kB)
2026-01-27T12:42:38.0787382Z Collecting attrs>=17.3.0 (from aiohttp>=3.9.0->-r requirements.txt (line 17))
2026-01-27T12:42:38.0822492Z   Downloading attrs-25.4.0-py3-none-any.whl.metadata (10 kB)
2026-01-27T12:42:38.1475996Z Collecting frozenlist>=1.1.1 (from aiohttp>=3.9.0->-r requirements.txt (line 17))
2026-01-27T12:42:38.1515041Z   Downloading frozenlist-1.8.0-cp311-cp311-manylinux1_x86_64.manylinux_2_28_x86_64.manylinux_2_5_x86_64.whl.metadata (20 kB)
2026-01-27T12:42:38.3760780Z Collecting multidict<7.0,>=4.5 (from aiohttp>=3.9.0->-r requirements.txt (line 17))
2026-01-27T12:42:38.3800062Z   Downloading multidict-6.7.1-cp311-cp311-manylinux2014_x86_64.manylinux_2_17_x86_64.manylinux_2_28_x86_64.whl.metadata (5.3 kB)
2026-01-27T12:42:38.5031569Z Collecting propcache>=0.2.0 (from aiohttp>=3.9.0->-r requirements.txt (line 17))
2026-01-27T12:42:38.5070743Z   Downloading propcache-0.4.1-cp311-cp311-manylinux2014_x86_64.manylinux_2_17_x86_64.manylinux_2_28_x86_64.whl.metadata (13 kB)
2026-01-27T12:42:38.7525417Z Collecting yarl<2.0,>=1.17.0 (from aiohttp>=3.9.0->-r requirements.txt (line 17))
2026-01-27T12:42:38.7560273Z   Downloading yarl-1.22.0-cp311-cp311-manylinux2014_x86_64.manylinux_2_17_x86_64.manylinux_2_28_x86_64.whl.metadata (75 kB)
2026-01-27T12:42:38.8923490Z Collecting greenlet>=1 (from sqlalchemy>=2.0.0->-r requirements.txt (line 23))
2026-01-27T12:42:38.8958867Z   Downloading greenlet-3.3.1-cp311-cp311-manylinux_2_24_x86_64.manylinux_2_28_x86_64.whl.metadata (3.7 kB)
2026-01-27T12:42:38.9365839Z Collecting Mako (from alembic>=1.13.0->-r requirements.txt (line 27))
2026-01-27T12:42:38.9399706Z   Downloading mako-1.3.10-py3-none-any.whl.metadata (2.9 kB)
2026-01-27T12:42:38.9626925Z Collecting distro<2,>=1.7.0 (from openai>=1.3.0->-r requirements.txt (line 30))
2026-01-27T12:42:38.9660439Z   Downloading distro-1.9.0-py3-none-any.whl.metadata (6.8 kB)
2026-01-27T12:42:39.0393237Z Collecting jiter<1,>=0.10.0 (from openai>=1.3.0->-r requirements.txt (line 30))
2026-01-27T12:42:39.0432531Z   Downloading jiter-0.12.0-cp311-cp311-manylinux_2_17_x86_64.manylinux2014_x86_64.whl.metadata (5.2 kB)
2026-01-27T12:42:39.0727250Z Collecting sniffio (from openai>=1.3.0->-r requirements.txt (line 30))
2026-01-27T12:42:39.0759489Z   Downloading sniffio-1.3.1-py3-none-any.whl.metadata (3.9 kB)
2026-01-27T12:42:39.1104274Z Collecting tqdm>4 (from openai>=1.3.0->-r requirements.txt (line 30))
2026-01-27T12:42:39.1136805Z   Downloading tqdm-4.67.1-py3-none-any.whl.metadata (57 kB)
2026-01-27T12:42:39.5489457Z Collecting regex>=2022.1.18 (from tiktoken>=0.5.0->-r requirements.txt (line 31))
2026-01-27T12:42:39.5536696Z   Downloading regex-2026.1.15-cp311-cp311-manylinux2014_x86_64.manylinux_2_17_x86_64.manylinux_2_28_x86_64.whl.metadata (40 kB)
2026-01-27T12:42:39.5800747Z Collecting requests>=2.26.0 (from tiktoken>=0.5.0->-r requirements.txt (line 31))
2026-01-27T12:42:39.5832481Z   Downloading requests-2.32.5-py3-none-any.whl.metadata (4.9 kB)
2026-01-27T12:42:39.7560058Z Collecting lxml>=3.1.0 (from python-docx>=1.0.0->-r requirements.txt (line 40))
2026-01-27T12:42:39.7595493Z   Downloading lxml-6.0.2-cp311-cp311-manylinux_2_26_x86_64.manylinux_2_28_x86_64.whl.metadata (3.6 kB)
2026-01-27T12:42:39.7805252Z Collecting mando<0.8,>=0.6 (from radon>=6.0.0->-r requirements.txt (line 45))
2026-01-27T12:42:39.7838605Z   Downloading mando-0.7.1-py2.py3-none-any.whl.metadata (7.4 kB)
2026-01-27T12:42:39.7998280Z Collecting colorama>=0.4.1 (from radon>=6.0.0->-r requirements.txt (line 45))
2026-01-27T12:42:39.8030183Z   Downloading colorama-0.4.6-py2.py3-none-any.whl.metadata (17 kB)
2026-01-27T12:42:39.8170120Z Collecting six (from mando<0.8,>=0.6->radon>=6.0.0->-r requirements.txt (line 45))
2026-01-27T12:42:39.8201262Z   Downloading six-1.17.0-py2.py3-none-any.whl.metadata (1.7 kB)
2026-01-27T12:42:39.8537144Z Collecting astroid<=4.1.dev0,>=4.0.2 (from pylint>=3.0.0->-r requirements.txt (line 46))
2026-01-27T12:42:39.8568790Z   Downloading astroid-4.0.3-py3-none-any.whl.metadata (4.4 kB)
2026-01-27T12:42:39.8698486Z Collecting dill>=0.3.6 (from pylint>=3.0.0->-r requirements.txt (line 46))
2026-01-27T12:42:39.8730028Z   Downloading dill-0.4.1-py3-none-any.whl.metadata (10 kB)
2026-01-27T12:42:39.8965830Z Collecting mccabe<0.8,>=0.6 (from pylint>=3.0.0->-r requirements.txt (line 46))
2026-01-27T12:42:39.9000008Z   Downloading mccabe-0.7.0-py2.py3-none-any.whl.metadata (5.0 kB)
2026-01-27T12:42:39.9185089Z Collecting platformdirs>=2.2 (from pylint>=3.0.0->-r requirements.txt (line 46))
2026-01-27T12:42:39.9216438Z   Downloading platformdirs-4.5.1-py3-none-any.whl.metadata (12 kB)
2026-01-27T12:42:39.9430020Z Collecting tomlkit>=0.10.1 (from pylint>=3.0.0->-r requirements.txt (line 46))
2026-01-27T12:42:39.9462406Z   Downloading tomlkit-0.14.0-py3-none-any.whl.metadata (2.8 kB)
2026-01-27T12:42:39.9861319Z Collecting PyYAML>=5.3.1 (from bandit>=1.7.0->-r requirements.txt (line 47))
2026-01-27T12:42:39.9899999Z   Downloading pyyaml-6.0.3-cp311-cp311-manylinux2014_x86_64.manylinux_2_17_x86_64.manylinux_2_28_x86_64.whl.metadata (2.4 kB)
2026-01-27T12:42:40.0120632Z Collecting stevedore>=1.20.0 (from bandit>=1.7.0->-r requirements.txt (line 47))
2026-01-27T12:42:40.0154749Z   Downloading stevedore-5.6.0-py3-none-any.whl.metadata (2.3 kB)
2026-01-27T12:42:40.0548527Z Collecting rich (from bandit>=1.7.0->-r requirements.txt (line 47))
2026-01-27T12:42:40.0581272Z   Downloading rich-14.3.1-py3-none-any.whl.metadata (18 kB)
2026-01-27T12:42:40.0720674Z Collecting iniconfig>=1.0.1 (from pytest>=7.4.0->-r requirements.txt (line 50))
2026-01-27T12:42:40.0752930Z   Downloading iniconfig-2.3.0-py3-none-any.whl.metadata (2.5 kB)
2026-01-27T12:42:40.0914753Z Collecting packaging>=22 (from pytest>=7.4.0->-r requirements.txt (line 50))
2026-01-27T12:42:40.0947784Z   Downloading packaging-26.0-py3-none-any.whl.metadata (3.3 kB)
2026-01-27T12:42:40.1070470Z Collecting pluggy<2,>=1.5 (from pytest>=7.4.0->-r requirements.txt (line 50))
2026-01-27T12:42:40.1105084Z   Downloading pluggy-1.6.0-py3-none-any.whl.metadata (4.8 kB)
2026-01-27T12:42:40.1297275Z Collecting pygments>=2.7.2 (from pytest>=7.4.0->-r requirements.txt (line 50))
2026-01-27T12:42:40.1330997Z   Downloading pygments-2.19.2-py3-none-any.whl.metadata (2.5 kB)
2026-01-27T12:42:40.4894009Z Collecting coverage>=7.10.6 (from coverage[toml]>=7.10.6->pytest-cov>=4.1.0->-r requirements.txt (line 52))
2026-01-27T12:42:40.4929129Z   Downloading coverage-7.13.2-cp311-cp311-manylinux1_x86_64.manylinux_2_28_x86_64.manylinux_2_5_x86_64.whl.metadata (8.5 kB)
2026-01-27T12:42:40.6324385Z Collecting mypy-extensions>=0.4.3 (from black>=23.0.0->-r requirements.txt (line 57))
2026-01-27T12:42:40.6357677Z   Downloading mypy_extensions-1.1.0-py3-none-any.whl.metadata (1.1 kB)
2026-01-27T12:42:40.6486213Z Collecting pathspec>=1.0.0 (from black>=23.0.0->-r requirements.txt (line 57))
2026-01-27T12:42:40.6519205Z   Downloading pathspec-1.0.4-py3-none-any.whl.metadata (13 kB)
2026-01-27T12:42:40.6727777Z Collecting pytokens>=0.3.0 (from black>=23.0.0->-r requirements.txt (line 57))
2026-01-27T12:42:40.6760100Z   Downloading pytokens-0.4.0-cp311-cp311-manylinux2014_x86_64.manylinux_2_17_x86_64.manylinux_2_28_x86_64.whl.metadata (3.8 kB)
2026-01-27T12:42:40.7678914Z Collecting librt>=0.6.2 (from mypy>=1.7.0->-r requirements.txt (line 59))
2026-01-27T12:42:40.7713071Z   Downloading librt-0.7.8-cp311-cp311-manylinux2014_x86_64.manylinux_2_17_x86_64.manylinux_2_28_x86_64.whl.metadata (1.3 kB)
2026-01-27T12:42:40.7909461Z Collecting ecdsa!=0.15 (from python-jose>=3.3.0->python-jose[cryptography]>=3.3.0->-r requirements.txt (line 69))
2026-01-27T12:42:40.7942888Z   Downloading ecdsa-0.19.1-py2.py3-none-any.whl.metadata (29 kB)
2026-01-27T12:42:40.8123087Z Collecting rsa!=4.1.1,!=4.4,<5.0,>=4.0 (from python-jose>=3.3.0->python-jose[cryptography]>=3.3.0->-r requirements.txt (line 69))
2026-01-27T12:42:40.8155736Z   Downloading rsa-4.9.1-py3-none-any.whl.metadata (5.6 kB)
2026-01-27T12:42:40.8354931Z Collecting pyasn1>=0.5.0 (from python-jose>=3.3.0->python-jose[cryptography]>=3.3.0->-r requirements.txt (line 69))
2026-01-27T12:42:40.8387239Z   Downloading pyasn1-0.6.2-py3-none-any.whl.metadata (8.4 kB)
2026-01-27T12:42:40.9321547Z Collecting bcrypt>=3.1.0 (from passlib[bcrypt]>=1.7.0->-r requirements.txt (line 70))
2026-01-27T12:42:40.9358320Z   Downloading bcrypt-5.0.0-cp39-abi3-manylinux_2_34_x86_64.whl.metadata (10 kB)
2026-01-27T12:42:41.1269079Z Collecting cryptography>=3.4.0 (from python-jose[cryptography]>=3.3.0->-r requirements.txt (line 69))
2026-01-27T12:42:41.1304438Z   Downloading cryptography-46.0.3-cp311-abi3-manylinux_2_34_x86_64.whl.metadata (5.7 kB)
2026-01-27T12:42:41.2353573Z Collecting cffi>=2.0.0 (from cryptography>=3.4.0->python-jose[cryptography]>=3.3.0->-r requirements.txt (line 69))
2026-01-27T12:42:41.2391635Z   Downloading cffi-2.0.0-cp311-cp311-manylinux2014_x86_64.manylinux_2_17_x86_64.whl.metadata (2.6 kB)
2026-01-27T12:42:41.2528692Z Collecting pycparser (from cffi>=2.0.0->cryptography>=3.4.0->python-jose[cryptography]>=3.3.0->-r requirements.txt (line 69))
2026-01-27T12:42:41.2598729Z   Downloading pycparser-3.0-py3-none-any.whl.metadata (8.2 kB)
2026-01-27T12:42:41.3496693Z Collecting charset_normalizer<4,>=2 (from requests>=2.26.0->tiktoken>=0.5.0->-r requirements.txt (line 31))
2026-01-27T12:42:41.3536671Z   Downloading charset_normalizer-3.4.4-cp311-cp311-manylinux2014_x86_64.manylinux_2_17_x86_64.manylinux_2_28_x86_64.whl.metadata (37 kB)
2026-01-27T12:42:41.3876038Z Collecting urllib3<3,>=1.21.1 (from requests>=2.26.0->tiktoken>=0.5.0->-r requirements.txt (line 31))
2026-01-27T12:42:41.3907740Z   Downloading urllib3-2.6.3-py3-none-any.whl.metadata (6.9 kB)
2026-01-27T12:42:41.4466946Z Collecting httptools>=0.6.3 (from uvicorn[standard]>=0.24.0->-r requirements.txt (line 7))
2026-01-27T12:42:41.4502648Z   Downloading httptools-0.7.1-cp311-cp311-manylinux1_x86_64.manylinux_2_28_x86_64.manylinux_2_5_x86_64.whl.metadata (3.5 kB)
2026-01-27T12:42:41.4927304Z Collecting uvloop>=0.15.1 (from uvicorn[standard]>=0.24.0->-r requirements.txt (line 7))
2026-01-27T12:42:41.4960381Z   Downloading uvloop-0.22.1-cp311-cp311-manylinux2014_x86_64.manylinux_2_17_x86_64.manylinux_2_28_x86_64.whl.metadata (4.9 kB)
2026-01-27T12:42:41.5702964Z Collecting watchfiles>=0.13 (from uvicorn[standard]>=0.24.0->-r requirements.txt (line 7))
2026-01-27T12:42:41.5740663Z   Downloading watchfiles-1.1.1-cp311-cp311-manylinux_2_17_x86_64.manylinux2014_x86_64.whl.metadata (4.9 kB)
2026-01-27T12:42:41.6603951Z Collecting websockets>=10.4 (from uvicorn[standard]>=0.24.0->-r requirements.txt (line 7))
2026-01-27T12:42:41.6642506Z   Downloading websockets-16.0-cp311-cp311-manylinux1_x86_64.manylinux_2_28_x86_64.manylinux_2_5_x86_64.whl.metadata (6.8 kB)
2026-01-27T12:42:41.7350861Z Collecting MarkupSafe>=0.9.2 (from Mako->alembic>=1.13.0->-r requirements.txt (line 27))
2026-01-27T12:42:41.7385196Z   Downloading markupsafe-3.0.3-cp311-cp311-manylinux2014_x86_64.manylinux_2_17_x86_64.manylinux_2_28_x86_64.whl.metadata (2.7 kB)
2026-01-27T12:42:41.7604517Z Collecting markdown-it-py>=2.2.0 (from rich->bandit>=1.7.0->-r requirements.txt (line 47))
2026-01-27T12:42:41.7639068Z   Downloading markdown_it_py-4.0.0-py3-none-any.whl.metadata (7.3 kB)
2026-01-27T12:42:41.7846425Z Collecting mdurl~=0.1 (from markdown-it-py>=2.2.0->rich->bandit>=1.7.0->-r requirements.txt (line 47))
2026-01-27T12:42:41.7878859Z   Downloading mdurl-0.1.2-py3-none-any.whl.metadata (1.6 kB)
2026-01-27T12:42:41.8015731Z Downloading fastapi-0.128.0-py3-none-any.whl (103 kB)
2026-01-27T12:42:41.8071055Z Downloading starlette-0.50.0-py3-none-any.whl (74 kB)
2026-01-27T12:42:41.8128180Z Downloading anyio-4.12.1-py3-none-any.whl (113 kB)
2026-01-27T12:42:41.8188862Z Downloading uvicorn-0.40.0-py3-none-any.whl (68 kB)
2026-01-27T12:42:41.8245681Z Downloading python_multipart-0.0.22-py3-none-any.whl (24 kB)
2026-01-27T12:42:41.8299973Z Downloading pydantic-2.12.5-py3-none-any.whl (463 kB)
2026-01-27T12:42:41.8383492Z Downloading pydantic_core-2.41.5-cp311-cp311-manylinux_2_17_x86_64.manylinux2014_x86_64.whl (2.1 MB)
2026-01-27T12:42:41.8501468Z    ━━━━━━━━━━━━━━━━━━━━━━━━━━━━━━━━━━━━━━━━ 2.1/2.1 MB 203.9 MB/s  0:00:00
2026-01-27T12:42:41.8535369Z Downloading pydantic_settings-2.12.0-py3-none-any.whl (51 kB)
2026-01-27T12:42:41.8589424Z Downloading email_validator-2.3.0-py3-none-any.whl (35 kB)
2026-01-27T12:42:41.8640662Z Downloading httpx-0.28.1-py3-none-any.whl (73 kB)
2026-01-27T12:42:41.8695362Z Downloading httpcore-1.0.9-py3-none-any.whl (78 kB)
2026-01-27T12:42:41.8755563Z Downloading aiohttp-3.13.3-cp311-cp311-manylinux2014_x86_64.manylinux_2_17_x86_64.manylinux_2_28_x86_64.whl (1.7 MB)
2026-01-27T12:42:41.8859370Z    ━━━━━━━━━━━━━━━━━━━━━━━━━━━━━━━━━━━━━━━━ 1.7/1.7 MB 180.6 MB/s  0:00:00
2026-01-27T12:42:41.8895263Z Downloading multidict-6.7.1-cp311-cp311-manylinux2014_x86_64.manylinux_2_17_x86_64.manylinux_2_28_x86_64.whl (246 kB)
2026-01-27T12:42:41.8958288Z Downloading yarl-1.22.0-cp311-cp311-manylinux2014_x86_64.manylinux_2_17_x86_64.manylinux_2_28_x86_64.whl (365 kB)
2026-01-27T12:42:41.9025301Z Downloading aiofiles-25.1.0-py3-none-any.whl (14 kB)
2026-01-27T12:42:41.9087051Z Downloading sqlalchemy-2.0.46-cp311-cp311-manylinux2014_x86_64.manylinux_2_17_x86_64.manylinux_2_28_x86_64.whl (3.3 MB)
2026-01-27T12:42:41.9237012Z    ━━━━━━━━━━━━━━━━━━━━━━━━━━━━━━━━━━━━━━━━ 3.3/3.3 MB 228.3 MB/s  0:00:00
2026-01-27T12:42:41.9270529Z Downloading aiosqlite-0.22.1-py3-none-any.whl (17 kB)
2026-01-27T12:42:41.9324269Z Downloading asyncpg-0.31.0-cp311-cp311-manylinux2014_x86_64.manylinux_2_17_x86_64.manylinux_2_28_x86_64.whl (3.0 MB)
2026-01-27T12:42:41.9470366Z    ━━━━━━━━━━━━━━━━━━━━━━━━━━━━━━━━━━━━━━━━ 3.0/3.0 MB 221.2 MB/s  0:00:00
2026-01-27T12:42:41.9508925Z Downloading psycopg2_binary-2.9.11-cp311-cp311-manylinux2014_x86_64.manylinux_2_17_x86_64.whl (4.2 MB)
2026-01-27T12:42:41.9689236Z    ━━━━━━━━━━━━━━━━━━━━━━━━━━━━━━━━━━━━━━━━ 4.2/4.2 MB 250.2 MB/s  0:00:00
2026-01-27T12:42:41.9723999Z Downloading alembic-1.18.1-py3-none-any.whl (260 kB)
2026-01-27T12:42:41.9787487Z Downloading openai-2.15.0-py3-none-any.whl (1.1 MB)
2026-01-27T12:42:41.9864070Z    ━━━━━━━━━━━━━━━━━━━━━━━━━━━━━━━━━━━━━━━━ 1.1/1.1 MB 154.3 MB/s  0:00:00
2026-01-27T12:42:41.9895820Z Downloading distro-1.9.0-py3-none-any.whl (20 kB)
2026-01-27T12:42:41.9948166Z Downloading jiter-0.12.0-cp311-cp311-manylinux_2_17_x86_64.manylinux2014_x86_64.whl (364 kB)
2026-01-27T12:42:42.0012556Z Downloading typing_extensions-4.15.0-py3-none-any.whl (44 kB)
2026-01-27T12:42:42.0066878Z Downloading tiktoken-0.12.0-cp311-cp311-manylinux_2_28_x86_64.whl (1.2 MB)
2026-01-27T12:42:42.0146321Z    ━━━━━━━━━━━━━━━━━━━━━━━━━━━━━━━━━━━━━━━━ 1.2/1.2 MB 160.6 MB/s  0:00:00
2026-01-27T12:42:42.0188692Z Downloading python_docx-1.2.0-py3-none-any.whl (252 kB)
2026-01-27T12:42:42.0252713Z Downloading pypdf2-3.0.1-py3-none-any.whl (232 kB)
2026-01-27T12:42:42.0326199Z Downloading pycodestyle-2.14.0-py2.py3-none-any.whl (31 kB)
2026-01-27T12:42:42.0380695Z Downloading radon-6.0.1-py2.py3-none-any.whl (52 kB)
2026-01-27T12:42:42.0434087Z Downloading mando-0.7.1-py2.py3-none-any.whl (28 kB)
2026-01-27T12:42:42.0490893Z Downloading pylint-4.0.4-py3-none-any.whl (536 kB)
2026-01-27T12:42:42.0544559Z    ━━━━━━━━━━━━━━━━━━━━━━━━━━━━━━━━━━━━━━━━ 536.4/536.4 kB 81.8 MB/s  0:00:00
2026-01-27T12:42:42.0587670Z Downloading isort-7.0.0-py3-none-any.whl (94 kB)
2026-01-27T12:42:42.0649367Z Downloading astroid-4.0.3-py3-none-any.whl (276 kB)
2026-01-27T12:42:42.0711620Z Downloading mccabe-0.7.0-py2.py3-none-any.whl (7.3 kB)
2026-01-27T12:42:42.0762619Z Downloading bandit-1.9.3-py3-none-any.whl (134 kB)
2026-01-27T12:42:42.0824928Z Downloading pytest-9.0.2-py3-none-any.whl (374 kB)
2026-01-27T12:42:42.0889833Z Downloading pluggy-1.6.0-py3-none-any.whl (20 kB)
2026-01-27T12:42:42.0946645Z Downloading pytest_asyncio-1.3.0-py3-none-any.whl (15 kB)
2026-01-27T12:42:42.0997335Z Downloading pytest_cov-7.0.0-py3-none-any.whl (22 kB)
2026-01-27T12:42:42.1049662Z Downloading python_dotenv-1.2.1-py3-none-any.whl (21 kB)
2026-01-27T12:42:42.1113643Z Downloading black-26.1.0-cp311-cp311-manylinux2014_x86_64.manylinux_2_17_x86_64.manylinux_2_28_x86_64.whl (1.7 MB)
2026-01-27T12:42:42.1211150Z    ━━━━━━━━━━━━━━━━━━━━━━━━━━━━━━━━━━━━━━━━ 1.7/1.7 MB 188.1 MB/s  0:00:00
2026-01-27T12:42:42.1247665Z Downloading mypy-1.19.1-cp311-cp311-manylinux2014_x86_64.manylinux_2_17_x86_64.manylinux_2_28_x86_64.whl (13.4 MB)
2026-01-27T12:42:42.1747109Z    ━━━━━━━━━━━━━━━━━━━━━━━━━━━━━━━━━━━━━━━━ 13.4/13.4 MB 279.0 MB/s  0:00:00
2026-01-27T12:42:42.1784400Z Downloading ruff-0.14.14-py3-none-manylinux_2_17_x86_64.manylinux2014_x86_64.whl (11.2 MB)
2026-01-27T12:42:42.2253108Z    ━━━━━━━━━━━━━━━━━━━━━━━━━━━━━━━━━━━━━━━━ 11.2/11.2 MB 249.2 MB/s  0:00:00
2026-01-27T12:42:42.2288446Z Downloading cachetools-6.2.5-py3-none-any.whl (11 kB)
2026-01-27T12:42:42.2344344Z Downloading loguru-0.7.3-py3-none-any.whl (61 kB)
2026-01-27T12:42:42.2398665Z Downloading python_jose-3.5.0-py2.py3-none-any.whl (34 kB)
2026-01-27T12:42:42.2452578Z Downloading rsa-4.9.1-py3-none-any.whl (34 kB)
2026-01-27T12:42:42.2527968Z Downloading passlib-1.7.4-py2.py3-none-any.whl (525 kB)
2026-01-27T12:42:42.2583302Z    ━━━━━━━━━━━━━━━━━━━━━━━━━━━━━━━━━━━━━━━━ 525.6/525.6 kB 80.1 MB/s  0:00:00
2026-01-27T12:42:42.2615068Z Downloading aiohappyeyeballs-2.6.1-py3-none-any.whl (15 kB)
2026-01-27T12:42:42.2667365Z Downloading aiosignal-1.4.0-py3-none-any.whl (7.5 kB)
2026-01-27T12:42:42.2718795Z Downloading annotated_doc-0.0.4-py3-none-any.whl (5.3 kB)
2026-01-27T12:42:42.2773632Z Downloading annotated_types-0.7.0-py3-none-any.whl (13 kB)
2026-01-27T12:42:42.2829483Z Downloading attrs-25.4.0-py3-none-any.whl (67 kB)
2026-01-27T12:42:42.2886085Z Downloading click-8.3.1-py3-none-any.whl (108 kB)
2026-01-27T12:42:42.2943183Z Downloading colorama-0.4.6-py2.py3-none-any.whl (25 kB)
2026-01-27T12:42:42.2997874Z Downloading coverage-7.13.2-cp311-cp311-manylinux1_x86_64.manylinux_2_28_x86_64.manylinux_2_5_x86_64.whl (251 kB)
2026-01-27T12:42:42.3060085Z Downloading dill-0.4.1-py3-none-any.whl (120 kB)
2026-01-27T12:42:42.3117139Z Downloading dnspython-2.8.0-py3-none-any.whl (331 kB)
2026-01-27T12:42:42.3184348Z Downloading ecdsa-0.19.1-py2.py3-none-any.whl (150 kB)
2026-01-27T12:42:42.3244251Z Downloading frozenlist-1.8.0-cp311-cp311-manylinux1_x86_64.manylinux_2_28_x86_64.manylinux_2_5_x86_64.whl (231 kB)
2026-01-27T12:42:42.3309600Z Downloading greenlet-3.3.1-cp311-cp311-manylinux_2_24_x86_64.manylinux_2_28_x86_64.whl (590 kB)
2026-01-27T12:42:42.3368414Z    ━━━━━━━━━━━━━━━━━━━━━━━━━━━━━━━━━━━━━━━━ 590.3/590.3 kB 89.2 MB/s  0:00:00
2026-01-27T12:42:42.3400619Z Downloading h11-0.16.0-py3-none-any.whl (37 kB)
2026-01-27T12:42:42.3453452Z Downloading idna-3.11-py3-none-any.whl (71 kB)
2026-01-27T12:42:42.3509402Z Downloading iniconfig-2.3.0-py3-none-any.whl (7.5 kB)
2026-01-27T12:42:42.3608133Z Downloading librt-0.7.8-cp311-cp311-manylinux2014_x86_64.manylinux_2_17_x86_64.manylinux_2_28_x86_64.whl (188 kB)
2026-01-27T12:42:42.3674638Z Downloading lxml-6.0.2-cp311-cp311-manylinux_2_26_x86_64.manylinux_2_28_x86_64.whl (5.2 MB)
2026-01-27T12:42:42.3898928Z    ━━━━━━━━━━━━━━━━━━━━━━━━━━━━━━━━━━━━━━━━ 5.2/5.2 MB 244.2 MB/s  0:00:00
2026-01-27T12:42:42.3932104Z Downloading mypy_extensions-1.1.0-py3-none-any.whl (5.0 kB)
2026-01-27T12:42:42.3982981Z Downloading packaging-26.0-py3-none-any.whl (74 kB)
2026-01-27T12:42:42.4039702Z Downloading bcrypt-5.0.0-cp39-abi3-manylinux_2_34_x86_64.whl (278 kB)
2026-01-27T12:42:42.4102086Z Downloading pathspec-1.0.4-py3-none-any.whl (55 kB)
2026-01-27T12:42:42.4154039Z Downloading platformdirs-4.5.1-py3-none-any.whl (18 kB)
2026-01-27T12:42:42.4212387Z Downloading propcache-0.4.1-cp311-cp311-manylinux2014_x86_64.manylinux_2_17_x86_64.manylinux_2_28_x86_64.whl (210 kB)
2026-01-27T12:42:42.4273869Z Downloading pyasn1-0.6.2-py3-none-any.whl (83 kB)
2026-01-27T12:42:42.4329571Z Downloading pygments-2.19.2-py3-none-any.whl (1.2 MB)
2026-01-27T12:42:42.4412495Z    ━━━━━━━━━━━━━━━━━━━━━━━━━━━━━━━━━━━━━━━━ 1.2/1.2 MB 162.3 MB/s  0:00:00
2026-01-27T12:42:42.4445033Z Downloading cryptography-46.0.3-cp311-abi3-manylinux_2_34_x86_64.whl (4.5 MB)
2026-01-27T12:42:42.4639554Z    ━━━━━━━━━━━━━━━━━━━━━━━━━━━━━━━━━━━━━━━━ 4.5/4.5 MB 247.4 MB/s  0:00:00
2026-01-27T12:42:42.4675671Z Downloading cffi-2.0.0-cp311-cp311-manylinux2014_x86_64.manylinux_2_17_x86_64.whl (215 kB)
2026-01-27T12:42:42.4741256Z Downloading pytokens-0.4.0-cp311-cp311-manylinux2014_x86_64.manylinux_2_17_x86_64.manylinux_2_28_x86_64.whl (259 kB)
2026-01-27T12:42:42.4815453Z Downloading pyyaml-6.0.3-cp311-cp311-manylinux2014_x86_64.manylinux_2_17_x86_64.manylinux_2_28_x86_64.whl (806 kB)
2026-01-27T12:42:42.4882961Z    ━━━━━━━━━━━━━━━━━━━━━━━━━━━━━━━━━━━━━━━━ 806.6/806.6 kB 119.2 MB/s  0:00:00
2026-01-27T12:42:42.4920306Z Downloading regex-2026.1.15-cp311-cp311-manylinux2014_x86_64.manylinux_2_17_x86_64.manylinux_2_28_x86_64.whl (800 kB)
2026-01-27T12:42:42.4982969Z    ━━━━━━━━━━━━━━━━━━━━━━━━━━━━━━━━━━━━━━━━ 800.5/800.5 kB 127.2 MB/s  0:00:00
2026-01-27T12:42:42.5018194Z Downloading requests-2.32.5-py3-none-any.whl (64 kB)
2026-01-27T12:42:42.5074362Z Downloading charset_normalizer-3.4.4-cp311-cp311-manylinux2014_x86_64.manylinux_2_17_x86_64.manylinux_2_28_x86_64.whl (151 kB)
2026-01-27T12:42:42.5130198Z Downloading urllib3-2.6.3-py3-none-any.whl (131 kB)
2026-01-27T12:42:42.5188147Z Downloading certifi-2026.1.4-py3-none-any.whl (152 kB)
2026-01-27T12:42:42.5248001Z Downloading six-1.17.0-py2.py3-none-any.whl (11 kB)
2026-01-27T12:42:42.5306632Z Downloading stevedore-5.6.0-py3-none-any.whl (54 kB)
2026-01-27T12:42:42.5363367Z Downloading tomlkit-0.14.0-py3-none-any.whl (39 kB)
2026-01-27T12:42:42.5432613Z Downloading tqdm-4.67.1-py3-none-any.whl (78 kB)
2026-01-27T12:42:42.5504972Z Downloading typing_inspection-0.4.2-py3-none-any.whl (14 kB)
2026-01-27T12:42:42.5580745Z Downloading httptools-0.7.1-cp311-cp311-manylinux1_x86_64.manylinux_2_28_x86_64.manylinux_2_5_x86_64.whl (456 kB)
2026-01-27T12:42:42.5655235Z Downloading uvloop-0.22.1-cp311-cp311-manylinux2014_x86_64.manylinux_2_17_x86_64.manylinux_2_28_x86_64.whl (3.8 MB)
2026-01-27T12:42:42.5853397Z    ━━━━━━━━━━━━━━━━━━━━━━━━━━━━━━━━━━━━━━━━ 3.8/3.8 MB 231.5 MB/s  0:00:00
2026-01-27T12:42:42.5889902Z Downloading watchfiles-1.1.1-cp311-cp311-manylinux_2_17_x86_64.manylinux2014_x86_64.whl (456 kB)
2026-01-27T12:42:42.5966265Z Downloading websockets-16.0-cp311-cp311-manylinux1_x86_64.manylinux_2_28_x86_64.manylinux_2_5_x86_64.whl (184 kB)
2026-01-27T12:42:42.6027669Z Downloading mako-1.3.10-py3-none-any.whl (78 kB)
2026-01-27T12:42:42.6084518Z Downloading markupsafe-3.0.3-cp311-cp311-manylinux2014_x86_64.manylinux_2_17_x86_64.manylinux_2_28_x86_64.whl (22 kB)
2026-01-27T12:42:42.6137086Z Downloading pycparser-3.0-py3-none-any.whl (48 kB)
2026-01-27T12:42:42.6193025Z Downloading rich-14.3.1-py3-none-any.whl (309 kB)
2026-01-27T12:42:42.6258999Z Downloading markdown_it_py-4.0.0-py3-none-any.whl (87 kB)
2026-01-27T12:42:42.6315998Z Downloading mdurl-0.1.2-py3-none-any.whl (10.0 kB)
2026-01-27T12:42:42.6372469Z Downloading sniffio-1.3.1-py3-none-any.whl (10 kB)
2026-01-27T12:42:42.9168496Z Installing collected packages: passlib, websockets, uvloop, urllib3, typing-extensions, tqdm, tomlkit, stevedore, sniffio, six, ruff, regex, PyYAML, pytokens, python-multipart, python-dotenv, PyPDF2, pygments, pycparser, pycodestyle, pyasn1, psycopg2-binary, propcache, pluggy, platformdirs, pathspec, packaging, mypy-extensions, multidict, mdurl, mccabe, MarkupSafe, lxml, loguru, librt, jiter, isort, iniconfig, idna, httptools, h11, greenlet, frozenlist, dnspython, distro, dill, coverage, colorama, click, charset_normalizer, certifi, cachetools, bcrypt, attrs, asyncpg, astroid, annotated-types, annotated-doc, aiosqlite, aiohappyeyeballs, aiofiles, yarl, uvicorn, typing-inspection, sqlalchemy, rsa, requests, python-docx, pytest, pylint, pydantic-core, mypy, markdown-it-py, mando, Mako, httpcore, email-validator, ecdsa, cffi, black, anyio, aiosignal, watchfiles, tiktoken, starlette, rich, radon, python-jose, pytest-cov, pytest-asyncio, pydantic, httpx, cryptography, alembic, aiohttp, pydantic-settings, openai, fastapi, bandit
2026-01-27T12:42:51.7158249Z 
2026-01-27T12:42:51.7204574Z Successfully installed Mako-1.3.10 MarkupSafe-3.0.3 PyPDF2-3.0.1 PyYAML-6.0.3 aiofiles-25.1.0 aiohappyeyeballs-2.6.1 aiohttp-3.13.3 aiosignal-1.4.0 aiosqlite-0.22.1 alembic-1.18.1 annotated-doc-0.0.4 annotated-types-0.7.0 anyio-4.12.1 astroid-4.0.3 asyncpg-0.31.0 attrs-25.4.0 bandit-1.9.3 bcrypt-5.0.0 black-26.1.0 cachetools-6.2.5 certifi-2026.1.4 cffi-2.0.0 charset_normalizer-3.4.4 click-8.3.1 colorama-0.4.6 coverage-7.13.2 cryptography-46.0.3 dill-0.4.1 distro-1.9.0 dnspython-2.8.0 ecdsa-0.19.1 email-validator-2.3.0 fastapi-0.128.0 frozenlist-1.8.0 greenlet-3.3.1 h11-0.16.0 httpcore-1.0.9 httptools-0.7.1 httpx-0.28.1 idna-3.11 iniconfig-2.3.0 isort-7.0.0 jiter-0.12.0 librt-0.7.8 loguru-0.7.3 lxml-6.0.2 mando-0.7.1 markdown-it-py-4.0.0 mccabe-0.7.0 mdurl-0.1.2 multidict-6.7.1 mypy-1.19.1 mypy-extensions-1.1.0 openai-2.15.0 packaging-26.0 passlib-1.7.4 pathspec-1.0.4 platformdirs-4.5.1 pluggy-1.6.0 propcache-0.4.1 psycopg2-binary-2.9.11 pyasn1-0.6.2 pycodestyle-2.14.0 pycparser-3.0 pydantic-2.12.5 pydantic-core-2.41.5 pydantic-settings-2.12.0 pygments-2.19.2 pylint-4.0.4 pytest-9.0.2 pytest-asyncio-1.3.0 pytest-cov-7.0.0 python-docx-1.2.0 python-dotenv-1.2.1 python-jose-3.5.0 python-multipart-0.0.22 pytokens-0.4.0 radon-6.0.1 regex-2026.1.15 requests-2.32.5 rich-14.3.1 rsa-4.9.1 ruff-0.14.14 six-1.17.0 sniffio-1.3.1 sqlalchemy-2.0.46 starlette-0.50.0 stevedore-5.6.0 tiktoken-0.12.0 tomlkit-0.14.0 tqdm-4.67.1 typing-extensions-4.15.0 typing-inspection-0.4.2 urllib3-2.6.3 uvicorn-0.40.0 uvloop-0.22.1 watchfiles-1.1.1 websockets-16.0 yarl-1.22.0
2026-01-27T12:42:53.0324591Z Requirement already satisfied: pytest in /opt/hostedtoolcache/Python/3.11.14/x64/lib/python3.11/site-packages (9.0.2)
2026-01-27T12:42:53.0327702Z Requirement already satisfied: pytest-cov in /opt/hostedtoolcache/Python/3.11.14/x64/lib/python3.11/site-packages (7.0.0)
2026-01-27T12:42:53.0331401Z Requirement already satisfied: ruff in /opt/hostedtoolcache/Python/3.11.14/x64/lib/python3.11/site-packages (0.14.14)
2026-01-27T12:42:53.0335246Z Requirement already satisfied: mypy in /opt/hostedtoolcache/Python/3.11.14/x64/lib/python3.11/site-packages (1.19.1)
2026-01-27T12:42:53.0349371Z Requirement already satisfied: iniconfig>=1.0.1 in /opt/hostedtoolcache/Python/3.11.14/x64/lib/python3.11/site-packages (from pytest) (2.3.0)
2026-01-27T12:42:53.0354460Z Requirement already satisfied: packaging>=22 in /opt/hostedtoolcache/Python/3.11.14/x64/lib/python3.11/site-packages (from pytest) (26.0)
2026-01-27T12:42:53.0359900Z Requirement already satisfied: pluggy<2,>=1.5 in /opt/hostedtoolcache/Python/3.11.14/x64/lib/python3.11/site-packages (from pytest) (1.6.0)
2026-01-27T12:42:53.0365333Z Requirement already satisfied: pygments>=2.7.2 in /opt/hostedtoolcache/Python/3.11.14/x64/lib/python3.11/site-packages (from pytest) (2.19.2)
2026-01-27T12:42:53.0397259Z Requirement already satisfied: coverage>=7.10.6 in /opt/hostedtoolcache/Python/3.11.14/x64/lib/python3.11/site-packages (from coverage[toml]>=7.10.6->pytest-cov) (7.13.2)
2026-01-27T12:42:53.0423713Z Requirement already satisfied: typing_extensions>=4.6.0 in /opt/hostedtoolcache/Python/3.11.14/x64/lib/python3.11/site-packages (from mypy) (4.15.0)
2026-01-27T12:42:53.0428366Z Requirement already satisfied: mypy_extensions>=1.0.0 in /opt/hostedtoolcache/Python/3.11.14/x64/lib/python3.11/site-packages (from mypy) (1.1.0)
2026-01-27T12:42:53.0433034Z Requirement already satisfied: pathspec>=0.9.0 in /opt/hostedtoolcache/Python/3.11.14/x64/lib/python3.11/site-packages (from mypy) (1.0.4)
2026-01-27T12:42:53.0440604Z Requirement already satisfied: librt>=0.6.2 in /opt/hostedtoolcache/Python/3.11.14/x64/lib/python3.11/site-packages (from mypy) (0.7.8)
2026-01-27T12:42:53.1867127Z ##[group]Run pytest tests/ --cov=app --cov-report=xml --cov-report=html
2026-01-27T12:42:53.1867657Z [36;1mpytest tests/ --cov=app --cov-report=xml --cov-report=html[0m
2026-01-27T12:42:53.1901367Z shell: /usr/bin/bash -e {0}
2026-01-27T12:42:53.1901596Z env:
2026-01-27T12:42:53.1901843Z   pythonLocation: /opt/hostedtoolcache/Python/3.11.14/x64
2026-01-27T12:42:53.1902386Z   PKG_CONFIG_PATH: /opt/hostedtoolcache/Python/3.11.14/x64/lib/pkgconfig
2026-01-27T12:42:53.1902803Z   Python_ROOT_DIR: /opt/hostedtoolcache/Python/3.11.14/x64
2026-01-27T12:42:53.1903161Z   Python2_ROOT_DIR: /opt/hostedtoolcache/Python/3.11.14/x64
2026-01-27T12:42:53.1903525Z   Python3_ROOT_DIR: /opt/hostedtoolcache/Python/3.11.14/x64
2026-01-27T12:42:53.1903886Z   LD_LIBRARY_PATH: /opt/hostedtoolcache/Python/3.11.14/x64/lib
2026-01-27T12:42:53.1904211Z ##[endgroup]
2026-01-27T12:42:57.2421765Z ============================= test session starts ==============================
2026-01-27T12:42:57.2423436Z platform linux -- Python 3.11.14, pytest-9.0.2, pluggy-1.6.0 -- /opt/hostedtoolcache/Python/3.11.14/x64/bin/python
2026-01-27T12:42:57.2424317Z cachedir: .pytest_cache
2026-01-27T12:42:57.2424934Z rootdir: /home/runner/work/ai-teaching-assistant/ai-teaching-assistant/backend
2026-01-27T12:42:57.2425606Z configfile: pyproject.toml
2026-01-27T12:42:57.2426041Z plugins: cov-7.0.0, asyncio-1.3.0, anyio-4.12.1
2026-01-27T12:42:57.2427018Z asyncio: mode=Mode.AUTO, debug=False, asyncio_default_fixture_loop_scope=None, asyncio_default_test_loop_scope=function
2026-01-27T12:42:58.1463081Z collecting ... collected 244 items
2026-01-27T12:42:58.1463436Z 
2026-01-27T12:42:58.1521348Z tests/test_advanced_analysis.py::TestCodeQualityAnalyzer::test_simple_code_analysis PASSED [  0%]
2026-01-27T12:42:58.1568650Z tests/test_advanced_analysis.py::TestCodeQualityAnalyzer::test_complex_function_detection PASSED [  0%]
2026-01-27T12:42:58.1604172Z tests/test_advanced_analysis.py::TestCodeQualityAnalyzer::test_maintainability_index PASSED [  1%]
2026-01-27T12:42:58.1628654Z tests/test_advanced_analysis.py::TestCodeQualityAnalyzer::test_syntax_error_handling PASSED [  1%]
2026-01-27T12:42:58.1642718Z tests/test_advanced_analysis.py::TestComplexityGrading::test_complexity_grade_a PASSED [  2%]
2026-01-27T12:42:58.1654702Z tests/test_advanced_analysis.py::TestComplexityGrading::test_complexity_grade_b PASSED [  2%]
2026-01-27T12:42:58.1666415Z tests/test_advanced_analysis.py::TestComplexityGrading::test_complexity_grade_c PASSED [  2%]
2026-01-27T12:42:58.1678300Z tests/test_advanced_analysis.py::TestComplexityGrading::test_complexity_grade_f PASSED [  3%]
2026-01-27T12:42:58.1689752Z tests/test_advanced_analysis.py::TestComplexityGrading::test_maintainability_excellent PASSED [  3%]
2026-01-27T12:42:58.1701210Z tests/test_advanced_analysis.py::TestComplexityGrading::test_maintainability_poor PASSED [  4%]
2026-01-27T12:42:58.1716638Z tests/test_advanced_analysis.py::TestDuplicateDetector::test_detect_duplicates PASSED [  4%]
2026-01-27T12:42:58.1729123Z tests/test_advanced_analysis.py::TestDuplicateDetector::test_no_duplicates PASSED [  4%]
2026-01-27T12:42:58.6761988Z tests/test_advanced_analysis.py::TestLinterService::test_lint_clean_code PASSED [  5%]
2026-01-27T12:42:59.1830610Z tests/test_advanced_analysis.py::TestLinterService::test_lint_with_issues PASSED [  5%]
2026-01-27T12:42:59.1852719Z tests/test_advanced_analysis.py::TestLinterService::test_unsupported_language PASSED [  6%]
2026-01-27T12:42:59.3536780Z tests/test_advanced_analysis.py::TestSecurityAnalyzer::test_detect_hardcoded_password PASSED [  6%]
2026-01-27T12:42:59.5117510Z tests/test_advanced_analysis.py::TestSecurityAnalyzer::test_detect_eval_usage PASSED [  6%]
2026-01-27T12:42:59.6706996Z tests/test_advanced_analysis.py::TestSecurityAnalyzer::test_detect_shell_injection PASSED [  7%]
2026-01-27T12:42:59.8289438Z tests/test_advanced_analysis.py::TestSecurityAnalyzer::test_clean_code_security PASSED [  7%]
2026-01-27T12:42:59.8341394Z tests/test_advanced_analysis.py::TestPerformanceAnalyzer::test_detect_nested_loops PASSED [  8%]
2026-01-27T12:42:59.8365829Z tests/test_advanced_analysis.py::TestPerformanceAnalyzer::test_detect_range_len_pattern PASSED [  8%]
2026-01-27T12:42:59.8388888Z tests/test_advanced_analysis.py::TestPerformanceAnalyzer::test_detect_bare_except PASSED [  9%]
2026-01-27T12:42:59.8416732Z tests/test_advanced_analysis.py::TestPerformanceAnalyzer::test_detect_print_statements PASSED [  9%]
2026-01-27T12:42:59.8439845Z tests/test_advanced_analysis.py::TestPerformanceAnalyzer::test_clean_code_performance PASSED [  9%]
2026-01-27T12:43:00.3595213Z tests/test_advanced_analysis.py::TestAnalysisIntegration::test_all_analyzers_work_together PASSED [ 10%]
2026-01-27T12:43:00.6439330Z tests/test_analysis_api.py::TestAnalyzeEndpoint::test_analyze_python_code PASSED [ 10%]
2026-01-27T12:43:00.8512583Z tests/test_analysis_api.py::TestAnalyzeEndpoint::test_analyze_javascript_code PASSED [ 11%]
2026-01-27T12:43:01.0606792Z tests/test_analysis_api.py::TestAnalyzeEndpoint::test_analyze_with_rule_overrides PASSED [ 11%]
2026-01-27T12:43:01.2690523Z tests/test_analysis_api.py::TestAnalyzeEndpoint::test_analyze_empty_code PASSED [ 11%]
2026-01-27T12:43:01.4766770Z tests/test_analysis_api.py::TestAnalyzeEndpoint::test_analyze_invalid_language PASSED [ 12%]
2026-01-27T12:43:01.6837195Z tests/test_analysis_api.py::TestRulesEndpoint::test_get_all_rules PASSED [ 12%]
2026-01-27T12:43:02.0082795Z tests/test_analysis_api.py::TestRulesEndpoint::test_get_specific_rule PASSED [ 13%]
2026-01-27T12:43:02.2148765Z tests/test_analysis_api.py::TestRulesEndpoint::test_get_nonexistent_rule PASSED [ 13%]
2026-01-27T12:43:03.9040557Z tests/test_analysis_api.py::TestSummaryEndpoint::test_get_analysis_summary FAILED [ 13%]
2026-01-27T12:43:04.3030846Z tests/test_assignments.py::test_grade_assignment PASSED                  [ 14%]
2026-01-27T12:43:04.5249139Z tests/test_assignments.py::test_grade_assignment_missing_fields PASSED   [ 14%]
2026-01-27T12:43:04.8691375Z tests/test_assignments.py::test_analyze_code PASSED                      [ 15%]
2026-01-27T12:43:05.0993710Z tests/test_assignments.py::test_analyze_code_with_issues PASSED          [ 15%]
2026-01-27T12:43:05.3307614Z tests/test_assignments.py::test_plagiarism_check PASSED                  [ 15%]
2026-01-27T12:43:05.5588278Z tests/test_assignments.py::test_batch_grading PASSED                     [ 16%]
2026-01-27T12:43:05.5621049Z tests/test_code_analysis.py::TestLineMetrics::test_basic_line_count PASSED [ 16%]
2026-01-27T12:43:05.5647623Z tests/test_code_analysis.py::TestLineMetrics::test_comment_detection_python PASSED [ 17%]
2026-01-27T12:43:05.5674852Z tests/test_code_analysis.py::TestLineMetrics::test_docstring_detection PASSED [ 17%]
2026-01-27T12:43:05.5699977Z tests/test_code_analysis.py::TestComplexity::test_simple_function_complexity PASSED [ 18%]
2026-01-27T12:43:05.5732568Z tests/test_code_analysis.py::TestComplexity::test_complex_function_detection PASSED [ 18%]
2026-01-27T12:43:05.5762424Z tests/test_code_analysis.py::TestComplexity::test_cognitive_complexity PASSED [ 18%]
2026-01-27T12:43:05.5790140Z tests/test_code_analysis.py::TestNamingConventions::test_valid_python_names PASSED [ 19%]
2026-01-27T12:43:05.5814736Z tests/test_code_analysis.py::TestNamingConventions::test_invalid_function_name PASSED [ 19%]
2026-01-27T12:43:05.5837365Z tests/test_code_analysis.py::TestNamingConventions::test_invalid_class_name PASSED [ 20%]
2026-01-27T12:43:05.5862065Z tests/test_code_analysis.py::TestSecurityChecks::test_hardcoded_password_detection PASSED [ 20%]
2026-01-27T12:43:05.5887578Z tests/test_code_analysis.py::TestSecurityChecks::test_eval_usage_detection PASSED [ 20%]
2026-01-27T12:43:05.5913502Z tests/test_code_analysis.py::TestSecurityChecks::test_sql_injection_detection PASSED [ 21%]
2026-01-27T12:43:05.5938331Z tests/test_code_analysis.py::TestStyleChecks::test_long_line_detection PASSED [ 21%]
2026-01-27T12:43:05.5963145Z tests/test_code_analysis.py::TestStyleChecks::test_trailing_whitespace_detection PASSED [ 22%]
2026-01-27T12:43:05.5993131Z tests/test_code_analysis.py::TestStructureAnalysis::test_class_and_function_count PASSED [ 22%]
2026-01-27T12:43:05.6019668Z tests/test_code_analysis.py::TestStructureAnalysis::test_unused_import_detection PASSED [ 22%]
2026-01-27T12:43:05.6050360Z tests/test_code_analysis.py::TestScoring::test_perfect_code_score PASSED [ 23%]
2026-01-27T12:43:05.6086365Z tests/test_code_analysis.py::TestScoring::test_poor_code_score PASSED    [ 23%]
2026-01-27T12:43:05.6108312Z tests/test_code_analysis.py::TestMultiLanguage::test_javascript_analysis PASSED [ 24%]
2026-01-27T12:43:05.6135832Z tests/test_code_analysis.py::TestMultiLanguage::test_java_analysis PASSED [ 24%]
2026-01-27T12:43:05.6167056Z tests/test_code_analysis.py::TestRecommendations::test_recommendations_generated PASSED [ 25%]
2026-01-27T12:43:05.6190936Z tests/test_code_analysis.py::TestRecommendations::test_security_recommendation PASSED [ 25%]
2026-01-27T12:43:05.6204538Z tests/test_feedback_system.py::TestFeedbackGenerationService::test_service_initialization PASSED [ 25%]
2026-01-27T12:43:05.6216476Z tests/test_feedback_system.py::TestFeedbackGenerationService::test_singleton_instance PASSED [ 26%]
2026-01-27T12:43:05.6269005Z tests/test_feedback_system.py::TestFeedbackGenerationService::test_generate_feedback_basic PASSED [ 26%]
2026-01-27T12:43:05.6320088Z tests/test_feedback_system.py::TestFeedbackGenerationService::test_generate_feedback_encouraging_tone PASSED [ 27%]
2026-01-27T12:43:05.6371018Z tests/test_feedback_system.py::TestFeedbackGenerationService::test_generate_feedback_strict_tone PASSED [ 27%]
2026-01-27T12:43:05.6393815Z tests/test_feedback_system.py::TestFeedbackGenerationService::test_generate_feedback_with_assignment_context PASSED [ 27%]
2026-01-27T12:43:05.6413107Z tests/test_feedback_system.py::TestAIService::test_explain_code PASSED   [ 28%]
2026-01-27T12:43:05.6434736Z tests/test_feedback_system.py::TestAIService::test_suggest_improvements PASSED [ 28%]
2026-01-27T12:43:05.6453884Z tests/test_feedback_system.py::TestAIService::test_answer_student_question PASSED [ 29%]
2026-01-27T12:43:05.6465739Z tests/test_feedback_system.py::TestAIService::test_get_interaction_stats PASSED [ 29%]
2026-01-27T12:43:05.6477608Z tests/test_feedback_system.py::TestFeedbackTemplates::test_template_category_enum PASSED [ 29%]
2026-01-27T12:43:05.6489463Z tests/test_feedback_system.py::TestFeedbackTemplates::test_feedback_tone_enum PASSED [ 30%]
2026-01-27T12:43:05.6501208Z tests/test_feedback_system.py::TestFeedbackTemplates::test_feedback_category_enum PASSED [ 30%]
2026-01-27T12:43:05.6583389Z tests/test_feedback_system.py::TestFeedbackAPIEndpoints::test_generate_feedback_endpoint PASSED [ 31%]
2026-01-27T12:43:05.6641299Z tests/test_feedback_system.py::TestFeedbackAPIEndpoints::test_explain_code_endpoint PASSED [ 31%]
2026-01-27T12:43:05.6699902Z tests/test_feedback_system.py::TestFeedbackAPIEndpoints::test_suggest_improvements_endpoint PASSED [ 31%]
2026-01-27T12:43:05.6757313Z tests/test_feedback_system.py::TestFeedbackAPIEndpoints::test_answer_question_endpoint PASSED [ 32%]
2026-01-27T12:43:05.6812963Z tests/test_feedback_system.py::TestFeedbackAPIEndpoints::test_ai_config_endpoint PASSED [ 32%]
2026-01-27T12:43:05.6865577Z tests/test_feedback_system.py::TestFeedbackAPIEndpoints::test_ai_health_endpoint PASSED [ 33%]
2026-01-27T12:43:05.7024943Z tests/test_feedback_system.py::TestFeedbackTemplatesAPI::test_list_templates_endpoint PASSED [ 33%]
2026-01-27T12:43:05.7074289Z tests/test_feedback_system.py::TestFeedbackTemplatesAPI::test_list_categories_endpoint PASSED [ 34%]
2026-01-27T12:43:05.7224885Z tests/test_feedback_system.py::TestFeedbackTemplatesAPI::test_create_template_endpoint PASSED [ 34%]
2026-01-27T12:43:05.7320121Z tests/test_file_api.py::TestFileUploadAPI::test_list_files_empty PASSED  [ 34%]
2026-01-27T12:43:05.7666534Z tests/test_file_api.py::TestFileUploadAPI::test_upload_python_file PASSED [ 35%]
2026-01-27T12:43:05.7849757Z tests/test_file_api.py::TestFileUploadAPI::test_upload_javascript_file PASSED [ 35%]
2026-01-27T12:43:05.7905292Z tests/test_file_api.py::TestFileUploadAPI::test_upload_invalid_file_type PASSED [ 36%]
2026-01-27T12:43:05.8137954Z tests/test_file_api.py::TestFileUploadAPI::test_get_file_metadata PASSED [ 36%]
2026-01-27T12:43:05.8394614Z tests/test_file_api.py::TestFileUploadAPI::test_get_file_content PASSED  [ 36%]
2026-01-27T12:43:05.8703007Z tests/test_file_api.py::TestFileUploadAPI::test_parse_file PASSED        [ 37%]
2026-01-27T12:43:05.8724010Z tests/test_file_upload.py::TestFileParsingService::test_detect_language_python PASSED [ 37%]
2026-01-27T12:43:05.8743738Z tests/test_file_upload.py::TestFileParsingService::test_detect_language_javascript PASSED [ 38%]
2026-01-27T12:43:05.8763008Z tests/test_file_upload.py::TestFileParsingService::test_detect_language_java PASSED [ 38%]
2026-01-27T12:43:05.8782463Z tests/test_file_upload.py::TestFileParsingService::test_detect_language_c_cpp PASSED [ 38%]
2026-01-27T12:43:05.8806514Z tests/test_file_upload.py::TestFileParsingService::test_parse_python_file PASSED [ 39%]
2026-01-27T12:43:05.8855687Z tests/test_file_upload.py::TestFileParsingService::test_parse_javascript_file PASSED [ 39%]
2026-01-27T12:43:05.8904856Z tests/test_file_upload.py::TestFileParsingService::test_parse_java_file PASSED [ 40%]
2026-01-27T12:43:05.8939629Z tests/test_file_upload.py::TestFileParsingService::test_parse_c_file PASSED [ 40%]
2026-01-27T12:43:05.8965078Z tests/test_file_upload.py::TestFileParsingService::test_basic_metrics PASSED [ 40%]
2026-01-27T12:43:06.1176863Z tests/test_health.py::test_root_endpoint PASSED                          [ 41%]
2026-01-27T12:43:06.5310317Z tests/test_health.py::test_health_endpoint PASSED                        [ 41%]
2026-01-27T12:43:06.7525706Z tests/test_health.py::test_docs_endpoint PASSED                          [ 42%]
2026-01-27T12:43:08.9611884Z tests/test_health.py::test_openapi_schema PASSED                         [ 42%]
2026-01-27T12:43:08.9625864Z tests/test_multi_dimensional_evaluation.py::TestEvaluationDimension::test_dimension_values PASSED [ 43%]
2026-01-27T12:43:08.9637825Z tests/test_multi_dimensional_evaluation.py::TestEvaluationDimension::test_dimension_count PASSED [ 43%]
2026-01-27T12:43:08.9649774Z tests/test_multi_dimensional_evaluation.py::TestDimensionMetadata::test_all_dimensions_have_metadata PASSED [ 43%]
2026-01-27T12:43:08.9661831Z tests/test_multi_dimensional_evaluation.py::TestDimensionMetadata::test_metadata_has_required_fields PASSED [ 44%]
2026-01-27T12:43:08.9673643Z tests/test_multi_dimensional_evaluation.py::TestDimensionMetadata::test_weights_sum_to_one PASSED [ 44%]
2026-01-27T12:43:08.9685735Z tests/test_multi_dimensional_evaluation.py::TestDimensionScore::test_create_dimension_score PASSED [ 45%]
2026-01-27T12:43:08.9699650Z tests/test_multi_dimensional_evaluation.py::TestDimensionScore::test_score_validation PASSED [ 45%]
2026-01-27T12:43:08.9711924Z tests/test_multi_dimensional_evaluation.py::TestRadarChartData::test_create_radar_chart_data PASSED [ 45%]
2026-01-27T12:43:08.9725809Z tests/test_multi_dimensional_evaluation.py::TestMultiDimensionalEvaluator::test_score_to_grade PASSED [ 46%]
2026-01-27T12:43:08.9757666Z tests/test_multi_dimensional_evaluation.py::TestMultiDimensionalEvaluator::test_calculate_technical_ability PASSED [ 46%]
2026-01-27T12:43:08.9785064Z tests/test_multi_dimensional_evaluation.py::TestMultiDimensionalEvaluator::test_calculate_code_quality PASSED [ 47%]
2026-01-27T12:43:08.9810749Z tests/test_multi_dimensional_evaluation.py::TestMultiDimensionalEvaluator::test_calculate_innovation PASSED [ 47%]
2026-01-27T12:43:08.9837981Z tests/test_multi_dimensional_evaluation.py::TestMultiDimensionalEvaluator::test_calculate_best_practices PASSED [ 47%]
2026-01-27T12:43:08.9863891Z tests/test_multi_dimensional_evaluation.py::TestMultiDimensionalEvaluator::test_calculate_efficiency PASSED [ 48%]
2026-01-27T12:43:08.9890516Z tests/test_multi_dimensional_evaluation.py::TestMultiDimensionalEvaluator::test_calculate_documentation PASSED [ 48%]
2026-01-27T12:43:08.9921586Z tests/test_multi_dimensional_evaluation.py::TestMultiDimensionalEvaluator::test_calculate_dimension_scores PASSED [ 49%]
2026-01-27T12:43:08.9952539Z tests/test_multi_dimensional_evaluation.py::TestMultiDimensionalEvaluator::test_generate_radar_chart_data PASSED [ 49%]
2026-01-27T12:43:08.9984656Z tests/test_multi_dimensional_evaluation.py::TestMultiDimensionalEvaluator::test_generate_overall_summary PASSED [ 50%]
2026-01-27T12:43:09.0015541Z tests/test_multi_dimensional_evaluation.py::TestMultiDimensionalEvaluator::test_identify_top_strengths PASSED [ 50%]
2026-01-27T12:43:09.0045671Z tests/test_multi_dimensional_evaluation.py::TestMultiDimensionalEvaluator::test_identify_priority_improvements PASSED [ 50%]
2026-01-27T12:43:09.0077715Z tests/test_multi_dimensional_evaluation.py::TestMultiDimensionalEvaluator::test_recommend_focus_areas PASSED [ 51%]
2026-01-27T12:43:09.0090232Z tests/test_multi_dimensional_evaluation.py::TestMultiDimensionalEvaluationRequest::test_create_request_with_defaults PASSED [ 51%]
2026-01-27T12:43:09.0102573Z tests/test_multi_dimensional_evaluation.py::TestMultiDimensionalEvaluationRequest::test_create_request_with_class_comparison PASSED [ 52%]
2026-01-27T12:43:09.0114459Z tests/test_multi_dimensional_evaluation.py::TestClassComparison::test_create_class_comparison PASSED [ 52%]
2026-01-27T12:43:09.0127260Z tests/test_multi_dimensional_evaluation.py::TestAbilityAnalysisReport::test_create_report PASSED [ 52%]
2026-01-27T12:43:09.0139078Z tests/test_personalized_feedback.py::TestFeedbackEnums::test_feedback_detail_level_values PASSED [ 53%]
2026-01-27T12:43:09.0150801Z tests/test_personalized_feedback.py::TestFeedbackEnums::test_suggestion_difficulty_values PASSED [ 53%]
2026-01-27T12:43:09.0162748Z tests/test_personalized_feedback.py::TestFeedbackEnums::test_student_level_values PASSED [ 54%]
2026-01-27T12:43:09.0174991Z tests/test_personalized_feedback.py::TestFeedbackEnums::test_performance_trend_values PASSED [ 54%]
2026-01-27T12:43:09.0186607Z tests/test_personalized_feedback.py::TestDetailLevelConfig::test_brief_config PASSED [ 54%]
2026-01-27T12:43:09.0198349Z tests/test_personalized_feedback.py::TestDetailLevelConfig::test_comprehensive_config PASSED [ 55%]
2026-01-27T12:43:09.0209966Z tests/test_personalized_feedback.py::TestLevelMessages::test_beginner_messages PASSED [ 55%]
2026-01-27T12:43:09.0221651Z tests/test_personalized_feedback.py::TestLevelMessages::test_advanced_messages PASSED [ 56%]
2026-01-27T12:43:09.0233596Z tests/test_personalized_feedback.py::TestTrendMessages::test_improving_trend PASSED [ 56%]
2026-01-27T12:43:09.0245339Z tests/test_personalized_feedback.py::TestTrendMessages::test_declining_trend PASSED [ 56%]
2026-01-27T12:43:09.0259157Z tests/test_personalized_feedback.py::TestFeedbackGenerationService::test_calculate_trend_improving PASSED [ 57%]
2026-01-27T12:43:09.0272936Z tests/test_personalized_feedback.py::TestFeedbackGenerationService::test_calculate_trend_declining PASSED [ 57%]
2026-01-27T12:43:09.0286135Z tests/test_personalized_feedback.py::TestFeedbackGenerationService::test_calculate_trend_stable PASSED [ 58%]
2026-01-27T12:43:09.0299094Z tests/test_personalized_feedback.py::TestFeedbackGenerationService::test_calculate_trend_insufficient_data PASSED [ 58%]
2026-01-27T12:43:09.0311946Z tests/test_personalized_feedback.py::TestFeedbackGenerationService::test_determine_level_beginner PASSED [ 59%]
2026-01-27T12:43:09.0325434Z tests/test_personalized_feedback.py::TestFeedbackGenerationService::test_determine_level_intermediate PASSED [ 59%]
2026-01-27T12:43:09.0338290Z tests/test_personalized_feedback.py::TestFeedbackGenerationService::test_determine_level_advanced PASSED [ 59%]
2026-01-27T12:43:09.0351277Z tests/test_personalized_feedback.py::TestFeedbackGenerationService::test_determine_level_new_student PASSED [ 60%]
2026-01-27T12:43:09.0364647Z tests/test_personalized_feedback.py::TestFeedbackGenerationService::test_calculate_improvement_rate_positive PASSED [ 60%]
2026-01-27T12:43:09.0377777Z tests/test_personalized_feedback.py::TestFeedbackGenerationService::test_calculate_improvement_rate_negative PASSED [ 61%]
2026-01-27T12:43:09.0390352Z tests/test_personalized_feedback.py::TestFeedbackGenerationService::test_translate_to_chinese PASSED [ 61%]
2026-01-27T12:43:09.0420407Z tests/test_personalized_feedback.py::TestProgressiveSuggestions::test_generate_progressive_suggestions PASSED [ 61%]
2026-01-27T12:43:09.0450008Z tests/test_personalized_feedback.py::TestProgressiveSuggestions::test_suggestions_have_difficulty_levels PASSED [ 62%]
2026-01-27T12:43:09.0478611Z tests/test_personalized_feedback.py::TestProgressiveSuggestions::test_suggestions_have_chinese_translations PASSED [ 62%]
2026-01-27T12:43:09.0493680Z tests/test_personalized_feedback.py::TestLearningPath::test_create_learning_path PASSED [ 63%]
2026-01-27T12:43:09.0508607Z tests/test_personalized_feedback.py::TestLearningPath::test_learning_path_sorts_by_difficulty PASSED [ 63%]
2026-01-27T12:43:09.0523319Z tests/test_personalized_feedback.py::TestLearningPath::test_learning_path_calculates_total_time PASSED [ 63%]
2026-01-27T12:43:09.0551594Z tests/test_personalized_feedback.py::TestPersonalizedMessage::test_first_submission_message PASSED [ 64%]
2026-01-27T12:43:09.0571952Z tests/test_personalized_feedback.py::TestPersonalizedMessage::test_above_average_message PASSED [ 64%]
2026-01-27T12:43:09.0592642Z tests/test_personalized_feedback.py::TestPersonalizedMessage::test_below_average_message PASSED [ 65%]
2026-01-27T12:43:09.0614323Z tests/test_personalized_feedback.py::TestEncouragement::test_encouragement_for_new_student_high_score PASSED [ 65%]
2026-01-27T12:43:09.0634475Z tests/test_personalized_feedback.py::TestEncouragement::test_encouragement_for_improving_student PASSED [ 65%]
2026-01-27T12:43:09.0653865Z tests/test_personalized_feedback.py::TestEncouragement::test_encouragement_for_declining_student PASSED [ 66%]
2026-01-27T12:43:09.0667135Z tests/test_personalized_feedback.py::TestStudentHistoryAnalysisSchema::test_create_history_analysis PASSED [ 66%]
2026-01-27T12:43:09.0679065Z tests/test_personalized_feedback.py::TestPersonalizedFeedbackRequest::test_create_request_with_defaults PASSED [ 67%]
2026-01-27T12:43:09.0691998Z tests/test_personalized_feedback.py::TestPersonalizedFeedbackRequest::test_create_request_with_custom_values PASSED [ 67%]
2026-01-27T12:43:09.2928016Z tests/test_qa.py::test_ask_question PASSED                               [ 68%]
2026-01-27T12:43:09.5133566Z tests/test_qa.py::test_ask_question_missing_fields PASSED                [ 68%]
2026-01-27T12:43:09.7368547Z tests/test_qa.py::test_escalate_question PASSED                          [ 68%]
2026-01-27T12:43:10.0252939Z tests/test_qa.py::test_qa_analytics PASSED                               [ 69%]
2026-01-27T12:43:10.3931400Z tests/test_report_analysis.py::TestReportAnalysisAPI::test_analyze_endpoint_basic PASSED [ 69%]
2026-01-27T12:43:10.6220709Z tests/test_report_analysis.py::TestReportAnalysisAPI::test_analyze_with_chinese_content PASSED [ 70%]
2026-01-27T12:43:10.8434466Z tests/test_report_analysis.py::TestReportAnalysisAPI::test_analyze_empty_content PASSED [ 70%]
2026-01-27T12:43:11.0697751Z tests/test_report_analysis.py::TestReportAnalysisAPI::test_analyze_file_upload_pdf_not_supported_yet PASSED [ 70%]
2026-01-27T12:43:11.2937542Z tests/test_report_analysis.py::TestReportAnalysisAPI::test_analyze_file_upload_txt PASSED [ 71%]
2026-01-27T12:43:11.2966466Z tests/test_report_analysis.py::TestReportAnalysisService::test_service_basic_analysis PASSED [ 71%]
2026-01-27T12:43:11.3000929Z tests/test_report_analysis.py::TestReportAnalysisService::test_section_detection PASSED [ 72%]
2026-01-27T12:43:11.3034907Z tests/test_report_analysis.py::TestReportAnalysisService::test_chinese_section_detection PASSED [ 72%]
2026-01-27T12:43:11.3048979Z tests/test_report_analysis.py::TestJSONParsers::test_parse_logic_analysis_valid_json PASSED [ 72%]
2026-01-27T12:43:11.3062753Z tests/test_report_analysis.py::TestJSONParsers::test_parse_logic_analysis_markdown_block PASSED [ 73%]
2026-01-27T12:43:11.3076575Z tests/test_report_analysis.py::TestJSONParsers::test_parse_logic_analysis_invalid_enum PASSED [ 73%]
2026-01-27T12:43:11.3091207Z tests/test_report_analysis.py::TestJSONParsers::test_parse_logic_analysis_invalid_json PASSED [ 74%]
2026-01-27T12:43:11.3105162Z tests/test_report_analysis.py::TestJSONParsers::test_parse_innovation_valid PASSED [ 74%]
2026-01-27T12:43:11.3118637Z tests/test_report_analysis.py::TestJSONParsers::test_parse_innovation_missing_required_fields PASSED [ 75%]
2026-01-27T12:43:11.3131650Z tests/test_report_analysis.py::TestJSONParsers::test_parse_suggestions_valid PASSED [ 75%]
2026-01-27T12:43:11.3145253Z tests/test_report_analysis.py::TestJSONParsers::test_parse_suggestions_invalid_category PASSED [ 75%]
2026-01-27T12:43:11.3158309Z tests/test_report_analysis.py::TestJSONParsers::test_parse_language_valid PASSED [ 76%]
2026-01-27T12:43:11.3171489Z tests/test_report_analysis.py::TestJSONParsers::test_parse_language_value_clamping PASSED [ 76%]
2026-01-27T12:43:11.3192442Z tests/test_report_analysis.py::TestDeepSeekIntegration::test_analyze_logic_with_real_ai SKIPPED [ 77%]
2026-01-27T12:43:11.3196797Z tests/test_report_analysis.py::TestDeepSeekIntegration::test_analyze_innovation_with_real_ai SKIPPED [ 77%]
2026-01-27T12:43:11.3207751Z tests/test_report_analysis.py::TestDeepSeekIntegration::test_generate_suggestions_with_real_ai SKIPPED [ 77%]
2026-01-27T12:43:11.3219248Z tests/test_report_analysis.py::TestDeepSeekIntegration::test_evaluate_language_with_real_ai SKIPPED [ 78%]
2026-01-27T12:43:11.7443963Z tests/test_rubrics.py::TestRubricCreate::test_create_success PASSED      [ 78%]
2026-01-27T12:43:12.0346035Z tests/test_rubrics.py::TestRubricCreate::test_create_with_criteria PASSED [ 79%]
2026-01-27T12:43:12.4093373Z tests/test_rubrics.py::TestRubricCreate::test_create_duplicate_rubric_id FAILED [ 79%]
2026-01-27T12:43:12.6931299Z tests/test_rubrics.py::TestRubricCreate::test_create_invalid_max_score PASSED [ 79%]
2026-01-27T12:43:12.9779951Z tests/test_rubrics.py::TestRubricCreate::test_create_missing_required_fields PASSED [ 80%]
2026-01-27T12:43:13.3995056Z tests/test_rubrics.py::TestRubricCreate::test_create_with_all_fields PASSED [ 80%]
2026-01-27T12:43:13.6889579Z tests/test_rubrics.py::TestRubricList::test_list_empty PASSED            [ 81%]
2026-01-27T12:43:14.7339359Z tests/test_rubrics.py::TestRubricList::test_list_with_data FAILED        [ 81%]
2026-01-27T12:43:15.7707724Z tests/test_rubrics.py::TestRubricList::test_list_pagination PASSED       [ 81%]
2026-01-27T12:43:17.0020500Z tests/test_rubrics.py::TestRubricList::test_list_pagination_last_page FAILED [ 82%]
2026-01-27T12:43:17.2869765Z tests/test_rubrics.py::TestRubricList::test_list_invalid_page PASSED     [ 82%]
2026-01-27T12:43:17.6562594Z tests/test_rubrics.py::TestRubricGet::test_get_success FAILED            [ 83%]
2026-01-27T12:43:17.9634896Z tests/test_rubrics.py::TestRubricGet::test_get_not_found PASSED          [ 83%]
2026-01-27T12:43:18.3376235Z tests/test_rubrics.py::TestRubricGet::test_get_with_criteria FAILED      [ 84%]
2026-01-27T12:43:18.8293982Z tests/test_rubrics.py::TestRubricUpdate::test_update_success FAILED      [ 84%]
2026-01-27T12:43:19.2025720Z tests/test_rubrics.py::TestRubricUpdate::test_update_partial_fields FAILED [ 84%]
2026-01-27T12:43:19.5790318Z tests/test_rubrics.py::TestRubricUpdate::test_update_criteria FAILED     [ 85%]
2026-01-27T12:43:19.8623570Z tests/test_rubrics.py::TestRubricUpdate::test_update_not_found PASSED    [ 85%]
2026-01-27T12:43:20.3638656Z tests/test_rubrics.py::TestRubricUpdate::test_update_invalid_max_score PASSED [ 86%]
2026-01-27T12:43:20.7303983Z tests/test_rubrics.py::TestRubricDelete::test_delete_success FAILED      [ 86%]
2026-01-27T12:43:21.0197097Z tests/test_rubrics.py::TestRubricDelete::test_delete_not_found PASSED    [ 86%]
2026-01-27T12:43:21.3840337Z tests/test_rubrics.py::TestRubricDelete::test_delete_with_assignments FAILED [ 87%]
2026-01-27T12:43:21.7521350Z tests/test_rubrics.py::TestRubricAssignments::test_get_assignments_success FAILED [ 87%]
2026-01-27T12:43:22.2556340Z tests/test_rubrics.py::TestRubricAssignments::test_get_assignments_empty FAILED [ 88%]
2026-01-27T12:43:22.5418638Z tests/test_rubrics.py::TestRubricAssignments::test_get_assignments_not_found PASSED [ 88%]
2026-01-27T12:43:22.8389217Z tests/test_students.py::TestStudentRegistration::test_register_success PASSED [ 88%]
2026-01-27T12:43:23.1328188Z tests/test_students.py::TestStudentRegistration::test_register_with_all_fields PASSED [ 89%]
2026-01-27T12:43:23.5303758Z tests/test_students.py::TestStudentRegistration::test_register_duplicate_student_id FAILED [ 89%]
2026-01-27T12:43:24.0435000Z tests/test_students.py::TestStudentRegistration::test_register_duplicate_email FAILED [ 90%]
2026-01-27T12:43:24.3385994Z tests/test_students.py::TestStudentRegistration::test_register_invalid_email_format PASSED [ 90%]
2026-01-27T12:43:24.6248900Z tests/test_students.py::TestStudentRegistration::test_register_missing_required_fields PASSED [ 90%]
2026-01-27T12:43:25.0126993Z tests/test_students.py::TestStudentLogin::test_login_success FAILED      [ 91%]
2026-01-27T12:43:25.5205764Z tests/test_students.py::TestStudentLogin::test_login_with_email_verification FAILED [ 91%]
2026-01-27T12:43:25.8045475Z tests/test_students.py::TestStudentLogin::test_login_student_not_found PASSED [ 92%]
2026-01-27T12:43:26.1779784Z tests/test_students.py::TestStudentLogin::test_login_email_mismatch FAILED [ 92%]
2026-01-27T12:43:27.5888120Z tests/test_students.py::TestStudentList::test_list_default_pagination FAILED [ 93%]
2026-01-27T12:43:29.1721339Z tests/test_students.py::TestStudentList::test_list_custom_pagination FAILED [ 93%]
2026-01-27T12:43:30.5677429Z tests/test_students.py::TestStudentList::test_list_second_page FAILED    [ 93%]
2026-01-27T12:43:31.9659261Z tests/test_students.py::TestStudentList::test_list_filter_by_course FAILED [ 94%]
2026-01-27T12:43:32.3905888Z tests/test_students.py::TestStudentList::test_list_empty_result PASSED   [ 94%]
2026-01-27T12:43:33.8043647Z tests/test_students.py::TestStudentList::test_list_page_size_boundary FAILED [ 95%]
2026-01-27T12:43:35.2210268Z tests/test_students.py::TestStudentList::test_list_filter_by_course_no_results PASSED [ 95%]
2026-01-27T12:43:36.6202073Z tests/test_students.py::TestStudentList::test_list_page_out_of_range FAILED [ 95%]
2026-01-27T12:43:37.1372445Z tests/test_students.py::TestStudentGet::test_get_success FAILED          [ 96%]
2026-01-27T12:43:37.4186218Z tests/test_students.py::TestStudentGet::test_get_not_found PASSED        [ 96%]
2026-01-27T12:43:37.7894228Z tests/test_students.py::TestStudentUpdate::test_update_success FAILED    [ 97%]
2026-01-27T12:43:38.1775820Z tests/test_students.py::TestStudentUpdate::test_update_partial_fields FAILED [ 97%]
2026-01-27T12:43:38.5459104Z tests/test_students.py::TestStudentUpdate::test_update_email FAILED      [ 97%]
2026-01-27T12:43:39.1473794Z tests/test_students.py::TestStudentUpdate::test_update_duplicate_email FAILED [ 98%]
2026-01-27T12:43:39.4983336Z tests/test_students.py::TestStudentUpdate::test_update_invalid_email PASSED [ 98%]
2026-01-27T12:43:39.7855888Z tests/test_students.py::TestStudentUpdate::test_update_not_found PASSED  [ 99%]
2026-01-27T12:43:40.1717980Z tests/test_students.py::TestStudentDelete::test_delete_success FAILED    [ 99%]
2026-01-27T12:43:40.6556668Z tests/test_students.py::TestStudentDelete::test_delete_not_found PASSED  [100%]
2026-01-27T12:43:40.6557243Z 
2026-01-27T12:43:40.6557513Z =================================== FAILURES ===================================
2026-01-27T12:43:40.6558471Z ________________ TestSummaryEndpoint.test_get_analysis_summary _________________
2026-01-27T12:43:40.6559952Z /opt/hostedtoolcache/Python/3.11.14/x64/lib/python3.11/site-packages/sqlalchemy/engine/base.py:1967: in _exec_single_context
2026-01-27T12:43:40.6560746Z     self.dialect.do_execute(
2026-01-27T12:43:40.6561431Z /opt/hostedtoolcache/Python/3.11.14/x64/lib/python3.11/site-packages/sqlalchemy/engine/default.py:952: in do_execute
2026-01-27T12:43:40.6562520Z     cursor.execute(statement, parameters)
2026-01-27T12:43:40.6563570Z /opt/hostedtoolcache/Python/3.11.14/x64/lib/python3.11/site-packages/sqlalchemy/dialects/sqlite/aiosqlite.py:182: in execute
2026-01-27T12:43:40.6564385Z     self._adapt_connection._handle_exception(error)
2026-01-27T12:43:40.6565272Z /opt/hostedtoolcache/Python/3.11.14/x64/lib/python3.11/site-packages/sqlalchemy/dialects/sqlite/aiosqlite.py:342: in _handle_exception
2026-01-27T12:43:40.6565952Z     raise error
2026-01-27T12:43:40.6566503Z /opt/hostedtoolcache/Python/3.11.14/x64/lib/python3.11/site-packages/sqlalchemy/dialects/sqlite/aiosqlite.py:164: in execute
2026-01-27T12:43:40.6567210Z     self.await_(_cursor.execute(operation, parameters))
2026-01-27T12:43:40.6567897Z /opt/hostedtoolcache/Python/3.11.14/x64/lib/python3.11/site-packages/sqlalchemy/util/_concurrency_py3k.py:132: in await_only
2026-01-27T12:43:40.6568821Z     return current.parent.switch(awaitable)  # type: ignore[no-any-return,attr-defined] # noqa: E501
2026-01-27T12:43:40.6569618Z            ^^^^^^^^^^^^^^^^^^^^^^^^^^^^^^^^
2026-01-27T12:43:40.6570689Z /opt/hostedtoolcache/Python/3.11.14/x64/lib/python3.11/site-packages/sqlalchemy/util/_concurrency_py3k.py:196: in greenlet_spawn
2026-01-27T12:43:40.6571525Z     value = await result
2026-01-27T12:43:40.6571763Z             ^^^^^^^^^^^^
2026-01-27T12:43:40.6572378Z /opt/hostedtoolcache/Python/3.11.14/x64/lib/python3.11/site-packages/aiosqlite/cursor.py:40: in execute
2026-01-27T12:43:40.6573020Z     await self._execute(self._cursor.execute, sql, parameters)
2026-01-27T12:43:40.6573647Z /opt/hostedtoolcache/Python/3.11.14/x64/lib/python3.11/site-packages/aiosqlite/cursor.py:32: in _execute
2026-01-27T12:43:40.6574258Z     return await self._conn._execute(fn, *args, **kwargs)
2026-01-27T12:43:40.6574617Z            ^^^^^^^^^^^^^^^^^^^^^^^^^^^^^^^^^^^^^^^^^^^^^^
2026-01-27T12:43:40.6575157Z /opt/hostedtoolcache/Python/3.11.14/x64/lib/python3.11/site-packages/aiosqlite/core.py:160: in _execute
2026-01-27T12:43:40.6575717Z     return await future
2026-01-27T12:43:40.6575938Z            ^^^^^^^^^^^^
2026-01-27T12:43:40.6576410Z /opt/hostedtoolcache/Python/3.11.14/x64/lib/python3.11/site-packages/aiosqlite/core.py:63: in _connection_worker_thread
2026-01-27T12:43:40.6576923Z     result = function()
2026-01-27T12:43:40.6577099Z              ^^^^^^^^^^
2026-01-27T12:43:40.6577331Z E   sqlite3.OperationalError: no such table: code_files
2026-01-27T12:43:40.6577549Z 
2026-01-27T12:43:40.6577729Z The above exception was the direct cause of the following exception:
2026-01-27T12:43:40.6578145Z tests/test_analysis_api.py:141: in test_get_analysis_summary
2026-01-27T12:43:40.6578489Z     response = client.get("/api/v1/analysis/summary")
2026-01-27T12:43:40.6578776Z                ^^^^^^^^^^^^^^^^^^^^^^^^^^^^^^^^^^^^^^
2026-01-27T12:43:40.6579243Z /opt/hostedtoolcache/Python/3.11.14/x64/lib/python3.11/site-packages/starlette/testclient.py:473: in get
2026-01-27T12:43:40.6579877Z     return super().get(
2026-01-27T12:43:40.6580254Z /opt/hostedtoolcache/Python/3.11.14/x64/lib/python3.11/site-packages/httpx/_client.py:1053: in get
2026-01-27T12:43:40.6580682Z     return self.request(
2026-01-27T12:43:40.6581095Z /opt/hostedtoolcache/Python/3.11.14/x64/lib/python3.11/site-packages/starlette/testclient.py:445: in request
2026-01-27T12:43:40.6581545Z     return super().request(
2026-01-27T12:43:40.6581938Z /opt/hostedtoolcache/Python/3.11.14/x64/lib/python3.11/site-packages/httpx/_client.py:825: in request
2026-01-27T12:43:40.6582580Z     return self.send(request, auth=auth, follow_redirects=follow_redirects)
2026-01-27T12:43:40.6582940Z            ^^^^^^^^^^^^^^^^^^^^^^^^^^^^^^^^^^^^^^^^^^^^^^^^^^^^^^^^^^^^^^^^
2026-01-27T12:43:40.6583381Z /opt/hostedtoolcache/Python/3.11.14/x64/lib/python3.11/site-packages/httpx/_client.py:914: in send
2026-01-27T12:43:40.6583814Z     response = self._send_handling_auth(
2026-01-27T12:43:40.6584283Z /opt/hostedtoolcache/Python/3.11.14/x64/lib/python3.11/site-packages/httpx/_client.py:942: in _send_handling_auth
2026-01-27T12:43:40.6584786Z     response = self._send_handling_redirects(
2026-01-27T12:43:40.6585421Z /opt/hostedtoolcache/Python/3.11.14/x64/lib/python3.11/site-packages/httpx/_client.py:979: in _send_handling_redirects
2026-01-27T12:43:40.6585975Z     response = self._send_single_request(request)
2026-01-27T12:43:40.6586242Z                ^^^^^^^^^^^^^^^^^^^^^^^^^^^^^^^^^^
2026-01-27T12:43:40.6586722Z /opt/hostedtoolcache/Python/3.11.14/x64/lib/python3.11/site-packages/httpx/_client.py:1014: in _send_single_request
2026-01-27T12:43:40.6587234Z     response = transport.handle_request(request)
2026-01-27T12:43:40.6587497Z                ^^^^^^^^^^^^^^^^^^^^^^^^^^^^^^^^^
2026-01-27T12:43:40.6587969Z /opt/hostedtoolcache/Python/3.11.14/x64/lib/python3.11/site-packages/starlette/testclient.py:348: in handle_request
2026-01-27T12:43:40.6588436Z     raise exc
2026-01-27T12:43:40.6588840Z /opt/hostedtoolcache/Python/3.11.14/x64/lib/python3.11/site-packages/starlette/testclient.py:345: in handle_request
2026-01-27T12:43:40.6589349Z     portal.call(self.app, scope, receive, send)
2026-01-27T12:43:40.6589804Z /opt/hostedtoolcache/Python/3.11.14/x64/lib/python3.11/site-packages/anyio/from_thread.py:334: in call
2026-01-27T12:43:40.6590324Z     return cast(T_Retval, self.start_task_soon(func, *args).result())
2026-01-27T12:43:40.6590666Z                           ^^^^^^^^^^^^^^^^^^^^^^^^^^^^^^^^^^^^^^^^^^
2026-01-27T12:43:40.6591104Z /opt/hostedtoolcache/Python/3.11.14/x64/lib/python3.11/concurrent/futures/_base.py:456: in result
2026-01-27T12:43:40.6591526Z     return self.__get_result()
2026-01-27T12:43:40.6591734Z            ^^^^^^^^^^^^^^^^^^^
2026-01-27T12:43:40.6592123Z /opt/hostedtoolcache/Python/3.11.14/x64/lib/python3.11/concurrent/futures/_base.py:401: in __get_result
2026-01-27T12:43:40.6592693Z     raise self._exception
2026-01-27T12:43:40.6593183Z /opt/hostedtoolcache/Python/3.11.14/x64/lib/python3.11/site-packages/anyio/from_thread.py:259: in _call_func
2026-01-27T12:43:40.6593649Z     retval = await retval_or_awaitable
2026-01-27T12:43:40.6593883Z              ^^^^^^^^^^^^^^^^^^^^^^^^^
2026-01-27T12:43:40.6594319Z /opt/hostedtoolcache/Python/3.11.14/x64/lib/python3.11/site-packages/fastapi/applications.py:1135: in __call__
2026-01-27T12:43:40.6594808Z     await super().__call__(scope, receive, send)
2026-01-27T12:43:40.6595290Z /opt/hostedtoolcache/Python/3.11.14/x64/lib/python3.11/site-packages/starlette/applications.py:107: in __call__
2026-01-27T12:43:40.6595792Z     await self.middleware_stack(scope, receive, send)
2026-01-27T12:43:40.6596311Z /opt/hostedtoolcache/Python/3.11.14/x64/lib/python3.11/site-packages/starlette/middleware/errors.py:186: in __call__
2026-01-27T12:43:40.6596779Z     raise exc
2026-01-27T12:43:40.6597187Z /opt/hostedtoolcache/Python/3.11.14/x64/lib/python3.11/site-packages/starlette/middleware/errors.py:164: in __call__
2026-01-27T12:43:40.6597682Z     await self.app(scope, receive, _send)
2026-01-27T12:43:40.6598281Z /opt/hostedtoolcache/Python/3.11.14/x64/lib/python3.11/site-packages/starlette/middleware/cors.py:85: in __call__
2026-01-27T12:43:40.6598955Z     await self.app(scope, receive, send)
2026-01-27T12:43:40.6599804Z /opt/hostedtoolcache/Python/3.11.14/x64/lib/python3.11/site-packages/starlette/middleware/base.py:191: in __call__
2026-01-27T12:43:40.6600565Z     with recv_stream, send_stream, collapse_excgroups():
2026-01-27T12:43:40.6600979Z /opt/hostedtoolcache/Python/3.11.14/x64/lib/python3.11/contextlib.py:158: in __exit__
2026-01-27T12:43:40.6601374Z     self.gen.throw(typ, value, traceback)
2026-01-27T12:43:40.6601858Z /opt/hostedtoolcache/Python/3.11.14/x64/lib/python3.11/site-packages/starlette/_utils.py:85: in collapse_excgroups
2026-01-27T12:43:40.6602540Z     raise exc
2026-01-27T12:43:40.6602963Z /opt/hostedtoolcache/Python/3.11.14/x64/lib/python3.11/site-packages/starlette/middleware/base.py:193: in __call__
2026-01-27T12:43:40.6603498Z     response = await self.dispatch_func(request, call_next)
2026-01-27T12:43:40.6603815Z                ^^^^^^^^^^^^^^^^^^^^^^^^^^^^^^^^^^^^^^^^^^^^
2026-01-27T12:43:40.6604086Z app/main.py:101: in log_requests_middleware
2026-01-27T12:43:40.6604486Z     response = await call_next(request)
2026-01-27T12:43:40.6604726Z                ^^^^^^^^^^^^^^^^^^^^^^^^
2026-01-27T12:43:40.6605210Z /opt/hostedtoolcache/Python/3.11.14/x64/lib/python3.11/site-packages/starlette/middleware/base.py:168: in call_next
2026-01-27T12:43:40.6605780Z     raise app_exc from app_exc.__cause__ or app_exc.__context__
2026-01-27T12:43:40.6606304Z /opt/hostedtoolcache/Python/3.11.14/x64/lib/python3.11/site-packages/starlette/middleware/base.py:144: in coro
2026-01-27T12:43:40.6606838Z     await self.app(scope, receive_or_disconnect, send_no_error)
2026-01-27T12:43:40.6607400Z /opt/hostedtoolcache/Python/3.11.14/x64/lib/python3.11/site-packages/starlette/middleware/exceptions.py:63: in __call__
2026-01-27T12:43:40.6608008Z     await wrap_app_handling_exceptions(self.app, conn)(scope, receive, send)
2026-01-27T12:43:40.6608616Z /opt/hostedtoolcache/Python/3.11.14/x64/lib/python3.11/site-packages/starlette/_exception_handler.py:53: in wrapped_app
2026-01-27T12:43:40.6609098Z     raise exc
2026-01-27T12:43:40.6609516Z /opt/hostedtoolcache/Python/3.11.14/x64/lib/python3.11/site-packages/starlette/_exception_handler.py:42: in wrapped_app
2026-01-27T12:43:40.6610017Z     await app(scope, receive, sender)
2026-01-27T12:43:40.6610510Z /opt/hostedtoolcache/Python/3.11.14/x64/lib/python3.11/site-packages/fastapi/middleware/asyncexitstack.py:18: in __call__
2026-01-27T12:43:40.6611028Z     await self.app(scope, receive, send)
2026-01-27T12:43:40.6611469Z /opt/hostedtoolcache/Python/3.11.14/x64/lib/python3.11/site-packages/starlette/routing.py:716: in __call__
2026-01-27T12:43:40.6612456Z     await self.middleware_stack(scope, receive, send)
2026-01-27T12:43:40.6613282Z /opt/hostedtoolcache/Python/3.11.14/x64/lib/python3.11/site-packages/starlette/routing.py:736: in app
2026-01-27T12:43:40.6613785Z     await route.handle(scope, receive, send)
2026-01-27T12:43:40.6614250Z /opt/hostedtoolcache/Python/3.11.14/x64/lib/python3.11/site-packages/starlette/routing.py:290: in handle
2026-01-27T12:43:40.6614720Z     await self.app(scope, receive, send)
2026-01-27T12:43:40.6615151Z /opt/hostedtoolcache/Python/3.11.14/x64/lib/python3.11/site-packages/fastapi/routing.py:115: in app
2026-01-27T12:43:40.6615704Z     await wrap_app_handling_exceptions(app, request)(scope, receive, send)
2026-01-27T12:43:40.6616321Z /opt/hostedtoolcache/Python/3.11.14/x64/lib/python3.11/site-packages/starlette/_exception_handler.py:53: in wrapped_app
2026-01-27T12:43:40.6616835Z     raise exc
2026-01-27T12:43:40.6617324Z /opt/hostedtoolcache/Python/3.11.14/x64/lib/python3.11/site-packages/starlette/_exception_handler.py:42: in wrapped_app
2026-01-27T12:43:40.6617874Z     await app(scope, receive, sender)
2026-01-27T12:43:40.6618294Z /opt/hostedtoolcache/Python/3.11.14/x64/lib/python3.11/site-packages/fastapi/routing.py:101: in app
2026-01-27T12:43:40.6618891Z     response = await f(request)
2026-01-27T12:43:40.6619099Z                ^^^^^^^^^^^^^^^^
2026-01-27T12:43:40.6619492Z /opt/hostedtoolcache/Python/3.11.14/x64/lib/python3.11/site-packages/fastapi/routing.py:355: in app
2026-01-27T12:43:40.6619948Z     raw_response = await run_endpoint_function(
2026-01-27T12:43:40.6620452Z /opt/hostedtoolcache/Python/3.11.14/x64/lib/python3.11/site-packages/fastapi/routing.py:243: in run_endpoint_function
2026-01-27T12:43:40.6620958Z     return await dependant.call(**values)
2026-01-27T12:43:40.6621192Z            ^^^^^^^^^^^^^^^^^^^^^^^^^^^^^^
2026-01-27T12:43:40.6621441Z api/analysis.py:289: in get_analysis_summary
2026-01-27T12:43:40.6621707Z     files = await crud_code_file.get_multi(
2026-01-27T12:43:40.6621958Z utils/crud.py:55: in get_multi
2026-01-27T12:43:40.6622182Z     result = await db.execute(query)
2026-01-27T12:43:40.6622634Z              ^^^^^^^^^^^^^^^^^^^^^^^
2026-01-27T12:43:40.6623108Z /opt/hostedtoolcache/Python/3.11.14/x64/lib/python3.11/site-packages/sqlalchemy/ext/asyncio/session.py:449: in execute
2026-01-27T12:43:40.6623614Z     result = await greenlet_spawn(
2026-01-27T12:43:40.6624253Z /opt/hostedtoolcache/Python/3.11.14/x64/lib/python3.11/site-packages/sqlalchemy/util/_concurrency_py3k.py:201: in greenlet_spawn
2026-01-27T12:43:40.6624803Z     result = context.throw(*sys.exc_info())
2026-01-27T12:43:40.6625047Z              ^^^^^^^^^^^^^^^^^^^^^^^^^^^^^^
2026-01-27T12:43:40.6625501Z /opt/hostedtoolcache/Python/3.11.14/x64/lib/python3.11/site-packages/sqlalchemy/orm/session.py:2351: in execute
2026-01-27T12:43:40.6625973Z     return self._execute_internal(
2026-01-27T12:43:40.6626462Z /opt/hostedtoolcache/Python/3.11.14/x64/lib/python3.11/site-packages/sqlalchemy/orm/session.py:2249: in _execute_internal
2026-01-27T12:43:40.6627032Z     result: Result[Any] = compile_state_cls.orm_execute_statement(
2026-01-27T12:43:40.6627620Z /opt/hostedtoolcache/Python/3.11.14/x64/lib/python3.11/site-packages/sqlalchemy/orm/context.py:306: in orm_execute_statement
2026-01-27T12:43:40.6628139Z     result = conn.execute(
2026-01-27T12:43:40.6628575Z /opt/hostedtoolcache/Python/3.11.14/x64/lib/python3.11/site-packages/sqlalchemy/engine/base.py:1419: in execute
2026-01-27T12:43:40.6629035Z     return meth(
2026-01-27T12:43:40.6629486Z /opt/hostedtoolcache/Python/3.11.14/x64/lib/python3.11/site-packages/sqlalchemy/sql/elements.py:527: in _execute_on_connection
2026-01-27T12:43:40.6630026Z     return connection._execute_clauseelement(
2026-01-27T12:43:40.6630551Z /opt/hostedtoolcache/Python/3.11.14/x64/lib/python3.11/site-packages/sqlalchemy/engine/base.py:1641: in _execute_clauseelement
2026-01-27T12:43:40.6631074Z     ret = self._execute_context(
2026-01-27T12:43:40.6631546Z /opt/hostedtoolcache/Python/3.11.14/x64/lib/python3.11/site-packages/sqlalchemy/engine/base.py:1846: in _execute_context
2026-01-27T12:43:40.6632058Z     return self._exec_single_context(
2026-01-27T12:43:40.6632787Z /opt/hostedtoolcache/Python/3.11.14/x64/lib/python3.11/site-packages/sqlalchemy/engine/base.py:1986: in _exec_single_context
2026-01-27T12:43:40.6633312Z     self._handle_dbapi_exception(
2026-01-27T12:43:40.6633821Z /opt/hostedtoolcache/Python/3.11.14/x64/lib/python3.11/site-packages/sqlalchemy/engine/base.py:2363: in _handle_dbapi_exception
2026-01-27T12:43:40.6634411Z     raise sqlalchemy_exception.with_traceback(exc_info[2]) from e
2026-01-27T12:43:40.6634986Z /opt/hostedtoolcache/Python/3.11.14/x64/lib/python3.11/site-packages/sqlalchemy/engine/base.py:1967: in _exec_single_context
2026-01-27T12:43:40.6635502Z     self.dialect.do_execute(
2026-01-27T12:43:40.6635953Z /opt/hostedtoolcache/Python/3.11.14/x64/lib/python3.11/site-packages/sqlalchemy/engine/default.py:952: in do_execute
2026-01-27T12:43:40.6636458Z     cursor.execute(statement, parameters)
2026-01-27T12:43:40.6636967Z /opt/hostedtoolcache/Python/3.11.14/x64/lib/python3.11/site-packages/sqlalchemy/dialects/sqlite/aiosqlite.py:182: in execute
2026-01-27T12:43:40.6637519Z     self._adapt_connection._handle_exception(error)
2026-01-27T12:43:40.6638236Z /opt/hostedtoolcache/Python/3.11.14/x64/lib/python3.11/site-packages/sqlalchemy/dialects/sqlite/aiosqlite.py:342: in _handle_exception
2026-01-27T12:43:40.6638774Z     raise error
2026-01-27T12:43:40.6639219Z /opt/hostedtoolcache/Python/3.11.14/x64/lib/python3.11/site-packages/sqlalchemy/dialects/sqlite/aiosqlite.py:164: in execute
2026-01-27T12:43:40.6639780Z     self.await_(_cursor.execute(operation, parameters))
2026-01-27T12:43:40.6640336Z /opt/hostedtoolcache/Python/3.11.14/x64/lib/python3.11/site-packages/sqlalchemy/util/_concurrency_py3k.py:132: in await_only
2026-01-27T12:43:40.6641044Z     return current.parent.switch(awaitable)  # type: ignore[no-any-return,attr-defined] # noqa: E501
2026-01-27T12:43:40.6641478Z            ^^^^^^^^^^^^^^^^^^^^^^^^^^^^^^^^
2026-01-27T12:43:40.6641995Z /opt/hostedtoolcache/Python/3.11.14/x64/lib/python3.11/site-packages/sqlalchemy/util/_concurrency_py3k.py:196: in greenlet_spawn
2026-01-27T12:43:40.6642661Z     value = await result
2026-01-27T12:43:40.6642850Z             ^^^^^^^^^^^^
2026-01-27T12:43:40.6643347Z /opt/hostedtoolcache/Python/3.11.14/x64/lib/python3.11/site-packages/aiosqlite/cursor.py:40: in execute
2026-01-27T12:43:40.6643867Z     await self._execute(self._cursor.execute, sql, parameters)
2026-01-27T12:43:40.6644374Z /opt/hostedtoolcache/Python/3.11.14/x64/lib/python3.11/site-packages/aiosqlite/cursor.py:32: in _execute
2026-01-27T12:43:40.6644874Z     return await self._conn._execute(fn, *args, **kwargs)
2026-01-27T12:43:40.6645177Z            ^^^^^^^^^^^^^^^^^^^^^^^^^^^^^^^^^^^^^^^^^^^^^^
2026-01-27T12:43:40.6645611Z /opt/hostedtoolcache/Python/3.11.14/x64/lib/python3.11/site-packages/aiosqlite/core.py:160: in _execute
2026-01-27T12:43:40.6646044Z     return await future
2026-01-27T12:43:40.6646221Z            ^^^^^^^^^^^^
2026-01-27T12:43:40.6646658Z /opt/hostedtoolcache/Python/3.11.14/x64/lib/python3.11/site-packages/aiosqlite/core.py:63: in _connection_worker_thread
2026-01-27T12:43:40.6647156Z     result = function()
2026-01-27T12:43:40.6647331Z              ^^^^^^^^^^
2026-01-27T12:43:40.6647684Z E   sqlalchemy.exc.OperationalError: (sqlite3.OperationalError) no such table: code_files
2026-01-27T12:43:40.6649294Z E   [SQL: SELECT code_files.id, code_files.file_id, code_files.original_filename, code_files.stored_filename, code_files.file_path, code_files.file_size, code_files.file_extension, code_files.mime_type, code_files.language, code_files.status, code_files.uploader_id, code_files.assignment_id, code_files.content_hash, code_files.line_count, code_files.analysis_result, code_files.created_at, code_files.updated_at 
2026-01-27T12:43:40.6650747Z E   FROM code_files
2026-01-27T12:43:40.6650925Z E    LIMIT ? OFFSET ?]
2026-01-27T12:43:40.6651111Z E   [parameters: (10, 0)]
2026-01-27T12:43:40.6651407Z E   (Background on this error at: https://sqlalche.me/e/20/e3q8)
2026-01-27T12:43:40.6651829Z ----------------------------- Captured stdout call -----------------------------
2026-01-27T12:43:40.6653172Z [31mERROR[0m | 12:43:02 | 3bf6ca15 | ai_teaching_assistant:125 | 💥 Request failed: GET http://testserver/api/v1/analysis/summary after 0.057s - (sqlite3.OperationalError) no such table: code_files
2026-01-27T12:43:40.6655121Z [SQL: SELECT code_files.id, code_files.file_id, code_files.original_filename, code_files.stored_filename, code_files.file_path, code_files.file_size, code_files.file_extension, code_files.mime_type, code_files.language, code_files.status, code_files.uploader_id, code_files.assignment_id, code_files.content_hash, code_files.line_count, code_files.analysis_result, code_files.created_at, code_files.updated_at 
2026-01-27T12:43:40.6656553Z FROM code_files
2026-01-27T12:43:40.6656727Z  LIMIT ? OFFSET ?]
2026-01-27T12:43:40.6656900Z [parameters: (10, 0)]
2026-01-27T12:43:40.6657170Z (Background on this error at: https://sqlalche.me/e/20/e3q8)
2026-01-27T12:43:40.6657568Z ------------------------------ Captured log call -------------------------------
2026-01-27T12:43:40.6658589Z ERROR    ai_teaching_assistant:main.py:125 💥 Request failed: GET http://testserver/api/v1/analysis/summary after 0.057s - (sqlite3.OperationalError) no such table: code_files
2026-01-27T12:43:40.6660501Z [SQL: SELECT code_files.id, code_files.file_id, code_files.original_filename, code_files.stored_filename, code_files.file_path, code_files.file_size, code_files.file_extension, code_files.mime_type, code_files.language, code_files.status, code_files.uploader_id, code_files.assignment_id, code_files.content_hash, code_files.line_count, code_files.analysis_result, code_files.created_at, code_files.updated_at 
2026-01-27T12:43:40.6661927Z FROM code_files
2026-01-27T12:43:40.6662095Z  LIMIT ? OFFSET ?]
2026-01-27T12:43:40.6662390Z [parameters: (10, 0)]
2026-01-27T12:43:40.6662656Z (Background on this error at: https://sqlalche.me/e/20/e3q8)
2026-01-27T12:43:40.6663070Z _______________ TestRubricCreate.test_create_duplicate_rubric_id _______________
2026-01-27T12:43:40.6663497Z tests/test_rubrics.py:111: in test_create_duplicate_rubric_id
2026-01-27T12:43:40.6663830Z     assert response.status_code == 400
2026-01-27T12:43:40.6664056Z E   assert 201 == 400
2026-01-27T12:43:40.6664393Z E    +  where 201 = <Response [201 Created]>.status_code
2026-01-27T12:43:40.6664759Z ______________________ TestRubricList.test_list_with_data ______________________
2026-01-27T12:43:40.6665130Z tests/test_rubrics.py:165: in test_list_with_data
2026-01-27T12:43:40.6665396Z     assert len(data["items"]) >= 10
2026-01-27T12:43:40.6665612Z E   assert 0 >= 10
2026-01-27T12:43:40.6665780Z E    +  where 0 = len([])
2026-01-27T12:43:40.6666079Z ________________ TestRubricList.test_list_pagination_last_page _________________
2026-01-27T12:43:40.6666489Z tests/test_rubrics.py:188: in test_list_pagination_last_page
2026-01-27T12:43:40.6666796Z     assert response.status_code == 200
2026-01-27T12:43:40.6667024Z E   assert 422 == 200
2026-01-27T12:43:40.6667272Z E    +  where 422 = <Response [422 Unprocessable Entity]>.status_code
2026-01-27T12:43:40.6667679Z ________________________ TestRubricGet.test_get_success ________________________
2026-01-27T12:43:40.6668036Z tests/test_rubrics.py:206: in test_get_success
2026-01-27T12:43:40.6668315Z     assert response.status_code == 200
2026-01-27T12:43:40.6668538Z E   assert 404 == 200
2026-01-27T12:43:40.6668756Z E    +  where 404 = <Response [404 Not Found]>.status_code
2026-01-27T12:43:40.6669123Z _____________________ TestRubricGet.test_get_with_criteria _____________________
2026-01-27T12:43:40.6669492Z tests/test_rubrics.py:222: in test_get_with_criteria
2026-01-27T12:43:40.6669778Z     assert response.status_code == 200
2026-01-27T12:43:40.6669998Z E   assert 404 == 200
2026-01-27T12:43:40.6670213Z E    +  where 404 = <Response [404 Not Found]>.status_code
2026-01-27T12:43:40.6670582Z _____________________ TestRubricUpdate.test_update_success _____________________
2026-01-27T12:43:40.6670945Z tests/test_rubrics.py:242: in test_update_success
2026-01-27T12:43:40.6671218Z     assert response.status_code == 200
2026-01-27T12:43:40.6671439Z E   assert 404 == 200
2026-01-27T12:43:40.6671656Z E    +  where 404 = <Response [404 Not Found]>.status_code
2026-01-27T12:43:40.6672032Z _________________ TestRubricUpdate.test_update_partial_fields __________________
2026-01-27T12:43:40.6672543Z tests/test_rubrics.py:255: in test_update_partial_fields
2026-01-27T12:43:40.6672840Z     assert response.status_code == 200
2026-01-27T12:43:40.6673073Z E   assert 404 == 200
2026-01-27T12:43:40.6673291Z E    +  where 404 = <Response [404 Not Found]>.status_code
2026-01-27T12:43:40.6673656Z ____________________ TestRubricUpdate.test_update_criteria _____________________
2026-01-27T12:43:40.6674032Z tests/test_rubrics.py:272: in test_update_criteria
2026-01-27T12:43:40.6674306Z     assert response.status_code == 200
2026-01-27T12:43:40.6674531Z E   assert 404 == 200
2026-01-27T12:43:40.6674741Z E    +  where 404 = <Response [404 Not Found]>.status_code
2026-01-27T12:43:40.6675105Z _____________________ TestRubricDelete.test_delete_success _____________________
2026-01-27T12:43:40.6675605Z tests/test_rubrics.py:301: in test_delete_success
2026-01-27T12:43:40.6675872Z     assert response.status_code == 204
2026-01-27T12:43:40.6676106Z E   assert 404 == 204
2026-01-27T12:43:40.6676317Z E    +  where 404 = <Response [404 Not Found]>.status_code
2026-01-27T12:43:40.6676693Z ________________ TestRubricDelete.test_delete_with_assignments _________________
2026-01-27T12:43:40.6677091Z tests/test_rubrics.py:319: in test_delete_with_assignments
2026-01-27T12:43:40.6677392Z     assert response.status_code == 204
2026-01-27T12:43:40.6677617Z E   assert 404 == 204
2026-01-27T12:43:40.6677824Z E    +  where 404 = <Response [404 Not Found]>.status_code
2026-01-27T12:43:40.6678206Z ______________ TestRubricAssignments.test_get_assignments_success ______________
2026-01-27T12:43:40.6678614Z tests/test_rubrics.py:329: in test_get_assignments_success
2026-01-27T12:43:40.6678915Z     assert response.status_code == 200
2026-01-27T12:43:40.6679144Z E   assert 404 == 200
2026-01-27T12:43:40.6679356Z E    +  where 404 = <Response [404 Not Found]>.status_code
2026-01-27T12:43:40.6679842Z _______________ TestRubricAssignments.test_get_assignments_empty _______________
2026-01-27T12:43:40.6680257Z tests/test_rubrics.py:337: in test_get_assignments_empty
2026-01-27T12:43:40.6680555Z     assert response.status_code == 200
2026-01-27T12:43:40.6680776Z E   assert 404 == 200
2026-01-27T12:43:40.6680989Z E    +  where 404 = <Response [404 Not Found]>.status_code
2026-01-27T12:43:40.6681373Z __________ TestStudentRegistration.test_register_duplicate_student_id __________
2026-01-27T12:43:40.6681820Z tests/test_students.py:116: in test_register_duplicate_student_id
2026-01-27T12:43:40.6682145Z     assert response.status_code == 400
2026-01-27T12:43:40.6682489Z E   assert 201 == 400
2026-01-27T12:43:40.6682706Z E    +  where 201 = <Response [201 Created]>.status_code
2026-01-27T12:43:40.6683089Z ____________ TestStudentRegistration.test_register_duplicate_email _____________
2026-01-27T12:43:40.6683521Z tests/test_students.py:129: in test_register_duplicate_email
2026-01-27T12:43:40.6683828Z     assert response.status_code == 400
2026-01-27T12:43:40.6684062Z E   assert 201 == 400
2026-01-27T12:43:40.6684270Z E    +  where 201 = <Response [201 Created]>.status_code
2026-01-27T12:43:40.6684630Z _____________________ TestStudentLogin.test_login_success ______________________
2026-01-27T12:43:40.6684992Z tests/test_students.py:173: in test_login_success
2026-01-27T12:43:40.6685261Z     assert data["success"] is True
2026-01-27T12:43:40.6685484Z E   assert False is True
2026-01-27T12:43:40.6685784Z _____________ TestStudentLogin.test_login_with_email_verification ______________
2026-01-27T12:43:40.6686214Z tests/test_students.py:188: in test_login_with_email_verification
2026-01-27T12:43:40.6686530Z     assert data["success"] is True
2026-01-27T12:43:40.6686762Z E   assert False is True
2026-01-27T12:43:40.6687056Z __________________ TestStudentLogin.test_login_email_mismatch __________________
2026-01-27T12:43:40.6687451Z tests/test_students.py:219: in test_login_email_mismatch
2026-01-27T12:43:40.6687780Z     assert data["message"] == "Email verification failed"
2026-01-27T12:43:40.6688147Z E   assert "Student with..._1' not found" == 'Email verification failed'
2026-01-27T12:43:40.6688465Z E     
2026-01-27T12:43:40.6688629Z E     - Email verification failed
2026-01-27T12:43:40.6688886Z E     + Student with ID 'TEST1769517809674_1' not found
2026-01-27T12:43:40.6689258Z _________________ TestStudentList.test_list_default_pagination _________________
2026-01-27T12:43:40.6689670Z tests/test_students.py:249: in test_list_default_pagination
2026-01-27T12:43:40.6689980Z     assert data["total"] >= 15
2026-01-27T12:43:40.6690179Z E   assert 0 >= 15
2026-01-27T12:43:40.6690460Z _________________ TestStudentList.test_list_custom_pagination __________________
2026-01-27T12:43:40.6690863Z tests/test_students.py:265: in test_list_custom_pagination
2026-01-27T12:43:40.6691157Z     assert data["total"] >= 15
2026-01-27T12:43:40.6691477Z E   assert 0 >= 15
2026-01-27T12:43:40.6691748Z ____________________ TestStudentList.test_list_second_page _____________________
2026-01-27T12:43:40.6692135Z tests/test_students.py:282: in test_list_second_page
2026-01-27T12:43:40.6692508Z     assert data["total"] >= 15
2026-01-27T12:43:40.6692709Z E   assert 0 >= 15
2026-01-27T12:43:40.6692975Z __________________ TestStudentList.test_list_filter_by_course __________________
2026-01-27T12:43:40.6693371Z tests/test_students.py:292: in test_list_filter_by_course
2026-01-27T12:43:40.6693652Z     assert data["total"] >= 10
2026-01-27T12:43:40.6693850Z E   assert 0 >= 10
2026-01-27T12:43:40.6694119Z _________________ TestStudentList.test_list_page_size_boundary _________________
2026-01-27T12:43:40.6694523Z tests/test_students.py:335: in test_list_page_size_boundary
2026-01-27T12:43:40.6694825Z     assert len(data["items"]) == 1
2026-01-27T12:43:40.6695035Z E   assert 0 == 1
2026-01-27T12:43:40.6695209Z E    +  where 0 = len([])
2026-01-27T12:43:40.6695508Z _________________ TestStudentList.test_list_page_out_of_range __________________
2026-01-27T12:43:40.6696038Z tests/test_students.py:383: in test_list_page_out_of_range
2026-01-27T12:43:40.6696333Z     assert data["total"] >= 15
2026-01-27T12:43:40.6696533Z E   assert 0 >= 15
2026-01-27T12:43:40.6696796Z _______________________ TestStudentGet.test_get_success ________________________
2026-01-27T12:43:40.6697153Z tests/test_students.py:399: in test_get_success
2026-01-27T12:43:40.6697425Z     assert response.status_code == 200
2026-01-27T12:43:40.6697649Z E   assert 404 == 200
2026-01-27T12:43:40.6697871Z E    +  where 404 = <Response [404 Not Found]>.status_code
2026-01-27T12:43:40.6698239Z ____________________ TestStudentUpdate.test_update_success _____________________
2026-01-27T12:43:40.6698613Z tests/test_students.py:435: in test_update_success
2026-01-27T12:43:40.6698894Z     assert response.status_code == 200
2026-01-27T12:43:40.6699127Z E   assert 404 == 200
2026-01-27T12:43:40.6699362Z E    +  where 404 = <Response [404 Not Found]>.status_code
2026-01-27T12:43:40.6699743Z _________________ TestStudentUpdate.test_update_partial_fields _________________
2026-01-27T12:43:40.6700166Z tests/test_students.py:454: in test_update_partial_fields
2026-01-27T12:43:40.6700470Z     assert response.status_code == 200
2026-01-27T12:43:40.6700702Z E   assert 404 == 200
2026-01-27T12:43:40.6700924Z E    +  where 404 = <Response [404 Not Found]>.status_code
2026-01-27T12:43:40.6701300Z _____________________ TestStudentUpdate.test_update_email ______________________
2026-01-27T12:43:40.6701675Z tests/test_students.py:473: in test_update_email
2026-01-27T12:43:40.6701947Z     assert response.status_code == 200
2026-01-27T12:43:40.6702177Z E   assert 404 == 200
2026-01-27T12:43:40.6702511Z E    +  where 404 = <Response [404 Not Found]>.status_code
2026-01-27T12:43:40.6702887Z ________________ TestStudentUpdate.test_update_duplicate_email _________________
2026-01-27T12:43:40.6703298Z tests/test_students.py:493: in test_update_duplicate_email
2026-01-27T12:43:40.6703599Z     assert response.status_code == 400
2026-01-27T12:43:40.6703821Z E   assert 404 == 400
2026-01-27T12:43:40.6704039Z E    +  where 404 = <Response [404 Not Found]>.status_code
2026-01-27T12:43:40.6704401Z ____________________ TestStudentDelete.test_delete_success _____________________
2026-01-27T12:43:40.6704771Z tests/test_students.py:537: in test_delete_success
2026-01-27T12:43:40.6705051Z     assert response.status_code == 200
2026-01-27T12:43:40.6705271Z E   assert 404 == 200
2026-01-27T12:43:40.6705485Z E    +  where 404 = <Response [404 Not Found]>.status_code
2026-01-27T12:43:40.6705793Z =============================== warnings summary ===============================
2026-01-27T12:43:40.6706082Z core/config.py:9
2026-01-27T12:43:40.6707232Z   /home/runner/work/ai-teaching-assistant/ai-teaching-assistant/backend/core/config.py:9: PydanticDeprecatedSince20: Support for class-based `config` is deprecated, use ConfigDict instead. Deprecated in Pydantic V2.0 to be removed in V3.0. See Pydantic V2 Migration Guide at https://errors.pydantic.dev/2.12/migration/
2026-01-27T12:43:40.6708601Z     class Settings(BaseSettings):
2026-01-27T12:43:40.6708760Z 
2026-01-27T12:43:40.6708836Z schemas/grading.py:67
2026-01-27T12:43:40.6709984Z   /home/runner/work/ai-teaching-assistant/ai-teaching-assistant/backend/schemas/grading.py:67: PydanticDeprecatedSince20: Support for class-based `config` is deprecated, use ConfigDict instead. Deprecated in Pydantic V2.0 to be removed in V3.0. See Pydantic V2 Migration Guide at https://errors.pydantic.dev/2.12/migration/
2026-01-27T12:43:40.6711217Z     class GradingResultResponse(GradingResultBase):
2026-01-27T12:43:40.6711431Z 
2026-01-27T12:43:40.6711501Z schemas/auth.py:55
2026-01-27T12:43:40.6712713Z   /home/runner/work/ai-teaching-assistant/ai-teaching-assistant/backend/schemas/auth.py:55: PydanticDeprecatedSince20: Support for class-based `config` is deprecated, use ConfigDict instead. Deprecated in Pydantic V2.0 to be removed in V3.0. See Pydantic V2 Migration Guide at https://errors.pydantic.dev/2.12/migration/
2026-01-27T12:43:40.6713917Z     class UserResponse(UserBase):
2026-01-27T12:43:40.6714180Z 
2026-01-27T12:43:40.6714269Z schemas/assignment_crud.py:45
2026-01-27T12:43:40.6715456Z   /home/runner/work/ai-teaching-assistant/ai-teaching-assistant/backend/schemas/assignment_crud.py:45: PydanticDeprecatedSince20: Support for class-based `config` is deprecated, use ConfigDict instead. Deprecated in Pydantic V2.0 to be removed in V3.0. See Pydantic V2 Migration Guide at https://errors.pydantic.dev/2.12/migration/
2026-01-27T12:43:40.6716705Z     class AssignmentResponse(AssignmentBase):
2026-01-27T12:43:40.6716899Z 
2026-01-27T12:43:40.6716989Z schemas/assignment_transfer.py:34
2026-01-27T12:43:40.6718249Z   /home/runner/work/ai-teaching-assistant/ai-teaching-assistant/backend/schemas/assignment_transfer.py:34: PydanticDeprecatedSince20: Support for class-based `config` is deprecated, use ConfigDict instead. Deprecated in Pydantic V2.0 to be removed in V3.0. See Pydantic V2 Migration Guide at https://errors.pydantic.dev/2.12/migration/
2026-01-27T12:43:40.6719513Z     class BatchUploadRequest(BaseModel):
2026-01-27T12:43:40.6719686Z 
2026-01-27T12:43:40.6720009Z ../../../../../../opt/hostedtoolcache/Python/3.11.14/x64/lib/python3.11/site-packages/pydantic/_internal/_config.py:383
2026-01-27T12:43:40.6720870Z   /opt/hostedtoolcache/Python/3.11.14/x64/lib/python3.11/site-packages/pydantic/_internal/_config.py:383: UserWarning: Valid config keys have changed in V2:
2026-01-27T12:43:40.6721553Z   * 'schema_extra' has been renamed to 'json_schema_extra'
2026-01-27T12:43:40.6721854Z     warnings.warn(message, UserWarning)
2026-01-27T12:43:40.6722027Z 
2026-01-27T12:43:40.6722101Z schemas/qa_log.py:54
2026-01-27T12:43:40.6723368Z   /home/runner/work/ai-teaching-assistant/ai-teaching-assistant/backend/schemas/qa_log.py:54: PydanticDeprecatedSince20: Support for class-based `config` is deprecated, use ConfigDict instead. Deprecated in Pydantic V2.0 to be removed in V3.0. See Pydantic V2 Migration Guide at https://errors.pydantic.dev/2.12/migration/
2026-01-27T12:43:40.6724574Z     class QALogResponse(BaseModel):
2026-01-27T12:43:40.6724737Z 
2026-01-27T12:43:40.6724818Z schemas/knowledge_base.py:72
2026-01-27T12:43:40.6726015Z   /home/runner/work/ai-teaching-assistant/ai-teaching-assistant/backend/schemas/knowledge_base.py:72: PydanticDeprecatedSince20: Support for class-based `config` is deprecated, use ConfigDict instead. Deprecated in Pydantic V2.0 to be removed in V3.0. See Pydantic V2 Migration Guide at https://errors.pydantic.dev/2.12/migration/
2026-01-27T12:43:40.6727257Z     class KnowledgeBaseResponse(BaseModel):
2026-01-27T12:43:40.6727443Z 
2026-01-27T12:43:40.6727516Z schemas/student.py:51
2026-01-27T12:43:40.6728650Z   /home/runner/work/ai-teaching-assistant/ai-teaching-assistant/backend/schemas/student.py:51: PydanticDeprecatedSince20: Support for class-based `config` is deprecated, use ConfigDict instead. Deprecated in Pydantic V2.0 to be removed in V3.0. See Pydantic V2 Migration Guide at https://errors.pydantic.dev/2.12/migration/
2026-01-27T12:43:40.6729983Z     class StudentResponse(StudentBase):
2026-01-27T12:43:40.6730152Z 
2026-01-27T12:43:40.6730233Z schemas/submission.py:42
2026-01-27T12:43:40.6731392Z   /home/runner/work/ai-teaching-assistant/ai-teaching-assistant/backend/schemas/submission.py:42: PydanticDeprecatedSince20: Support for class-based `config` is deprecated, use ConfigDict instead. Deprecated in Pydantic V2.0 to be removed in V3.0. See Pydantic V2 Migration Guide at https://errors.pydantic.dev/2.12/migration/
2026-01-27T12:43:40.6732740Z     class SubmissionResponse(SubmissionBase):
2026-01-27T12:43:40.6732929Z 
2026-01-27T12:43:40.6733015Z schemas/file_upload.py:122
2026-01-27T12:43:40.6734181Z   /home/runner/work/ai-teaching-assistant/ai-teaching-assistant/backend/schemas/file_upload.py:122: PydanticDeprecatedSince20: Support for class-based `config` is deprecated, use ConfigDict instead. Deprecated in Pydantic V2.0 to be removed in V3.0. See Pydantic V2 Migration Guide at https://errors.pydantic.dev/2.12/migration/
2026-01-27T12:43:40.6735533Z     class FileMetadataResponse(BaseModel):
2026-01-27T12:43:40.6735717Z 
2026-01-27T12:43:40.6735995Z ../../../../../../opt/hostedtoolcache/Python/3.11.14/x64/lib/python3.11/site-packages/PyPDF2/__init__.py:21
2026-01-27T12:43:40.6736892Z   /opt/hostedtoolcache/Python/3.11.14/x64/lib/python3.11/site-packages/PyPDF2/__init__.py:21: DeprecationWarning: PyPDF2 is deprecated. Please move to the pypdf library instead.
2026-01-27T12:43:40.6737580Z     warnings.warn(
2026-01-27T12:43:40.6737689Z 
2026-01-27T12:43:40.6737764Z schemas/feedback.py:375
2026-01-27T12:43:40.6738928Z   /home/runner/work/ai-teaching-assistant/ai-teaching-assistant/backend/schemas/feedback.py:375: PydanticDeprecatedSince20: Support for class-based `config` is deprecated, use ConfigDict instead. Deprecated in Pydantic V2.0 to be removed in V3.0. See Pydantic V2 Migration Guide at https://errors.pydantic.dev/2.12/migration/
2026-01-27T12:43:40.6740201Z     class FeedbackTemplateResponse(FeedbackTemplateBase):
2026-01-27T12:43:40.6740430Z 
2026-01-27T12:43:40.6740509Z schemas/feedback.py:430
2026-01-27T12:43:40.6741663Z   /home/runner/work/ai-teaching-assistant/ai-teaching-assistant/backend/schemas/feedback.py:430: PydanticDeprecatedSince20: Support for class-based `config` is deprecated, use ConfigDict instead. Deprecated in Pydantic V2.0 to be removed in V3.0. See Pydantic V2 Migration Guide at https://errors.pydantic.dev/2.12/migration/
2026-01-27T12:43:40.6743004Z     class AIInteractionResponse(BaseModel):
2026-01-27T12:43:40.6743184Z 
2026-01-27T12:43:40.6743256Z schemas/rubric.py:46
2026-01-27T12:43:40.6744395Z   /home/runner/work/ai-teaching-assistant/ai-teaching-assistant/backend/schemas/rubric.py:46: PydanticDeprecatedSince20: Support for class-based `config` is deprecated, use ConfigDict instead. Deprecated in Pydantic V2.0 to be removed in V3.0. See Pydantic V2 Migration Guide at https://errors.pydantic.dev/2.12/migration/
2026-01-27T12:43:40.6745606Z     class RubricResponse(RubricBase):
2026-01-27T12:43:40.6745770Z 
2026-01-27T12:43:40.6745954Z -- Docs: https://docs.pytest.org/en/stable/how-to/capture-warnings.html
2026-01-27T12:43:40.6746361Z ================================ tests coverage ================================
2026-01-27T12:43:40.6746749Z _______________ coverage: platform linux, python 3.11.14-final-0 _______________
2026-01-27T12:43:40.6747024Z 
2026-01-27T12:43:40.6747111Z Coverage HTML written to dir htmlcov
2026-01-27T12:43:40.6747356Z Coverage XML written to file coverage.xml
2026-01-27T12:43:40.6747653Z =========================== short test summary info ============================
2026-01-27T12:43:40.6748416Z FAILED tests/test_analysis_api.py::TestSummaryEndpoint::test_get_analysis_summary - sqlalchemy.exc.OperationalError: (sqlite3.OperationalError) no such table: code_files
2026-01-27T12:43:40.6750312Z [SQL: SELECT code_files.id, code_files.file_id, code_files.original_filename, code_files.stored_filename, code_files.file_path, code_files.file_size, code_files.file_extension, code_files.mime_type, code_files.language, code_files.status, code_files.uploader_id, code_files.assignment_id, code_files.content_hash, code_files.line_count, code_files.analysis_result, code_files.created_at, code_files.updated_at 
2026-01-27T12:43:40.6751864Z FROM code_files
2026-01-27T12:43:40.6752033Z  LIMIT ? OFFSET ?]
2026-01-27T12:43:40.6752299Z [parameters: (10, 0)]
2026-01-27T12:43:40.6752573Z (Background on this error at: https://sqlalche.me/e/20/e3q8)
2026-01-27T12:43:40.6753085Z FAILED tests/test_rubrics.py::TestRubricCreate::test_create_duplicate_rubric_id - assert 201 == 400
2026-01-27T12:43:40.6753558Z  +  where 201 = <Response [201 Created]>.status_code
2026-01-27T12:43:40.6753954Z FAILED tests/test_rubrics.py::TestRubricList::test_list_with_data - assert 0 >= 10
2026-01-27T12:43:40.6754325Z  +  where 0 = len([])
2026-01-27T12:43:40.6754689Z FAILED tests/test_rubrics.py::TestRubricList::test_list_pagination_last_page - assert 422 == 200
2026-01-27T12:43:40.6755183Z  +  where 422 = <Response [422 Unprocessable Entity]>.status_code
2026-01-27T12:43:40.6755728Z FAILED tests/test_rubrics.py::TestRubricGet::test_get_success - assert 404 == 200
2026-01-27T12:43:40.6756135Z  +  where 404 = <Response [404 Not Found]>.status_code
2026-01-27T12:43:40.6756549Z FAILED tests/test_rubrics.py::TestRubricGet::test_get_with_criteria - assert 404 == 200
2026-01-27T12:43:40.6756966Z  +  where 404 = <Response [404 Not Found]>.status_code
2026-01-27T12:43:40.6757379Z FAILED tests/test_rubrics.py::TestRubricUpdate::test_update_success - assert 404 == 200
2026-01-27T12:43:40.6757800Z  +  where 404 = <Response [404 Not Found]>.status_code
2026-01-27T12:43:40.6758234Z FAILED tests/test_rubrics.py::TestRubricUpdate::test_update_partial_fields - assert 404 == 200
2026-01-27T12:43:40.6758683Z  +  where 404 = <Response [404 Not Found]>.status_code
2026-01-27T12:43:40.6759092Z FAILED tests/test_rubrics.py::TestRubricUpdate::test_update_criteria - assert 404 == 200
2026-01-27T12:43:40.6759525Z  +  where 404 = <Response [404 Not Found]>.status_code
2026-01-27T12:43:40.6759934Z FAILED tests/test_rubrics.py::TestRubricDelete::test_delete_success - assert 404 == 204
2026-01-27T12:43:40.6760342Z  +  where 404 = <Response [404 Not Found]>.status_code
2026-01-27T12:43:40.6760783Z FAILED tests/test_rubrics.py::TestRubricDelete::test_delete_with_assignments - assert 404 == 204
2026-01-27T12:43:40.6761231Z  +  where 404 = <Response [404 Not Found]>.status_code
2026-01-27T12:43:40.6761698Z FAILED tests/test_rubrics.py::TestRubricAssignments::test_get_assignments_success - assert 404 == 200
2026-01-27T12:43:40.6762173Z  +  where 404 = <Response [404 Not Found]>.status_code
2026-01-27T12:43:40.6762754Z FAILED tests/test_rubrics.py::TestRubricAssignments::test_get_assignments_empty - assert 404 == 200
2026-01-27T12:43:40.6763224Z  +  where 404 = <Response [404 Not Found]>.status_code
2026-01-27T12:43:40.6763724Z FAILED tests/test_students.py::TestStudentRegistration::test_register_duplicate_student_id - assert 201 == 400
2026-01-27T12:43:40.6764234Z  +  where 201 = <Response [201 Created]>.status_code
2026-01-27T12:43:40.6764712Z FAILED tests/test_students.py::TestStudentRegistration::test_register_duplicate_email - assert 201 == 400
2026-01-27T12:43:40.6765200Z  +  where 201 = <Response [201 Created]>.status_code
2026-01-27T12:43:40.6765619Z FAILED tests/test_students.py::TestStudentLogin::test_login_success - assert False is True
2026-01-27T12:43:40.6766247Z FAILED tests/test_students.py::TestStudentLogin::test_login_with_email_verification - assert False is True
2026-01-27T12:43:40.6767045Z FAILED tests/test_students.py::TestStudentLogin::test_login_email_mismatch - assert "Student with..._1' not found" == 'Email verification failed'
2026-01-27T12:43:40.6767614Z   
2026-01-27T12:43:40.6767783Z   - Email verification failed
2026-01-27T12:43:40.6768025Z   + Student with ID 'TEST1769517809674_1' not found
2026-01-27T12:43:40.6768590Z FAILED tests/test_students.py::TestStudentList::test_list_default_pagination - assert 0 >= 15
2026-01-27T12:43:40.6769179Z FAILED tests/test_students.py::TestStudentList::test_list_custom_pagination - assert 0 >= 15
2026-01-27T12:43:40.6769726Z FAILED tests/test_students.py::TestStudentList::test_list_second_page - assert 0 >= 15
2026-01-27T12:43:40.6770276Z FAILED tests/test_students.py::TestStudentList::test_list_filter_by_course - assert 0 >= 10
2026-01-27T12:43:40.6770841Z FAILED tests/test_students.py::TestStudentList::test_list_page_size_boundary - assert 0 == 1
2026-01-27T12:43:40.6771243Z  +  where 0 = len([])
2026-01-27T12:43:40.6771586Z FAILED tests/test_students.py::TestStudentList::test_list_page_out_of_range - assert 0 >= 15
2026-01-27T12:43:40.6772120Z FAILED tests/test_students.py::TestStudentGet::test_get_success - assert 404 == 200
2026-01-27T12:43:40.6772630Z  +  where 404 = <Response [404 Not Found]>.status_code
2026-01-27T12:43:40.6773048Z FAILED tests/test_students.py::TestStudentUpdate::test_update_success - assert 404 == 200
2026-01-27T12:43:40.6773484Z  +  where 404 = <Response [404 Not Found]>.status_code
2026-01-27T12:43:40.6774047Z FAILED tests/test_students.py::TestStudentUpdate::test_update_partial_fields - assert 404 == 200
2026-01-27T12:43:40.6774505Z  +  where 404 = <Response [404 Not Found]>.status_code
2026-01-27T12:43:40.6774913Z FAILED tests/test_students.py::TestStudentUpdate::test_update_email - assert 404 == 200
2026-01-27T12:43:40.6775328Z  +  where 404 = <Response [404 Not Found]>.status_code
2026-01-27T12:43:40.6775783Z FAILED tests/test_students.py::TestStudentUpdate::test_update_duplicate_email - assert 404 == 400
2026-01-27T12:43:40.6776237Z  +  where 404 = <Response [404 Not Found]>.status_code
2026-01-27T12:43:40.6776651Z FAILED tests/test_students.py::TestStudentDelete::test_delete_success - assert 404 == 200
2026-01-27T12:43:40.6777091Z  +  where 404 = <Response [404 Not Found]>.status_code
2026-01-27T12:43:41.1015465Z =========== 30 failed, 210 passed, 4 skipped, 15 warnings in 43.42s ============
2026-01-27T12:43:41.4815206Z ##[error]Process completed with exit code 1.
2026-01-27T12:43:41.4932804Z Post job cleanup.
2026-01-27T12:43:41.5849179Z [command]/usr/bin/git version
2026-01-27T12:43:41.5885527Z git version 2.52.0
2026-01-27T12:43:41.5929384Z Temporarily overriding HOME='/home/runner/work/_temp/819d8065-b7e2-46da-ba5f-042e731e4e22' before making global git config changes
2026-01-27T12:43:41.5930841Z Adding repository directory to the temporary git global config as a safe directory
2026-01-27T12:43:41.5942679Z [command]/usr/bin/git config --global --add safe.directory /home/runner/work/ai-teaching-assistant/ai-teaching-assistant
2026-01-27T12:43:41.5977619Z [command]/usr/bin/git config --local --name-only --get-regexp core\.sshCommand
2026-01-27T12:43:41.6010002Z [command]/usr/bin/git submodule foreach --recursive sh -c "git config --local --name-only --get-regexp 'core\.sshCommand' && git config --local --unset-all 'core.sshCommand' || :"
2026-01-27T12:43:41.6241513Z [command]/usr/bin/git config --local --name-only --get-regexp http\.https\:\/\/github\.com\/\.extraheader
2026-01-27T12:43:41.6263177Z http.https://github.com/.extraheader
2026-01-27T12:43:41.6276321Z [command]/usr/bin/git config --local --unset-all http.https://github.com/.extraheader
2026-01-27T12:43:41.6307025Z [command]/usr/bin/git submodule foreach --recursive sh -c "git config --local --name-only --get-regexp 'http\.https\:\/\/github\.com\/\.extraheader' && git config --local --unset-all 'http.https://github.com/.extraheader' || :"
2026-01-27T12:43:41.6528153Z [command]/usr/bin/git config --local --name-only --get-regexp ^includeIf\.gitdir:
2026-01-27T12:43:41.6558143Z [command]/usr/bin/git submodule foreach --recursive git config --local --show-origin --name-only --get-regexp remote.origin.url
2026-01-27T12:43:41.6888473Z Cleaning up orphan processes
