2026-01-27T12:53:37.8620104Z Current runner version: '2.331.0'
2026-01-27T12:53:37.8643764Z ##[group]Runner Image Provisioner
2026-01-27T12:53:37.8644599Z Hosted Compute Agent
2026-01-27T12:53:37.8645113Z Version: 20260115.477
2026-01-27T12:53:37.8645752Z Commit: 4b342d620503cbe250a3154040964899ea7c9b00
2026-01-27T12:53:37.8646407Z Build Date: 2026-01-15T22:32:41Z
2026-01-27T12:53:37.8647362Z Worker ID: {1b71f1b9-6f51-4689-a361-d42709845e46}
2026-01-27T12:53:37.8648132Z Azure Region: westus
2026-01-27T12:53:37.8648650Z ##[endgroup]
2026-01-27T12:53:37.8650123Z ##[group]Operating System
2026-01-27T12:53:37.8650671Z Ubuntu
2026-01-27T12:53:37.8651230Z 24.04.3
2026-01-27T12:53:37.8651645Z LTS
2026-01-27T12:53:37.8652111Z ##[endgroup]
2026-01-27T12:53:37.8652629Z ##[group]Runner Image
2026-01-27T12:53:37.8653169Z Image: ubuntu-24.04
2026-01-27T12:53:37.8653638Z Version: 20260119.4.1
2026-01-27T12:53:37.8654849Z Included Software: https://github.com/actions/runner-images/blob/ubuntu24/20260119.4/images/ubuntu/Ubuntu2404-Readme.md
2026-01-27T12:53:37.8656242Z Image Release: https://github.com/actions/runner-images/releases/tag/ubuntu24%2F20260119.4
2026-01-27T12:53:37.8657503Z ##[endgroup]
2026-01-27T12:53:37.8658558Z ##[group]GITHUB_TOKEN Permissions
2026-01-27T12:53:37.8660426Z Contents: read
2026-01-27T12:53:37.8660954Z Metadata: read
2026-01-27T12:53:37.8661494Z Packages: read
2026-01-27T12:53:37.8662002Z ##[endgroup]
2026-01-27T12:53:37.8664111Z Secret source: Actions
2026-01-27T12:53:37.8664759Z Prepare workflow directory
2026-01-27T12:53:37.9063263Z Prepare all required actions
2026-01-27T12:53:37.9101262Z Getting action download info
2026-01-27T12:53:38.3517440Z Download action repository 'actions/checkout@v4' (SHA:34e114876b0b11c390a56381ad16ebd13914f8d5)
2026-01-27T12:53:38.4392901Z Download action repository 'actions/setup-node@v4' (SHA:49933ea5288caeca8642d1e84afbd3f7d6820020)
2026-01-27T12:53:38.6391070Z Complete job name: frontend-test (24.x)
2026-01-27T12:53:38.7002216Z ##[group]Run actions/checkout@v4
2026-01-27T12:53:38.7003041Z with:
2026-01-27T12:53:38.7003491Z   repository: sst2020/ai-teaching-assistant
2026-01-27T12:53:38.7004170Z   token: ***
2026-01-27T12:53:38.7004555Z   ssh-strict: true
2026-01-27T12:53:38.7004934Z   ssh-user: git
2026-01-27T12:53:38.7005338Z   persist-credentials: true
2026-01-27T12:53:38.7005785Z   clean: true
2026-01-27T12:53:38.7006182Z   sparse-checkout-cone-mode: true
2026-01-27T12:53:38.7006862Z   fetch-depth: 1
2026-01-27T12:53:38.7007242Z   fetch-tags: false
2026-01-27T12:53:38.7007648Z   show-progress: true
2026-01-27T12:53:38.7008046Z   lfs: false
2026-01-27T12:53:38.7008424Z   submodules: false
2026-01-27T12:53:38.7008825Z   set-safe-directory: true
2026-01-27T12:53:38.7009521Z ##[endgroup]
2026-01-27T12:53:38.8062468Z Syncing repository: sst2020/ai-teaching-assistant
2026-01-27T12:53:38.8064217Z ##[group]Getting Git version info
2026-01-27T12:53:38.8065170Z Working directory is '/home/runner/work/ai-teaching-assistant/ai-teaching-assistant'
2026-01-27T12:53:38.8066330Z [command]/usr/bin/git version
2026-01-27T12:53:38.8152525Z git version 2.52.0
2026-01-27T12:53:38.8177680Z ##[endgroup]
2026-01-27T12:53:38.8190994Z Temporarily overriding HOME='/home/runner/work/_temp/aa62ea92-5ae0-40b7-ac44-f7f7eb8d7667' before making global git config changes
2026-01-27T12:53:38.8192336Z Adding repository directory to the temporary git global config as a safe directory
2026-01-27T12:53:38.8203861Z [command]/usr/bin/git config --global --add safe.directory /home/runner/work/ai-teaching-assistant/ai-teaching-assistant
2026-01-27T12:53:38.8244195Z Deleting the contents of '/home/runner/work/ai-teaching-assistant/ai-teaching-assistant'
2026-01-27T12:53:38.8247497Z ##[group]Initializing the repository
2026-01-27T12:53:38.8251471Z [command]/usr/bin/git init /home/runner/work/ai-teaching-assistant/ai-teaching-assistant
2026-01-27T12:53:38.8374115Z hint: Using 'master' as the name for the initial branch. This default branch name
2026-01-27T12:53:38.8375729Z hint: will change to "main" in Git 3.0. To configure the initial branch name
2026-01-27T12:53:38.8377815Z hint: to use in all of your new repositories, which will suppress this warning,
2026-01-27T12:53:38.8379055Z hint: call:
2026-01-27T12:53:38.8379671Z hint:
2026-01-27T12:53:38.8380481Z hint: 	git config --global init.defaultBranch <name>
2026-01-27T12:53:38.8381502Z hint:
2026-01-27T12:53:38.8382487Z hint: Names commonly chosen instead of 'master' are 'main', 'trunk' and
2026-01-27T12:53:38.8384046Z hint: 'development'. The just-created branch can be renamed via this command:
2026-01-27T12:53:38.8385235Z hint:
2026-01-27T12:53:38.8385898Z hint: 	git branch -m <name>
2026-01-27T12:53:38.8386823Z hint:
2026-01-27T12:53:38.8387874Z hint: Disable this message with "git config set advice.defaultBranchName false"
2026-01-27T12:53:38.8389790Z Initialized empty Git repository in /home/runner/work/ai-teaching-assistant/ai-teaching-assistant/.git/
2026-01-27T12:53:38.8392684Z [command]/usr/bin/git remote add origin https://github.com/sst2020/ai-teaching-assistant
2026-01-27T12:53:38.8428421Z ##[endgroup]
2026-01-27T12:53:38.8429742Z ##[group]Disabling automatic garbage collection
2026-01-27T12:53:38.8432204Z [command]/usr/bin/git config --local gc.auto 0
2026-01-27T12:53:38.8462423Z ##[endgroup]
2026-01-27T12:53:38.8463098Z ##[group]Setting up auth
2026-01-27T12:53:38.8469076Z [command]/usr/bin/git config --local --name-only --get-regexp core\.sshCommand
2026-01-27T12:53:38.8499022Z [command]/usr/bin/git submodule foreach --recursive sh -c "git config --local --name-only --get-regexp 'core\.sshCommand' && git config --local --unset-all 'core.sshCommand' || :"
2026-01-27T12:53:38.8853651Z [command]/usr/bin/git config --local --name-only --get-regexp http\.https\:\/\/github\.com\/\.extraheader
2026-01-27T12:53:38.8882911Z [command]/usr/bin/git submodule foreach --recursive sh -c "git config --local --name-only --get-regexp 'http\.https\:\/\/github\.com\/\.extraheader' && git config --local --unset-all 'http.https://github.com/.extraheader' || :"
2026-01-27T12:53:38.9095941Z [command]/usr/bin/git config --local --name-only --get-regexp ^includeIf\.gitdir:
2026-01-27T12:53:38.9124721Z [command]/usr/bin/git submodule foreach --recursive git config --local --show-origin --name-only --get-regexp remote.origin.url
2026-01-27T12:53:38.9360356Z [command]/usr/bin/git config --local http.https://github.com/.extraheader AUTHORIZATION: basic ***
2026-01-27T12:53:38.9396026Z ##[endgroup]
2026-01-27T12:53:38.9397140Z ##[group]Fetching the repository
2026-01-27T12:53:38.9404651Z [command]/usr/bin/git -c protocol.version=2 fetch --no-tags --prune --no-recurse-submodules --depth=1 origin +8f5f8d0aac3382b38e467d96d53391450fd61e66:refs/remotes/origin/main
2026-01-27T12:53:39.5334792Z From https://github.com/sst2020/ai-teaching-assistant
2026-01-27T12:53:39.5336192Z  * [new ref]         8f5f8d0aac3382b38e467d96d53391450fd61e66 -> origin/main
2026-01-27T12:53:39.5367233Z ##[endgroup]
2026-01-27T12:53:39.5368011Z ##[group]Determining the checkout info
2026-01-27T12:53:39.5369403Z ##[endgroup]
2026-01-27T12:53:39.5374373Z [command]/usr/bin/git sparse-checkout disable
2026-01-27T12:53:39.5414028Z [command]/usr/bin/git config --local --unset-all extensions.worktreeConfig
2026-01-27T12:53:39.5439531Z ##[group]Checking out the ref
2026-01-27T12:53:39.5443046Z [command]/usr/bin/git checkout --progress --force -B main refs/remotes/origin/main
2026-01-27T12:53:39.5777429Z Switched to a new branch 'main'
2026-01-27T12:53:39.5778829Z branch 'main' set up to track 'origin/main'.
2026-01-27T12:53:39.5788604Z ##[endgroup]
2026-01-27T12:53:39.5833719Z [command]/usr/bin/git log -1 --format=%H
2026-01-27T12:53:39.5857994Z 8f5f8d0aac3382b38e467d96d53391450fd61e66
2026-01-27T12:53:39.6131699Z ##[group]Run actions/setup-node@v4
2026-01-27T12:53:39.6132349Z with:
2026-01-27T12:53:39.6132739Z   node-version: 24.x
2026-01-27T12:53:39.6133184Z   cache: npm
2026-01-27T12:53:39.6133708Z   cache-dependency-path: ./frontend/package-lock.json
2026-01-27T12:53:39.6134433Z   always-auth: false
2026-01-27T12:53:39.6134893Z   check-latest: false
2026-01-27T12:53:39.6135761Z   token: ***
2026-01-27T12:53:39.6136173Z ##[endgroup]
2026-01-27T12:53:39.7916906Z Found in cache @ /opt/hostedtoolcache/node/24.13.0/x64
2026-01-27T12:53:39.7919170Z ##[group]Environment details
2026-01-27T12:53:40.1608210Z node: v24.13.0
2026-01-27T12:53:40.1609797Z npm: 11.6.2
2026-01-27T12:53:40.1610359Z yarn: 1.22.22
2026-01-27T12:53:40.1611675Z ##[endgroup]
2026-01-27T12:53:40.1632828Z [command]/opt/hostedtoolcache/node/24.13.0/x64/bin/npm config get cache
2026-01-27T12:53:40.2751457Z /home/runner/.npm
2026-01-27T12:53:40.5818146Z Cache hit for: node-cache-Linux-x64-npm-bf92a1fabd0a94ea3f1beaae3e7d54efe4b2f3183b12409d8f49d87d4fc83a03
2026-01-27T12:53:41.8776057Z Received 4194304 of 119291861 (3.5%), 4.0 MBs/sec
2026-01-27T12:53:42.7795816Z Received 119291861 of 119291861 (100.0%), 59.8 MBs/sec
2026-01-27T12:53:42.7797505Z Cache Size: ~114 MB (119291861 B)
2026-01-27T12:53:42.7834805Z [command]/usr/bin/tar -xf /home/runner/work/_temp/8471bedf-b37a-4e04-b86c-0d1ee7758ac3/cache.tzst -P -C /home/runner/work/ai-teaching-assistant/ai-teaching-assistant --use-compress-program unzstd
2026-01-27T12:53:43.7208147Z Cache restored successfully
2026-01-27T12:53:43.7490153Z Cache restored from key: node-cache-Linux-x64-npm-bf92a1fabd0a94ea3f1beaae3e7d54efe4b2f3183b12409d8f49d87d4fc83a03
2026-01-27T12:53:43.7656960Z ##[group]Run if [ -d "node_modules" ]; then
2026-01-27T12:53:43.7657591Z [36;1mif [ -d "node_modules" ]; then[0m
2026-01-27T12:53:43.7658039Z [36;1m  rm -rf node_modules[0m
2026-01-27T12:53:43.7658398Z [36;1mfi[0m
2026-01-27T12:53:43.7658738Z [36;1mif [ -f "package-lock.json" ]; then[0m
2026-01-27T12:53:43.7659205Z [36;1m  rm package-lock.json[0m
2026-01-27T12:53:43.7659569Z [36;1mfi[0m
2026-01-27T12:53:43.7659887Z [36;1mnpm install --legacy-peer-deps[0m
2026-01-27T12:53:43.7733542Z shell: /usr/bin/bash --noprofile --norc -e -o pipefail {0}
2026-01-27T12:53:43.7734110Z ##[endgroup]
2026-01-27T12:54:06.1584301Z npm warn deprecated inflight@1.0.6: This module is not supported, and leaks memory. Do not use it. Check out lru-cache if you want a good and tested way to coalesce async requests by a key value, which is much more comprehensive and powerful.
2026-01-27T12:54:06.2047516Z npm warn deprecated stable@0.1.8: Modern JS already guarantees Array#sort() is a stable sort, so this library is deprecated. See the compatibility table on MDN: https://developer.mozilla.org/en-US/docs/Web/JavaScript/Reference/Global_Objects/Array/sort#browser_compatibility
2026-01-27T12:54:06.2292973Z npm warn deprecated @babel/plugin-proposal-private-methods@7.18.6: This proposal has been merged to the ECMAScript standard and thus this plugin is no longer maintained. Please use @babel/plugin-transform-private-methods instead.
2026-01-27T12:54:06.2297629Z npm warn deprecated @babel/plugin-proposal-numeric-separator@7.18.6: This proposal has been merged to the ECMAScript standard and thus this plugin is no longer maintained. Please use @babel/plugin-transform-numeric-separator instead.
2026-01-27T12:54:06.2302598Z npm warn deprecated @babel/plugin-proposal-nullish-coalescing-operator@7.18.6: This proposal has been merged to the ECMAScript standard and thus this plugin is no longer maintained. Please use @babel/plugin-transform-nullish-coalescing-operator instead.
2026-01-27T12:54:06.2306966Z npm warn deprecated @babel/plugin-proposal-class-properties@7.18.6: This proposal has been merged to the ECMAScript standard and thus this plugin is no longer maintained. Please use @babel/plugin-transform-class-properties instead.
2026-01-27T12:54:06.3166162Z npm warn deprecated rollup-plugin-terser@7.0.2: This package has been deprecated and is no longer maintained. Please use @rollup/plugin-terser
2026-01-27T12:54:06.3381409Z npm warn deprecated @humanwhocodes/config-array@0.13.0: Use @eslint/config-array instead
2026-01-27T12:54:06.3770225Z npm warn deprecated rimraf@3.0.2: Rimraf versions prior to v4 are no longer supported
2026-01-27T12:54:06.4530223Z npm warn deprecated abab@2.0.6: Use your platform's native atob() and btoa() methods instead
2026-01-27T12:54:06.4638869Z npm warn deprecated @babel/plugin-proposal-optional-chaining@7.21.0: This proposal has been merged to the ECMAScript standard and thus this plugin is no longer maintained. Please use @babel/plugin-transform-optional-chaining instead.
2026-01-27T12:54:06.4784050Z npm warn deprecated @babel/plugin-proposal-private-property-in-object@7.21.11: This proposal has been merged to the ECMAScript standard and thus this plugin is no longer maintained. Please use @babel/plugin-transform-private-property-in-object instead.
2026-01-27T12:54:06.4902017Z npm warn deprecated glob@7.2.3: Glob versions prior to v9 are no longer supported
2026-01-27T12:54:06.5209253Z npm warn deprecated whatwg-encoding@1.0.5: Use @exodus/bytes instead for a more spec-conformant and faster implementation
2026-01-27T12:54:06.5799782Z npm warn deprecated q@1.5.1: You or someone you depend on is using Q, the JavaScript Promise library that gave JavaScript developers strong feelings about promises. They can almost certainly migrate to the native JavaScript promise now. Thank you literally everyone for joining me in this bet against the odds. Be excellent to each other.
2026-01-27T12:54:06.5802316Z npm warn deprecated
2026-01-27T12:54:06.5803577Z npm warn deprecated (For a CapTP with native promises, see @endo/eventual-send and @endo/captp)
2026-01-27T12:54:06.6759460Z npm warn deprecated @humanwhocodes/object-schema@2.0.3: Use @eslint/object-schema instead
2026-01-27T12:54:06.6951851Z npm warn deprecated domexception@2.0.1: Use your platform's native DOMException instead
2026-01-27T12:54:06.7632237Z npm warn deprecated w3c-hr-time@1.0.2: Use your platform's native performance.now() and performance.timeOrigin.
2026-01-27T12:54:06.8083022Z npm warn deprecated sourcemap-codec@1.4.8: Please use @jridgewell/sourcemap-codec instead
2026-01-27T12:54:07.1148161Z npm warn deprecated workbox-cacheable-response@6.6.0: workbox-background-sync@6.6.0
2026-01-27T12:54:07.2128316Z npm warn deprecated workbox-google-analytics@6.6.0: It is not compatible with newer versions of GA starting with v4, as long as you are using GAv3 it should be ok, but the package is not longer being maintained
2026-01-27T12:54:07.3169111Z npm warn deprecated source-map@0.8.0-beta.0: The work that was done in this beta branch won't be included in future versions
2026-01-27T12:54:08.1735168Z npm warn deprecated svgo@1.3.2: This SVGO version is no longer supported. Upgrade to v2.x.x.
2026-01-27T12:54:09.9227193Z npm warn deprecated eslint@8.57.1: This version is no longer supported. Please see https://eslint.org/version-support for other options.
2026-01-27T12:54:12.2139727Z 
2026-01-27T12:54:12.2140681Z added 1450 packages, and audited 1451 packages in 28s
2026-01-27T12:54:12.2141350Z 
2026-01-27T12:54:12.2143246Z 356 packages are looking for funding
2026-01-27T12:54:12.2143827Z   run `npm fund` for details
2026-01-27T12:54:12.2228940Z 
2026-01-27T12:54:12.2229593Z 9 vulnerabilities (3 moderate, 6 high)
2026-01-27T12:54:12.2230156Z 
2026-01-27T12:54:12.2234746Z To address all issues (including breaking changes), run:
2026-01-27T12:54:12.2242543Z   npm audit fix --force
2026-01-27T12:54:12.2242816Z 
2026-01-27T12:54:12.2243287Z Run `npm audit` for details.
2026-01-27T12:54:12.3453075Z ##[group]Run npm install ajv@^8.17.1 ajv-keywords@^5.1.0 --save-dev --legacy-peer-deps
2026-01-27T12:54:12.3453699Z [36;1mnpm install ajv@^8.17.1 ajv-keywords@^5.1.0 --save-dev --legacy-peer-deps[0m
2026-01-27T12:54:12.3454224Z [36;1mnpm install i18next@^23.15.0 react-i18next@^14.1.3 --legacy-peer-deps[0m
2026-01-27T12:54:12.3487208Z shell: /usr/bin/bash -e {0}
2026-01-27T12:54:12.3487457Z ##[endgroup]
2026-01-27T12:54:13.0903929Z npm warn idealTree Removing dependencies.ajv in favor of devDependencies.ajv
2026-01-27T12:54:13.0907174Z npm warn idealTree Removing dependencies.ajv-keywords in favor of devDependencies.ajv-keywords
2026-01-27T12:54:14.0871869Z 
2026-01-27T12:54:14.0872491Z up to date, audited 1451 packages in 2s
2026-01-27T12:54:14.0873049Z 
2026-01-27T12:54:14.0873781Z 356 packages are looking for funding
2026-01-27T12:54:14.0875044Z   run `npm fund` for details
2026-01-27T12:54:14.0938276Z 
2026-01-27T12:54:14.0938681Z 9 vulnerabilities (3 moderate, 6 high)
2026-01-27T12:54:14.0939129Z 
2026-01-27T12:54:14.0939515Z To address all issues (including breaking changes), run:
2026-01-27T12:54:14.0940100Z   npm audit fix --force
2026-01-27T12:54:14.0940339Z 
2026-01-27T12:54:14.0940532Z Run `npm audit` for details.
2026-01-27T12:54:15.8755495Z 
2026-01-27T12:54:15.8756104Z up to date, audited 1451 packages in 2s
2026-01-27T12:54:15.8756678Z 
2026-01-27T12:54:15.8757781Z 356 packages are looking for funding
2026-01-27T12:54:15.8758820Z   run `npm fund` for details
2026-01-27T12:54:15.8837417Z 
2026-01-27T12:54:15.8837744Z 9 vulnerabilities (3 moderate, 6 high)
2026-01-27T12:54:15.8838091Z 
2026-01-27T12:54:15.8838459Z To address all issues (including breaking changes), run:
2026-01-27T12:54:15.8839004Z   npm audit fix --force
2026-01-27T12:54:15.8839255Z 
2026-01-27T12:54:15.8839438Z Run `npm audit` for details.
2026-01-27T12:54:15.9042523Z ##[group]Run npm test -- --passWithNoTests --coverage --watchAll=false
2026-01-27T12:54:15.9043025Z [36;1mnpm test -- --passWithNoTests --coverage --watchAll=false[0m
2026-01-27T12:54:15.9079104Z shell: /usr/bin/bash -e {0}
2026-01-27T12:54:15.9079356Z ##[endgroup]
2026-01-27T12:54:16.0480621Z 
2026-01-27T12:54:16.0481687Z > ai-teaching-assistant-frontend@0.1.0 test
2026-01-27T12:54:16.0482768Z > react-scripts test --passWithNoTests --coverage --watchAll=false
2026-01-27T12:54:16.0484640Z 
2026-01-27T12:54:17.5597531Z PASS src/App.test.js
2026-01-27T12:54:17.5603944Z   ✓ simple test should pass (1 ms)
2026-01-27T12:54:17.5604411Z   Simple utility tests
2026-01-27T12:54:17.5604903Z     ✓ should correctly add two numbers
2026-01-27T12:54:17.5605187Z 
2026-01-27T12:54:21.0355498Z ---------------------------------|---------|----------|---------|---------|-------------------
2026-01-27T12:54:21.0357015Z File                             | % Stmts | % Branch | % Funcs | % Lines | Uncovered Line #s 
2026-01-27T12:54:21.0358142Z ---------------------------------|---------|----------|---------|---------|-------------------
2026-01-27T12:54:21.0367836Z All files                        |       0 |        0 |       0 |       0 |                   
2026-01-27T12:54:21.0369132Z  src                             |       0 |        0 |       0 |       0 |                   
2026-01-27T12:54:21.0370204Z   App.tsx                        |       0 |        0 |       0 |       0 | 31-282            
2026-01-27T12:54:21.0371153Z   index.tsx                      |       0 |        0 |     100 |       0 | 8-14              
2026-01-27T12:54:21.0372098Z   reportWebVitals.js             |       0 |        0 |       0 |       0 | 1-8               
2026-01-27T12:54:21.0373024Z  src/components                  |       0 |        0 |       0 |       0 |                   
2026-01-27T12:54:21.0373854Z   index.ts                       |       0 |        0 |       0 |       0 |                   
2026-01-27T12:54:21.0374803Z  src/components/CodeAnalysis     |       0 |        0 |       0 |       0 |                   
2026-01-27T12:54:21.0375699Z   CodeAnalysis.tsx               |       0 |        0 |       0 |       0 | 8-151             
2026-01-27T12:54:21.0376751Z   index.ts                       |       0 |        0 |       0 |       0 |                   
2026-01-27T12:54:21.0377576Z  src/components/Dashboard        |       0 |        0 |       0 |       0 |                   
2026-01-27T12:54:21.0378411Z   Dashboard.tsx                  |       0 |        0 |       0 |       0 | 9-156             
2026-01-27T12:54:21.0379155Z   index.ts                       |       0 |        0 |       0 |       0 |                   
2026-01-27T12:54:21.0379941Z  src/components/DevTools         |       0 |        0 |       0 |       0 |                   
2026-01-27T12:54:21.0380760Z   ApiTester.tsx                  |       0 |        0 |       0 |       0 | 28-306            
2026-01-27T12:54:21.0381816Z   index.ts                       |       0 |        0 |       0 |       0 |                   
2026-01-27T12:54:21.0382635Z  src/components/KnowledgeBase    |       0 |        0 |       0 |       0 |                   
2026-01-27T12:54:21.0383501Z   KnowledgeBase.tsx              |       0 |        0 |       0 |       0 | 25-213            
2026-01-27T12:54:21.0384262Z   index.ts                       |       0 |        0 |       0 |       0 |                   
2026-01-27T12:54:21.0385093Z  src/components/PlagiarismCheck  |       0 |        0 |       0 |       0 |                   
2026-01-27T12:54:21.0385969Z   BatchUpload.tsx                |       0 |        0 |       0 |       0 | 9-155             
2026-01-27T12:54:21.0386979Z   OriginalityReport.tsx          |       0 |        0 |       0 |       0 | 9-153             
2026-01-27T12:54:21.0387846Z   PlagiarismCheck.tsx            |       0 |        0 |       0 |       0 | 21-125            
2026-01-27T12:54:21.0389136Z   RelationshipGraph.tsx          |       0 |        0 |       0 |       0 | 25-169            
2026-01-27T12:54:21.0390277Z   SimilarityMatrix.tsx           |       0 |        0 |       0 |       0 | 9-114             
2026-01-27T12:54:21.0391183Z   SuspiciousList.tsx             |       0 |        0 |       0 |       0 | 13-133            
2026-01-27T12:54:21.0391994Z   index.ts                       |       0 |        0 |       0 |       0 |                   
2026-01-27T12:54:21.0392821Z  src/components/QAInterface      |       0 |        0 |       0 |       0 |                   
2026-01-27T12:54:21.0393708Z   QAInterface.tsx                |       0 |        0 |       0 |       0 | 13-274            
2026-01-27T12:54:21.0394483Z   index.ts                       |       0 |        0 |       0 |       0 |                   
2026-01-27T12:54:21.0395288Z  src/components/QATriage         |       0 |        0 |       0 |       0 |                   
2026-01-27T12:54:21.0396129Z   QATriage.tsx                   |       0 |        0 |       0 |       0 | 15-140            
2026-01-27T12:54:21.0397063Z   index.ts                       |       0 |        0 |       0 |       0 |                   
2026-01-27T12:54:21.0397902Z  src/components/ReportAnalysis   |       0 |        0 |       0 |       0 |                   
2026-01-27T12:54:21.0398792Z   ReportAnalysis.tsx             |       0 |        0 |       0 |       0 | 16-405            
2026-01-27T12:54:21.0399568Z   index.ts                       |       0 |        0 |       0 |       0 |                   
2026-01-27T12:54:21.0400401Z  src/components/TeacherDashboard |       0 |        0 |       0 |       0 |                   
2026-01-27T12:54:21.0401308Z   TeacherDashboard.tsx           |       0 |        0 |       0 |       0 | 20-173            
2026-01-27T12:54:21.0402099Z   index.ts                       |       0 |        0 |       0 |       0 |                   
2026-01-27T12:54:21.0402885Z  src/components/common           |       0 |        0 |       0 |       0 |                   
2026-01-27T12:54:21.0403867Z   ConfirmDialog.tsx              |       0 |        0 |       0 |       0 | 15-82             
2026-01-27T12:54:21.0404723Z   DebugPanel.tsx                 |       0 |        0 |       0 |       0 | 27-239            
2026-01-27T12:54:21.0405526Z   ErrorMessage.tsx               |       0 |        0 |       0 |       0 | 10-11             
2026-01-27T12:54:21.0411897Z   LoadingSpinner.tsx             |       0 |        0 |       0 |       0 | 9-13              
2026-01-27T12:54:21.0412887Z   ProtectedRoute.tsx             |       0 |        0 |       0 |       0 | 21-65             
2026-01-27T12:54:21.0413752Z   Skeleton.tsx                   |       0 |        0 |       0 |       0 | 16-100            
2026-01-27T12:54:21.0414520Z   Toast.tsx                      |       0 |        0 |       0 |       0 | 14-48             
2026-01-27T12:54:21.0415304Z   ToastContainer.tsx             |       0 |        0 |       0 |       0 | 10-16             
2026-01-27T12:54:21.0416133Z   index.ts                       |       0 |        0 |       0 |       0 |                   
2026-01-27T12:54:21.0416907Z  src/components/layout           |       0 |        0 |       0 |       0 |                   
2026-01-27T12:54:21.0417412Z   Header.tsx                     |       0 |        0 |       0 |       0 | 13-225            
2026-01-27T12:54:21.0417859Z   index.ts                       |       0 |        0 |       0 |       0 |                   
2026-01-27T12:54:21.0418303Z  src/contexts                    |       0 |        0 |       0 |       0 |                   
2026-01-27T12:54:21.0418759Z   AuthContext.tsx                |       0 |        0 |       0 |       0 | 24-349            
2026-01-27T12:54:21.0419259Z   ThemeContext.tsx               |       0 |        0 |       0 |       0 | 15-123            
2026-01-27T12:54:21.0419734Z   ToastContext.tsx               |       0 |        0 |       0 |       0 | 21-76             
2026-01-27T12:54:21.0420339Z   index.ts                       |       0 |        0 |       0 |       0 |                   
2026-01-27T12:54:21.0420781Z  src/hooks                       |       0 |        0 |       0 |       0 |                   
2026-01-27T12:54:21.0421206Z   index.ts                       |       0 |        0 |       0 |       0 |                   
2026-01-27T12:54:21.0421627Z   useAuth.ts                     |       0 |        0 |       0 |       0 |                   
2026-01-27T12:54:21.0422057Z  src/i18n                        |       0 |      100 |     100 |       0 |                   
2026-01-27T12:54:21.0422496Z   index.ts                       |       0 |      100 |     100 |       0 | 33-64             
2026-01-27T12:54:21.0422953Z  src/pages                       |       0 |        0 |       0 |       0 |                   
2026-01-27T12:54:21.0423455Z   Account.tsx                    |       0 |        0 |       0 |       0 | 8-274             
2026-01-27T12:54:21.0423912Z   Forbidden.tsx                  |       0 |      100 |       0 |       0 | 6-18              
2026-01-27T12:54:21.0424370Z   Grades.tsx                     |       0 |        0 |       0 |       0 | 16-474            
2026-01-27T12:54:21.0424852Z   GradingInterface.tsx           |       0 |        0 |       0 |       0 | 29-387            
2026-01-27T12:54:21.0425315Z   Login.tsx                      |       0 |        0 |       0 |       0 | 12-107            
2026-01-27T12:54:21.0425783Z   ManageAssignments.tsx          |       0 |        0 |       0 |       0 | 37-329            
2026-01-27T12:54:21.0426256Z   Register.tsx                   |       0 |        0 |       0 |       0 | 22-106            
2026-01-27T12:54:21.0426858Z   StudentDashboard.tsx           |       0 |        0 |       0 |       0 | 14-164            
2026-01-27T12:54:21.0427358Z   SubmitAssignment.tsx           |       0 |        0 |       0 |       0 | 11-526            
2026-01-27T12:54:21.0427851Z   TeacherDashboard.tsx           |       0 |        0 |       0 |       0 | 27-225            
2026-01-27T12:54:21.0428311Z   index.ts                       |       0 |        0 |       0 |       0 |                   
2026-01-27T12:54:21.0428751Z  src/services                    |       0 |        0 |       0 |       0 |                   
2026-01-27T12:54:21.0429191Z   api.ts                         |       0 |        0 |       0 |       0 | 106-1121          
2026-01-27T12:54:21.0429606Z   index.ts                       |       0 |        0 |       0 |       0 |                   
2026-01-27T12:54:21.0430110Z  src/types                       |       0 |      100 |     100 |       0 |                   
2026-01-27T12:54:21.0430529Z   api.ts                         |       0 |        0 |       0 |       0 |                   
2026-01-27T12:54:21.0430957Z   assignment.ts                  |       0 |        0 |       0 |       0 |                   
2026-01-27T12:54:21.0431391Z   auth.ts                        |       0 |        0 |       0 |       0 |                   
2026-01-27T12:54:21.0431947Z   grading.ts                     |       0 |        0 |       0 |       0 |                   
2026-01-27T12:54:21.0432375Z   index.ts                       |       0 |        0 |       0 |       0 |                   
2026-01-27T12:54:21.0432823Z   knowledgeBase.ts               |       0 |      100 |     100 |       0 | 21-34             
2026-01-27T12:54:21.0433280Z   plagiarism.ts                  |       0 |        0 |       0 |       0 |                   
2026-01-27T12:54:21.0433741Z   reportAnalysis.ts              |       0 |        0 |       0 |       0 |                   
2026-01-27T12:54:21.0434189Z   student.ts                     |       0 |        0 |       0 |       0 |                   
2026-01-27T12:54:21.0434628Z   submission.ts                  |       0 |        0 |       0 |       0 |                   
2026-01-27T12:54:21.0435070Z   triage.ts                      |       0 |      100 |     100 |       0 | 20-29             
2026-01-27T12:54:21.0435611Z  src/utils                       |       0 |        0 |       0 |       0 |                   
2026-01-27T12:54:21.0436047Z   cache.ts                       |       0 |        0 |       0 |       0 | 13-137            
2026-01-27T12:54:21.0436587Z   index.ts                       |       0 |        0 |       0 |       0 |                   
2026-01-27T12:54:21.0437102Z ---------------------------------|---------|----------|---------|---------|-------------------
2026-01-27T12:54:21.1357937Z Test Suites: 1 passed, 1 total
2026-01-27T12:54:21.1358877Z Tests:       2 passed, 2 total
2026-01-27T12:54:21.1360068Z Snapshots:   0 total
2026-01-27T12:54:21.1360761Z Time:        4.44 s
2026-01-27T12:54:21.1361474Z Ran all test suites.
2026-01-27T12:54:21.1845172Z ##[group]Run npx eslint src/ --ext .ts,.tsx --fix
2026-01-27T12:54:21.1845771Z [36;1mnpx eslint src/ --ext .ts,.tsx --fix[0m
2026-01-27T12:54:21.1890906Z shell: /usr/bin/bash -e {0}
2026-01-27T12:54:21.1891289Z ##[endgroup]
2026-01-27T12:54:24.0795186Z 
2026-01-27T12:54:24.0796264Z /home/runner/work/ai-teaching-assistant/ai-teaching-assistant/frontend/src/App.tsx
2026-01-27T12:54:24.0821705Z ##[warning]  7:10  warning  'Dashboard' is defined but never used  @typescript-eslint/no-unused-vars
2026-01-27T12:54:24.0828695Z 
2026-01-27T12:54:24.0829200Z /home/runner/work/ai-teaching-assistant/ai-teaching-assistant/frontend/src/contexts/ThemeContext.tsx
2026-01-27T12:54:24.0831005Z ##[warning]  84:6  warning  React Hook useEffect has missing dependencies: 'applyTheme' and 'theme'. Either include them or remove the dependency array  react-hooks/exhaustive-deps
2026-01-27T12:54:24.0832041Z 
2026-01-27T12:54:24.0832422Z ✖ 2 problems (0 errors, 2 warnings)
2026-01-27T12:54:24.0832607Z 
2026-01-27T12:54:24.1346947Z ##[group]Run echo "Building frontend application..."
2026-01-27T12:54:24.1347381Z [36;1mecho "Building frontend application..."[0m
2026-01-27T12:54:24.1347677Z [36;1mnpm run build[0m
2026-01-27T12:54:24.1380497Z shell: /usr/bin/bash -e {0}
2026-01-27T12:54:24.1380746Z env:
2026-01-27T12:54:24.1380927Z   SKIP_PREFLIGHT_CHECK: true
2026-01-27T12:54:24.1381157Z   GENERATE_SOURCEMAP: false
2026-01-27T12:54:24.1381372Z   CI: false
2026-01-27T12:54:24.1381534Z ##[endgroup]
2026-01-27T12:54:24.1431066Z Building frontend application...
2026-01-27T12:54:24.2311162Z 
2026-01-27T12:54:24.2311756Z > ai-teaching-assistant-frontend@0.1.0 build
2026-01-27T12:54:24.2312336Z > react-scripts build
2026-01-27T12:54:24.2312499Z 
2026-01-27T12:54:25.2444478Z (node:2417) [DEP0176] DeprecationWarning: fs.F_OK is deprecated, use fs.constants.F_OK instead
2026-01-27T12:54:25.2445327Z (Use `node --trace-deprecation ...` to show where the warning was created)
2026-01-27T12:54:25.2469835Z Creating an optimized production build...
2026-01-27T12:54:43.3994703Z Compiled with warnings.
2026-01-27T12:54:43.4008026Z 
2026-01-27T12:54:43.4008229Z [eslint] 
2026-01-27T12:54:43.4008555Z src/App.tsx
2026-01-27T12:54:43.4009252Z   Line 7:10:  'Dashboard' is defined but never used  @typescript-eslint/no-unused-vars
2026-01-27T12:54:43.4010165Z 
2026-01-27T12:54:43.4010381Z src/contexts/ThemeContext.tsx
2026-01-27T12:54:43.4011718Z   Line 84:6:  React Hook useEffect has missing dependencies: 'applyTheme' and 'theme'. Either include them or remove the dependency array  react-hooks/exhaustive-deps
2026-01-27T12:54:43.4012769Z 
2026-01-27T12:54:43.4013183Z Search for the keywords to learn more about each warning.
2026-01-27T12:54:43.4014065Z To ignore, add // eslint-disable-next-line to the line before.
2026-01-27T12:54:43.4014497Z 
2026-01-27T12:54:43.4014673Z File sizes after gzip:
2026-01-27T12:54:43.4014904Z 
2026-01-27T12:54:43.4425986Z   428.61 kB  build/static/js/main.87f6b907.js
2026-01-27T12:54:43.4427979Z   22.22 kB   build/static/css/main.f59a6356.css
2026-01-27T12:54:43.4428411Z 
2026-01-27T12:54:43.4428727Z The project was built assuming it is hosted at /.
2026-01-27T12:54:43.4429559Z You can control this with the homepage field in your package.json.
2026-01-27T12:54:43.4430020Z 
2026-01-27T12:54:43.4430313Z The build folder is ready to be deployed.
2026-01-27T12:54:43.4430858Z You may serve it with a static server:
2026-01-27T12:54:43.4431166Z 
2026-01-27T12:54:43.4431337Z   npm install -g serve
2026-01-27T12:54:43.4431691Z   serve -s build
2026-01-27T12:54:43.4431901Z 
2026-01-27T12:54:43.4432130Z Find out more about deployment here:
2026-01-27T12:54:43.4432445Z 
2026-01-27T12:54:43.4432620Z   https://cra.link/deployment
2026-01-27T12:54:43.4432906Z 
2026-01-27T12:54:43.5835327Z Post job cleanup.
2026-01-27T12:54:43.7333632Z Cache hit occurred on the primary key node-cache-Linux-x64-npm-bf92a1fabd0a94ea3f1beaae3e7d54efe4b2f3183b12409d8f49d87d4fc83a03, not saving cache.
2026-01-27T12:54:43.7458694Z Post job cleanup.
2026-01-27T12:54:43.8380171Z [command]/usr/bin/git version
2026-01-27T12:54:43.8417096Z git version 2.52.0
2026-01-27T12:54:43.8458618Z Temporarily overriding HOME='/home/runner/work/_temp/133c0ea0-9d9b-4187-923d-af77e5386e34' before making global git config changes
2026-01-27T12:54:43.8459628Z Adding repository directory to the temporary git global config as a safe directory
2026-01-27T12:54:43.8470893Z [command]/usr/bin/git config --global --add safe.directory /home/runner/work/ai-teaching-assistant/ai-teaching-assistant
2026-01-27T12:54:43.8503470Z [command]/usr/bin/git config --local --name-only --get-regexp core\.sshCommand
2026-01-27T12:54:43.8535081Z [command]/usr/bin/git submodule foreach --recursive sh -c "git config --local --name-only --get-regexp 'core\.sshCommand' && git config --local --unset-all 'core.sshCommand' || :"
2026-01-27T12:54:43.8760877Z [command]/usr/bin/git config --local --name-only --get-regexp http\.https\:\/\/github\.com\/\.extraheader
2026-01-27T12:54:43.8782297Z http.https://github.com/.extraheader
2026-01-27T12:54:43.8794336Z [command]/usr/bin/git config --local --unset-all http.https://github.com/.extraheader
2026-01-27T12:54:43.8827369Z [command]/usr/bin/git submodule foreach --recursive sh -c "git config --local --name-only --get-regexp 'http\.https\:\/\/github\.com\/\.extraheader' && git config --local --unset-all 'http.https://github.com/.extraheader' || :"
2026-01-27T12:54:43.9074956Z [command]/usr/bin/git config --local --name-only --get-regexp ^includeIf\.gitdir:
2026-01-27T12:54:43.9088058Z [command]/usr/bin/git submodule foreach --recursive git config --local --show-origin --name-only --get-regexp remote.origin.url
2026-01-27T12:54:43.9415490Z Cleaning up orphan processes
