2026-01-27T12:53:37.5790877Z Current runner version: '2.331.0'
2026-01-27T12:53:37.5813157Z ##[group]Runner Image Provisioner
2026-01-27T12:53:37.5813951Z Hosted Compute Agent
2026-01-27T12:53:37.5814510Z Version: 20260115.477
2026-01-27T12:53:37.5815056Z Commit: 4b342d620503cbe250a3154040964899ea7c9b00
2026-01-27T12:53:37.5815837Z Build Date: 2026-01-15T22:32:41Z
2026-01-27T12:53:37.5816456Z Worker ID: {1d5bb7f2-728a-44fb-a79e-27d3fad3635f}
2026-01-27T12:53:37.5817621Z Azure Region: westus
2026-01-27T12:53:37.5818216Z ##[endgroup]
2026-01-27T12:53:37.5819662Z ##[group]Operating System
2026-01-27T12:53:37.5820262Z Ubuntu
2026-01-27T12:53:37.5820791Z 24.04.3
2026-01-27T12:53:37.5821252Z LTS
2026-01-27T12:53:37.5821746Z ##[endgroup]
2026-01-27T12:53:37.5822288Z ##[group]Runner Image
2026-01-27T12:53:37.5822794Z Image: ubuntu-24.04
2026-01-27T12:53:37.5823296Z Version: 20260119.4.1
2026-01-27T12:53:37.5824454Z Included Software: https://github.com/actions/runner-images/blob/ubuntu24/20260119.4/images/ubuntu/Ubuntu2404-Readme.md
2026-01-27T12:53:37.5826001Z Image Release: https://github.com/actions/runner-images/releases/tag/ubuntu24%2F20260119.4
2026-01-27T12:53:37.5827382Z ##[endgroup]
2026-01-27T12:53:37.5828477Z ##[group]GITHUB_TOKEN Permissions
2026-01-27T12:53:37.5830304Z Contents: read
2026-01-27T12:53:37.5830881Z Metadata: read
2026-01-27T12:53:37.5831379Z Packages: read
2026-01-27T12:53:37.5831906Z ##[endgroup]
2026-01-27T12:53:37.5833921Z Secret source: Actions
2026-01-27T12:53:37.5834612Z Prepare workflow directory
2026-01-27T12:53:37.6263396Z Prepare all required actions
2026-01-27T12:53:37.6315405Z Getting action download info
2026-01-27T12:53:38.0670575Z Download action repository 'actions/checkout@v4' (SHA:34e114876b0b11c390a56381ad16ebd13914f8d5)
2026-01-27T12:53:38.1532244Z Download action repository 'actions/setup-python@v4' (SHA:7f4fc3e22c37d6ff65e88745f38bd3157c663f7c)
2026-01-27T12:53:38.2333899Z Download action repository 'actions/cache@v3' (SHA:6f8efc29b200d32929f49075959781ed54ec270c)
2026-01-27T12:53:38.5180384Z Complete job name: backend-test (3.11)
2026-01-27T12:53:38.5796174Z ##[group]Run actions/checkout@v4
2026-01-27T12:53:38.5797383Z with:
2026-01-27T12:53:38.5797813Z   repository: sst2020/ai-teaching-assistant
2026-01-27T12:53:38.5798504Z   token: ***
2026-01-27T12:53:38.5798879Z   ssh-strict: true
2026-01-27T12:53:38.5799261Z   ssh-user: git
2026-01-27T12:53:38.5799657Z   persist-credentials: true
2026-01-27T12:53:38.5800079Z   clean: true
2026-01-27T12:53:38.5800475Z   sparse-checkout-cone-mode: true
2026-01-27T12:53:38.5800934Z   fetch-depth: 1
2026-01-27T12:53:38.5801312Z   fetch-tags: false
2026-01-27T12:53:38.5801702Z   show-progress: true
2026-01-27T12:53:38.5802095Z   lfs: false
2026-01-27T12:53:38.5802456Z   submodules: false
2026-01-27T12:53:38.5802855Z   set-safe-directory: true
2026-01-27T12:53:38.5803508Z ##[endgroup]
2026-01-27T12:53:38.6887146Z Syncing repository: sst2020/ai-teaching-assistant
2026-01-27T12:53:38.6889883Z ##[group]Getting Git version info
2026-01-27T12:53:38.6891380Z Working directory is '/home/runner/work/ai-teaching-assistant/ai-teaching-assistant'
2026-01-27T12:53:38.6893348Z [command]/usr/bin/git version
2026-01-27T12:53:38.6930657Z git version 2.52.0
2026-01-27T12:53:38.6957563Z ##[endgroup]
2026-01-27T12:53:38.6973495Z Temporarily overriding HOME='/home/runner/work/_temp/fd59a711-d482-433a-bff4-e1fb07060bff' before making global git config changes
2026-01-27T12:53:38.6975857Z Adding repository directory to the temporary git global config as a safe directory
2026-01-27T12:53:38.6988322Z [command]/usr/bin/git config --global --add safe.directory /home/runner/work/ai-teaching-assistant/ai-teaching-assistant
2026-01-27T12:53:38.7029918Z Deleting the contents of '/home/runner/work/ai-teaching-assistant/ai-teaching-assistant'
2026-01-27T12:53:38.7033691Z ##[group]Initializing the repository
2026-01-27T12:53:38.7038946Z [command]/usr/bin/git init /home/runner/work/ai-teaching-assistant/ai-teaching-assistant
2026-01-27T12:53:38.7135914Z hint: Using 'master' as the name for the initial branch. This default branch name
2026-01-27T12:53:38.7137949Z hint: will change to "main" in Git 3.0. To configure the initial branch name
2026-01-27T12:53:38.7139514Z hint: to use in all of your new repositories, which will suppress this warning,
2026-01-27T12:53:38.7140669Z hint: call:
2026-01-27T12:53:38.7141242Z hint:
2026-01-27T12:53:38.7141979Z hint: 	git config --global init.defaultBranch <name>
2026-01-27T12:53:38.7142657Z hint:
2026-01-27T12:53:38.7143221Z hint: Names commonly chosen instead of 'master' are 'main', 'trunk' and
2026-01-27T12:53:38.7144124Z hint: 'development'. The just-created branch can be renamed via this command:
2026-01-27T12:53:38.7144842Z hint:
2026-01-27T12:53:38.7145203Z hint: 	git branch -m <name>
2026-01-27T12:53:38.7145636Z hint:
2026-01-27T12:53:38.7146204Z hint: Disable this message with "git config set advice.defaultBranchName false"
2026-01-27T12:53:38.7147627Z Initialized empty Git repository in /home/runner/work/ai-teaching-assistant/ai-teaching-assistant/.git/
2026-01-27T12:53:38.7157398Z [command]/usr/bin/git remote add origin https://github.com/sst2020/ai-teaching-assistant
2026-01-27T12:53:38.7193618Z ##[endgroup]
2026-01-27T12:53:38.7194323Z ##[group]Disabling automatic garbage collection
2026-01-27T12:53:38.7199596Z [command]/usr/bin/git config --local gc.auto 0
2026-01-27T12:53:38.7231713Z ##[endgroup]
2026-01-27T12:53:38.7232367Z ##[group]Setting up auth
2026-01-27T12:53:38.7241572Z [command]/usr/bin/git config --local --name-only --get-regexp core\.sshCommand
2026-01-27T12:53:38.7277213Z [command]/usr/bin/git submodule foreach --recursive sh -c "git config --local --name-only --get-regexp 'core\.sshCommand' && git config --local --unset-all 'core.sshCommand' || :"
2026-01-27T12:53:38.7612277Z [command]/usr/bin/git config --local --name-only --get-regexp http\.https\:\/\/github\.com\/\.extraheader
2026-01-27T12:53:38.7642371Z [command]/usr/bin/git submodule foreach --recursive sh -c "git config --local --name-only --get-regexp 'http\.https\:\/\/github\.com\/\.extraheader' && git config --local --unset-all 'http.https://github.com/.extraheader' || :"
2026-01-27T12:53:38.7858483Z [command]/usr/bin/git config --local --name-only --get-regexp ^includeIf\.gitdir:
2026-01-27T12:53:38.7889520Z [command]/usr/bin/git submodule foreach --recursive git config --local --show-origin --name-only --get-regexp remote.origin.url
2026-01-27T12:53:38.8118625Z [command]/usr/bin/git config --local http.https://github.com/.extraheader AUTHORIZATION: basic ***
2026-01-27T12:53:38.8151973Z ##[endgroup]
2026-01-27T12:53:38.8153440Z ##[group]Fetching the repository
2026-01-27T12:53:38.8162451Z [command]/usr/bin/git -c protocol.version=2 fetch --no-tags --prune --no-recurse-submodules --depth=1 origin +8f5f8d0aac3382b38e467d96d53391450fd61e66:refs/remotes/origin/main
2026-01-27T12:53:39.7512747Z From https://github.com/sst2020/ai-teaching-assistant
2026-01-27T12:53:39.7514147Z  * [new ref]         8f5f8d0aac3382b38e467d96d53391450fd61e66 -> origin/main
2026-01-27T12:53:39.7548877Z ##[endgroup]
2026-01-27T12:53:39.7558313Z ##[group]Determining the checkout info
2026-01-27T12:53:39.7559655Z ##[endgroup]
2026-01-27T12:53:39.7560407Z [command]/usr/bin/git sparse-checkout disable
2026-01-27T12:53:39.7612634Z [command]/usr/bin/git config --local --unset-all extensions.worktreeConfig
2026-01-27T12:53:39.7641942Z ##[group]Checking out the ref
2026-01-27T12:53:39.7647591Z [command]/usr/bin/git checkout --progress --force -B main refs/remotes/origin/main
2026-01-27T12:53:39.7983792Z Switched to a new branch 'main'
2026-01-27T12:53:39.7988590Z branch 'main' set up to track 'origin/main'.
2026-01-27T12:53:39.7994693Z ##[endgroup]
2026-01-27T12:53:39.8035326Z [command]/usr/bin/git log -1 --format=%H
2026-01-27T12:53:39.8058775Z 8f5f8d0aac3382b38e467d96d53391450fd61e66
2026-01-27T12:53:39.8355637Z ##[group]Run actions/setup-python@v4
2026-01-27T12:53:39.8356952Z with:
2026-01-27T12:53:39.8357772Z   python-version: 3.11
2026-01-27T12:53:39.8358738Z   check-latest: false
2026-01-27T12:53:39.8359940Z   token: ***
2026-01-27T12:53:39.8361027Z   update-environment: true
2026-01-27T12:53:39.8362047Z   allow-prereleases: false
2026-01-27T12:53:39.8363015Z ##[endgroup]
2026-01-27T12:53:40.0061664Z ##[group]Installed versions
2026-01-27T12:53:40.0166894Z Successfully set up CPython (3.11.14)
2026-01-27T12:53:40.0168587Z ##[endgroup]
2026-01-27T12:53:40.1307743Z ##[group]Run actions/cache@v3
2026-01-27T12:53:40.1308217Z with:
2026-01-27T12:53:40.1308492Z   path: ~/.cache/pip
2026-01-27T12:53:40.1309047Z   key: Linux-pip-f4e97e6f7633a41b8f0d5f5f4959c7ff93e194c73bd0134573d2fdf632fe88b2
2026-01-27T12:53:40.1309729Z   restore-keys: Linux-pip-

2026-01-27T12:53:40.1310157Z   enableCrossOsArchive: false
2026-01-27T12:53:40.1310527Z   fail-on-cache-miss: false
2026-01-27T12:53:40.1310866Z   lookup-only: false
2026-01-27T12:53:40.1311163Z env:
2026-01-27T12:53:40.1311507Z   pythonLocation: /opt/hostedtoolcache/Python/3.11.14/x64
2026-01-27T12:53:40.1312113Z   PKG_CONFIG_PATH: /opt/hostedtoolcache/Python/3.11.14/x64/lib/pkgconfig
2026-01-27T12:53:40.1312714Z   Python_ROOT_DIR: /opt/hostedtoolcache/Python/3.11.14/x64
2026-01-27T12:53:40.1313225Z   Python2_ROOT_DIR: /opt/hostedtoolcache/Python/3.11.14/x64
2026-01-27T12:53:40.1313747Z   Python3_ROOT_DIR: /opt/hostedtoolcache/Python/3.11.14/x64
2026-01-27T12:53:40.1314307Z   LD_LIBRARY_PATH: /opt/hostedtoolcache/Python/3.11.14/x64/lib
2026-01-27T12:53:40.1314732Z ##[endgroup]
2026-01-27T12:53:40.5533237Z Cache not found for input keys: Linux-pip-f4e97e6f7633a41b8f0d5f5f4959c7ff93e194c73bd0134573d2fdf632fe88b2, Linux-pip-
2026-01-27T12:53:40.5688518Z ##[group]Run python -m pip install --upgrade pip
2026-01-27T12:53:40.5689046Z [36;1mpython -m pip install --upgrade pip[0m
2026-01-27T12:53:40.5689419Z [36;1mpip install -r requirements.txt[0m
2026-01-27T12:53:40.5689786Z [36;1mpip install pytest pytest-cov ruff mypy[0m
2026-01-27T12:53:40.5730106Z shell: /usr/bin/bash -e {0}
2026-01-27T12:53:40.5730418Z env:
2026-01-27T12:53:40.5730732Z   pythonLocation: /opt/hostedtoolcache/Python/3.11.14/x64
2026-01-27T12:53:40.5731260Z   PKG_CONFIG_PATH: /opt/hostedtoolcache/Python/3.11.14/x64/lib/pkgconfig
2026-01-27T12:53:40.5731770Z   Python_ROOT_DIR: /opt/hostedtoolcache/Python/3.11.14/x64
2026-01-27T12:53:40.5732220Z   Python2_ROOT_DIR: /opt/hostedtoolcache/Python/3.11.14/x64
2026-01-27T12:53:40.5732674Z   Python3_ROOT_DIR: /opt/hostedtoolcache/Python/3.11.14/x64
2026-01-27T12:53:40.5733136Z   LD_LIBRARY_PATH: /opt/hostedtoolcache/Python/3.11.14/x64/lib
2026-01-27T12:53:40.5733514Z ##[endgroup]
2026-01-27T12:53:41.2222791Z Requirement already satisfied: pip in /opt/hostedtoolcache/Python/3.11.14/x64/lib/python3.11/site-packages (25.3)
2026-01-27T12:53:41.9002814Z Collecting fastapi>=0.104.0 (from -r requirements.txt (line 6))
2026-01-27T12:53:41.9547420Z   Downloading fastapi-0.128.0-py3-none-any.whl.metadata (30 kB)
2026-01-27T12:53:42.0119078Z Collecting uvicorn>=0.24.0 (from uvicorn[standard]>=0.24.0->-r requirements.txt (line 7))
2026-01-27T12:53:42.0153334Z   Downloading uvicorn-0.40.0-py3-none-any.whl.metadata (6.7 kB)
2026-01-27T12:53:42.0308112Z Collecting python-multipart>=0.0.6 (from -r requirements.txt (line 8))
2026-01-27T12:53:42.0339307Z   Downloading python_multipart-0.0.22-py3-none-any.whl.metadata (1.8 kB)
2026-01-27T12:53:42.1521967Z Collecting pydantic>=2.5.0 (from pydantic[email]>=2.5.0->-r requirements.txt (line 11))
2026-01-27T12:53:42.1559916Z   Downloading pydantic-2.12.5-py3-none-any.whl.metadata (90 kB)
2026-01-27T12:53:42.1836395Z Collecting pydantic-settings>=2.1.0 (from -r requirements.txt (line 12))
2026-01-27T12:53:42.1869058Z   Downloading pydantic_settings-2.12.0-py3-none-any.whl.metadata (3.4 kB)
2026-01-27T12:53:42.2030454Z Collecting email-validator>=2.0.0 (from -r requirements.txt (line 13))
2026-01-27T12:53:42.2060295Z   Downloading email_validator-2.3.0-py3-none-any.whl.metadata (26 kB)
2026-01-27T12:53:42.2268922Z Collecting httpx>=0.25.0 (from -r requirements.txt (line 16))
2026-01-27T12:53:42.2300262Z   Downloading httpx-0.28.1-py3-none-any.whl.metadata (7.1 kB)
2026-01-27T12:53:42.7237371Z Collecting aiohttp>=3.9.0 (from -r requirements.txt (line 17))
2026-01-27T12:53:42.7272170Z   Downloading aiohttp-3.13.3-cp311-cp311-manylinux2014_x86_64.manylinux_2_17_x86_64.manylinux_2_28_x86_64.whl.metadata (8.1 kB)
2026-01-27T12:53:42.7406795Z Collecting aiofiles>=23.2.0 (from -r requirements.txt (line 20))
2026-01-27T12:53:42.7439881Z   Downloading aiofiles-25.1.0-py3-none-any.whl.metadata (6.3 kB)
2026-01-27T12:53:43.0286241Z Collecting sqlalchemy>=2.0.0 (from -r requirements.txt (line 23))
2026-01-27T12:53:43.0324446Z   Downloading sqlalchemy-2.0.46-cp311-cp311-manylinux2014_x86_64.manylinux_2_17_x86_64.manylinux_2_28_x86_64.whl.metadata (9.5 kB)
2026-01-27T12:53:43.0532401Z Collecting aiosqlite>=0.19.0 (from -r requirements.txt (line 24))
2026-01-27T12:53:43.0569196Z   Downloading aiosqlite-0.22.1-py3-none-any.whl.metadata (4.3 kB)
2026-01-27T12:53:43.1007574Z Collecting asyncpg>=0.29.0 (from -r requirements.txt (line 25))
2026-01-27T12:53:43.1085744Z   Downloading asyncpg-0.31.0-cp311-cp311-manylinux2014_x86_64.manylinux_2_17_x86_64.manylinux_2_28_x86_64.whl.metadata (4.4 kB)
2026-01-27T12:53:43.1701087Z Collecting psycopg2-binary>=2.9.0 (from -r requirements.txt (line 26))
2026-01-27T12:53:43.1734891Z   Downloading psycopg2_binary-2.9.11-cp311-cp311-manylinux2014_x86_64.manylinux_2_17_x86_64.whl.metadata (4.9 kB)
2026-01-27T12:53:43.1966391Z Collecting alembic>=1.13.0 (from -r requirements.txt (line 27))
2026-01-27T12:53:43.1996284Z   Downloading alembic-1.18.1-py3-none-any.whl.metadata (7.2 kB)
2026-01-27T12:53:43.2676143Z Collecting openai>=1.3.0 (from -r requirements.txt (line 30))
2026-01-27T12:53:43.2725740Z   Downloading openai-2.15.0-py3-none-any.whl.metadata (29 kB)
2026-01-27T12:53:43.3122821Z Collecting tiktoken>=0.5.0 (from -r requirements.txt (line 31))
2026-01-27T12:53:43.3180221Z   Downloading tiktoken-0.12.0-cp311-cp311-manylinux_2_28_x86_64.whl.metadata (6.7 kB)
2026-01-27T12:53:43.3344527Z Collecting python-docx>=1.0.0 (from -r requirements.txt (line 40))
2026-01-27T12:53:43.3377435Z   Downloading python_docx-1.2.0-py3-none-any.whl.metadata (2.0 kB)
2026-01-27T12:53:43.3547446Z Collecting PyPDF2>=3.0.0 (from -r requirements.txt (line 41))
2026-01-27T12:53:43.3577530Z   Downloading pypdf2-3.0.1-py3-none-any.whl.metadata (6.8 kB)
2026-01-27T12:53:43.3722138Z Collecting pycodestyle>=2.11.0 (from -r requirements.txt (line 44))
2026-01-27T12:53:43.3754353Z   Downloading pycodestyle-2.14.0-py2.py3-none-any.whl.metadata (4.5 kB)
2026-01-27T12:53:43.3929571Z Collecting radon>=6.0.0 (from -r requirements.txt (line 45))
2026-01-27T12:53:43.3962252Z   Downloading radon-6.0.1-py2.py3-none-any.whl.metadata (8.2 kB)
2026-01-27T12:53:43.4365320Z Collecting pylint>=3.0.0 (from -r requirements.txt (line 46))
2026-01-27T12:53:43.4396435Z   Downloading pylint-4.0.4-py3-none-any.whl.metadata (12 kB)
2026-01-27T12:53:43.4705122Z Collecting bandit>=1.7.0 (from -r requirements.txt (line 47))
2026-01-27T12:53:43.4737643Z   Downloading bandit-1.9.3-py3-none-any.whl.metadata (7.1 kB)
2026-01-27T12:53:43.5086199Z Collecting pytest>=7.4.0 (from -r requirements.txt (line 50))
2026-01-27T12:53:43.5126426Z   Downloading pytest-9.0.2-py3-none-any.whl.metadata (7.6 kB)
2026-01-27T12:53:43.5346451Z Collecting pytest-asyncio>=0.21.0 (from -r requirements.txt (line 51))
2026-01-27T12:53:43.5376736Z   Downloading pytest_asyncio-1.3.0-py3-none-any.whl.metadata (4.1 kB)
2026-01-27T12:53:43.5553169Z Collecting pytest-cov>=4.1.0 (from -r requirements.txt (line 52))
2026-01-27T12:53:43.5591030Z   Downloading pytest_cov-7.0.0-py3-none-any.whl.metadata (31 kB)
2026-01-27T12:53:43.5769119Z Collecting python-dotenv>=1.0.0 (from -r requirements.txt (line 56))
2026-01-27T12:53:43.5801577Z   Downloading python_dotenv-1.2.1-py3-none-any.whl.metadata (25 kB)
2026-01-27T12:53:43.6315898Z Collecting black>=23.0.0 (from -r requirements.txt (line 57))
2026-01-27T12:53:43.6348364Z   Downloading black-26.1.0-cp311-cp311-manylinux2014_x86_64.manylinux_2_17_x86_64.manylinux_2_28_x86_64.whl.metadata (88 kB)
2026-01-27T12:53:43.6692481Z Collecting isort>=5.12.0 (from -r requirements.txt (line 58))
2026-01-27T12:53:43.7282886Z   Downloading isort-7.0.0-py3-none-any.whl.metadata (11 kB)
2026-01-27T12:53:43.8597122Z Collecting mypy>=1.7.0 (from -r requirements.txt (line 59))
2026-01-27T12:53:43.8632471Z   Downloading mypy-1.19.1-cp311-cp311-manylinux2014_x86_64.manylinux_2_17_x86_64.manylinux_2_28_x86_64.whl.metadata (2.2 kB)
2026-01-27T12:53:44.2465545Z Collecting ruff>=0.1.0 (from -r requirements.txt (line 60))
2026-01-27T12:53:44.2503148Z   Downloading ruff-0.14.14-py3-none-manylinux_2_17_x86_64.manylinux2014_x86_64.whl.metadata (26 kB)
2026-01-27T12:53:44.2692948Z Collecting cachetools>=5.3.0 (from -r requirements.txt (line 63))
2026-01-27T12:53:44.2724939Z   Downloading cachetools-6.2.5-py3-none-any.whl.metadata (5.6 kB)
2026-01-27T12:53:44.2842899Z Collecting loguru>=0.7.0 (from -r requirements.txt (line 66))
2026-01-27T12:53:44.2874238Z   Downloading loguru-0.7.3-py3-none-any.whl.metadata (22 kB)
2026-01-27T12:53:44.3076186Z Collecting python-jose>=3.3.0 (from python-jose[cryptography]>=3.3.0->-r requirements.txt (line 69))
2026-01-27T12:53:44.3105872Z   Downloading python_jose-3.5.0-py2.py3-none-any.whl.metadata (5.5 kB)
2026-01-27T12:53:44.3378846Z Collecting passlib>=1.7.0 (from passlib[bcrypt]>=1.7.0->-r requirements.txt (line 70))
2026-01-27T12:53:44.3409459Z   Downloading passlib-1.7.4-py2.py3-none-any.whl.metadata (1.7 kB)
2026-01-27T12:53:44.3703683Z Collecting starlette<0.51.0,>=0.40.0 (from fastapi>=0.104.0->-r requirements.txt (line 6))
2026-01-27T12:53:44.3734975Z   Downloading starlette-0.50.0-py3-none-any.whl.metadata (6.3 kB)
2026-01-27T12:53:44.4024563Z Collecting typing-extensions>=4.8.0 (from fastapi>=0.104.0->-r requirements.txt (line 6))
2026-01-27T12:53:44.4054626Z   Downloading typing_extensions-4.15.0-py3-none-any.whl.metadata (3.3 kB)
2026-01-27T12:53:44.4147394Z Collecting annotated-doc>=0.0.2 (from fastapi>=0.104.0->-r requirements.txt (line 6))
2026-01-27T12:53:44.4178852Z   Downloading annotated_doc-0.0.4-py3-none-any.whl.metadata (6.6 kB)
2026-01-27T12:53:44.4391786Z Collecting anyio<5,>=3.6.2 (from starlette<0.51.0,>=0.40.0->fastapi>=0.104.0->-r requirements.txt (line 6))
2026-01-27T12:53:44.4425257Z   Downloading anyio-4.12.1-py3-none-any.whl.metadata (4.3 kB)
2026-01-27T12:53:44.4618728Z Collecting idna>=2.8 (from anyio<5,>=3.6.2->starlette<0.51.0,>=0.40.0->fastapi>=0.104.0->-r requirements.txt (line 6))
2026-01-27T12:53:44.4649535Z   Downloading idna-3.11-py3-none-any.whl.metadata (8.4 kB)
2026-01-27T12:53:44.4875490Z Collecting click>=7.0 (from uvicorn>=0.24.0->uvicorn[standard]>=0.24.0->-r requirements.txt (line 7))
2026-01-27T12:53:44.4906064Z   Downloading click-8.3.1-py3-none-any.whl.metadata (2.6 kB)
2026-01-27T12:53:44.5016906Z Collecting h11>=0.8 (from uvicorn>=0.24.0->uvicorn[standard]>=0.24.0->-r requirements.txt (line 7))
2026-01-27T12:53:44.5047067Z   Downloading h11-0.16.0-py3-none-any.whl.metadata (8.3 kB)
2026-01-27T12:53:44.5164771Z Collecting annotated-types>=0.6.0 (from pydantic>=2.5.0->pydantic[email]>=2.5.0->-r requirements.txt (line 11))
2026-01-27T12:53:44.5193098Z   Downloading annotated_types-0.7.0-py3-none-any.whl.metadata (15 kB)
2026-01-27T12:53:45.1944269Z Collecting pydantic-core==2.41.5 (from pydantic>=2.5.0->pydantic[email]>=2.5.0->-r requirements.txt (line 11))
2026-01-27T12:53:45.1977300Z   Downloading pydantic_core-2.41.5-cp311-cp311-manylinux_2_17_x86_64.manylinux2014_x86_64.whl.metadata (7.3 kB)
2026-01-27T12:53:45.2118724Z Collecting typing-inspection>=0.4.2 (from pydantic>=2.5.0->pydantic[email]>=2.5.0->-r requirements.txt (line 11))
2026-01-27T12:53:45.2148322Z   Downloading typing_inspection-0.4.2-py3-none-any.whl.metadata (2.6 kB)
2026-01-27T12:53:45.2355943Z Collecting dnspython>=2.0.0 (from email-validator>=2.0.0->-r requirements.txt (line 13))
2026-01-27T12:53:45.2390045Z   Downloading dnspython-2.8.0-py3-none-any.whl.metadata (5.7 kB)
2026-01-27T12:53:45.2639554Z Collecting certifi (from httpx>=0.25.0->-r requirements.txt (line 16))
2026-01-27T12:53:45.2670896Z   Downloading certifi-2026.1.4-py3-none-any.whl.metadata (2.5 kB)
2026-01-27T12:53:45.2853546Z Collecting httpcore==1.* (from httpx>=0.25.0->-r requirements.txt (line 16))
2026-01-27T12:53:45.2883759Z   Downloading httpcore-1.0.9-py3-none-any.whl.metadata (21 kB)
2026-01-27T12:53:45.3097968Z Collecting aiohappyeyeballs>=2.5.0 (from aiohttp>=3.9.0->-r requirements.txt (line 17))
2026-01-27T12:53:45.3129416Z   Downloading aiohappyeyeballs-2.6.1-py3-none-any.whl.metadata (5.9 kB)
2026-01-27T12:53:45.3230096Z Collecting aiosignal>=1.4.0 (from aiohttp>=3.9.0->-r requirements.txt (line 17))
2026-01-27T12:53:45.3261089Z   Downloading aiosignal-1.4.0-py3-none-any.whl.metadata (3.7 kB)
2026-01-27T12:53:45.3410862Z Collecting attrs>=17.3.0 (from aiohttp>=3.9.0->-r requirements.txt (line 17))
2026-01-27T12:53:45.3522248Z   Downloading attrs-25.4.0-py3-none-any.whl.metadata (10 kB)
2026-01-27T12:53:45.4201214Z Collecting frozenlist>=1.1.1 (from aiohttp>=3.9.0->-r requirements.txt (line 17))
2026-01-27T12:53:45.4255020Z   Downloading frozenlist-1.8.0-cp311-cp311-manylinux1_x86_64.manylinux_2_28_x86_64.manylinux_2_5_x86_64.whl.metadata (20 kB)
2026-01-27T12:53:45.6516072Z Collecting multidict<7.0,>=4.5 (from aiohttp>=3.9.0->-r requirements.txt (line 17))
2026-01-27T12:53:45.6551484Z   Downloading multidict-6.7.1-cp311-cp311-manylinux2014_x86_64.manylinux_2_17_x86_64.manylinux_2_28_x86_64.whl.metadata (5.3 kB)
2026-01-27T12:53:45.7901001Z Collecting propcache>=0.2.0 (from aiohttp>=3.9.0->-r requirements.txt (line 17))
2026-01-27T12:53:45.7982641Z   Downloading propcache-0.4.1-cp311-cp311-manylinux2014_x86_64.manylinux_2_17_x86_64.manylinux_2_28_x86_64.whl.metadata (13 kB)
2026-01-27T12:53:46.0423055Z Collecting yarl<2.0,>=1.17.0 (from aiohttp>=3.9.0->-r requirements.txt (line 17))
2026-01-27T12:53:46.0460633Z   Downloading yarl-1.22.0-cp311-cp311-manylinux2014_x86_64.manylinux_2_17_x86_64.manylinux_2_28_x86_64.whl.metadata (75 kB)
2026-01-27T12:53:46.1876746Z Collecting greenlet>=1 (from sqlalchemy>=2.0.0->-r requirements.txt (line 23))
2026-01-27T12:53:46.1911005Z   Downloading greenlet-3.3.1-cp311-cp311-manylinux_2_24_x86_64.manylinux_2_28_x86_64.whl.metadata (3.7 kB)
2026-01-27T12:53:46.2312357Z Collecting Mako (from alembic>=1.13.0->-r requirements.txt (line 27))
2026-01-27T12:53:46.2341988Z   Downloading mako-1.3.10-py3-none-any.whl.metadata (2.9 kB)
2026-01-27T12:53:46.2565598Z Collecting distro<2,>=1.7.0 (from openai>=1.3.0->-r requirements.txt (line 30))
2026-01-27T12:53:46.2594167Z   Downloading distro-1.9.0-py3-none-any.whl.metadata (6.8 kB)
2026-01-27T12:53:46.3333532Z Collecting jiter<1,>=0.10.0 (from openai>=1.3.0->-r requirements.txt (line 30))
2026-01-27T12:53:46.3367411Z   Downloading jiter-0.12.0-cp311-cp311-manylinux_2_17_x86_64.manylinux2014_x86_64.whl.metadata (5.2 kB)
2026-01-27T12:53:46.3629576Z Collecting sniffio (from openai>=1.3.0->-r requirements.txt (line 30))
2026-01-27T12:53:46.3659197Z   Downloading sniffio-1.3.1-py3-none-any.whl.metadata (3.9 kB)
2026-01-27T12:53:46.4011067Z Collecting tqdm>4 (from openai>=1.3.0->-r requirements.txt (line 30))
2026-01-27T12:53:46.4042519Z   Downloading tqdm-4.67.1-py3-none-any.whl.metadata (57 kB)
2026-01-27T12:53:46.8498697Z Collecting regex>=2022.1.18 (from tiktoken>=0.5.0->-r requirements.txt (line 31))
2026-01-27T12:53:46.8538685Z   Downloading regex-2026.1.15-cp311-cp311-manylinux2014_x86_64.manylinux_2_17_x86_64.manylinux_2_28_x86_64.whl.metadata (40 kB)
2026-01-27T12:53:46.8827276Z Collecting requests>=2.26.0 (from tiktoken>=0.5.0->-r requirements.txt (line 31))
2026-01-27T12:53:46.8856841Z   Downloading requests-2.32.5-py3-none-any.whl.metadata (4.9 kB)
2026-01-27T12:53:47.0617454Z Collecting lxml>=3.1.0 (from python-docx>=1.0.0->-r requirements.txt (line 40))
2026-01-27T12:53:47.0650132Z   Downloading lxml-6.0.2-cp311-cp311-manylinux_2_26_x86_64.manylinux_2_28_x86_64.whl.metadata (3.6 kB)
2026-01-27T12:53:47.0855297Z Collecting mando<0.8,>=0.6 (from radon>=6.0.0->-r requirements.txt (line 45))
2026-01-27T12:53:47.0886357Z   Downloading mando-0.7.1-py2.py3-none-any.whl.metadata (7.4 kB)
2026-01-27T12:53:47.1045836Z Collecting colorama>=0.4.1 (from radon>=6.0.0->-r requirements.txt (line 45))
2026-01-27T12:53:47.1078041Z   Downloading colorama-0.4.6-py2.py3-none-any.whl.metadata (17 kB)
2026-01-27T12:53:47.1214842Z Collecting six (from mando<0.8,>=0.6->radon>=6.0.0->-r requirements.txt (line 45))
2026-01-27T12:53:47.1245924Z   Downloading six-1.17.0-py2.py3-none-any.whl.metadata (1.7 kB)
2026-01-27T12:53:47.1673609Z Collecting astroid<=4.1.dev0,>=4.0.2 (from pylint>=3.0.0->-r requirements.txt (line 46))
2026-01-27T12:53:47.1713534Z   Downloading astroid-4.0.3-py3-none-any.whl.metadata (4.4 kB)
2026-01-27T12:53:47.1871419Z Collecting dill>=0.3.6 (from pylint>=3.0.0->-r requirements.txt (line 46))
2026-01-27T12:53:47.1902183Z   Downloading dill-0.4.1-py3-none-any.whl.metadata (10 kB)
2026-01-27T12:53:47.2085741Z Collecting mccabe<0.8,>=0.6 (from pylint>=3.0.0->-r requirements.txt (line 46))
2026-01-27T12:53:47.2115927Z   Downloading mccabe-0.7.0-py2.py3-none-any.whl.metadata (5.0 kB)
2026-01-27T12:53:47.2301902Z Collecting platformdirs>=2.2 (from pylint>=3.0.0->-r requirements.txt (line 46))
2026-01-27T12:53:47.2330499Z   Downloading platformdirs-4.5.1-py3-none-any.whl.metadata (12 kB)
2026-01-27T12:53:47.2515906Z Collecting tomlkit>=0.10.1 (from pylint>=3.0.0->-r requirements.txt (line 46))
2026-01-27T12:53:47.2551291Z   Downloading tomlkit-0.14.0-py3-none-any.whl.metadata (2.8 kB)
2026-01-27T12:53:47.2950017Z Collecting PyYAML>=5.3.1 (from bandit>=1.7.0->-r requirements.txt (line 47))
2026-01-27T12:53:47.2980565Z   Downloading pyyaml-6.0.3-cp311-cp311-manylinux2014_x86_64.manylinux_2_17_x86_64.manylinux_2_28_x86_64.whl.metadata (2.4 kB)
2026-01-27T12:53:47.3203999Z Collecting stevedore>=1.20.0 (from bandit>=1.7.0->-r requirements.txt (line 47))
2026-01-27T12:53:47.3233204Z   Downloading stevedore-5.6.0-py3-none-any.whl.metadata (2.3 kB)
2026-01-27T12:53:47.3627566Z Collecting rich (from bandit>=1.7.0->-r requirements.txt (line 47))
2026-01-27T12:53:47.3686009Z   Downloading rich-14.3.1-py3-none-any.whl.metadata (18 kB)
2026-01-27T12:53:47.3812501Z Collecting iniconfig>=1.0.1 (from pytest>=7.4.0->-r requirements.txt (line 50))
2026-01-27T12:53:47.3844067Z   Downloading iniconfig-2.3.0-py3-none-any.whl.metadata (2.5 kB)
2026-01-27T12:53:47.4000671Z Collecting packaging>=22 (from pytest>=7.4.0->-r requirements.txt (line 50))
2026-01-27T12:53:47.4029962Z   Downloading packaging-26.0-py3-none-any.whl.metadata (3.3 kB)
2026-01-27T12:53:47.4161320Z Collecting pluggy<2,>=1.5 (from pytest>=7.4.0->-r requirements.txt (line 50))
2026-01-27T12:53:47.4195067Z   Downloading pluggy-1.6.0-py3-none-any.whl.metadata (4.8 kB)
2026-01-27T12:53:47.4389194Z Collecting pygments>=2.7.2 (from pytest>=7.4.0->-r requirements.txt (line 50))
2026-01-27T12:53:47.4419297Z   Downloading pygments-2.19.2-py3-none-any.whl.metadata (2.5 kB)
2026-01-27T12:53:47.7964709Z Collecting coverage>=7.10.6 (from coverage[toml]>=7.10.6->pytest-cov>=4.1.0->-r requirements.txt (line 52))
2026-01-27T12:53:47.8001911Z   Downloading coverage-7.13.2-cp311-cp311-manylinux1_x86_64.manylinux_2_28_x86_64.manylinux_2_5_x86_64.whl.metadata (8.5 kB)
2026-01-27T12:53:47.9419648Z Collecting mypy-extensions>=0.4.3 (from black>=23.0.0->-r requirements.txt (line 57))
2026-01-27T12:53:47.9450981Z   Downloading mypy_extensions-1.1.0-py3-none-any.whl.metadata (1.1 kB)
2026-01-27T12:53:47.9579772Z Collecting pathspec>=1.0.0 (from black>=23.0.0->-r requirements.txt (line 57))
2026-01-27T12:53:47.9611271Z   Downloading pathspec-1.0.4-py3-none-any.whl.metadata (13 kB)
2026-01-27T12:53:47.9817641Z Collecting pytokens>=0.3.0 (from black>=23.0.0->-r requirements.txt (line 57))
2026-01-27T12:53:47.9848897Z   Downloading pytokens-0.4.0-cp311-cp311-manylinux2014_x86_64.manylinux_2_17_x86_64.manylinux_2_28_x86_64.whl.metadata (3.8 kB)
2026-01-27T12:53:48.0769643Z Collecting librt>=0.6.2 (from mypy>=1.7.0->-r requirements.txt (line 59))
2026-01-27T12:53:48.0803855Z   Downloading librt-0.7.8-cp311-cp311-manylinux2014_x86_64.manylinux_2_17_x86_64.manylinux_2_28_x86_64.whl.metadata (1.3 kB)
2026-01-27T12:53:48.1010947Z Collecting ecdsa!=0.15 (from python-jose>=3.3.0->python-jose[cryptography]>=3.3.0->-r requirements.txt (line 69))
2026-01-27T12:53:48.1039957Z   Downloading ecdsa-0.19.1-py2.py3-none-any.whl.metadata (29 kB)
2026-01-27T12:53:48.1235453Z Collecting rsa!=4.1.1,!=4.4,<5.0,>=4.0 (from python-jose>=3.3.0->python-jose[cryptography]>=3.3.0->-r requirements.txt (line 69))
2026-01-27T12:53:48.1268149Z   Downloading rsa-4.9.1-py3-none-any.whl.metadata (5.6 kB)
2026-01-27T12:53:48.1465015Z Collecting pyasn1>=0.5.0 (from python-jose>=3.3.0->python-jose[cryptography]>=3.3.0->-r requirements.txt (line 69))
2026-01-27T12:53:48.1514194Z   Downloading pyasn1-0.6.2-py3-none-any.whl.metadata (8.4 kB)
2026-01-27T12:53:48.2447584Z Collecting bcrypt>=3.1.0 (from passlib[bcrypt]>=1.7.0->-r requirements.txt (line 70))
2026-01-27T12:53:48.2477324Z   Downloading bcrypt-5.0.0-cp39-abi3-manylinux_2_34_x86_64.whl.metadata (10 kB)
2026-01-27T12:53:48.4409409Z Collecting cryptography>=3.4.0 (from python-jose[cryptography]>=3.3.0->-r requirements.txt (line 69))
2026-01-27T12:53:48.4445356Z   Downloading cryptography-46.0.3-cp311-abi3-manylinux_2_34_x86_64.whl.metadata (5.7 kB)
2026-01-27T12:53:48.5523740Z Collecting cffi>=2.0.0 (from cryptography>=3.4.0->python-jose[cryptography]>=3.3.0->-r requirements.txt (line 69))
2026-01-27T12:53:48.5560300Z   Downloading cffi-2.0.0-cp311-cp311-manylinux2014_x86_64.manylinux_2_17_x86_64.whl.metadata (2.6 kB)
2026-01-27T12:53:48.5699712Z Collecting pycparser (from cffi>=2.0.0->cryptography>=3.4.0->python-jose[cryptography]>=3.3.0->-r requirements.txt (line 69))
2026-01-27T12:53:48.5730372Z   Downloading pycparser-3.0-py3-none-any.whl.metadata (8.2 kB)
2026-01-27T12:53:48.6672618Z Collecting charset_normalizer<4,>=2 (from requests>=2.26.0->tiktoken>=0.5.0->-r requirements.txt (line 31))
2026-01-27T12:53:48.6708949Z   Downloading charset_normalizer-3.4.4-cp311-cp311-manylinux2014_x86_64.manylinux_2_17_x86_64.manylinux_2_28_x86_64.whl.metadata (37 kB)
2026-01-27T12:53:48.7045212Z Collecting urllib3<3,>=1.21.1 (from requests>=2.26.0->tiktoken>=0.5.0->-r requirements.txt (line 31))
2026-01-27T12:53:48.7080437Z   Downloading urllib3-2.6.3-py3-none-any.whl.metadata (6.9 kB)
2026-01-27T12:53:48.7703667Z Collecting httptools>=0.6.3 (from uvicorn[standard]>=0.24.0->-r requirements.txt (line 7))
2026-01-27T12:53:48.7735421Z   Downloading httptools-0.7.1-cp311-cp311-manylinux1_x86_64.manylinux_2_28_x86_64.manylinux_2_5_x86_64.whl.metadata (3.5 kB)
2026-01-27T12:53:48.8171917Z Collecting uvloop>=0.15.1 (from uvicorn[standard]>=0.24.0->-r requirements.txt (line 7))
2026-01-27T12:53:48.8204679Z   Downloading uvloop-0.22.1-cp311-cp311-manylinux2014_x86_64.manylinux_2_17_x86_64.manylinux_2_28_x86_64.whl.metadata (4.9 kB)
2026-01-27T12:53:48.8939132Z Collecting watchfiles>=0.13 (from uvicorn[standard]>=0.24.0->-r requirements.txt (line 7))
2026-01-27T12:53:48.8974505Z   Downloading watchfiles-1.1.1-cp311-cp311-manylinux_2_17_x86_64.manylinux2014_x86_64.whl.metadata (4.9 kB)
2026-01-27T12:53:48.9847816Z Collecting websockets>=10.4 (from uvicorn[standard]>=0.24.0->-r requirements.txt (line 7))
2026-01-27T12:53:48.9880135Z   Downloading websockets-16.0-cp311-cp311-manylinux1_x86_64.manylinux_2_28_x86_64.manylinux_2_5_x86_64.whl.metadata (6.8 kB)
2026-01-27T12:53:49.0609507Z Collecting MarkupSafe>=0.9.2 (from Mako->alembic>=1.13.0->-r requirements.txt (line 27))
2026-01-27T12:53:49.0646888Z   Downloading markupsafe-3.0.3-cp311-cp311-manylinux2014_x86_64.manylinux_2_17_x86_64.manylinux_2_28_x86_64.whl.metadata (2.7 kB)
2026-01-27T12:53:49.0882161Z Collecting markdown-it-py>=2.2.0 (from rich->bandit>=1.7.0->-r requirements.txt (line 47))
2026-01-27T12:53:49.0912763Z   Downloading markdown_it_py-4.0.0-py3-none-any.whl.metadata (7.3 kB)
2026-01-27T12:53:49.1126145Z Collecting mdurl~=0.1 (from markdown-it-py>=2.2.0->rich->bandit>=1.7.0->-r requirements.txt (line 47))
2026-01-27T12:53:49.1156085Z   Downloading mdurl-0.1.2-py3-none-any.whl.metadata (1.6 kB)
2026-01-27T12:53:49.1291868Z Downloading fastapi-0.128.0-py3-none-any.whl (103 kB)
2026-01-27T12:53:49.1348447Z Downloading starlette-0.50.0-py3-none-any.whl (74 kB)
2026-01-27T12:53:49.1401928Z Downloading anyio-4.12.1-py3-none-any.whl (113 kB)
2026-01-27T12:53:49.1455511Z Downloading uvicorn-0.40.0-py3-none-any.whl (68 kB)
2026-01-27T12:53:49.1506816Z Downloading python_multipart-0.0.22-py3-none-any.whl (24 kB)
2026-01-27T12:53:49.1570399Z Downloading pydantic-2.12.5-py3-none-any.whl (463 kB)
2026-01-27T12:53:49.1649424Z Downloading pydantic_core-2.41.5-cp311-cp311-manylinux_2_17_x86_64.manylinux2014_x86_64.whl (2.1 MB)
2026-01-27T12:53:49.1807904Z    ━━━━━━━━━━━━━━━━━━━━━━━━━━━━━━━━━━━━━━━━ 2.1/2.1 MB 145.4 MB/s  0:00:00
2026-01-27T12:53:49.1841574Z Downloading pydantic_settings-2.12.0-py3-none-any.whl (51 kB)
2026-01-27T12:53:49.1896530Z Downloading email_validator-2.3.0-py3-none-any.whl (35 kB)
2026-01-27T12:53:49.1945940Z Downloading httpx-0.28.1-py3-none-any.whl (73 kB)
2026-01-27T12:53:49.2000637Z Downloading httpcore-1.0.9-py3-none-any.whl (78 kB)
2026-01-27T12:53:49.2055235Z Downloading aiohttp-3.13.3-cp311-cp311-manylinux2014_x86_64.manylinux_2_17_x86_64.manylinux_2_28_x86_64.whl (1.7 MB)
2026-01-27T12:53:49.2178884Z    ━━━━━━━━━━━━━━━━━━━━━━━━━━━━━━━━━━━━━━━━ 1.7/1.7 MB 152.3 MB/s  0:00:00
2026-01-27T12:53:49.2210361Z Downloading multidict-6.7.1-cp311-cp311-manylinux2014_x86_64.manylinux_2_17_x86_64.manylinux_2_28_x86_64.whl (246 kB)
2026-01-27T12:53:49.2272538Z Downloading yarl-1.22.0-cp311-cp311-manylinux2014_x86_64.manylinux_2_17_x86_64.manylinux_2_28_x86_64.whl (365 kB)
2026-01-27T12:53:49.2335444Z Downloading aiofiles-25.1.0-py3-none-any.whl (14 kB)
2026-01-27T12:53:49.2382307Z Downloading sqlalchemy-2.0.46-cp311-cp311-manylinux2014_x86_64.manylinux_2_17_x86_64.manylinux_2_28_x86_64.whl (3.3 MB)
2026-01-27T12:53:49.2580294Z    ━━━━━━━━━━━━━━━━━━━━━━━━━━━━━━━━━━━━━━━━ 3.3/3.3 MB 178.6 MB/s  0:00:00
2026-01-27T12:53:49.2611653Z Downloading aiosqlite-0.22.1-py3-none-any.whl (17 kB)
2026-01-27T12:53:49.2661325Z Downloading asyncpg-0.31.0-cp311-cp311-manylinux2014_x86_64.manylinux_2_17_x86_64.manylinux_2_28_x86_64.whl (3.0 MB)
2026-01-27T12:53:49.2873551Z    ━━━━━━━━━━━━━━━━━━━━━━━━━━━━━━━━━━━━━━━━ 3.0/3.0 MB 169.7 MB/s  0:00:00
2026-01-27T12:53:49.2906085Z Downloading psycopg2_binary-2.9.11-cp311-cp311-manylinux2014_x86_64.manylinux_2_17_x86_64.whl (4.2 MB)
2026-01-27T12:53:49.3152102Z    ━━━━━━━━━━━━━━━━━━━━━━━━━━━━━━━━━━━━━━━━ 4.2/4.2 MB 180.3 MB/s  0:00:00
2026-01-27T12:53:49.3183024Z Downloading alembic-1.18.1-py3-none-any.whl (260 kB)
2026-01-27T12:53:49.3241073Z Downloading openai-2.15.0-py3-none-any.whl (1.1 MB)
2026-01-27T12:53:49.3327988Z    ━━━━━━━━━━━━━━━━━━━━━━━━━━━━━━━━━━━━━━━━ 1.1/1.1 MB 128.6 MB/s  0:00:00
2026-01-27T12:53:49.3358794Z Downloading distro-1.9.0-py3-none-any.whl (20 kB)
2026-01-27T12:53:49.3408519Z Downloading jiter-0.12.0-cp311-cp311-manylinux_2_17_x86_64.manylinux2014_x86_64.whl (364 kB)
2026-01-27T12:53:49.3475237Z Downloading typing_extensions-4.15.0-py3-none-any.whl (44 kB)
2026-01-27T12:53:49.3525615Z Downloading tiktoken-0.12.0-cp311-cp311-manylinux_2_28_x86_64.whl (1.2 MB)
2026-01-27T12:53:49.3637896Z    ━━━━━━━━━━━━━━━━━━━━━━━━━━━━━━━━━━━━━━━━ 1.2/1.2 MB 126.5 MB/s  0:00:00
2026-01-27T12:53:49.3678281Z Downloading python_docx-1.2.0-py3-none-any.whl (252 kB)
2026-01-27T12:53:49.3749598Z Downloading pypdf2-3.0.1-py3-none-any.whl (232 kB)
2026-01-27T12:53:49.3822137Z Downloading pycodestyle-2.14.0-py2.py3-none-any.whl (31 kB)
2026-01-27T12:53:49.3868690Z Downloading radon-6.0.1-py2.py3-none-any.whl (52 kB)
2026-01-27T12:53:49.3918481Z Downloading mando-0.7.1-py2.py3-none-any.whl (28 kB)
2026-01-27T12:53:49.3972406Z Downloading pylint-4.0.4-py3-none-any.whl (536 kB)
2026-01-27T12:53:49.4040338Z    ━━━━━━━━━━━━━━━━━━━━━━━━━━━━━━━━━━━━━━━━ 536.4/536.4 kB 81.4 MB/s  0:00:00
2026-01-27T12:53:49.4069709Z Downloading isort-7.0.0-py3-none-any.whl (94 kB)
2026-01-27T12:53:49.4124180Z Downloading astroid-4.0.3-py3-none-any.whl (276 kB)
2026-01-27T12:53:49.4201360Z Downloading mccabe-0.7.0-py2.py3-none-any.whl (7.3 kB)
2026-01-27T12:53:49.4252322Z Downloading bandit-1.9.3-py3-none-any.whl (134 kB)
2026-01-27T12:53:49.4312009Z Downloading pytest-9.0.2-py3-none-any.whl (374 kB)
2026-01-27T12:53:49.4382896Z Downloading pluggy-1.6.0-py3-none-any.whl (20 kB)
2026-01-27T12:53:49.4432451Z Downloading pytest_asyncio-1.3.0-py3-none-any.whl (15 kB)
2026-01-27T12:53:49.4481043Z Downloading pytest_cov-7.0.0-py3-none-any.whl (22 kB)
2026-01-27T12:53:49.4531541Z Downloading python_dotenv-1.2.1-py3-none-any.whl (21 kB)
2026-01-27T12:53:49.4615636Z Downloading black-26.1.0-cp311-cp311-manylinux2014_x86_64.manylinux_2_17_x86_64.manylinux_2_28_x86_64.whl (1.7 MB)
2026-01-27T12:53:49.4740289Z    ━━━━━━━━━━━━━━━━━━━━━━━━━━━━━━━━━━━━━━━━ 1.7/1.7 MB 143.8 MB/s  0:00:00
2026-01-27T12:53:49.4772073Z Downloading mypy-1.19.1-cp311-cp311-manylinux2014_x86_64.manylinux_2_17_x86_64.manylinux_2_28_x86_64.whl (13.4 MB)
2026-01-27T12:53:49.5530423Z    ━━━━━━━━━━━━━━━━━━━━━━━━━━━━━━━━━━━━━━━━ 13.4/13.4 MB 184.5 MB/s  0:00:00
2026-01-27T12:53:49.5569305Z Downloading ruff-0.14.14-py3-none-manylinux_2_17_x86_64.manylinux2014_x86_64.whl (11.2 MB)
2026-01-27T12:53:49.6184787Z    ━━━━━━━━━━━━━━━━━━━━━━━━━━━━━━━━━━━━━━━━ 11.2/11.2 MB 185.2 MB/s  0:00:00
2026-01-27T12:53:49.6215180Z Downloading cachetools-6.2.5-py3-none-any.whl (11 kB)
2026-01-27T12:53:49.6272681Z Downloading loguru-0.7.3-py3-none-any.whl (61 kB)
2026-01-27T12:53:49.6323901Z Downloading python_jose-3.5.0-py2.py3-none-any.whl (34 kB)
2026-01-27T12:53:49.6384594Z Downloading rsa-4.9.1-py3-none-any.whl (34 kB)
2026-01-27T12:53:49.6440276Z Downloading passlib-1.7.4-py2.py3-none-any.whl (525 kB)
2026-01-27T12:53:49.6499047Z    ━━━━━━━━━━━━━━━━━━━━━━━━━━━━━━━━━━━━━━━━ 525.6/525.6 kB 74.7 MB/s  0:00:00
2026-01-27T12:53:49.6530689Z Downloading aiohappyeyeballs-2.6.1-py3-none-any.whl (15 kB)
2026-01-27T12:53:49.6580411Z Downloading aiosignal-1.4.0-py3-none-any.whl (7.5 kB)
2026-01-27T12:53:49.6629829Z Downloading annotated_doc-0.0.4-py3-none-any.whl (5.3 kB)
2026-01-27T12:53:49.6680849Z Downloading annotated_types-0.7.0-py3-none-any.whl (13 kB)
2026-01-27T12:53:49.6733555Z Downloading attrs-25.4.0-py3-none-any.whl (67 kB)
2026-01-27T12:53:49.6785459Z Downloading click-8.3.1-py3-none-any.whl (108 kB)
2026-01-27T12:53:49.6842386Z Downloading colorama-0.4.6-py2.py3-none-any.whl (25 kB)
2026-01-27T12:53:49.6902419Z Downloading coverage-7.13.2-cp311-cp311-manylinux1_x86_64.manylinux_2_28_x86_64.manylinux_2_5_x86_64.whl (251 kB)
2026-01-27T12:53:49.6970761Z Downloading dill-0.4.1-py3-none-any.whl (120 kB)
2026-01-27T12:53:49.7026788Z Downloading dnspython-2.8.0-py3-none-any.whl (331 kB)
2026-01-27T12:53:49.7100545Z Downloading ecdsa-0.19.1-py2.py3-none-any.whl (150 kB)
2026-01-27T12:53:49.7193529Z Downloading frozenlist-1.8.0-cp311-cp311-manylinux1_x86_64.manylinux_2_28_x86_64.manylinux_2_5_x86_64.whl (231 kB)
2026-01-27T12:53:49.7262796Z Downloading greenlet-3.3.1-cp311-cp311-manylinux_2_24_x86_64.manylinux_2_28_x86_64.whl (590 kB)
2026-01-27T12:53:49.7329351Z    ━━━━━━━━━━━━━━━━━━━━━━━━━━━━━━━━━━━━━━━━ 590.3/590.3 kB 88.5 MB/s  0:00:00
2026-01-27T12:53:49.7359548Z Downloading h11-0.16.0-py3-none-any.whl (37 kB)
2026-01-27T12:53:49.7410140Z Downloading idna-3.11-py3-none-any.whl (71 kB)
2026-01-27T12:53:49.7462835Z Downloading iniconfig-2.3.0-py3-none-any.whl (7.5 kB)
2026-01-27T12:53:49.7514962Z Downloading librt-0.7.8-cp311-cp311-manylinux2014_x86_64.manylinux_2_17_x86_64.manylinux_2_28_x86_64.whl (188 kB)
2026-01-27T12:53:49.7585344Z Downloading lxml-6.0.2-cp311-cp311-manylinux_2_26_x86_64.manylinux_2_28_x86_64.whl (5.2 MB)
2026-01-27T12:53:49.7897654Z    ━━━━━━━━━━━━━━━━━━━━━━━━━━━━━━━━━━━━━━━━ 5.2/5.2 MB 173.9 MB/s  0:00:00
2026-01-27T12:53:49.7930413Z Downloading mypy_extensions-1.1.0-py3-none-any.whl (5.0 kB)
2026-01-27T12:53:49.7982029Z Downloading packaging-26.0-py3-none-any.whl (74 kB)
2026-01-27T12:53:49.8034420Z Downloading bcrypt-5.0.0-cp39-abi3-manylinux_2_34_x86_64.whl (278 kB)
2026-01-27T12:53:49.8096099Z Downloading pathspec-1.0.4-py3-none-any.whl (55 kB)
2026-01-27T12:53:49.8148925Z Downloading platformdirs-4.5.1-py3-none-any.whl (18 kB)
2026-01-27T12:53:49.8199191Z Downloading propcache-0.4.1-cp311-cp311-manylinux2014_x86_64.manylinux_2_17_x86_64.manylinux_2_28_x86_64.whl (210 kB)
2026-01-27T12:53:49.8256837Z Downloading pyasn1-0.6.2-py3-none-any.whl (83 kB)
2026-01-27T12:53:49.8322717Z Downloading pygments-2.19.2-py3-none-any.whl (1.2 MB)
2026-01-27T12:53:49.8415316Z    ━━━━━━━━━━━━━━━━━━━━━━━━━━━━━━━━━━━━━━━━ 1.2/1.2 MB 146.8 MB/s  0:00:00
2026-01-27T12:53:49.8445512Z Downloading cryptography-46.0.3-cp311-abi3-manylinux_2_34_x86_64.whl (4.5 MB)
2026-01-27T12:53:49.8699679Z    ━━━━━━━━━━━━━━━━━━━━━━━━━━━━━━━━━━━━━━━━ 4.5/4.5 MB 183.0 MB/s  0:00:00
2026-01-27T12:53:49.8732010Z Downloading cffi-2.0.0-cp311-cp311-manylinux2014_x86_64.manylinux_2_17_x86_64.whl (215 kB)
2026-01-27T12:53:49.8794044Z Downloading pytokens-0.4.0-cp311-cp311-manylinux2014_x86_64.manylinux_2_17_x86_64.manylinux_2_28_x86_64.whl (259 kB)
2026-01-27T12:53:49.8864406Z Downloading pyyaml-6.0.3-cp311-cp311-manylinux2014_x86_64.manylinux_2_17_x86_64.manylinux_2_28_x86_64.whl (806 kB)
2026-01-27T12:53:49.8935427Z    ━━━━━━━━━━━━━━━━━━━━━━━━━━━━━━━━━━━━━━━━ 806.6/806.6 kB 116.3 MB/s  0:00:00
2026-01-27T12:53:49.8965179Z Downloading regex-2026.1.15-cp311-cp311-manylinux2014_x86_64.manylinux_2_17_x86_64.manylinux_2_28_x86_64.whl (800 kB)
2026-01-27T12:53:49.9055123Z    ━━━━━━━━━━━━━━━━━━━━━━━━━━━━━━━━━━━━━━━━ 800.5/800.5 kB 102.7 MB/s  0:00:00
2026-01-27T12:53:49.9087921Z Downloading requests-2.32.5-py3-none-any.whl (64 kB)
2026-01-27T12:53:49.9138184Z Downloading charset_normalizer-3.4.4-cp311-cp311-manylinux2014_x86_64.manylinux_2_17_x86_64.manylinux_2_28_x86_64.whl (151 kB)
2026-01-27T12:53:49.9190357Z Downloading urllib3-2.6.3-py3-none-any.whl (131 kB)
2026-01-27T12:53:49.9243881Z Downloading certifi-2026.1.4-py3-none-any.whl (152 kB)
2026-01-27T12:53:49.9300722Z Downloading six-1.17.0-py2.py3-none-any.whl (11 kB)
2026-01-27T12:53:49.9352081Z Downloading stevedore-5.6.0-py3-none-any.whl (54 kB)
2026-01-27T12:53:49.9408218Z Downloading tomlkit-0.14.0-py3-none-any.whl (39 kB)
2026-01-27T12:53:49.9458300Z Downloading tqdm-4.67.1-py3-none-any.whl (78 kB)
2026-01-27T12:53:49.9514063Z Downloading typing_inspection-0.4.2-py3-none-any.whl (14 kB)
2026-01-27T12:53:49.9565384Z Downloading httptools-0.7.1-cp311-cp311-manylinux1_x86_64.manylinux_2_28_x86_64.manylinux_2_5_x86_64.whl (456 kB)
2026-01-27T12:53:49.9641455Z Downloading uvloop-0.22.1-cp311-cp311-manylinux2014_x86_64.manylinux_2_17_x86_64.manylinux_2_28_x86_64.whl (3.8 MB)
2026-01-27T12:53:49.9881171Z    ━━━━━━━━━━━━━━━━━━━━━━━━━━━━━━━━━━━━━━━━ 3.8/3.8 MB 166.7 MB/s  0:00:00
2026-01-27T12:53:49.9912216Z Downloading watchfiles-1.1.1-cp311-cp311-manylinux_2_17_x86_64.manylinux2014_x86_64.whl (456 kB)
2026-01-27T12:53:49.9997814Z Downloading websockets-16.0-cp311-cp311-manylinux1_x86_64.manylinux_2_28_x86_64.manylinux_2_5_x86_64.whl (184 kB)
2026-01-27T12:53:50.0055718Z Downloading mako-1.3.10-py3-none-any.whl (78 kB)
2026-01-27T12:53:50.0107280Z Downloading markupsafe-3.0.3-cp311-cp311-manylinux2014_x86_64.manylinux_2_17_x86_64.manylinux_2_28_x86_64.whl (22 kB)
2026-01-27T12:53:50.0160999Z Downloading pycparser-3.0-py3-none-any.whl (48 kB)
2026-01-27T12:53:50.0213864Z Downloading rich-14.3.1-py3-none-any.whl (309 kB)
2026-01-27T12:53:50.0278677Z Downloading markdown_it_py-4.0.0-py3-none-any.whl (87 kB)
2026-01-27T12:53:50.0328697Z Downloading mdurl-0.1.2-py3-none-any.whl (10.0 kB)
2026-01-27T12:53:50.0388615Z Downloading sniffio-1.3.1-py3-none-any.whl (10 kB)
2026-01-27T12:53:50.3223916Z Installing collected packages: passlib, websockets, uvloop, urllib3, typing-extensions, tqdm, tomlkit, stevedore, sniffio, six, ruff, regex, PyYAML, pytokens, python-multipart, python-dotenv, PyPDF2, pygments, pycparser, pycodestyle, pyasn1, psycopg2-binary, propcache, pluggy, platformdirs, pathspec, packaging, mypy-extensions, multidict, mdurl, mccabe, MarkupSafe, lxml, loguru, librt, jiter, isort, iniconfig, idna, httptools, h11, greenlet, frozenlist, dnspython, distro, dill, coverage, colorama, click, charset_normalizer, certifi, cachetools, bcrypt, attrs, asyncpg, astroid, annotated-types, annotated-doc, aiosqlite, aiohappyeyeballs, aiofiles, yarl, uvicorn, typing-inspection, sqlalchemy, rsa, requests, python-docx, pytest, pylint, pydantic-core, mypy, markdown-it-py, mando, Mako, httpcore, email-validator, ecdsa, cffi, black, anyio, aiosignal, watchfiles, tiktoken, starlette, rich, radon, python-jose, pytest-cov, pytest-asyncio, pydantic, httpx, cryptography, alembic, aiohttp, pydantic-settings, openai, fastapi, bandit
2026-01-27T12:53:59.0800961Z 
2026-01-27T12:53:59.0853027Z Successfully installed Mako-1.3.10 MarkupSafe-3.0.3 PyPDF2-3.0.1 PyYAML-6.0.3 aiofiles-25.1.0 aiohappyeyeballs-2.6.1 aiohttp-3.13.3 aiosignal-1.4.0 aiosqlite-0.22.1 alembic-1.18.1 annotated-doc-0.0.4 annotated-types-0.7.0 anyio-4.12.1 astroid-4.0.3 asyncpg-0.31.0 attrs-25.4.0 bandit-1.9.3 bcrypt-5.0.0 black-26.1.0 cachetools-6.2.5 certifi-2026.1.4 cffi-2.0.0 charset_normalizer-3.4.4 click-8.3.1 colorama-0.4.6 coverage-7.13.2 cryptography-46.0.3 dill-0.4.1 distro-1.9.0 dnspython-2.8.0 ecdsa-0.19.1 email-validator-2.3.0 fastapi-0.128.0 frozenlist-1.8.0 greenlet-3.3.1 h11-0.16.0 httpcore-1.0.9 httptools-0.7.1 httpx-0.28.1 idna-3.11 iniconfig-2.3.0 isort-7.0.0 jiter-0.12.0 librt-0.7.8 loguru-0.7.3 lxml-6.0.2 mando-0.7.1 markdown-it-py-4.0.0 mccabe-0.7.0 mdurl-0.1.2 multidict-6.7.1 mypy-1.19.1 mypy-extensions-1.1.0 openai-2.15.0 packaging-26.0 passlib-1.7.4 pathspec-1.0.4 platformdirs-4.5.1 pluggy-1.6.0 propcache-0.4.1 psycopg2-binary-2.9.11 pyasn1-0.6.2 pycodestyle-2.14.0 pycparser-3.0 pydantic-2.12.5 pydantic-core-2.41.5 pydantic-settings-2.12.0 pygments-2.19.2 pylint-4.0.4 pytest-9.0.2 pytest-asyncio-1.3.0 pytest-cov-7.0.0 python-docx-1.2.0 python-dotenv-1.2.1 python-jose-3.5.0 python-multipart-0.0.22 pytokens-0.4.0 radon-6.0.1 regex-2026.1.15 requests-2.32.5 rich-14.3.1 rsa-4.9.1 ruff-0.14.14 six-1.17.0 sniffio-1.3.1 sqlalchemy-2.0.46 starlette-0.50.0 stevedore-5.6.0 tiktoken-0.12.0 tomlkit-0.14.0 tqdm-4.67.1 typing-extensions-4.15.0 typing-inspection-0.4.2 urllib3-2.6.3 uvicorn-0.40.0 uvloop-0.22.1 watchfiles-1.1.1 websockets-16.0 yarl-1.22.0
2026-01-27T12:54:00.3515767Z Requirement already satisfied: pytest in /opt/hostedtoolcache/Python/3.11.14/x64/lib/python3.11/site-packages (9.0.2)
2026-01-27T12:54:00.3519615Z Requirement already satisfied: pytest-cov in /opt/hostedtoolcache/Python/3.11.14/x64/lib/python3.11/site-packages (7.0.0)
2026-01-27T12:54:00.3523136Z Requirement already satisfied: ruff in /opt/hostedtoolcache/Python/3.11.14/x64/lib/python3.11/site-packages (0.14.14)
2026-01-27T12:54:00.3526723Z Requirement already satisfied: mypy in /opt/hostedtoolcache/Python/3.11.14/x64/lib/python3.11/site-packages (1.19.1)
2026-01-27T12:54:00.3540742Z Requirement already satisfied: iniconfig>=1.0.1 in /opt/hostedtoolcache/Python/3.11.14/x64/lib/python3.11/site-packages (from pytest) (2.3.0)
2026-01-27T12:54:00.3545522Z Requirement already satisfied: packaging>=22 in /opt/hostedtoolcache/Python/3.11.14/x64/lib/python3.11/site-packages (from pytest) (26.0)
2026-01-27T12:54:00.3550804Z Requirement already satisfied: pluggy<2,>=1.5 in /opt/hostedtoolcache/Python/3.11.14/x64/lib/python3.11/site-packages (from pytest) (1.6.0)
2026-01-27T12:54:00.3555968Z Requirement already satisfied: pygments>=2.7.2 in /opt/hostedtoolcache/Python/3.11.14/x64/lib/python3.11/site-packages (from pytest) (2.19.2)
2026-01-27T12:54:00.3588302Z Requirement already satisfied: coverage>=7.10.6 in /opt/hostedtoolcache/Python/3.11.14/x64/lib/python3.11/site-packages (from coverage[toml]>=7.10.6->pytest-cov) (7.13.2)
2026-01-27T12:54:00.3614259Z Requirement already satisfied: typing_extensions>=4.6.0 in /opt/hostedtoolcache/Python/3.11.14/x64/lib/python3.11/site-packages (from mypy) (4.15.0)
2026-01-27T12:54:00.3618788Z Requirement already satisfied: mypy_extensions>=1.0.0 in /opt/hostedtoolcache/Python/3.11.14/x64/lib/python3.11/site-packages (from mypy) (1.1.0)
2026-01-27T12:54:00.3623145Z Requirement already satisfied: pathspec>=0.9.0 in /opt/hostedtoolcache/Python/3.11.14/x64/lib/python3.11/site-packages (from mypy) (1.0.4)
2026-01-27T12:54:00.3630753Z Requirement already satisfied: librt>=0.6.2 in /opt/hostedtoolcache/Python/3.11.14/x64/lib/python3.11/site-packages (from mypy) (0.7.8)
2026-01-27T12:54:00.5097857Z ##[group]Run pytest tests/ --cov=app --cov-report=xml --cov-report=html
2026-01-27T12:54:00.5098377Z [36;1mpytest tests/ --cov=app --cov-report=xml --cov-report=html[0m
2026-01-27T12:54:00.5131945Z shell: /usr/bin/bash -e {0}
2026-01-27T12:54:00.5132174Z env:
2026-01-27T12:54:00.5132420Z   pythonLocation: /opt/hostedtoolcache/Python/3.11.14/x64
2026-01-27T12:54:00.5132826Z   PKG_CONFIG_PATH: /opt/hostedtoolcache/Python/3.11.14/x64/lib/pkgconfig
2026-01-27T12:54:00.5133226Z   Python_ROOT_DIR: /opt/hostedtoolcache/Python/3.11.14/x64
2026-01-27T12:54:00.5133572Z   Python2_ROOT_DIR: /opt/hostedtoolcache/Python/3.11.14/x64
2026-01-27T12:54:00.5133927Z   Python3_ROOT_DIR: /opt/hostedtoolcache/Python/3.11.14/x64
2026-01-27T12:54:00.5134281Z   LD_LIBRARY_PATH: /opt/hostedtoolcache/Python/3.11.14/x64/lib
2026-01-27T12:54:00.5134587Z ##[endgroup]
2026-01-27T12:54:04.6632968Z ============================= test session starts ==============================
2026-01-27T12:54:04.6635146Z platform linux -- Python 3.11.14, pytest-9.0.2, pluggy-1.6.0 -- /opt/hostedtoolcache/Python/3.11.14/x64/bin/python
2026-01-27T12:54:04.6636120Z cachedir: .pytest_cache
2026-01-27T12:54:04.6637151Z rootdir: /home/runner/work/ai-teaching-assistant/ai-teaching-assistant/backend
2026-01-27T12:54:04.6637931Z configfile: pyproject.toml
2026-01-27T12:54:04.6638407Z plugins: cov-7.0.0, asyncio-1.3.0, anyio-4.12.1
2026-01-27T12:54:04.6639450Z asyncio: mode=Mode.AUTO, debug=False, asyncio_default_fixture_loop_scope=None, asyncio_default_test_loop_scope=function
2026-01-27T12:54:05.5857393Z collecting ... collected 244 items
2026-01-27T12:54:05.5857718Z 
2026-01-27T12:54:05.5915042Z tests/test_advanced_analysis.py::TestCodeQualityAnalyzer::test_simple_code_analysis PASSED [  0%]
2026-01-27T12:54:05.5965434Z tests/test_advanced_analysis.py::TestCodeQualityAnalyzer::test_complex_function_detection PASSED [  0%]
2026-01-27T12:54:05.6000572Z tests/test_advanced_analysis.py::TestCodeQualityAnalyzer::test_maintainability_index PASSED [  1%]
2026-01-27T12:54:05.6025555Z tests/test_advanced_analysis.py::TestCodeQualityAnalyzer::test_syntax_error_handling PASSED [  1%]
2026-01-27T12:54:05.6037680Z tests/test_advanced_analysis.py::TestComplexityGrading::test_complexity_grade_a PASSED [  2%]
2026-01-27T12:54:05.6049333Z tests/test_advanced_analysis.py::TestComplexityGrading::test_complexity_grade_b PASSED [  2%]
2026-01-27T12:54:05.6061274Z tests/test_advanced_analysis.py::TestComplexityGrading::test_complexity_grade_c PASSED [  2%]
2026-01-27T12:54:05.6072909Z tests/test_advanced_analysis.py::TestComplexityGrading::test_complexity_grade_f PASSED [  3%]
2026-01-27T12:54:05.6084430Z tests/test_advanced_analysis.py::TestComplexityGrading::test_maintainability_excellent PASSED [  3%]
2026-01-27T12:54:05.6095853Z tests/test_advanced_analysis.py::TestComplexityGrading::test_maintainability_poor PASSED [  4%]
2026-01-27T12:54:05.6111315Z tests/test_advanced_analysis.py::TestDuplicateDetector::test_detect_duplicates PASSED [  4%]
2026-01-27T12:54:05.6124258Z tests/test_advanced_analysis.py::TestDuplicateDetector::test_no_duplicates PASSED [  4%]
2026-01-27T12:54:06.1949510Z tests/test_advanced_analysis.py::TestLinterService::test_lint_clean_code PASSED [  5%]
2026-01-27T12:54:06.8252481Z tests/test_advanced_analysis.py::TestLinterService::test_lint_with_issues PASSED [  5%]
2026-01-27T12:54:06.8274248Z tests/test_advanced_analysis.py::TestLinterService::test_unsupported_language PASSED [  6%]
2026-01-27T12:54:07.0021173Z tests/test_advanced_analysis.py::TestSecurityAnalyzer::test_detect_hardcoded_password PASSED [  6%]
2026-01-27T12:54:07.1689952Z tests/test_advanced_analysis.py::TestSecurityAnalyzer::test_detect_eval_usage PASSED [  6%]
2026-01-27T12:54:07.3328563Z tests/test_advanced_analysis.py::TestSecurityAnalyzer::test_detect_shell_injection PASSED [  7%]
2026-01-27T12:54:07.4960426Z tests/test_advanced_analysis.py::TestSecurityAnalyzer::test_clean_code_security PASSED [  7%]
2026-01-27T12:54:07.5012115Z tests/test_advanced_analysis.py::TestPerformanceAnalyzer::test_detect_nested_loops PASSED [  8%]
2026-01-27T12:54:07.5035302Z tests/test_advanced_analysis.py::TestPerformanceAnalyzer::test_detect_range_len_pattern PASSED [  8%]
2026-01-27T12:54:07.5057912Z tests/test_advanced_analysis.py::TestPerformanceAnalyzer::test_detect_bare_except PASSED [  9%]
2026-01-27T12:54:07.5080302Z tests/test_advanced_analysis.py::TestPerformanceAnalyzer::test_detect_print_statements PASSED [  9%]
2026-01-27T12:54:07.5101930Z tests/test_advanced_analysis.py::TestPerformanceAnalyzer::test_clean_code_performance PASSED [  9%]
2026-01-27T12:54:08.0355736Z tests/test_advanced_analysis.py::TestAnalysisIntegration::test_all_analyzers_work_together PASSED [ 10%]
2026-01-27T12:54:08.3263135Z tests/test_analysis_api.py::TestAnalyzeEndpoint::test_analyze_python_code PASSED [ 10%]
2026-01-27T12:54:08.5355432Z tests/test_analysis_api.py::TestAnalyzeEndpoint::test_analyze_javascript_code PASSED [ 11%]
2026-01-27T12:54:08.7492722Z tests/test_analysis_api.py::TestAnalyzeEndpoint::test_analyze_with_rule_overrides PASSED [ 11%]
2026-01-27T12:54:08.9625636Z tests/test_analysis_api.py::TestAnalyzeEndpoint::test_analyze_empty_code PASSED [ 11%]
2026-01-27T12:54:09.1751840Z tests/test_analysis_api.py::TestAnalyzeEndpoint::test_analyze_invalid_language PASSED [ 12%]
2026-01-27T12:54:09.3870670Z tests/test_analysis_api.py::TestRulesEndpoint::test_get_all_rules PASSED [ 12%]
2026-01-27T12:54:09.7169322Z tests/test_analysis_api.py::TestRulesEndpoint::test_get_specific_rule PASSED [ 13%]
2026-01-27T12:54:09.9248234Z tests/test_analysis_api.py::TestRulesEndpoint::test_get_nonexistent_rule PASSED [ 13%]
2026-01-27T12:54:11.6520865Z tests/test_analysis_api.py::TestSummaryEndpoint::test_get_analysis_summary FAILED [ 13%]
2026-01-27T12:54:12.0409022Z tests/test_assignments.py::test_grade_assignment PASSED                  [ 14%]
2026-01-27T12:54:12.2624734Z tests/test_assignments.py::test_grade_assignment_missing_fields PASSED   [ 14%]
2026-01-27T12:54:12.5923476Z tests/test_assignments.py::test_analyze_code PASSED                      [ 15%]
2026-01-27T12:54:12.8211544Z tests/test_assignments.py::test_analyze_code_with_issues PASSED          [ 15%]
2026-01-27T12:54:13.0486298Z tests/test_assignments.py::test_plagiarism_check PASSED                  [ 15%]
2026-01-27T12:54:13.2772725Z tests/test_assignments.py::test_batch_grading PASSED                     [ 16%]
2026-01-27T12:54:13.2803355Z tests/test_code_analysis.py::TestLineMetrics::test_basic_line_count PASSED [ 16%]
2026-01-27T12:54:13.2829862Z tests/test_code_analysis.py::TestLineMetrics::test_comment_detection_python PASSED [ 17%]
2026-01-27T12:54:13.2856152Z tests/test_code_analysis.py::TestLineMetrics::test_docstring_detection PASSED [ 17%]
2026-01-27T12:54:13.2881424Z tests/test_code_analysis.py::TestComplexity::test_simple_function_complexity PASSED [ 18%]
2026-01-27T12:54:13.2914061Z tests/test_code_analysis.py::TestComplexity::test_complex_function_detection PASSED [ 18%]
2026-01-27T12:54:13.2943575Z tests/test_code_analysis.py::TestComplexity::test_cognitive_complexity PASSED [ 18%]
2026-01-27T12:54:13.2970841Z tests/test_code_analysis.py::TestNamingConventions::test_valid_python_names PASSED [ 19%]
2026-01-27T12:54:13.2995101Z tests/test_code_analysis.py::TestNamingConventions::test_invalid_function_name PASSED [ 19%]
2026-01-27T12:54:13.3018268Z tests/test_code_analysis.py::TestNamingConventions::test_invalid_class_name PASSED [ 20%]
2026-01-27T12:54:13.3042259Z tests/test_code_analysis.py::TestSecurityChecks::test_hardcoded_password_detection PASSED [ 20%]
2026-01-27T12:54:13.3067623Z tests/test_code_analysis.py::TestSecurityChecks::test_eval_usage_detection PASSED [ 20%]
2026-01-27T12:54:13.3093642Z tests/test_code_analysis.py::TestSecurityChecks::test_sql_injection_detection PASSED [ 21%]
2026-01-27T12:54:13.3119204Z tests/test_code_analysis.py::TestStyleChecks::test_long_line_detection PASSED [ 21%]
2026-01-27T12:54:13.3143752Z tests/test_code_analysis.py::TestStyleChecks::test_trailing_whitespace_detection PASSED [ 22%]
2026-01-27T12:54:13.3173348Z tests/test_code_analysis.py::TestStructureAnalysis::test_class_and_function_count PASSED [ 22%]
2026-01-27T12:54:13.3200057Z tests/test_code_analysis.py::TestStructureAnalysis::test_unused_import_detection PASSED [ 22%]
2026-01-27T12:54:13.3230173Z tests/test_code_analysis.py::TestScoring::test_perfect_code_score PASSED [ 23%]
2026-01-27T12:54:13.3265726Z tests/test_code_analysis.py::TestScoring::test_poor_code_score PASSED    [ 23%]
2026-01-27T12:54:13.3288198Z tests/test_code_analysis.py::TestMultiLanguage::test_javascript_analysis PASSED [ 24%]
2026-01-27T12:54:13.3315453Z tests/test_code_analysis.py::TestMultiLanguage::test_java_analysis PASSED [ 24%]
2026-01-27T12:54:13.3340894Z tests/test_code_analysis.py::TestRecommendations::test_recommendations_generated PASSED [ 25%]
2026-01-27T12:54:13.3364876Z tests/test_code_analysis.py::TestRecommendations::test_security_recommendation PASSED [ 25%]
2026-01-27T12:54:13.3378412Z tests/test_feedback_system.py::TestFeedbackGenerationService::test_service_initialization PASSED [ 25%]
2026-01-27T12:54:13.3390348Z tests/test_feedback_system.py::TestFeedbackGenerationService::test_singleton_instance PASSED [ 26%]
2026-01-27T12:54:13.3443551Z tests/test_feedback_system.py::TestFeedbackGenerationService::test_generate_feedback_basic PASSED [ 26%]
2026-01-27T12:54:13.3494608Z tests/test_feedback_system.py::TestFeedbackGenerationService::test_generate_feedback_encouraging_tone PASSED [ 27%]
2026-01-27T12:54:13.3545367Z tests/test_feedback_system.py::TestFeedbackGenerationService::test_generate_feedback_strict_tone PASSED [ 27%]
2026-01-27T12:54:13.3568157Z tests/test_feedback_system.py::TestFeedbackGenerationService::test_generate_feedback_with_assignment_context PASSED [ 27%]
2026-01-27T12:54:13.3587527Z tests/test_feedback_system.py::TestAIService::test_explain_code PASSED   [ 28%]
2026-01-27T12:54:13.3609153Z tests/test_feedback_system.py::TestAIService::test_suggest_improvements PASSED [ 28%]
2026-01-27T12:54:13.3628404Z tests/test_feedback_system.py::TestAIService::test_answer_student_question PASSED [ 29%]
2026-01-27T12:54:13.3640226Z tests/test_feedback_system.py::TestAIService::test_get_interaction_stats PASSED [ 29%]
2026-01-27T12:54:13.3652301Z tests/test_feedback_system.py::TestFeedbackTemplates::test_template_category_enum PASSED [ 29%]
2026-01-27T12:54:13.3664077Z tests/test_feedback_system.py::TestFeedbackTemplates::test_feedback_tone_enum PASSED [ 30%]
2026-01-27T12:54:13.3675704Z tests/test_feedback_system.py::TestFeedbackTemplates::test_feedback_category_enum PASSED [ 30%]
2026-01-27T12:54:13.3755411Z tests/test_feedback_system.py::TestFeedbackAPIEndpoints::test_generate_feedback_endpoint PASSED [ 31%]
2026-01-27T12:54:13.3812707Z tests/test_feedback_system.py::TestFeedbackAPIEndpoints::test_explain_code_endpoint PASSED [ 31%]
2026-01-27T12:54:13.3867404Z tests/test_feedback_system.py::TestFeedbackAPIEndpoints::test_suggest_improvements_endpoint PASSED [ 31%]
2026-01-27T12:54:13.3925233Z tests/test_feedback_system.py::TestFeedbackAPIEndpoints::test_answer_question_endpoint PASSED [ 32%]
2026-01-27T12:54:13.3975017Z tests/test_feedback_system.py::TestFeedbackAPIEndpoints::test_ai_config_endpoint PASSED [ 32%]
2026-01-27T12:54:13.4025205Z tests/test_feedback_system.py::TestFeedbackAPIEndpoints::test_ai_health_endpoint PASSED [ 33%]
2026-01-27T12:54:13.4184729Z tests/test_feedback_system.py::TestFeedbackTemplatesAPI::test_list_templates_endpoint PASSED [ 33%]
2026-01-27T12:54:13.4234185Z tests/test_feedback_system.py::TestFeedbackTemplatesAPI::test_list_categories_endpoint PASSED [ 34%]
2026-01-27T12:54:13.4378379Z tests/test_feedback_system.py::TestFeedbackTemplatesAPI::test_create_template_endpoint PASSED [ 34%]
2026-01-27T12:54:13.4494063Z tests/test_file_api.py::TestFileUploadAPI::test_list_files_empty PASSED  [ 34%]
2026-01-27T12:54:13.4881656Z tests/test_file_api.py::TestFileUploadAPI::test_upload_python_file PASSED [ 35%]
2026-01-27T12:54:13.5111218Z tests/test_file_api.py::TestFileUploadAPI::test_upload_javascript_file PASSED [ 35%]
2026-01-27T12:54:13.5168823Z tests/test_file_api.py::TestFileUploadAPI::test_upload_invalid_file_type PASSED [ 36%]
2026-01-27T12:54:13.5410603Z tests/test_file_api.py::TestFileUploadAPI::test_get_file_metadata PASSED [ 36%]
2026-01-27T12:54:13.5664313Z tests/test_file_api.py::TestFileUploadAPI::test_get_file_content PASSED  [ 36%]
2026-01-27T12:54:13.5970097Z tests/test_file_api.py::TestFileUploadAPI::test_parse_file PASSED        [ 37%]
2026-01-27T12:54:13.5991204Z tests/test_file_upload.py::TestFileParsingService::test_detect_language_python PASSED [ 37%]
2026-01-27T12:54:13.6011348Z tests/test_file_upload.py::TestFileParsingService::test_detect_language_javascript PASSED [ 38%]
2026-01-27T12:54:13.6030801Z tests/test_file_upload.py::TestFileParsingService::test_detect_language_java PASSED [ 38%]
2026-01-27T12:54:13.6050299Z tests/test_file_upload.py::TestFileParsingService::test_detect_language_c_cpp PASSED [ 38%]
2026-01-27T12:54:13.6074408Z tests/test_file_upload.py::TestFileParsingService::test_parse_python_file PASSED [ 39%]
2026-01-27T12:54:13.6123490Z tests/test_file_upload.py::TestFileParsingService::test_parse_javascript_file PASSED [ 39%]
2026-01-27T12:54:13.6171886Z tests/test_file_upload.py::TestFileParsingService::test_parse_java_file PASSED [ 40%]
2026-01-27T12:54:13.6206478Z tests/test_file_upload.py::TestFileParsingService::test_parse_c_file PASSED [ 40%]
2026-01-27T12:54:13.6231081Z tests/test_file_upload.py::TestFileParsingService::test_basic_metrics PASSED [ 40%]
2026-01-27T12:54:13.8423033Z tests/test_health.py::test_root_endpoint PASSED                          [ 41%]
2026-01-27T12:54:14.2656737Z tests/test_health.py::test_health_endpoint PASSED                        [ 41%]
2026-01-27T12:54:14.4875460Z tests/test_health.py::test_docs_endpoint PASSED                          [ 42%]
2026-01-27T12:54:16.7144278Z tests/test_health.py::test_openapi_schema PASSED                         [ 42%]
2026-01-27T12:54:16.7156500Z tests/test_multi_dimensional_evaluation.py::TestEvaluationDimension::test_dimension_values PASSED [ 43%]
2026-01-27T12:54:16.7168714Z tests/test_multi_dimensional_evaluation.py::TestEvaluationDimension::test_dimension_count PASSED [ 43%]
2026-01-27T12:54:16.7180430Z tests/test_multi_dimensional_evaluation.py::TestDimensionMetadata::test_all_dimensions_have_metadata PASSED [ 43%]
2026-01-27T12:54:16.7191914Z tests/test_multi_dimensional_evaluation.py::TestDimensionMetadata::test_metadata_has_required_fields PASSED [ 44%]
2026-01-27T12:54:16.7203700Z tests/test_multi_dimensional_evaluation.py::TestDimensionMetadata::test_weights_sum_to_one PASSED [ 44%]
2026-01-27T12:54:16.7215684Z tests/test_multi_dimensional_evaluation.py::TestDimensionScore::test_create_dimension_score PASSED [ 45%]
2026-01-27T12:54:16.7229716Z tests/test_multi_dimensional_evaluation.py::TestDimensionScore::test_score_validation PASSED [ 45%]
2026-01-27T12:54:16.7241613Z tests/test_multi_dimensional_evaluation.py::TestRadarChartData::test_create_radar_chart_data PASSED [ 45%]
2026-01-27T12:54:16.7254647Z tests/test_multi_dimensional_evaluation.py::TestMultiDimensionalEvaluator::test_score_to_grade PASSED [ 46%]
2026-01-27T12:54:16.7285105Z tests/test_multi_dimensional_evaluation.py::TestMultiDimensionalEvaluator::test_calculate_technical_ability PASSED [ 46%]
2026-01-27T12:54:16.7311739Z tests/test_multi_dimensional_evaluation.py::TestMultiDimensionalEvaluator::test_calculate_code_quality PASSED [ 47%]
2026-01-27T12:54:16.7337128Z tests/test_multi_dimensional_evaluation.py::TestMultiDimensionalEvaluator::test_calculate_innovation PASSED [ 47%]
2026-01-27T12:54:16.7363327Z tests/test_multi_dimensional_evaluation.py::TestMultiDimensionalEvaluator::test_calculate_best_practices PASSED [ 47%]
2026-01-27T12:54:16.7388762Z tests/test_multi_dimensional_evaluation.py::TestMultiDimensionalEvaluator::test_calculate_efficiency PASSED [ 48%]
2026-01-27T12:54:16.7414903Z tests/test_multi_dimensional_evaluation.py::TestMultiDimensionalEvaluator::test_calculate_documentation PASSED [ 48%]
2026-01-27T12:54:16.7445966Z tests/test_multi_dimensional_evaluation.py::TestMultiDimensionalEvaluator::test_calculate_dimension_scores PASSED [ 49%]
2026-01-27T12:54:16.7476039Z tests/test_multi_dimensional_evaluation.py::TestMultiDimensionalEvaluator::test_generate_radar_chart_data PASSED [ 49%]
2026-01-27T12:54:16.7507576Z tests/test_multi_dimensional_evaluation.py::TestMultiDimensionalEvaluator::test_generate_overall_summary PASSED [ 50%]
2026-01-27T12:54:16.7538498Z tests/test_multi_dimensional_evaluation.py::TestMultiDimensionalEvaluator::test_identify_top_strengths PASSED [ 50%]
2026-01-27T12:54:16.7568556Z tests/test_multi_dimensional_evaluation.py::TestMultiDimensionalEvaluator::test_identify_priority_improvements PASSED [ 50%]
2026-01-27T12:54:16.7599409Z tests/test_multi_dimensional_evaluation.py::TestMultiDimensionalEvaluator::test_recommend_focus_areas PASSED [ 51%]
2026-01-27T12:54:16.7611552Z tests/test_multi_dimensional_evaluation.py::TestMultiDimensionalEvaluationRequest::test_create_request_with_defaults PASSED [ 51%]
2026-01-27T12:54:16.7623484Z tests/test_multi_dimensional_evaluation.py::TestMultiDimensionalEvaluationRequest::test_create_request_with_class_comparison PASSED [ 52%]
2026-01-27T12:54:16.7635125Z tests/test_multi_dimensional_evaluation.py::TestClassComparison::test_create_class_comparison PASSED [ 52%]
2026-01-27T12:54:16.7647907Z tests/test_multi_dimensional_evaluation.py::TestAbilityAnalysisReport::test_create_report PASSED [ 52%]
2026-01-27T12:54:16.7659610Z tests/test_personalized_feedback.py::TestFeedbackEnums::test_feedback_detail_level_values PASSED [ 53%]
2026-01-27T12:54:16.7671383Z tests/test_personalized_feedback.py::TestFeedbackEnums::test_suggestion_difficulty_values PASSED [ 53%]
2026-01-27T12:54:16.7682747Z tests/test_personalized_feedback.py::TestFeedbackEnums::test_student_level_values PASSED [ 54%]
2026-01-27T12:54:16.7694417Z tests/test_personalized_feedback.py::TestFeedbackEnums::test_performance_trend_values PASSED [ 54%]
2026-01-27T12:54:16.7705819Z tests/test_personalized_feedback.py::TestDetailLevelConfig::test_brief_config PASSED [ 54%]
2026-01-27T12:54:16.7717403Z tests/test_personalized_feedback.py::TestDetailLevelConfig::test_comprehensive_config PASSED [ 55%]
2026-01-27T12:54:16.7729080Z tests/test_personalized_feedback.py::TestLevelMessages::test_beginner_messages PASSED [ 55%]
2026-01-27T12:54:16.7740815Z tests/test_personalized_feedback.py::TestLevelMessages::test_advanced_messages PASSED [ 56%]
2026-01-27T12:54:16.7752374Z tests/test_personalized_feedback.py::TestTrendMessages::test_improving_trend PASSED [ 56%]
2026-01-27T12:54:16.7763840Z tests/test_personalized_feedback.py::TestTrendMessages::test_declining_trend PASSED [ 56%]
2026-01-27T12:54:16.7777328Z tests/test_personalized_feedback.py::TestFeedbackGenerationService::test_calculate_trend_improving PASSED [ 57%]
2026-01-27T12:54:16.7790268Z tests/test_personalized_feedback.py::TestFeedbackGenerationService::test_calculate_trend_declining PASSED [ 57%]
2026-01-27T12:54:16.7803018Z tests/test_personalized_feedback.py::TestFeedbackGenerationService::test_calculate_trend_stable PASSED [ 58%]
2026-01-27T12:54:16.7815683Z tests/test_personalized_feedback.py::TestFeedbackGenerationService::test_calculate_trend_insufficient_data PASSED [ 58%]
2026-01-27T12:54:16.7828728Z tests/test_personalized_feedback.py::TestFeedbackGenerationService::test_determine_level_beginner PASSED [ 59%]
2026-01-27T12:54:16.7841464Z tests/test_personalized_feedback.py::TestFeedbackGenerationService::test_determine_level_intermediate PASSED [ 59%]
2026-01-27T12:54:16.7854038Z tests/test_personalized_feedback.py::TestFeedbackGenerationService::test_determine_level_advanced PASSED [ 59%]
2026-01-27T12:54:16.7866998Z tests/test_personalized_feedback.py::TestFeedbackGenerationService::test_determine_level_new_student PASSED [ 60%]
2026-01-27T12:54:16.7879892Z tests/test_personalized_feedback.py::TestFeedbackGenerationService::test_calculate_improvement_rate_positive PASSED [ 60%]
2026-01-27T12:54:16.7892738Z tests/test_personalized_feedback.py::TestFeedbackGenerationService::test_calculate_improvement_rate_negative PASSED [ 61%]
2026-01-27T12:54:16.7905281Z tests/test_personalized_feedback.py::TestFeedbackGenerationService::test_translate_to_chinese PASSED [ 61%]
2026-01-27T12:54:16.7935217Z tests/test_personalized_feedback.py::TestProgressiveSuggestions::test_generate_progressive_suggestions PASSED [ 61%]
2026-01-27T12:54:16.7964525Z tests/test_personalized_feedback.py::TestProgressiveSuggestions::test_suggestions_have_difficulty_levels PASSED [ 62%]
2026-01-27T12:54:16.7993175Z tests/test_personalized_feedback.py::TestProgressiveSuggestions::test_suggestions_have_chinese_translations PASSED [ 62%]
2026-01-27T12:54:16.8008261Z tests/test_personalized_feedback.py::TestLearningPath::test_create_learning_path PASSED [ 63%]
2026-01-27T12:54:16.8022951Z tests/test_personalized_feedback.py::TestLearningPath::test_learning_path_sorts_by_difficulty PASSED [ 63%]
2026-01-27T12:54:16.8037607Z tests/test_personalized_feedback.py::TestLearningPath::test_learning_path_calculates_total_time PASSED [ 63%]
2026-01-27T12:54:16.8058261Z tests/test_personalized_feedback.py::TestPersonalizedMessage::test_first_submission_message PASSED [ 64%]
2026-01-27T12:54:16.8078481Z tests/test_personalized_feedback.py::TestPersonalizedMessage::test_above_average_message PASSED [ 64%]
2026-01-27T12:54:16.8098568Z tests/test_personalized_feedback.py::TestPersonalizedMessage::test_below_average_message PASSED [ 65%]
2026-01-27T12:54:16.8126786Z tests/test_personalized_feedback.py::TestEncouragement::test_encouragement_for_new_student_high_score PASSED [ 65%]
2026-01-27T12:54:16.8146960Z tests/test_personalized_feedback.py::TestEncouragement::test_encouragement_for_improving_student PASSED [ 65%]
2026-01-27T12:54:16.8166541Z tests/test_personalized_feedback.py::TestEncouragement::test_encouragement_for_declining_student PASSED [ 66%]
2026-01-27T12:54:16.8179076Z tests/test_personalized_feedback.py::TestStudentHistoryAnalysisSchema::test_create_history_analysis PASSED [ 66%]
2026-01-27T12:54:16.8191184Z tests/test_personalized_feedback.py::TestPersonalizedFeedbackRequest::test_create_request_with_defaults PASSED [ 67%]
2026-01-27T12:54:16.8203705Z tests/test_personalized_feedback.py::TestPersonalizedFeedbackRequest::test_create_request_with_custom_values PASSED [ 67%]
2026-01-27T12:54:17.0428808Z tests/test_qa.py::test_ask_question PASSED                               [ 68%]
2026-01-27T12:54:17.2631979Z tests/test_qa.py::test_ask_question_missing_fields PASSED                [ 68%]
2026-01-27T12:54:17.4866933Z tests/test_qa.py::test_escalate_question PASSED                          [ 68%]
2026-01-27T12:54:17.7724655Z tests/test_qa.py::test_qa_analytics PASSED                               [ 69%]
2026-01-27T12:54:18.1303487Z tests/test_report_analysis.py::TestReportAnalysisAPI::test_analyze_endpoint_basic PASSED [ 69%]
2026-01-27T12:54:18.3561754Z tests/test_report_analysis.py::TestReportAnalysisAPI::test_analyze_with_chinese_content PASSED [ 70%]
2026-01-27T12:54:18.5791087Z tests/test_report_analysis.py::TestReportAnalysisAPI::test_analyze_empty_content PASSED [ 70%]
2026-01-27T12:54:18.8063972Z tests/test_report_analysis.py::TestReportAnalysisAPI::test_analyze_file_upload_pdf_not_supported_yet PASSED [ 70%]
2026-01-27T12:54:19.0348751Z tests/test_report_analysis.py::TestReportAnalysisAPI::test_analyze_file_upload_txt PASSED [ 71%]
2026-01-27T12:54:19.0377013Z tests/test_report_analysis.py::TestReportAnalysisService::test_service_basic_analysis PASSED [ 71%]
2026-01-27T12:54:19.0410913Z tests/test_report_analysis.py::TestReportAnalysisService::test_section_detection PASSED [ 72%]
2026-01-27T12:54:19.0444719Z tests/test_report_analysis.py::TestReportAnalysisService::test_chinese_section_detection PASSED [ 72%]
2026-01-27T12:54:19.0459090Z tests/test_report_analysis.py::TestJSONParsers::test_parse_logic_analysis_valid_json PASSED [ 72%]
2026-01-27T12:54:19.0472479Z tests/test_report_analysis.py::TestJSONParsers::test_parse_logic_analysis_markdown_block PASSED [ 73%]
2026-01-27T12:54:19.0486266Z tests/test_report_analysis.py::TestJSONParsers::test_parse_logic_analysis_invalid_enum PASSED [ 73%]
2026-01-27T12:54:19.0501184Z tests/test_report_analysis.py::TestJSONParsers::test_parse_logic_analysis_invalid_json PASSED [ 74%]
2026-01-27T12:54:19.0525112Z tests/test_report_analysis.py::TestJSONParsers::test_parse_innovation_valid PASSED [ 74%]
2026-01-27T12:54:19.0528569Z tests/test_report_analysis.py::TestJSONParsers::test_parse_innovation_missing_required_fields PASSED [ 75%]
2026-01-27T12:54:19.0541994Z tests/test_report_analysis.py::TestJSONParsers::test_parse_suggestions_valid PASSED [ 75%]
2026-01-27T12:54:19.0555287Z tests/test_report_analysis.py::TestJSONParsers::test_parse_suggestions_invalid_category PASSED [ 75%]
2026-01-27T12:54:19.0568736Z tests/test_report_analysis.py::TestJSONParsers::test_parse_language_valid PASSED [ 76%]
2026-01-27T12:54:19.0582022Z tests/test_report_analysis.py::TestJSONParsers::test_parse_language_value_clamping PASSED [ 76%]
2026-01-27T12:54:19.0594423Z tests/test_report_analysis.py::TestDeepSeekIntegration::test_analyze_logic_with_real_ai SKIPPED [ 77%]
2026-01-27T12:54:19.0604553Z tests/test_report_analysis.py::TestDeepSeekIntegration::test_analyze_innovation_with_real_ai SKIPPED [ 77%]
2026-01-27T12:54:19.0614636Z tests/test_report_analysis.py::TestDeepSeekIntegration::test_generate_suggestions_with_real_ai SKIPPED [ 77%]
2026-01-27T12:54:19.0625541Z tests/test_report_analysis.py::TestDeepSeekIntegration::test_evaluate_language_with_real_ai SKIPPED [ 78%]
2026-01-27T12:54:19.3665347Z tests/test_rubrics.py::TestRubricCreate::test_create_success PASSED      [ 78%]
2026-01-27T12:54:19.7961912Z tests/test_rubrics.py::TestRubricCreate::test_create_with_criteria PASSED [ 79%]
2026-01-27T12:54:20.1893506Z tests/test_rubrics.py::TestRubricCreate::test_create_duplicate_rubric_id FAILED [ 79%]
2026-01-27T12:54:20.4700656Z tests/test_rubrics.py::TestRubricCreate::test_create_invalid_max_score PASSED [ 79%]
2026-01-27T12:54:20.7544164Z tests/test_rubrics.py::TestRubricCreate::test_create_missing_required_fields PASSED [ 80%]
2026-01-27T12:54:21.0484045Z tests/test_rubrics.py::TestRubricCreate::test_create_with_all_fields PASSED [ 80%]
2026-01-27T12:54:21.4500984Z tests/test_rubrics.py::TestRubricList::test_list_empty PASSED            [ 81%]
2026-01-27T12:54:22.4285851Z tests/test_rubrics.py::TestRubricList::test_list_with_data FAILED        [ 81%]
2026-01-27T12:54:23.4090942Z tests/test_rubrics.py::TestRubricList::test_list_pagination PASSED       [ 81%]
2026-01-27T12:54:24.5848943Z tests/test_rubrics.py::TestRubricList::test_list_pagination_last_page FAILED [ 82%]
2026-01-27T12:54:24.8766309Z tests/test_rubrics.py::TestRubricList::test_list_invalid_page PASSED     [ 82%]
2026-01-27T12:54:25.2383923Z tests/test_rubrics.py::TestRubricGet::test_get_success FAILED            [ 83%]
2026-01-27T12:54:25.5209881Z tests/test_rubrics.py::TestRubricGet::test_get_not_found PASSED          [ 83%]
2026-01-27T12:54:25.8808815Z tests/test_rubrics.py::TestRubricGet::test_get_with_criteria FAILED      [ 84%]
2026-01-27T12:54:26.3889398Z tests/test_rubrics.py::TestRubricUpdate::test_update_success FAILED      [ 84%]
2026-01-27T12:54:26.7573926Z tests/test_rubrics.py::TestRubricUpdate::test_update_partial_fields FAILED [ 84%]
2026-01-27T12:54:27.1188666Z tests/test_rubrics.py::TestRubricUpdate::test_update_criteria FAILED     [ 85%]
2026-01-27T12:54:27.4141762Z tests/test_rubrics.py::TestRubricUpdate::test_update_not_found PASSED    [ 85%]
2026-01-27T12:54:27.7689828Z tests/test_rubrics.py::TestRubricUpdate::test_update_invalid_max_score PASSED [ 86%]
2026-01-27T12:54:28.2710156Z tests/test_rubrics.py::TestRubricDelete::test_delete_success FAILED      [ 86%]
2026-01-27T12:54:28.5610096Z tests/test_rubrics.py::TestRubricDelete::test_delete_not_found PASSED    [ 86%]
2026-01-27T12:54:28.9412664Z tests/test_rubrics.py::TestRubricDelete::test_delete_with_assignments FAILED [ 87%]
2026-01-27T12:54:29.3052832Z tests/test_rubrics.py::TestRubricAssignments::test_get_assignments_success FAILED [ 87%]
2026-01-27T12:54:29.8031535Z tests/test_rubrics.py::TestRubricAssignments::test_get_assignments_empty FAILED [ 88%]
2026-01-27T12:54:30.0878857Z tests/test_rubrics.py::TestRubricAssignments::test_get_assignments_not_found PASSED [ 88%]
2026-01-27T12:54:30.3924491Z tests/test_students.py::TestStudentRegistration::test_register_success PASSED [ 88%]
2026-01-27T12:54:30.6841662Z tests/test_students.py::TestStudentRegistration::test_register_with_all_fields PASSED [ 89%]
2026-01-27T12:54:31.0576428Z tests/test_students.py::TestStudentRegistration::test_register_duplicate_student_id FAILED [ 89%]
2026-01-27T12:54:31.5928064Z tests/test_students.py::TestStudentRegistration::test_register_duplicate_email FAILED [ 90%]
2026-01-27T12:54:31.8902802Z tests/test_students.py::TestStudentRegistration::test_register_invalid_email_format PASSED [ 90%]
2026-01-27T12:54:32.1692324Z tests/test_students.py::TestStudentRegistration::test_register_missing_required_fields PASSED [ 90%]
2026-01-27T12:54:32.5345568Z tests/test_students.py::TestStudentLogin::test_login_success FAILED      [ 91%]
2026-01-27T12:54:33.0330075Z tests/test_students.py::TestStudentLogin::test_login_with_email_verification FAILED [ 91%]
2026-01-27T12:54:33.3167598Z tests/test_students.py::TestStudentLogin::test_login_student_not_found PASSED [ 92%]
2026-01-27T12:54:33.6785994Z tests/test_students.py::TestStudentLogin::test_login_email_mismatch FAILED [ 92%]
2026-01-27T12:54:35.0260678Z tests/test_students.py::TestStudentList::test_list_default_pagination FAILED [ 93%]
2026-01-27T12:54:36.5463548Z tests/test_students.py::TestStudentList::test_list_custom_pagination FAILED [ 93%]
2026-01-27T12:54:37.9286898Z tests/test_students.py::TestStudentList::test_list_second_page FAILED    [ 93%]
2026-01-27T12:54:39.2794315Z tests/test_students.py::TestStudentList::test_list_filter_by_course FAILED [ 94%]
2026-01-27T12:54:39.5623041Z tests/test_students.py::TestStudentList::test_list_empty_result PASSED   [ 94%]
2026-01-27T12:54:41.0650039Z tests/test_students.py::TestStudentList::test_list_page_size_boundary FAILED [ 95%]
2026-01-27T12:54:42.4433445Z tests/test_students.py::TestStudentList::test_list_filter_by_course_no_results PASSED [ 95%]
2026-01-27T12:54:43.8291016Z tests/test_students.py::TestStudentList::test_list_page_out_of_range FAILED [ 95%]
2026-01-27T12:54:44.3247550Z tests/test_students.py::TestStudentGet::test_get_success FAILED          [ 96%]
2026-01-27T12:54:44.6118015Z tests/test_students.py::TestStudentGet::test_get_not_found PASSED        [ 96%]
2026-01-27T12:54:44.9826401Z tests/test_students.py::TestStudentUpdate::test_update_success FAILED    [ 97%]
2026-01-27T12:54:45.3536368Z tests/test_students.py::TestStudentUpdate::test_update_partial_fields FAILED [ 97%]
2026-01-27T12:54:45.7261066Z tests/test_students.py::TestStudentUpdate::test_update_email FAILED      [ 97%]
2026-01-27T12:54:46.3357024Z tests/test_students.py::TestStudentUpdate::test_update_duplicate_email FAILED [ 98%]
2026-01-27T12:54:46.6872127Z tests/test_students.py::TestStudentUpdate::test_update_invalid_email PASSED [ 98%]
2026-01-27T12:54:46.9733927Z tests/test_students.py::TestStudentUpdate::test_update_not_found PASSED  [ 99%]
2026-01-27T12:54:47.3496291Z tests/test_students.py::TestStudentDelete::test_delete_success FAILED    [ 99%]
2026-01-27T12:54:47.8439460Z tests/test_students.py::TestStudentDelete::test_delete_not_found PASSED  [100%]
2026-01-27T12:54:47.8440387Z 
2026-01-27T12:54:47.8441043Z =================================== FAILURES ===================================
2026-01-27T12:54:47.8442062Z ________________ TestSummaryEndpoint.test_get_analysis_summary _________________
2026-01-27T12:54:47.8443577Z /opt/hostedtoolcache/Python/3.11.14/x64/lib/python3.11/site-packages/sqlalchemy/engine/base.py:1967: in _exec_single_context
2026-01-27T12:54:47.8444802Z     self.dialect.do_execute(
2026-01-27T12:54:47.8445913Z /opt/hostedtoolcache/Python/3.11.14/x64/lib/python3.11/site-packages/sqlalchemy/engine/default.py:952: in do_execute
2026-01-27T12:54:47.8447149Z     cursor.execute(statement, parameters)
2026-01-27T12:54:47.8448531Z /opt/hostedtoolcache/Python/3.11.14/x64/lib/python3.11/site-packages/sqlalchemy/dialects/sqlite/aiosqlite.py:182: in execute
2026-01-27T12:54:47.8449629Z     self._adapt_connection._handle_exception(error)
2026-01-27T12:54:47.8451067Z /opt/hostedtoolcache/Python/3.11.14/x64/lib/python3.11/site-packages/sqlalchemy/dialects/sqlite/aiosqlite.py:342: in _handle_exception
2026-01-27T12:54:47.8452405Z     raise error
2026-01-27T12:54:47.8453491Z /opt/hostedtoolcache/Python/3.11.14/x64/lib/python3.11/site-packages/sqlalchemy/dialects/sqlite/aiosqlite.py:164: in execute
2026-01-27T12:54:47.8454865Z     self.await_(_cursor.execute(operation, parameters))
2026-01-27T12:54:47.8455758Z /opt/hostedtoolcache/Python/3.11.14/x64/lib/python3.11/site-packages/sqlalchemy/util/_concurrency_py3k.py:132: in await_only
2026-01-27T12:54:47.8456493Z     return current.parent.switch(awaitable)  # type: ignore[no-any-return,attr-defined] # noqa: E501
2026-01-27T12:54:47.8457200Z            ^^^^^^^^^^^^^^^^^^^^^^^^^^^^^^^^
2026-01-27T12:54:47.8457761Z /opt/hostedtoolcache/Python/3.11.14/x64/lib/python3.11/site-packages/sqlalchemy/util/_concurrency_py3k.py:196: in greenlet_spawn
2026-01-27T12:54:47.8458315Z     value = await result
2026-01-27T12:54:47.8458512Z             ^^^^^^^^^^^^
2026-01-27T12:54:47.8458908Z /opt/hostedtoolcache/Python/3.11.14/x64/lib/python3.11/site-packages/aiosqlite/cursor.py:40: in execute
2026-01-27T12:54:47.8459424Z     await self._execute(self._cursor.execute, sql, parameters)
2026-01-27T12:54:47.8459936Z /opt/hostedtoolcache/Python/3.11.14/x64/lib/python3.11/site-packages/aiosqlite/cursor.py:32: in _execute
2026-01-27T12:54:47.8460440Z     return await self._conn._execute(fn, *args, **kwargs)
2026-01-27T12:54:47.8460739Z            ^^^^^^^^^^^^^^^^^^^^^^^^^^^^^^^^^^^^^^^^^^^^^^
2026-01-27T12:54:47.8461205Z /opt/hostedtoolcache/Python/3.11.14/x64/lib/python3.11/site-packages/aiosqlite/core.py:160: in _execute
2026-01-27T12:54:47.8461668Z     return await future
2026-01-27T12:54:47.8461864Z            ^^^^^^^^^^^^
2026-01-27T12:54:47.8462318Z /opt/hostedtoolcache/Python/3.11.14/x64/lib/python3.11/site-packages/aiosqlite/core.py:63: in _connection_worker_thread
2026-01-27T12:54:47.8462828Z     result = function()
2026-01-27T12:54:47.8463008Z              ^^^^^^^^^^
2026-01-27T12:54:47.8463248Z E   sqlite3.OperationalError: no such table: code_files
2026-01-27T12:54:47.8463463Z 
2026-01-27T12:54:47.8463644Z The above exception was the direct cause of the following exception:
2026-01-27T12:54:47.8464041Z tests/test_analysis_api.py:141: in test_get_analysis_summary
2026-01-27T12:54:47.8464389Z     response = client.get("/api/v1/analysis/summary")
2026-01-27T12:54:47.8464694Z                ^^^^^^^^^^^^^^^^^^^^^^^^^^^^^^^^^^^^^^
2026-01-27T12:54:47.8465138Z /opt/hostedtoolcache/Python/3.11.14/x64/lib/python3.11/site-packages/starlette/testclient.py:473: in get
2026-01-27T12:54:47.8465803Z     return super().get(
2026-01-27T12:54:47.8466182Z /opt/hostedtoolcache/Python/3.11.14/x64/lib/python3.11/site-packages/httpx/_client.py:1053: in get
2026-01-27T12:54:47.8466810Z     return self.request(
2026-01-27T12:54:47.8467409Z /opt/hostedtoolcache/Python/3.11.14/x64/lib/python3.11/site-packages/starlette/testclient.py:445: in request
2026-01-27T12:54:47.8468242Z     return super().request(
2026-01-27T12:54:47.8468933Z /opt/hostedtoolcache/Python/3.11.14/x64/lib/python3.11/site-packages/httpx/_client.py:825: in request
2026-01-27T12:54:47.8469875Z     return self.send(request, auth=auth, follow_redirects=follow_redirects)
2026-01-27T12:54:47.8470516Z            ^^^^^^^^^^^^^^^^^^^^^^^^^^^^^^^^^^^^^^^^^^^^^^^^^^^^^^^^^^^^^^^^
2026-01-27T12:54:47.8471307Z /opt/hostedtoolcache/Python/3.11.14/x64/lib/python3.11/site-packages/httpx/_client.py:914: in send
2026-01-27T12:54:47.8472079Z     response = self._send_handling_auth(
2026-01-27T12:54:47.8472749Z /opt/hostedtoolcache/Python/3.11.14/x64/lib/python3.11/site-packages/httpx/_client.py:942: in _send_handling_auth
2026-01-27T12:54:47.8473284Z     response = self._send_handling_redirects(
2026-01-27T12:54:47.8473939Z /opt/hostedtoolcache/Python/3.11.14/x64/lib/python3.11/site-packages/httpx/_client.py:979: in _send_handling_redirects
2026-01-27T12:54:47.8474478Z     response = self._send_single_request(request)
2026-01-27T12:54:47.8474753Z                ^^^^^^^^^^^^^^^^^^^^^^^^^^^^^^^^^^
2026-01-27T12:54:47.8475225Z /opt/hostedtoolcache/Python/3.11.14/x64/lib/python3.11/site-packages/httpx/_client.py:1014: in _send_single_request
2026-01-27T12:54:47.8475737Z     response = transport.handle_request(request)
2026-01-27T12:54:47.8476003Z                ^^^^^^^^^^^^^^^^^^^^^^^^^^^^^^^^^
2026-01-27T12:54:47.8476470Z /opt/hostedtoolcache/Python/3.11.14/x64/lib/python3.11/site-packages/starlette/testclient.py:348: in handle_request
2026-01-27T12:54:47.8477141Z     raise exc
2026-01-27T12:54:47.8477543Z /opt/hostedtoolcache/Python/3.11.14/x64/lib/python3.11/site-packages/starlette/testclient.py:345: in handle_request
2026-01-27T12:54:47.8478055Z     portal.call(self.app, scope, receive, send)
2026-01-27T12:54:47.8478507Z /opt/hostedtoolcache/Python/3.11.14/x64/lib/python3.11/site-packages/anyio/from_thread.py:334: in call
2026-01-27T12:54:47.8479037Z     return cast(T_Retval, self.start_task_soon(func, *args).result())
2026-01-27T12:54:47.8479380Z                           ^^^^^^^^^^^^^^^^^^^^^^^^^^^^^^^^^^^^^^^^^^
2026-01-27T12:54:47.8479812Z /opt/hostedtoolcache/Python/3.11.14/x64/lib/python3.11/concurrent/futures/_base.py:456: in result
2026-01-27T12:54:47.8480245Z     return self.__get_result()
2026-01-27T12:54:47.8480453Z            ^^^^^^^^^^^^^^^^^^^
2026-01-27T12:54:47.8480851Z /opt/hostedtoolcache/Python/3.11.14/x64/lib/python3.11/concurrent/futures/_base.py:401: in __get_result
2026-01-27T12:54:47.8481642Z     raise self._exception
2026-01-27T12:54:47.8482455Z /opt/hostedtoolcache/Python/3.11.14/x64/lib/python3.11/site-packages/anyio/from_thread.py:259: in _call_func
2026-01-27T12:54:47.8483289Z     retval = await retval_or_awaitable
2026-01-27T12:54:47.8483681Z              ^^^^^^^^^^^^^^^^^^^^^^^^^
2026-01-27T12:54:47.8484291Z /opt/hostedtoolcache/Python/3.11.14/x64/lib/python3.11/site-packages/fastapi/applications.py:1135: in __call__
2026-01-27T12:54:47.8484791Z     await super().__call__(scope, receive, send)
2026-01-27T12:54:47.8485269Z /opt/hostedtoolcache/Python/3.11.14/x64/lib/python3.11/site-packages/starlette/applications.py:107: in __call__
2026-01-27T12:54:47.8485782Z     await self.middleware_stack(scope, receive, send)
2026-01-27T12:54:47.8486301Z /opt/hostedtoolcache/Python/3.11.14/x64/lib/python3.11/site-packages/starlette/middleware/errors.py:186: in __call__
2026-01-27T12:54:47.8487217Z     raise exc
2026-01-27T12:54:47.8487645Z /opt/hostedtoolcache/Python/3.11.14/x64/lib/python3.11/site-packages/starlette/middleware/errors.py:164: in __call__
2026-01-27T12:54:47.8488144Z     await self.app(scope, receive, _send)
2026-01-27T12:54:47.8488782Z /opt/hostedtoolcache/Python/3.11.14/x64/lib/python3.11/site-packages/starlette/middleware/cors.py:85: in __call__
2026-01-27T12:54:47.8489270Z     await self.app(scope, receive, send)
2026-01-27T12:54:47.8489742Z /opt/hostedtoolcache/Python/3.11.14/x64/lib/python3.11/site-packages/starlette/middleware/base.py:191: in __call__
2026-01-27T12:54:47.8490284Z     with recv_stream, send_stream, collapse_excgroups():
2026-01-27T12:54:47.8490703Z /opt/hostedtoolcache/Python/3.11.14/x64/lib/python3.11/contextlib.py:158: in __exit__
2026-01-27T12:54:47.8491102Z     self.gen.throw(typ, value, traceback)
2026-01-27T12:54:47.8491574Z /opt/hostedtoolcache/Python/3.11.14/x64/lib/python3.11/site-packages/starlette/_utils.py:85: in collapse_excgroups
2026-01-27T12:54:47.8492041Z     raise exc
2026-01-27T12:54:47.8492438Z /opt/hostedtoolcache/Python/3.11.14/x64/lib/python3.11/site-packages/starlette/middleware/base.py:193: in __call__
2026-01-27T12:54:47.8492970Z     response = await self.dispatch_func(request, call_next)
2026-01-27T12:54:47.8493279Z                ^^^^^^^^^^^^^^^^^^^^^^^^^^^^^^^^^^^^^^^^^^^^
2026-01-27T12:54:47.8493553Z app/main.py:101: in log_requests_middleware
2026-01-27T12:54:47.8494162Z     response = await call_next(request)
2026-01-27T12:54:47.8494558Z                ^^^^^^^^^^^^^^^^^^^^^^^^
2026-01-27T12:54:47.8495125Z /opt/hostedtoolcache/Python/3.11.14/x64/lib/python3.11/site-packages/starlette/middleware/base.py:168: in call_next
2026-01-27T12:54:47.8495670Z     raise app_exc from app_exc.__cause__ or app_exc.__context__
2026-01-27T12:54:47.8496195Z /opt/hostedtoolcache/Python/3.11.14/x64/lib/python3.11/site-packages/starlette/middleware/base.py:144: in coro
2026-01-27T12:54:47.8496950Z     await self.app(scope, receive_or_disconnect, send_no_error)
2026-01-27T12:54:47.8497517Z /opt/hostedtoolcache/Python/3.11.14/x64/lib/python3.11/site-packages/starlette/middleware/exceptions.py:63: in __call__
2026-01-27T12:54:47.8498126Z     await wrap_app_handling_exceptions(self.app, conn)(scope, receive, send)
2026-01-27T12:54:47.8498731Z /opt/hostedtoolcache/Python/3.11.14/x64/lib/python3.11/site-packages/starlette/_exception_handler.py:53: in wrapped_app
2026-01-27T12:54:47.8499226Z     raise exc
2026-01-27T12:54:47.8499638Z /opt/hostedtoolcache/Python/3.11.14/x64/lib/python3.11/site-packages/starlette/_exception_handler.py:42: in wrapped_app
2026-01-27T12:54:47.8500143Z     await app(scope, receive, sender)
2026-01-27T12:54:47.8500640Z /opt/hostedtoolcache/Python/3.11.14/x64/lib/python3.11/site-packages/fastapi/middleware/asyncexitstack.py:18: in __call__
2026-01-27T12:54:47.8501155Z     await self.app(scope, receive, send)
2026-01-27T12:54:47.8501605Z /opt/hostedtoolcache/Python/3.11.14/x64/lib/python3.11/site-packages/starlette/routing.py:716: in __call__
2026-01-27T12:54:47.8502101Z     await self.middleware_stack(scope, receive, send)
2026-01-27T12:54:47.8502570Z /opt/hostedtoolcache/Python/3.11.14/x64/lib/python3.11/site-packages/starlette/routing.py:736: in app
2026-01-27T12:54:47.8503033Z     await route.handle(scope, receive, send)
2026-01-27T12:54:47.8503477Z /opt/hostedtoolcache/Python/3.11.14/x64/lib/python3.11/site-packages/starlette/routing.py:290: in handle
2026-01-27T12:54:47.8503938Z     await self.app(scope, receive, send)
2026-01-27T12:54:47.8504359Z /opt/hostedtoolcache/Python/3.11.14/x64/lib/python3.11/site-packages/fastapi/routing.py:115: in app
2026-01-27T12:54:47.8504888Z     await wrap_app_handling_exceptions(app, request)(scope, receive, send)
2026-01-27T12:54:47.8505476Z /opt/hostedtoolcache/Python/3.11.14/x64/lib/python3.11/site-packages/starlette/_exception_handler.py:53: in wrapped_app
2026-01-27T12:54:47.8505961Z     raise exc
2026-01-27T12:54:47.8506440Z /opt/hostedtoolcache/Python/3.11.14/x64/lib/python3.11/site-packages/starlette/_exception_handler.py:42: in wrapped_app
2026-01-27T12:54:47.8507166Z     await app(scope, receive, sender)
2026-01-27T12:54:47.8507586Z /opt/hostedtoolcache/Python/3.11.14/x64/lib/python3.11/site-packages/fastapi/routing.py:101: in app
2026-01-27T12:54:47.8508165Z     response = await f(request)
2026-01-27T12:54:47.8508379Z                ^^^^^^^^^^^^^^^^
2026-01-27T12:54:47.8508770Z /opt/hostedtoolcache/Python/3.11.14/x64/lib/python3.11/site-packages/fastapi/routing.py:355: in app
2026-01-27T12:54:47.8509226Z     raw_response = await run_endpoint_function(
2026-01-27T12:54:47.8509730Z /opt/hostedtoolcache/Python/3.11.14/x64/lib/python3.11/site-packages/fastapi/routing.py:243: in run_endpoint_function
2026-01-27T12:54:47.8510230Z     return await dependant.call(**values)
2026-01-27T12:54:47.8510471Z            ^^^^^^^^^^^^^^^^^^^^^^^^^^^^^^
2026-01-27T12:54:47.8510712Z api/analysis.py:289: in get_analysis_summary
2026-01-27T12:54:47.8510979Z     files = await crud_code_file.get_multi(
2026-01-27T12:54:47.8511236Z utils/crud.py:55: in get_multi
2026-01-27T12:54:47.8511458Z     result = await db.execute(query)
2026-01-27T12:54:47.8511684Z              ^^^^^^^^^^^^^^^^^^^^^^^
2026-01-27T12:54:47.8512146Z /opt/hostedtoolcache/Python/3.11.14/x64/lib/python3.11/site-packages/sqlalchemy/ext/asyncio/session.py:449: in execute
2026-01-27T12:54:47.8512651Z     result = await greenlet_spawn(
2026-01-27T12:54:47.8513265Z /opt/hostedtoolcache/Python/3.11.14/x64/lib/python3.11/site-packages/sqlalchemy/util/_concurrency_py3k.py:201: in greenlet_spawn
2026-01-27T12:54:47.8513812Z     result = context.throw(*sys.exc_info())
2026-01-27T12:54:47.8514055Z              ^^^^^^^^^^^^^^^^^^^^^^^^^^^^^^
2026-01-27T12:54:47.8514499Z /opt/hostedtoolcache/Python/3.11.14/x64/lib/python3.11/site-packages/sqlalchemy/orm/session.py:2351: in execute
2026-01-27T12:54:47.8514975Z     return self._execute_internal(
2026-01-27T12:54:47.8515455Z /opt/hostedtoolcache/Python/3.11.14/x64/lib/python3.11/site-packages/sqlalchemy/orm/session.py:2249: in _execute_internal
2026-01-27T12:54:47.8516030Z     result: Result[Any] = compile_state_cls.orm_execute_statement(
2026-01-27T12:54:47.8516724Z /opt/hostedtoolcache/Python/3.11.14/x64/lib/python3.11/site-packages/sqlalchemy/orm/context.py:306: in orm_execute_statement
2026-01-27T12:54:47.8517250Z     result = conn.execute(
2026-01-27T12:54:47.8517678Z /opt/hostedtoolcache/Python/3.11.14/x64/lib/python3.11/site-packages/sqlalchemy/engine/base.py:1419: in execute
2026-01-27T12:54:47.8518131Z     return meth(
2026-01-27T12:54:47.8518589Z /opt/hostedtoolcache/Python/3.11.14/x64/lib/python3.11/site-packages/sqlalchemy/sql/elements.py:527: in _execute_on_connection
2026-01-27T12:54:47.8519127Z     return connection._execute_clauseelement(
2026-01-27T12:54:47.8519659Z /opt/hostedtoolcache/Python/3.11.14/x64/lib/python3.11/site-packages/sqlalchemy/engine/base.py:1641: in _execute_clauseelement
2026-01-27T12:54:47.8520185Z     ret = self._execute_context(
2026-01-27T12:54:47.8520651Z /opt/hostedtoolcache/Python/3.11.14/x64/lib/python3.11/site-packages/sqlalchemy/engine/base.py:1846: in _execute_context
2026-01-27T12:54:47.8521159Z     return self._exec_single_context(
2026-01-27T12:54:47.8521652Z /opt/hostedtoolcache/Python/3.11.14/x64/lib/python3.11/site-packages/sqlalchemy/engine/base.py:1986: in _exec_single_context
2026-01-27T12:54:47.8522169Z     self._handle_dbapi_exception(
2026-01-27T12:54:47.8522671Z /opt/hostedtoolcache/Python/3.11.14/x64/lib/python3.11/site-packages/sqlalchemy/engine/base.py:2363: in _handle_dbapi_exception
2026-01-27T12:54:47.8523272Z     raise sqlalchemy_exception.with_traceback(exc_info[2]) from e
2026-01-27T12:54:47.8523849Z /opt/hostedtoolcache/Python/3.11.14/x64/lib/python3.11/site-packages/sqlalchemy/engine/base.py:1967: in _exec_single_context
2026-01-27T12:54:47.8524355Z     self.dialect.do_execute(
2026-01-27T12:54:47.8524817Z /opt/hostedtoolcache/Python/3.11.14/x64/lib/python3.11/site-packages/sqlalchemy/engine/default.py:952: in do_execute
2026-01-27T12:54:47.8525313Z     cursor.execute(statement, parameters)
2026-01-27T12:54:47.8525828Z /opt/hostedtoolcache/Python/3.11.14/x64/lib/python3.11/site-packages/sqlalchemy/dialects/sqlite/aiosqlite.py:182: in execute
2026-01-27T12:54:47.8526380Z     self._adapt_connection._handle_exception(error)
2026-01-27T12:54:47.8527224Z /opt/hostedtoolcache/Python/3.11.14/x64/lib/python3.11/site-packages/sqlalchemy/dialects/sqlite/aiosqlite.py:342: in _handle_exception
2026-01-27T12:54:47.8527772Z     raise error
2026-01-27T12:54:47.8528209Z /opt/hostedtoolcache/Python/3.11.14/x64/lib/python3.11/site-packages/sqlalchemy/dialects/sqlite/aiosqlite.py:164: in execute
2026-01-27T12:54:47.8528770Z     self.await_(_cursor.execute(operation, parameters))
2026-01-27T12:54:47.8529311Z /opt/hostedtoolcache/Python/3.11.14/x64/lib/python3.11/site-packages/sqlalchemy/util/_concurrency_py3k.py:132: in await_only
2026-01-27T12:54:47.8530016Z     return current.parent.switch(awaitable)  # type: ignore[no-any-return,attr-defined] # noqa: E501
2026-01-27T12:54:47.8530454Z            ^^^^^^^^^^^^^^^^^^^^^^^^^^^^^^^^
2026-01-27T12:54:47.8530963Z /opt/hostedtoolcache/Python/3.11.14/x64/lib/python3.11/site-packages/sqlalchemy/util/_concurrency_py3k.py:196: in greenlet_spawn
2026-01-27T12:54:47.8531491Z     value = await result
2026-01-27T12:54:47.8531679Z             ^^^^^^^^^^^^
2026-01-27T12:54:47.8532179Z /opt/hostedtoolcache/Python/3.11.14/x64/lib/python3.11/site-packages/aiosqlite/cursor.py:40: in execute
2026-01-27T12:54:47.8532696Z     await self._execute(self._cursor.execute, sql, parameters)
2026-01-27T12:54:47.8533202Z /opt/hostedtoolcache/Python/3.11.14/x64/lib/python3.11/site-packages/aiosqlite/cursor.py:32: in _execute
2026-01-27T12:54:47.8533695Z     return await self._conn._execute(fn, *args, **kwargs)
2026-01-27T12:54:47.8533987Z            ^^^^^^^^^^^^^^^^^^^^^^^^^^^^^^^^^^^^^^^^^^^^^^
2026-01-27T12:54:47.8534439Z /opt/hostedtoolcache/Python/3.11.14/x64/lib/python3.11/site-packages/aiosqlite/core.py:160: in _execute
2026-01-27T12:54:47.8534884Z     return await future
2026-01-27T12:54:47.8535075Z            ^^^^^^^^^^^^
2026-01-27T12:54:47.8535518Z /opt/hostedtoolcache/Python/3.11.14/x64/lib/python3.11/site-packages/aiosqlite/core.py:63: in _connection_worker_thread
2026-01-27T12:54:47.8536013Z     result = function()
2026-01-27T12:54:47.8536198Z              ^^^^^^^^^^
2026-01-27T12:54:47.8536665Z E   sqlalchemy.exc.OperationalError: (sqlite3.OperationalError) no such table: code_files
2026-01-27T12:54:47.8538406Z E   [SQL: SELECT code_files.id, code_files.file_id, code_files.original_filename, code_files.stored_filename, code_files.file_path, code_files.file_size, code_files.file_extension, code_files.mime_type, code_files.language, code_files.status, code_files.uploader_id, code_files.assignment_id, code_files.content_hash, code_files.line_count, code_files.analysis_result, code_files.created_at, code_files.updated_at 
2026-01-27T12:54:47.8540517Z E   FROM code_files
2026-01-27T12:54:47.8540699Z E    LIMIT ? OFFSET ?]
2026-01-27T12:54:47.8540898Z E   [parameters: (10, 0)]
2026-01-27T12:54:47.8541202Z E   (Background on this error at: https://sqlalche.me/e/20/e3q8)
2026-01-27T12:54:47.8541608Z ----------------------------- Captured stdout call -----------------------------
2026-01-27T12:54:47.8542819Z [31mERROR[0m | 12:54:10 | 6aaaa49e | ai_teaching_assistant:125 | 💥 Request failed: GET http://testserver/api/v1/analysis/summary after 0.059s - (sqlite3.OperationalError) no such table: code_files
2026-01-27T12:54:47.8544753Z [SQL: SELECT code_files.id, code_files.file_id, code_files.original_filename, code_files.stored_filename, code_files.file_path, code_files.file_size, code_files.file_extension, code_files.mime_type, code_files.language, code_files.status, code_files.uploader_id, code_files.assignment_id, code_files.content_hash, code_files.line_count, code_files.analysis_result, code_files.created_at, code_files.updated_at 
2026-01-27T12:54:47.8546171Z FROM code_files
2026-01-27T12:54:47.8546344Z  LIMIT ? OFFSET ?]
2026-01-27T12:54:47.8546521Z [parameters: (10, 0)]
2026-01-27T12:54:47.8546932Z (Background on this error at: https://sqlalche.me/e/20/e3q8)
2026-01-27T12:54:47.8547335Z ------------------------------ Captured log call -------------------------------
2026-01-27T12:54:47.8548453Z ERROR    ai_teaching_assistant:main.py:125 💥 Request failed: GET http://testserver/api/v1/analysis/summary after 0.059s - (sqlite3.OperationalError) no such table: code_files
2026-01-27T12:54:47.8550339Z [SQL: SELECT code_files.id, code_files.file_id, code_files.original_filename, code_files.stored_filename, code_files.file_path, code_files.file_size, code_files.file_extension, code_files.mime_type, code_files.language, code_files.status, code_files.uploader_id, code_files.assignment_id, code_files.content_hash, code_files.line_count, code_files.analysis_result, code_files.created_at, code_files.updated_at 
2026-01-27T12:54:47.8551752Z FROM code_files
2026-01-27T12:54:47.8551928Z  LIMIT ? OFFSET ?]
2026-01-27T12:54:47.8552104Z [parameters: (10, 0)]
2026-01-27T12:54:47.8552375Z (Background on this error at: https://sqlalche.me/e/20/e3q8)
2026-01-27T12:54:47.8552793Z _______________ TestRubricCreate.test_create_duplicate_rubric_id _______________
2026-01-27T12:54:47.8553226Z tests/test_rubrics.py:111: in test_create_duplicate_rubric_id
2026-01-27T12:54:47.8553548Z     assert response.status_code == 400
2026-01-27T12:54:47.8553783Z E   assert 201 == 400
2026-01-27T12:54:47.8554121Z E    +  where 201 = <Response [201 Created]>.status_code
2026-01-27T12:54:47.8554498Z ______________________ TestRubricList.test_list_with_data ______________________
2026-01-27T12:54:47.8554869Z tests/test_rubrics.py:165: in test_list_with_data
2026-01-27T12:54:47.8555138Z     assert len(data["items"]) >= 10
2026-01-27T12:54:47.8555358Z E   assert 0 >= 10
2026-01-27T12:54:47.8555536Z E    +  where 0 = len([])
2026-01-27T12:54:47.8555837Z ________________ TestRubricList.test_list_pagination_last_page _________________
2026-01-27T12:54:47.8556247Z tests/test_rubrics.py:188: in test_list_pagination_last_page
2026-01-27T12:54:47.8556666Z     assert response.status_code == 200
2026-01-27T12:54:47.8556896Z E   assert 422 == 200
2026-01-27T12:54:47.8557156Z E    +  where 422 = <Response [422 Unprocessable Entity]>.status_code
2026-01-27T12:54:47.8557563Z ________________________ TestRubricGet.test_get_success ________________________
2026-01-27T12:54:47.8557929Z tests/test_rubrics.py:206: in test_get_success
2026-01-27T12:54:47.8558200Z     assert response.status_code == 200
2026-01-27T12:54:47.8558433Z E   assert 404 == 200
2026-01-27T12:54:47.8558654Z E    +  where 404 = <Response [404 Not Found]>.status_code
2026-01-27T12:54:47.8559023Z _____________________ TestRubricGet.test_get_with_criteria _____________________
2026-01-27T12:54:47.8559398Z tests/test_rubrics.py:222: in test_get_with_criteria
2026-01-27T12:54:47.8559686Z     assert response.status_code == 200
2026-01-27T12:54:47.8559919Z E   assert 404 == 200
2026-01-27T12:54:47.8560135Z E    +  where 404 = <Response [404 Not Found]>.status_code
2026-01-27T12:54:47.8560511Z _____________________ TestRubricUpdate.test_update_success _____________________
2026-01-27T12:54:47.8560878Z tests/test_rubrics.py:242: in test_update_success
2026-01-27T12:54:47.8561156Z     assert response.status_code == 200
2026-01-27T12:54:47.8561385Z E   assert 404 == 200
2026-01-27T12:54:47.8561608Z E    +  where 404 = <Response [404 Not Found]>.status_code
2026-01-27T12:54:47.8561991Z _________________ TestRubricUpdate.test_update_partial_fields __________________
2026-01-27T12:54:47.8562392Z tests/test_rubrics.py:255: in test_update_partial_fields
2026-01-27T12:54:47.8562692Z     assert response.status_code == 200
2026-01-27T12:54:47.8562916Z E   assert 404 == 200
2026-01-27T12:54:47.8563136Z E    +  where 404 = <Response [404 Not Found]>.status_code
2026-01-27T12:54:47.8563501Z ____________________ TestRubricUpdate.test_update_criteria _____________________
2026-01-27T12:54:47.8563874Z tests/test_rubrics.py:272: in test_update_criteria
2026-01-27T12:54:47.8564153Z     assert response.status_code == 200
2026-01-27T12:54:47.8564380Z E   assert 404 == 200
2026-01-27T12:54:47.8564601Z E    +  where 404 = <Response [404 Not Found]>.status_code
2026-01-27T12:54:47.8564973Z _____________________ TestRubricDelete.test_delete_success _____________________
2026-01-27T12:54:47.8565485Z tests/test_rubrics.py:301: in test_delete_success
2026-01-27T12:54:47.8565765Z     assert response.status_code == 204
2026-01-27T12:54:47.8566011Z E   assert 404 == 204
2026-01-27T12:54:47.8566237Z E    +  where 404 = <Response [404 Not Found]>.status_code
2026-01-27T12:54:47.8566724Z ________________ TestRubricDelete.test_delete_with_assignments _________________
2026-01-27T12:54:47.8567148Z tests/test_rubrics.py:319: in test_delete_with_assignments
2026-01-27T12:54:47.8567453Z     assert response.status_code == 204
2026-01-27T12:54:47.8567690Z E   assert 404 == 204
2026-01-27T12:54:47.8567915Z E    +  where 404 = <Response [404 Not Found]>.status_code
2026-01-27T12:54:47.8568307Z ______________ TestRubricAssignments.test_get_assignments_success ______________
2026-01-27T12:54:47.8568722Z tests/test_rubrics.py:329: in test_get_assignments_success
2026-01-27T12:54:47.8569032Z     assert response.status_code == 200
2026-01-27T12:54:47.8569257Z E   assert 404 == 200
2026-01-27T12:54:47.8569482Z E    +  where 404 = <Response [404 Not Found]>.status_code
2026-01-27T12:54:47.8569976Z _______________ TestRubricAssignments.test_get_assignments_empty _______________
2026-01-27T12:54:47.8570399Z tests/test_rubrics.py:337: in test_get_assignments_empty
2026-01-27T12:54:47.8570712Z     assert response.status_code == 200
2026-01-27T12:54:47.8570940Z E   assert 404 == 200
2026-01-27T12:54:47.8571166Z E    +  where 404 = <Response [404 Not Found]>.status_code
2026-01-27T12:54:47.8571561Z __________ TestStudentRegistration.test_register_duplicate_student_id __________
2026-01-27T12:54:47.8572015Z tests/test_students.py:116: in test_register_duplicate_student_id
2026-01-27T12:54:47.8572351Z     assert response.status_code == 400
2026-01-27T12:54:47.8572581Z E   assert 201 == 400
2026-01-27T12:54:47.8572803Z E    +  where 201 = <Response [201 Created]>.status_code
2026-01-27T12:54:47.8573189Z ____________ TestStudentRegistration.test_register_duplicate_email _____________
2026-01-27T12:54:47.8573628Z tests/test_students.py:129: in test_register_duplicate_email
2026-01-27T12:54:47.8573935Z     assert response.status_code == 400
2026-01-27T12:54:47.8574170Z E   assert 201 == 400
2026-01-27T12:54:47.8574385Z E    +  where 201 = <Response [201 Created]>.status_code
2026-01-27T12:54:47.8574768Z _____________________ TestStudentLogin.test_login_success ______________________
2026-01-27T12:54:47.8575141Z tests/test_students.py:173: in test_login_success
2026-01-27T12:54:47.8575419Z     assert data["success"] is True
2026-01-27T12:54:47.8575649Z E   assert False is True
2026-01-27T12:54:47.8575953Z _____________ TestStudentLogin.test_login_with_email_verification ______________
2026-01-27T12:54:47.8576393Z tests/test_students.py:188: in test_login_with_email_verification
2026-01-27T12:54:47.8577029Z     assert data["success"] is True
2026-01-27T12:54:47.8577269Z E   assert False is True
2026-01-27T12:54:47.8577569Z __________________ TestStudentLogin.test_login_email_mismatch __________________
2026-01-27T12:54:47.8577978Z tests/test_students.py:219: in test_login_email_mismatch
2026-01-27T12:54:47.8578319Z     assert data["message"] == "Email verification failed"
2026-01-27T12:54:47.8578695Z E   assert "Student with..._1' not found" == 'Email verification failed'
2026-01-27T12:54:47.8579021Z E     
2026-01-27T12:54:47.8579189Z E     - Email verification failed
2026-01-27T12:54:47.8579456Z E     + Student with ID 'TEST1769518474342_1' not found
2026-01-27T12:54:47.8579831Z _________________ TestStudentList.test_list_default_pagination _________________
2026-01-27T12:54:47.8580254Z tests/test_students.py:249: in test_list_default_pagination
2026-01-27T12:54:47.8580556Z     assert data["total"] >= 15
2026-01-27T12:54:47.8580769Z E   assert 0 >= 15
2026-01-27T12:54:47.8581061Z _________________ TestStudentList.test_list_custom_pagination __________________
2026-01-27T12:54:47.8581469Z tests/test_students.py:265: in test_list_custom_pagination
2026-01-27T12:54:47.8581773Z     assert data["total"] >= 15
2026-01-27T12:54:47.8582110Z E   assert 0 >= 15
2026-01-27T12:54:47.8582388Z ____________________ TestStudentList.test_list_second_page _____________________
2026-01-27T12:54:47.8582774Z tests/test_students.py:282: in test_list_second_page
2026-01-27T12:54:47.8583056Z     assert data["total"] >= 15
2026-01-27T12:54:47.8583265Z E   assert 0 >= 15
2026-01-27T12:54:47.8583539Z __________________ TestStudentList.test_list_filter_by_course __________________
2026-01-27T12:54:47.8583944Z tests/test_students.py:292: in test_list_filter_by_course
2026-01-27T12:54:47.8584234Z     assert data["total"] >= 10
2026-01-27T12:54:47.8584438Z E   assert 0 >= 10
2026-01-27T12:54:47.8584717Z _________________ TestStudentList.test_list_page_size_boundary _________________
2026-01-27T12:54:47.8585129Z tests/test_students.py:335: in test_list_page_size_boundary
2026-01-27T12:54:47.8585432Z     assert len(data["items"]) == 1
2026-01-27T12:54:47.8585656Z E   assert 0 == 1
2026-01-27T12:54:47.8585837Z E    +  where 0 = len([])
2026-01-27T12:54:47.8586135Z _________________ TestStudentList.test_list_page_out_of_range __________________
2026-01-27T12:54:47.8586886Z tests/test_students.py:383: in test_list_page_out_of_range
2026-01-27T12:54:47.8587250Z     assert data["total"] >= 15
2026-01-27T12:54:47.8587473Z E   assert 0 >= 15
2026-01-27T12:54:47.8587754Z _______________________ TestStudentGet.test_get_success ________________________
2026-01-27T12:54:47.8588147Z tests/test_students.py:399: in test_get_success
2026-01-27T12:54:47.8588430Z     assert response.status_code == 200
2026-01-27T12:54:47.8588675Z E   assert 404 == 200
2026-01-27T12:54:47.8588908Z E    +  where 404 = <Response [404 Not Found]>.status_code
2026-01-27T12:54:47.8589286Z ____________________ TestStudentUpdate.test_update_success _____________________
2026-01-27T12:54:47.8589679Z tests/test_students.py:435: in test_update_success
2026-01-27T12:54:47.8589967Z     assert response.status_code == 200
2026-01-27T12:54:47.8590203Z E   assert 404 == 200
2026-01-27T12:54:47.8590432Z E    +  where 404 = <Response [404 Not Found]>.status_code
2026-01-27T12:54:47.8590816Z _________________ TestStudentUpdate.test_update_partial_fields _________________
2026-01-27T12:54:47.8591239Z tests/test_students.py:454: in test_update_partial_fields
2026-01-27T12:54:47.8591541Z     assert response.status_code == 200
2026-01-27T12:54:47.8591780Z E   assert 404 == 200
2026-01-27T12:54:47.8591998Z E    +  where 404 = <Response [404 Not Found]>.status_code
2026-01-27T12:54:47.8592370Z _____________________ TestStudentUpdate.test_update_email ______________________
2026-01-27T12:54:47.8592741Z tests/test_students.py:473: in test_update_email
2026-01-27T12:54:47.8593017Z     assert response.status_code == 200
2026-01-27T12:54:47.8593245Z E   assert 404 == 200
2026-01-27T12:54:47.8593464Z E    +  where 404 = <Response [404 Not Found]>.status_code
2026-01-27T12:54:47.8593840Z ________________ TestStudentUpdate.test_update_duplicate_email _________________
2026-01-27T12:54:47.8594247Z tests/test_students.py:493: in test_update_duplicate_email
2026-01-27T12:54:47.8594552Z     assert response.status_code == 400
2026-01-27T12:54:47.8594773Z E   assert 404 == 400
2026-01-27T12:54:47.8594996Z E    +  where 404 = <Response [404 Not Found]>.status_code
2026-01-27T12:54:47.8595354Z ____________________ TestStudentDelete.test_delete_success _____________________
2026-01-27T12:54:47.8595734Z tests/test_students.py:537: in test_delete_success
2026-01-27T12:54:47.8596010Z     assert response.status_code == 200
2026-01-27T12:54:47.8596231Z E   assert 404 == 200
2026-01-27T12:54:47.8596447Z E    +  where 404 = <Response [404 Not Found]>.status_code
2026-01-27T12:54:47.8596878Z =============================== warnings summary ===============================
2026-01-27T12:54:47.8597173Z core/config.py:9
2026-01-27T12:54:47.8598331Z   /home/runner/work/ai-teaching-assistant/ai-teaching-assistant/backend/core/config.py:9: PydanticDeprecatedSince20: Support for class-based `config` is deprecated, use ConfigDict instead. Deprecated in Pydantic V2.0 to be removed in V3.0. See Pydantic V2 Migration Guide at https://errors.pydantic.dev/2.12/migration/
2026-01-27T12:54:47.8599666Z     class Settings(BaseSettings):
2026-01-27T12:54:47.8599826Z 
2026-01-27T12:54:47.8599911Z schemas/grading.py:67
2026-01-27T12:54:47.8601061Z   /home/runner/work/ai-teaching-assistant/ai-teaching-assistant/backend/schemas/grading.py:67: PydanticDeprecatedSince20: Support for class-based `config` is deprecated, use ConfigDict instead. Deprecated in Pydantic V2.0 to be removed in V3.0. See Pydantic V2 Migration Guide at https://errors.pydantic.dev/2.12/migration/
2026-01-27T12:54:47.8602314Z     class GradingResultResponse(GradingResultBase):
2026-01-27T12:54:47.8602524Z 
2026-01-27T12:54:47.8602602Z schemas/auth.py:55
2026-01-27T12:54:47.8603708Z   /home/runner/work/ai-teaching-assistant/ai-teaching-assistant/backend/schemas/auth.py:55: PydanticDeprecatedSince20: Support for class-based `config` is deprecated, use ConfigDict instead. Deprecated in Pydantic V2.0 to be removed in V3.0. See Pydantic V2 Migration Guide at https://errors.pydantic.dev/2.12/migration/
2026-01-27T12:54:47.8604888Z     class UserResponse(UserBase):
2026-01-27T12:54:47.8605155Z 
2026-01-27T12:54:47.8605249Z schemas/assignment_crud.py:45
2026-01-27T12:54:47.8606432Z   /home/runner/work/ai-teaching-assistant/ai-teaching-assistant/backend/schemas/assignment_crud.py:45: PydanticDeprecatedSince20: Support for class-based `config` is deprecated, use ConfigDict instead. Deprecated in Pydantic V2.0 to be removed in V3.0. See Pydantic V2 Migration Guide at https://errors.pydantic.dev/2.12/migration/
2026-01-27T12:54:47.8607804Z     class AssignmentResponse(AssignmentBase):
2026-01-27T12:54:47.8607992Z 
2026-01-27T12:54:47.8608083Z schemas/assignment_transfer.py:34
2026-01-27T12:54:47.8609304Z   /home/runner/work/ai-teaching-assistant/ai-teaching-assistant/backend/schemas/assignment_transfer.py:34: PydanticDeprecatedSince20: Support for class-based `config` is deprecated, use ConfigDict instead. Deprecated in Pydantic V2.0 to be removed in V3.0. See Pydantic V2 Migration Guide at https://errors.pydantic.dev/2.12/migration/
2026-01-27T12:54:47.8610560Z     class BatchUploadRequest(BaseModel):
2026-01-27T12:54:47.8610734Z 
2026-01-27T12:54:47.8611049Z ../../../../../../opt/hostedtoolcache/Python/3.11.14/x64/lib/python3.11/site-packages/pydantic/_internal/_config.py:383
2026-01-27T12:54:47.8611911Z   /opt/hostedtoolcache/Python/3.11.14/x64/lib/python3.11/site-packages/pydantic/_internal/_config.py:383: UserWarning: Valid config keys have changed in V2:
2026-01-27T12:54:47.8612585Z   * 'schema_extra' has been renamed to 'json_schema_extra'
2026-01-27T12:54:47.8612884Z     warnings.warn(message, UserWarning)
2026-01-27T12:54:47.8613062Z 
2026-01-27T12:54:47.8613137Z schemas/qa_log.py:54
2026-01-27T12:54:47.8614266Z   /home/runner/work/ai-teaching-assistant/ai-teaching-assistant/backend/schemas/qa_log.py:54: PydanticDeprecatedSince20: Support for class-based `config` is deprecated, use ConfigDict instead. Deprecated in Pydantic V2.0 to be removed in V3.0. See Pydantic V2 Migration Guide at https://errors.pydantic.dev/2.12/migration/
2026-01-27T12:54:47.8615462Z     class QALogResponse(BaseModel):
2026-01-27T12:54:47.8615623Z 
2026-01-27T12:54:47.8615713Z schemas/knowledge_base.py:72
2026-01-27T12:54:47.8617010Z   /home/runner/work/ai-teaching-assistant/ai-teaching-assistant/backend/schemas/knowledge_base.py:72: PydanticDeprecatedSince20: Support for class-based `config` is deprecated, use ConfigDict instead. Deprecated in Pydantic V2.0 to be removed in V3.0. See Pydantic V2 Migration Guide at https://errors.pydantic.dev/2.12/migration/
2026-01-27T12:54:47.8618244Z     class KnowledgeBaseResponse(BaseModel):
2026-01-27T12:54:47.8618428Z 
2026-01-27T12:54:47.8618510Z schemas/student.py:51
2026-01-27T12:54:47.8619639Z   /home/runner/work/ai-teaching-assistant/ai-teaching-assistant/backend/schemas/student.py:51: PydanticDeprecatedSince20: Support for class-based `config` is deprecated, use ConfigDict instead. Deprecated in Pydantic V2.0 to be removed in V3.0. See Pydantic V2 Migration Guide at https://errors.pydantic.dev/2.12/migration/
2026-01-27T12:54:47.8620958Z     class StudentResponse(StudentBase):
2026-01-27T12:54:47.8621129Z 
2026-01-27T12:54:47.8621214Z schemas/submission.py:42
2026-01-27T12:54:47.8622370Z   /home/runner/work/ai-teaching-assistant/ai-teaching-assistant/backend/schemas/submission.py:42: PydanticDeprecatedSince20: Support for class-based `config` is deprecated, use ConfigDict instead. Deprecated in Pydantic V2.0 to be removed in V3.0. See Pydantic V2 Migration Guide at https://errors.pydantic.dev/2.12/migration/
2026-01-27T12:54:47.8623594Z     class SubmissionResponse(SubmissionBase):
2026-01-27T12:54:47.8623785Z 
2026-01-27T12:54:47.8623868Z schemas/file_upload.py:122
2026-01-27T12:54:47.8625045Z   /home/runner/work/ai-teaching-assistant/ai-teaching-assistant/backend/schemas/file_upload.py:122: PydanticDeprecatedSince20: Support for class-based `config` is deprecated, use ConfigDict instead. Deprecated in Pydantic V2.0 to be removed in V3.0. See Pydantic V2 Migration Guide at https://errors.pydantic.dev/2.12/migration/
2026-01-27T12:54:47.8626380Z     class FileMetadataResponse(BaseModel):
2026-01-27T12:54:47.8626657Z 
2026-01-27T12:54:47.8626933Z ../../../../../../opt/hostedtoolcache/Python/3.11.14/x64/lib/python3.11/site-packages/PyPDF2/__init__.py:21
2026-01-27T12:54:47.8627825Z   /opt/hostedtoolcache/Python/3.11.14/x64/lib/python3.11/site-packages/PyPDF2/__init__.py:21: DeprecationWarning: PyPDF2 is deprecated. Please move to the pypdf library instead.
2026-01-27T12:54:47.8628516Z     warnings.warn(
2026-01-27T12:54:47.8628625Z 
2026-01-27T12:54:47.8628704Z schemas/feedback.py:375
2026-01-27T12:54:47.8629859Z   /home/runner/work/ai-teaching-assistant/ai-teaching-assistant/backend/schemas/feedback.py:375: PydanticDeprecatedSince20: Support for class-based `config` is deprecated, use ConfigDict instead. Deprecated in Pydantic V2.0 to be removed in V3.0. See Pydantic V2 Migration Guide at https://errors.pydantic.dev/2.12/migration/
2026-01-27T12:54:47.8631125Z     class FeedbackTemplateResponse(FeedbackTemplateBase):
2026-01-27T12:54:47.8631354Z 
2026-01-27T12:54:47.8631433Z schemas/feedback.py:430
2026-01-27T12:54:47.8632582Z   /home/runner/work/ai-teaching-assistant/ai-teaching-assistant/backend/schemas/feedback.py:430: PydanticDeprecatedSince20: Support for class-based `config` is deprecated, use ConfigDict instead. Deprecated in Pydantic V2.0 to be removed in V3.0. See Pydantic V2 Migration Guide at https://errors.pydantic.dev/2.12/migration/
2026-01-27T12:54:47.8633791Z     class AIInteractionResponse(BaseModel):
2026-01-27T12:54:47.8633973Z 
2026-01-27T12:54:47.8634045Z schemas/rubric.py:46
2026-01-27T12:54:47.8635177Z   /home/runner/work/ai-teaching-assistant/ai-teaching-assistant/backend/schemas/rubric.py:46: PydanticDeprecatedSince20: Support for class-based `config` is deprecated, use ConfigDict instead. Deprecated in Pydantic V2.0 to be removed in V3.0. See Pydantic V2 Migration Guide at https://errors.pydantic.dev/2.12/migration/
2026-01-27T12:54:47.8636367Z     class RubricResponse(RubricBase):
2026-01-27T12:54:47.8636540Z 
2026-01-27T12:54:47.8636977Z -- Docs: https://docs.pytest.org/en/stable/how-to/capture-warnings.html
2026-01-27T12:54:47.8637389Z ================================ tests coverage ================================
2026-01-27T12:54:47.8637780Z _______________ coverage: platform linux, python 3.11.14-final-0 _______________
2026-01-27T12:54:47.8638048Z 
2026-01-27T12:54:47.8638141Z Coverage HTML written to dir htmlcov
2026-01-27T12:54:47.8638390Z Coverage XML written to file coverage.xml
2026-01-27T12:54:47.8638688Z =========================== short test summary info ============================
2026-01-27T12:54:47.8639449Z FAILED tests/test_analysis_api.py::TestSummaryEndpoint::test_get_analysis_summary - sqlalchemy.exc.OperationalError: (sqlite3.OperationalError) no such table: code_files
2026-01-27T12:54:47.8641340Z [SQL: SELECT code_files.id, code_files.file_id, code_files.original_filename, code_files.stored_filename, code_files.file_path, code_files.file_size, code_files.file_extension, code_files.mime_type, code_files.language, code_files.status, code_files.uploader_id, code_files.assignment_id, code_files.content_hash, code_files.line_count, code_files.analysis_result, code_files.created_at, code_files.updated_at 
2026-01-27T12:54:47.8642890Z FROM code_files
2026-01-27T12:54:47.8643060Z  LIMIT ? OFFSET ?]
2026-01-27T12:54:47.8643243Z [parameters: (10, 0)]
2026-01-27T12:54:47.8643516Z (Background on this error at: https://sqlalche.me/e/20/e3q8)
2026-01-27T12:54:47.8644020Z FAILED tests/test_rubrics.py::TestRubricCreate::test_create_duplicate_rubric_id - assert 201 == 400
2026-01-27T12:54:47.8644499Z  +  where 201 = <Response [201 Created]>.status_code
2026-01-27T12:54:47.8644899Z FAILED tests/test_rubrics.py::TestRubricList::test_list_with_data - assert 0 >= 10
2026-01-27T12:54:47.8645275Z  +  where 0 = len([])
2026-01-27T12:54:47.8645639Z FAILED tests/test_rubrics.py::TestRubricList::test_list_pagination_last_page - assert 422 == 200
2026-01-27T12:54:47.8646140Z  +  where 422 = <Response [422 Unprocessable Entity]>.status_code
2026-01-27T12:54:47.8646791Z FAILED tests/test_rubrics.py::TestRubricGet::test_get_success - assert 404 == 200
2026-01-27T12:54:47.8647210Z  +  where 404 = <Response [404 Not Found]>.status_code
2026-01-27T12:54:47.8647676Z FAILED tests/test_rubrics.py::TestRubricGet::test_get_with_criteria - assert 404 == 200
2026-01-27T12:54:47.8648097Z  +  where 404 = <Response [404 Not Found]>.status_code
2026-01-27T12:54:47.8648510Z FAILED tests/test_rubrics.py::TestRubricUpdate::test_update_success - assert 404 == 200
2026-01-27T12:54:47.8648925Z  +  where 404 = <Response [404 Not Found]>.status_code
2026-01-27T12:54:47.8649366Z FAILED tests/test_rubrics.py::TestRubricUpdate::test_update_partial_fields - assert 404 == 200
2026-01-27T12:54:47.8649817Z  +  where 404 = <Response [404 Not Found]>.status_code
2026-01-27T12:54:47.8650227Z FAILED tests/test_rubrics.py::TestRubricUpdate::test_update_criteria - assert 404 == 200
2026-01-27T12:54:47.8650658Z  +  where 404 = <Response [404 Not Found]>.status_code
2026-01-27T12:54:47.8651060Z FAILED tests/test_rubrics.py::TestRubricDelete::test_delete_success - assert 404 == 204
2026-01-27T12:54:47.8651474Z  +  where 404 = <Response [404 Not Found]>.status_code
2026-01-27T12:54:47.8651916Z FAILED tests/test_rubrics.py::TestRubricDelete::test_delete_with_assignments - assert 404 == 204
2026-01-27T12:54:47.8652361Z  +  where 404 = <Response [404 Not Found]>.status_code
2026-01-27T12:54:47.8652835Z FAILED tests/test_rubrics.py::TestRubricAssignments::test_get_assignments_success - assert 404 == 200
2026-01-27T12:54:47.8653307Z  +  where 404 = <Response [404 Not Found]>.status_code
2026-01-27T12:54:47.8653765Z FAILED tests/test_rubrics.py::TestRubricAssignments::test_get_assignments_empty - assert 404 == 200
2026-01-27T12:54:47.8654226Z  +  where 404 = <Response [404 Not Found]>.status_code
2026-01-27T12:54:47.8654728Z FAILED tests/test_students.py::TestStudentRegistration::test_register_duplicate_student_id - assert 201 == 400
2026-01-27T12:54:47.8655241Z  +  where 201 = <Response [201 Created]>.status_code
2026-01-27T12:54:47.8655722Z FAILED tests/test_students.py::TestStudentRegistration::test_register_duplicate_email - assert 201 == 400
2026-01-27T12:54:47.8656210Z  +  where 201 = <Response [201 Created]>.status_code
2026-01-27T12:54:47.8656752Z FAILED tests/test_students.py::TestStudentLogin::test_login_success - assert False is True
2026-01-27T12:54:47.8657375Z FAILED tests/test_students.py::TestStudentLogin::test_login_with_email_verification - assert False is True
2026-01-27T12:54:47.8658165Z FAILED tests/test_students.py::TestStudentLogin::test_login_email_mismatch - assert "Student with..._1' not found" == 'Email verification failed'
2026-01-27T12:54:47.8658734Z   
2026-01-27T12:54:47.8658903Z   - Email verification failed
2026-01-27T12:54:47.8659147Z   + Student with ID 'TEST1769518474342_1' not found
2026-01-27T12:54:47.8659727Z FAILED tests/test_students.py::TestStudentList::test_list_default_pagination - assert 0 >= 15
2026-01-27T12:54:47.8660307Z FAILED tests/test_students.py::TestStudentList::test_list_custom_pagination - assert 0 >= 15
2026-01-27T12:54:47.8660861Z FAILED tests/test_students.py::TestStudentList::test_list_second_page - assert 0 >= 15
2026-01-27T12:54:47.8661408Z FAILED tests/test_students.py::TestStudentList::test_list_filter_by_course - assert 0 >= 10
2026-01-27T12:54:47.8661970Z FAILED tests/test_students.py::TestStudentList::test_list_page_size_boundary - assert 0 == 1
2026-01-27T12:54:47.8662371Z  +  where 0 = len([])
2026-01-27T12:54:47.8662712Z FAILED tests/test_students.py::TestStudentList::test_list_page_out_of_range - assert 0 >= 15
2026-01-27T12:54:47.8663255Z FAILED tests/test_students.py::TestStudentGet::test_get_success - assert 404 == 200
2026-01-27T12:54:47.8663667Z  +  where 404 = <Response [404 Not Found]>.status_code
2026-01-27T12:54:47.8664087Z FAILED tests/test_students.py::TestStudentUpdate::test_update_success - assert 404 == 200
2026-01-27T12:54:47.8664519Z  +  where 404 = <Response [404 Not Found]>.status_code
2026-01-27T12:54:47.8665063Z FAILED tests/test_students.py::TestStudentUpdate::test_update_partial_fields - assert 404 == 200
2026-01-27T12:54:47.8665519Z  +  where 404 = <Response [404 Not Found]>.status_code
2026-01-27T12:54:47.8665921Z FAILED tests/test_students.py::TestStudentUpdate::test_update_email - assert 404 == 200
2026-01-27T12:54:47.8666340Z  +  where 404 = <Response [404 Not Found]>.status_code
2026-01-27T12:54:47.8666882Z FAILED tests/test_students.py::TestStudentUpdate::test_update_duplicate_email - assert 404 == 400
2026-01-27T12:54:47.8667336Z  +  where 404 = <Response [404 Not Found]>.status_code
2026-01-27T12:54:47.8667753Z FAILED tests/test_students.py::TestStudentDelete::test_delete_success - assert 404 == 200
2026-01-27T12:54:47.8668194Z  +  where 404 = <Response [404 Not Found]>.status_code
2026-01-27T12:54:48.2783030Z =========== 30 failed, 210 passed, 4 skipped, 15 warnings in 43.19s ============
2026-01-27T12:54:48.6570360Z ##[error]Process completed with exit code 1.
2026-01-27T12:54:48.6685407Z Post job cleanup.
2026-01-27T12:54:48.7608766Z [command]/usr/bin/git version
2026-01-27T12:54:48.7643811Z git version 2.52.0
2026-01-27T12:54:48.7686991Z Temporarily overriding HOME='/home/runner/work/_temp/060fc011-61b5-4720-8838-1c2ec9ad6acc' before making global git config changes
2026-01-27T12:54:48.7688365Z Adding repository directory to the temporary git global config as a safe directory
2026-01-27T12:54:48.7693477Z [command]/usr/bin/git config --global --add safe.directory /home/runner/work/ai-teaching-assistant/ai-teaching-assistant
2026-01-27T12:54:48.7729416Z [command]/usr/bin/git config --local --name-only --get-regexp core\.sshCommand
2026-01-27T12:54:48.7761485Z [command]/usr/bin/git submodule foreach --recursive sh -c "git config --local --name-only --get-regexp 'core\.sshCommand' && git config --local --unset-all 'core.sshCommand' || :"
2026-01-27T12:54:48.7989741Z [command]/usr/bin/git config --local --name-only --get-regexp http\.https\:\/\/github\.com\/\.extraheader
2026-01-27T12:54:48.8010315Z http.https://github.com/.extraheader
2026-01-27T12:54:48.8022890Z [command]/usr/bin/git config --local --unset-all http.https://github.com/.extraheader
2026-01-27T12:54:48.8053047Z [command]/usr/bin/git submodule foreach --recursive sh -c "git config --local --name-only --get-regexp 'http\.https\:\/\/github\.com\/\.extraheader' && git config --local --unset-all 'http.https://github.com/.extraheader' || :"
2026-01-27T12:54:48.8278174Z [command]/usr/bin/git config --local --name-only --get-regexp ^includeIf\.gitdir:
2026-01-27T12:54:48.8308044Z [command]/usr/bin/git submodule foreach --recursive git config --local --show-origin --name-only --get-regexp remote.origin.url
2026-01-27T12:54:48.8628534Z Cleaning up orphan processes
