2026-01-27T13:05:59.3435722Z Current runner version: '2.331.0'
2026-01-27T13:05:59.3464005Z ##[group]Runner Image Provisioner
2026-01-27T13:05:59.3465002Z Hosted Compute Agent
2026-01-27T13:05:59.3465521Z Version: 20260115.477
2026-01-27T13:05:59.3466164Z Commit: 4b342d620503cbe250a3154040964899ea7c9b00
2026-01-27T13:05:59.3466833Z Build Date: 2026-01-15T22:32:41Z
2026-01-27T13:05:59.3467471Z Worker ID: {a912ed25-84c1-42f7-93bc-8079adaff290}
2026-01-27T13:05:59.3468133Z Azure Region: westus
2026-01-27T13:05:59.3469230Z ##[endgroup]
2026-01-27T13:05:59.3470778Z ##[group]Operating System
2026-01-27T13:05:59.3471394Z Ubuntu
2026-01-27T13:05:59.3471980Z 24.04.3
2026-01-27T13:05:59.3472422Z LTS
2026-01-27T13:05:59.3472913Z ##[endgroup]
2026-01-27T13:05:59.3473478Z ##[group]Runner Image
2026-01-27T13:05:59.3474075Z Image: ubuntu-24.04
2026-01-27T13:05:59.3474575Z Version: 20260119.4.1
2026-01-27T13:05:59.3475906Z Included Software: https://github.com/actions/runner-images/blob/ubuntu24/20260119.4/images/ubuntu/Ubuntu2404-Readme.md
2026-01-27T13:05:59.3477424Z Image Release: https://github.com/actions/runner-images/releases/tag/ubuntu24%2F20260119.4
2026-01-27T13:05:59.3478433Z ##[endgroup]
2026-01-27T13:05:59.3479743Z ##[group]GITHUB_TOKEN Permissions
2026-01-27T13:05:59.3481941Z Contents: read
2026-01-27T13:05:59.3482503Z Metadata: read
2026-01-27T13:05:59.3483009Z Packages: read
2026-01-27T13:05:59.3483532Z ##[endgroup]
2026-01-27T13:05:59.3486083Z Secret source: Actions
2026-01-27T13:05:59.3486801Z Prepare workflow directory
2026-01-27T13:05:59.3920613Z Prepare all required actions
2026-01-27T13:05:59.3963713Z Getting action download info
2026-01-27T13:05:59.9145852Z Download action repository 'actions/checkout@v4' (SHA:34e114876b0b11c390a56381ad16ebd13914f8d5)
2026-01-27T13:06:00.0590515Z Download action repository 'actions/setup-python@v4' (SHA:7f4fc3e22c37d6ff65e88745f38bd3157c663f7c)
2026-01-27T13:06:00.1434036Z Download action repository 'actions/cache@v3' (SHA:6f8efc29b200d32929f49075959781ed54ec270c)
2026-01-27T13:06:00.4140533Z Complete job name: backend-test (3.11)
2026-01-27T13:06:00.4861919Z ##[group]Run actions/checkout@v4
2026-01-27T13:06:00.4862824Z with:
2026-01-27T13:06:00.4863269Z   repository: sst2020/ai-teaching-assistant
2026-01-27T13:06:00.4864093Z   token: ***
2026-01-27T13:06:00.4864482Z   ssh-strict: true
2026-01-27T13:06:00.4864863Z   ssh-user: git
2026-01-27T13:06:00.4865260Z   persist-credentials: true
2026-01-27T13:06:00.4865704Z   clean: true
2026-01-27T13:06:00.4866106Z   sparse-checkout-cone-mode: true
2026-01-27T13:06:00.4866590Z   fetch-depth: 1
2026-01-27T13:06:00.4866988Z   fetch-tags: false
2026-01-27T13:06:00.4867383Z   show-progress: true
2026-01-27T13:06:00.4867776Z   lfs: false
2026-01-27T13:06:00.4868155Z   submodules: false
2026-01-27T13:06:00.4868568Z   set-safe-directory: true
2026-01-27T13:06:00.4869439Z ##[endgroup]
2026-01-27T13:06:00.6097718Z Syncing repository: sst2020/ai-teaching-assistant
2026-01-27T13:06:00.6100711Z ##[group]Getting Git version info
2026-01-27T13:06:00.6101768Z Working directory is '/home/runner/work/ai-teaching-assistant/ai-teaching-assistant'
2026-01-27T13:06:00.6103066Z [command]/usr/bin/git version
2026-01-27T13:06:00.6180750Z git version 2.52.0
2026-01-27T13:06:00.6211421Z ##[endgroup]
2026-01-27T13:06:00.6230332Z Temporarily overriding HOME='/home/runner/work/_temp/d479c907-40ef-4197-85e8-f82c0ea8c1a3' before making global git config changes
2026-01-27T13:06:00.6232813Z Adding repository directory to the temporary git global config as a safe directory
2026-01-27T13:06:00.6249229Z [command]/usr/bin/git config --global --add safe.directory /home/runner/work/ai-teaching-assistant/ai-teaching-assistant
2026-01-27T13:06:00.6301829Z Deleting the contents of '/home/runner/work/ai-teaching-assistant/ai-teaching-assistant'
2026-01-27T13:06:00.6307004Z ##[group]Initializing the repository
2026-01-27T13:06:00.6313082Z [command]/usr/bin/git init /home/runner/work/ai-teaching-assistant/ai-teaching-assistant
2026-01-27T13:06:00.6453079Z hint: Using 'master' as the name for the initial branch. This default branch name
2026-01-27T13:06:00.6455906Z hint: will change to "main" in Git 3.0. To configure the initial branch name
2026-01-27T13:06:00.6457835Z hint: to use in all of your new repositories, which will suppress this warning,
2026-01-27T13:06:00.6459777Z hint: call:
2026-01-27T13:06:00.6460624Z hint:
2026-01-27T13:06:00.6462066Z hint: 	git config --global init.defaultBranch <name>
2026-01-27T13:06:00.6463393Z hint:
2026-01-27T13:06:00.6464430Z hint: Names commonly chosen instead of 'master' are 'main', 'trunk' and
2026-01-27T13:06:00.6466340Z hint: 'development'. The just-created branch can be renamed via this command:
2026-01-27T13:06:00.6467577Z hint:
2026-01-27T13:06:00.6468196Z hint: 	git branch -m <name>
2026-01-27T13:06:00.6469242Z hint:
2026-01-27T13:06:00.6470198Z hint: Disable this message with "git config set advice.defaultBranchName false"
2026-01-27T13:06:00.6472284Z Initialized empty Git repository in /home/runner/work/ai-teaching-assistant/ai-teaching-assistant/.git/
2026-01-27T13:06:00.6475708Z [command]/usr/bin/git remote add origin https://github.com/sst2020/ai-teaching-assistant
2026-01-27T13:06:00.6518593Z ##[endgroup]
2026-01-27T13:06:00.6520201Z ##[group]Disabling automatic garbage collection
2026-01-27T13:06:00.6524394Z [command]/usr/bin/git config --local gc.auto 0
2026-01-27T13:06:00.6559413Z ##[endgroup]
2026-01-27T13:06:00.6560703Z ##[group]Setting up auth
2026-01-27T13:06:00.6567998Z [command]/usr/bin/git config --local --name-only --get-regexp core\.sshCommand
2026-01-27T13:06:00.6605221Z [command]/usr/bin/git submodule foreach --recursive sh -c "git config --local --name-only --get-regexp 'core\.sshCommand' && git config --local --unset-all 'core.sshCommand' || :"
2026-01-27T13:06:00.7075004Z [command]/usr/bin/git config --local --name-only --get-regexp http\.https\:\/\/github\.com\/\.extraheader
2026-01-27T13:06:00.7113378Z [command]/usr/bin/git submodule foreach --recursive sh -c "git config --local --name-only --get-regexp 'http\.https\:\/\/github\.com\/\.extraheader' && git config --local --unset-all 'http.https://github.com/.extraheader' || :"
2026-01-27T13:06:00.7372481Z [command]/usr/bin/git config --local --name-only --get-regexp ^includeIf\.gitdir:
2026-01-27T13:06:00.7410839Z [command]/usr/bin/git submodule foreach --recursive git config --local --show-origin --name-only --get-regexp remote.origin.url
2026-01-27T13:06:00.7665454Z [command]/usr/bin/git config --local http.https://github.com/.extraheader AUTHORIZATION: basic ***
2026-01-27T13:06:00.7703493Z ##[endgroup]
2026-01-27T13:06:00.7704334Z ##[group]Fetching the repository
2026-01-27T13:06:00.7713288Z [command]/usr/bin/git -c protocol.version=2 fetch --no-tags --prune --no-recurse-submodules --depth=1 origin +0305ad21ddaae707cfb1c920ad5fba9bd3bcbd90:refs/remotes/origin/main
2026-01-27T13:06:01.3636557Z From https://github.com/sst2020/ai-teaching-assistant
2026-01-27T13:06:01.3637942Z  * [new ref]         0305ad21ddaae707cfb1c920ad5fba9bd3bcbd90 -> origin/main
2026-01-27T13:06:01.3674975Z ##[endgroup]
2026-01-27T13:06:01.3676627Z ##[group]Determining the checkout info
2026-01-27T13:06:01.3677953Z ##[endgroup]
2026-01-27T13:06:01.3681559Z [command]/usr/bin/git sparse-checkout disable
2026-01-27T13:06:01.3730513Z [command]/usr/bin/git config --local --unset-all extensions.worktreeConfig
2026-01-27T13:06:01.3763273Z ##[group]Checking out the ref
2026-01-27T13:06:01.3768041Z [command]/usr/bin/git checkout --progress --force -B main refs/remotes/origin/main
2026-01-27T13:06:01.4078242Z Switched to a new branch 'main'
2026-01-27T13:06:01.4080136Z branch 'main' set up to track 'origin/main'.
2026-01-27T13:06:01.4088460Z ##[endgroup]
2026-01-27T13:06:01.4132636Z [command]/usr/bin/git log -1 --format=%H
2026-01-27T13:06:01.4160763Z 0305ad21ddaae707cfb1c920ad5fba9bd3bcbd90
2026-01-27T13:06:01.4604540Z ##[group]Run actions/setup-python@v4
2026-01-27T13:06:01.4606446Z with:
2026-01-27T13:06:01.4607788Z   python-version: 3.11
2026-01-27T13:06:01.4609608Z   check-latest: false
2026-01-27T13:06:01.4611690Z   token: ***
2026-01-27T13:06:01.4613662Z   update-environment: true
2026-01-27T13:06:01.4615381Z   allow-prereleases: false
2026-01-27T13:06:01.4617058Z ##[endgroup]
2026-01-27T13:06:01.6535371Z ##[group]Installed versions
2026-01-27T13:06:01.6654253Z Successfully set up CPython (3.11.14)
2026-01-27T13:06:01.6657282Z ##[endgroup]
2026-01-27T13:06:01.7987137Z ##[group]Run actions/cache@v3
2026-01-27T13:06:01.7988235Z with:
2026-01-27T13:06:01.7989385Z   path: ~/.cache/pip
2026-01-27T13:06:01.7990945Z   key: Linux-pip-f4e97e6f7633a41b8f0d5f5f4959c7ff93e194c73bd0134573d2fdf632fe88b2
2026-01-27T13:06:01.7992760Z   restore-keys: Linux-pip-

2026-01-27T13:06:01.7993771Z   enableCrossOsArchive: false
2026-01-27T13:06:01.7994784Z   fail-on-cache-miss: false
2026-01-27T13:06:01.7995738Z   lookup-only: false
2026-01-27T13:06:01.7996570Z env:
2026-01-27T13:06:01.7997558Z   pythonLocation: /opt/hostedtoolcache/Python/3.11.14/x64
2026-01-27T13:06:01.7999607Z   PKG_CONFIG_PATH: /opt/hostedtoolcache/Python/3.11.14/x64/lib/pkgconfig
2026-01-27T13:06:01.8001452Z   Python_ROOT_DIR: /opt/hostedtoolcache/Python/3.11.14/x64
2026-01-27T13:06:01.8003030Z   Python2_ROOT_DIR: /opt/hostedtoolcache/Python/3.11.14/x64
2026-01-27T13:06:01.8004627Z   Python3_ROOT_DIR: /opt/hostedtoolcache/Python/3.11.14/x64
2026-01-27T13:06:01.8006314Z   LD_LIBRARY_PATH: /opt/hostedtoolcache/Python/3.11.14/x64/lib
2026-01-27T13:06:01.8007661Z ##[endgroup]
2026-01-27T13:06:02.2516699Z Cache not found for input keys: Linux-pip-f4e97e6f7633a41b8f0d5f5f4959c7ff93e194c73bd0134573d2fdf632fe88b2, Linux-pip-
2026-01-27T13:06:02.2715990Z ##[group]Run python -m pip install --upgrade pip
2026-01-27T13:06:02.2717478Z [36;1mpython -m pip install --upgrade pip[0m
2026-01-27T13:06:02.2718861Z [36;1mpip install -r requirements.txt[0m
2026-01-27T13:06:02.2720101Z [36;1mpip install pytest pytest-cov ruff mypy[0m
2026-01-27T13:06:02.2765945Z shell: /usr/bin/bash -e {0}
2026-01-27T13:06:02.2766871Z env:
2026-01-27T13:06:02.2767818Z   pythonLocation: /opt/hostedtoolcache/Python/3.11.14/x64
2026-01-27T13:06:02.2769839Z   PKG_CONFIG_PATH: /opt/hostedtoolcache/Python/3.11.14/x64/lib/pkgconfig
2026-01-27T13:06:02.2771497Z   Python_ROOT_DIR: /opt/hostedtoolcache/Python/3.11.14/x64
2026-01-27T13:06:02.2772991Z   Python2_ROOT_DIR: /opt/hostedtoolcache/Python/3.11.14/x64
2026-01-27T13:06:02.2774478Z   Python3_ROOT_DIR: /opt/hostedtoolcache/Python/3.11.14/x64
2026-01-27T13:06:02.2776001Z   LD_LIBRARY_PATH: /opt/hostedtoolcache/Python/3.11.14/x64/lib
2026-01-27T13:06:02.2777254Z ##[endgroup]
2026-01-27T13:06:05.0732325Z Requirement already satisfied: pip in /opt/hostedtoolcache/Python/3.11.14/x64/lib/python3.11/site-packages (25.3)
2026-01-27T13:06:06.2792182Z Collecting fastapi>=0.104.0 (from -r requirements.txt (line 6))
2026-01-27T13:06:06.3370204Z   Downloading fastapi-0.128.0-py3-none-any.whl.metadata (30 kB)
2026-01-27T13:06:06.3967975Z Collecting uvicorn>=0.24.0 (from uvicorn[standard]>=0.24.0->-r requirements.txt (line 7))
2026-01-27T13:06:06.4009871Z   Downloading uvicorn-0.40.0-py3-none-any.whl.metadata (6.7 kB)
2026-01-27T13:06:06.4285678Z Collecting python-multipart>=0.0.6 (from -r requirements.txt (line 8))
2026-01-27T13:06:06.4325917Z   Downloading python_multipart-0.0.22-py3-none-any.whl.metadata (1.8 kB)
2026-01-27T13:06:06.5590438Z Collecting pydantic>=2.5.0 (from pydantic[email]>=2.5.0->-r requirements.txt (line 11))
2026-01-27T13:06:06.5628526Z   Downloading pydantic-2.12.5-py3-none-any.whl.metadata (90 kB)
2026-01-27T13:06:06.5944240Z Collecting pydantic-settings>=2.1.0 (from -r requirements.txt (line 12))
2026-01-27T13:06:06.5985007Z   Downloading pydantic_settings-2.12.0-py3-none-any.whl.metadata (3.4 kB)
2026-01-27T13:06:06.6149544Z Collecting email-validator>=2.0.0 (from -r requirements.txt (line 13))
2026-01-27T13:06:06.6184744Z   Downloading email_validator-2.3.0-py3-none-any.whl.metadata (26 kB)
2026-01-27T13:06:06.6433655Z Collecting httpx>=0.25.0 (from -r requirements.txt (line 16))
2026-01-27T13:06:06.6475214Z   Downloading httpx-0.28.1-py3-none-any.whl.metadata (7.1 kB)
2026-01-27T13:06:07.1585212Z Collecting aiohttp>=3.9.0 (from -r requirements.txt (line 17))
2026-01-27T13:06:07.1630098Z   Downloading aiohttp-3.13.3-cp311-cp311-manylinux2014_x86_64.manylinux_2_17_x86_64.manylinux_2_28_x86_64.whl.metadata (8.1 kB)
2026-01-27T13:06:07.1812256Z Collecting aiofiles>=23.2.0 (from -r requirements.txt (line 20))
2026-01-27T13:06:07.1845095Z   Downloading aiofiles-25.1.0-py3-none-any.whl.metadata (6.3 kB)
2026-01-27T13:06:07.4987718Z Collecting sqlalchemy>=2.0.0 (from -r requirements.txt (line 23))
2026-01-27T13:06:07.5027074Z   Downloading sqlalchemy-2.0.46-cp311-cp311-manylinux2014_x86_64.manylinux_2_17_x86_64.manylinux_2_28_x86_64.whl.metadata (9.5 kB)
2026-01-27T13:06:07.5237056Z Collecting aiosqlite>=0.19.0 (from -r requirements.txt (line 24))
2026-01-27T13:06:07.5286546Z   Downloading aiosqlite-0.22.1-py3-none-any.whl.metadata (4.3 kB)
2026-01-27T13:06:07.5776826Z Collecting asyncpg>=0.29.0 (from -r requirements.txt (line 25))
2026-01-27T13:06:07.5817114Z   Downloading asyncpg-0.31.0-cp311-cp311-manylinux2014_x86_64.manylinux_2_17_x86_64.manylinux_2_28_x86_64.whl.metadata (4.4 kB)
2026-01-27T13:06:07.6483920Z Collecting psycopg2-binary>=2.9.0 (from -r requirements.txt (line 26))
2026-01-27T13:06:07.6528436Z   Downloading psycopg2_binary-2.9.11-cp311-cp311-manylinux2014_x86_64.manylinux_2_17_x86_64.whl.metadata (4.9 kB)
2026-01-27T13:06:07.6809810Z Collecting alembic>=1.13.0 (from -r requirements.txt (line 27))
2026-01-27T13:06:07.6850618Z   Downloading alembic-1.18.1-py3-none-any.whl.metadata (7.2 kB)
2026-01-27T13:06:07.7579476Z Collecting openai>=1.3.0 (from -r requirements.txt (line 30))
2026-01-27T13:06:07.7621479Z   Downloading openai-2.15.0-py3-none-any.whl.metadata (29 kB)
2026-01-27T13:06:07.8069762Z Collecting tiktoken>=0.5.0 (from -r requirements.txt (line 31))
2026-01-27T13:06:07.8104824Z   Downloading tiktoken-0.12.0-cp311-cp311-manylinux_2_28_x86_64.whl.metadata (6.7 kB)
2026-01-27T13:06:07.8245651Z Collecting python-docx>=1.0.0 (from -r requirements.txt (line 40))
2026-01-27T13:06:07.8284487Z   Downloading python_docx-1.2.0-py3-none-any.whl.metadata (2.0 kB)
2026-01-27T13:06:07.8510279Z Collecting PyPDF2>=3.0.0 (from -r requirements.txt (line 41))
2026-01-27T13:06:07.8548267Z   Downloading pypdf2-3.0.1-py3-none-any.whl.metadata (6.8 kB)
2026-01-27T13:06:07.8793533Z Collecting pycodestyle>=2.11.0 (from -r requirements.txt (line 44))
2026-01-27T13:06:07.8840011Z   Downloading pycodestyle-2.14.0-py2.py3-none-any.whl.metadata (4.5 kB)
2026-01-27T13:06:07.9110862Z Collecting radon>=6.0.0 (from -r requirements.txt (line 45))
2026-01-27T13:06:07.9152712Z   Downloading radon-6.0.1-py2.py3-none-any.whl.metadata (8.2 kB)
2026-01-27T13:06:07.9560072Z Collecting pylint>=3.0.0 (from -r requirements.txt (line 46))
2026-01-27T13:06:07.9597589Z   Downloading pylint-4.0.4-py3-none-any.whl.metadata (12 kB)
2026-01-27T13:06:07.9811470Z Collecting bandit>=1.7.0 (from -r requirements.txt (line 47))
2026-01-27T13:06:07.9848208Z   Downloading bandit-1.9.3-py3-none-any.whl.metadata (7.1 kB)
2026-01-27T13:06:08.0240831Z Collecting pytest>=7.4.0 (from -r requirements.txt (line 50))
2026-01-27T13:06:08.0279981Z   Downloading pytest-9.0.2-py3-none-any.whl.metadata (7.6 kB)
2026-01-27T13:06:08.0539897Z Collecting pytest-asyncio>=0.21.0 (from -r requirements.txt (line 51))
2026-01-27T13:06:08.0579437Z   Downloading pytest_asyncio-1.3.0-py3-none-any.whl.metadata (4.1 kB)
2026-01-27T13:06:08.0765179Z Collecting pytest-cov>=4.1.0 (from -r requirements.txt (line 52))
2026-01-27T13:06:08.0801662Z   Downloading pytest_cov-7.0.0-py3-none-any.whl.metadata (31 kB)
2026-01-27T13:06:08.1012639Z Collecting python-dotenv>=1.0.0 (from -r requirements.txt (line 56))
2026-01-27T13:06:08.1049945Z   Downloading python_dotenv-1.2.1-py3-none-any.whl.metadata (25 kB)
2026-01-27T13:06:08.1612589Z Collecting black>=23.0.0 (from -r requirements.txt (line 57))
2026-01-27T13:06:08.1653207Z   Downloading black-26.1.0-cp311-cp311-manylinux2014_x86_64.manylinux_2_17_x86_64.manylinux_2_28_x86_64.whl.metadata (88 kB)
2026-01-27T13:06:08.2039302Z Collecting isort>=5.12.0 (from -r requirements.txt (line 58))
2026-01-27T13:06:08.2113117Z   Downloading isort-7.0.0-py3-none-any.whl.metadata (11 kB)
2026-01-27T13:06:08.3709658Z Collecting mypy>=1.7.0 (from -r requirements.txt (line 59))
2026-01-27T13:06:08.3745378Z   Downloading mypy-1.19.1-cp311-cp311-manylinux2014_x86_64.manylinux_2_17_x86_64.manylinux_2_28_x86_64.whl.metadata (2.2 kB)
2026-01-27T13:06:08.7782401Z Collecting ruff>=0.1.0 (from -r requirements.txt (line 60))
2026-01-27T13:06:08.7821780Z   Downloading ruff-0.14.14-py3-none-manylinux_2_17_x86_64.manylinux2014_x86_64.whl.metadata (26 kB)
2026-01-27T13:06:08.8027670Z Collecting cachetools>=5.3.0 (from -r requirements.txt (line 63))
2026-01-27T13:06:08.8064158Z   Downloading cachetools-6.2.5-py3-none-any.whl.metadata (5.6 kB)
2026-01-27T13:06:08.8205969Z Collecting loguru>=0.7.0 (from -r requirements.txt (line 66))
2026-01-27T13:06:08.8245044Z   Downloading loguru-0.7.3-py3-none-any.whl.metadata (22 kB)
2026-01-27T13:06:08.8470707Z Collecting python-jose>=3.3.0 (from python-jose[cryptography]>=3.3.0->-r requirements.txt (line 69))
2026-01-27T13:06:08.8516779Z   Downloading python_jose-3.5.0-py2.py3-none-any.whl.metadata (5.5 kB)
2026-01-27T13:06:08.8672143Z Collecting passlib>=1.7.0 (from passlib[bcrypt]>=1.7.0->-r requirements.txt (line 70))
2026-01-27T13:06:08.8709234Z   Downloading passlib-1.7.4-py2.py3-none-any.whl.metadata (1.7 kB)
2026-01-27T13:06:08.9120255Z Collecting starlette<0.51.0,>=0.40.0 (from fastapi>=0.104.0->-r requirements.txt (line 6))
2026-01-27T13:06:08.9159528Z   Downloading starlette-0.50.0-py3-none-any.whl.metadata (6.3 kB)
2026-01-27T13:06:08.9467569Z Collecting typing-extensions>=4.8.0 (from fastapi>=0.104.0->-r requirements.txt (line 6))
2026-01-27T13:06:08.9504872Z   Downloading typing_extensions-4.15.0-py3-none-any.whl.metadata (3.3 kB)
2026-01-27T13:06:08.9620124Z Collecting annotated-doc>=0.0.2 (from fastapi>=0.104.0->-r requirements.txt (line 6))
2026-01-27T13:06:08.9656718Z   Downloading annotated_doc-0.0.4-py3-none-any.whl.metadata (6.6 kB)
2026-01-27T13:06:08.9876116Z Collecting anyio<5,>=3.6.2 (from starlette<0.51.0,>=0.40.0->fastapi>=0.104.0->-r requirements.txt (line 6))
2026-01-27T13:06:09.0007920Z   Downloading anyio-4.12.1-py3-none-any.whl.metadata (4.3 kB)
2026-01-27T13:06:09.0217461Z Collecting idna>=2.8 (from anyio<5,>=3.6.2->starlette<0.51.0,>=0.40.0->fastapi>=0.104.0->-r requirements.txt (line 6))
2026-01-27T13:06:09.0253459Z   Downloading idna-3.11-py3-none-any.whl.metadata (8.4 kB)
2026-01-27T13:06:09.0513453Z Collecting click>=7.0 (from uvicorn>=0.24.0->uvicorn[standard]>=0.24.0->-r requirements.txt (line 7))
2026-01-27T13:06:09.0554174Z   Downloading click-8.3.1-py3-none-any.whl.metadata (2.6 kB)
2026-01-27T13:06:09.0688150Z Collecting h11>=0.8 (from uvicorn>=0.24.0->uvicorn[standard]>=0.24.0->-r requirements.txt (line 7))
2026-01-27T13:06:09.0730885Z   Downloading h11-0.16.0-py3-none-any.whl.metadata (8.3 kB)
2026-01-27T13:06:09.0881536Z Collecting annotated-types>=0.6.0 (from pydantic>=2.5.0->pydantic[email]>=2.5.0->-r requirements.txt (line 11))
2026-01-27T13:06:09.0919186Z   Downloading annotated_types-0.7.0-py3-none-any.whl.metadata (15 kB)
2026-01-27T13:06:09.8069354Z Collecting pydantic-core==2.41.5 (from pydantic>=2.5.0->pydantic[email]>=2.5.0->-r requirements.txt (line 11))
2026-01-27T13:06:09.8107101Z   Downloading pydantic_core-2.41.5-cp311-cp311-manylinux_2_17_x86_64.manylinux2014_x86_64.whl.metadata (7.3 kB)
2026-01-27T13:06:09.8264671Z Collecting typing-inspection>=0.4.2 (from pydantic>=2.5.0->pydantic[email]>=2.5.0->-r requirements.txt (line 11))
2026-01-27T13:06:09.8302522Z   Downloading typing_inspection-0.4.2-py3-none-any.whl.metadata (2.6 kB)
2026-01-27T13:06:09.8525812Z Collecting dnspython>=2.0.0 (from email-validator>=2.0.0->-r requirements.txt (line 13))
2026-01-27T13:06:09.8563776Z   Downloading dnspython-2.8.0-py3-none-any.whl.metadata (5.7 kB)
2026-01-27T13:06:09.8854747Z Collecting certifi (from httpx>=0.25.0->-r requirements.txt (line 16))
2026-01-27T13:06:09.8889532Z   Downloading certifi-2026.1.4-py3-none-any.whl.metadata (2.5 kB)
2026-01-27T13:06:09.9093491Z Collecting httpcore==1.* (from httpx>=0.25.0->-r requirements.txt (line 16))
2026-01-27T13:06:09.9127319Z   Downloading httpcore-1.0.9-py3-none-any.whl.metadata (21 kB)
2026-01-27T13:06:09.9343922Z Collecting aiohappyeyeballs>=2.5.0 (from aiohttp>=3.9.0->-r requirements.txt (line 17))
2026-01-27T13:06:09.9382479Z   Downloading aiohappyeyeballs-2.6.1-py3-none-any.whl.metadata (5.9 kB)
2026-01-27T13:06:09.9519113Z Collecting aiosignal>=1.4.0 (from aiohttp>=3.9.0->-r requirements.txt (line 17))
2026-01-27T13:06:09.9554664Z   Downloading aiosignal-1.4.0-py3-none-any.whl.metadata (3.7 kB)
2026-01-27T13:06:09.9734227Z Collecting attrs>=17.3.0 (from aiohttp>=3.9.0->-r requirements.txt (line 17))
2026-01-27T13:06:09.9772789Z   Downloading attrs-25.4.0-py3-none-any.whl.metadata (10 kB)
2026-01-27T13:06:10.0488077Z Collecting frozenlist>=1.1.1 (from aiohttp>=3.9.0->-r requirements.txt (line 17))
2026-01-27T13:06:10.0534038Z   Downloading frozenlist-1.8.0-cp311-cp311-manylinux1_x86_64.manylinux_2_28_x86_64.manylinux_2_5_x86_64.whl.metadata (20 kB)
2026-01-27T13:06:10.2953334Z Collecting multidict<7.0,>=4.5 (from aiohttp>=3.9.0->-r requirements.txt (line 17))
2026-01-27T13:06:10.2988990Z   Downloading multidict-6.7.1-cp311-cp311-manylinux2014_x86_64.manylinux_2_17_x86_64.manylinux_2_28_x86_64.whl.metadata (5.3 kB)
2026-01-27T13:06:10.4517015Z Collecting propcache>=0.2.0 (from aiohttp>=3.9.0->-r requirements.txt (line 17))
2026-01-27T13:06:10.4580624Z   Downloading propcache-0.4.1-cp311-cp311-manylinux2014_x86_64.manylinux_2_17_x86_64.manylinux_2_28_x86_64.whl.metadata (13 kB)
2026-01-27T13:06:10.7120270Z Collecting yarl<2.0,>=1.17.0 (from aiohttp>=3.9.0->-r requirements.txt (line 17))
2026-01-27T13:06:10.7156199Z   Downloading yarl-1.22.0-cp311-cp311-manylinux2014_x86_64.manylinux_2_17_x86_64.manylinux_2_28_x86_64.whl.metadata (75 kB)
2026-01-27T13:06:10.8611845Z Collecting greenlet>=1 (from sqlalchemy>=2.0.0->-r requirements.txt (line 23))
2026-01-27T13:06:10.8646347Z   Downloading greenlet-3.3.1-cp311-cp311-manylinux_2_24_x86_64.manylinux_2_28_x86_64.whl.metadata (3.7 kB)
2026-01-27T13:06:10.9078465Z Collecting Mako (from alembic>=1.13.0->-r requirements.txt (line 27))
2026-01-27T13:06:10.9115264Z   Downloading mako-1.3.10-py3-none-any.whl.metadata (2.9 kB)
2026-01-27T13:06:10.9341967Z Collecting distro<2,>=1.7.0 (from openai>=1.3.0->-r requirements.txt (line 30))
2026-01-27T13:06:10.9374731Z   Downloading distro-1.9.0-py3-none-any.whl.metadata (6.8 kB)
2026-01-27T13:06:11.0157047Z Collecting jiter<1,>=0.10.0 (from openai>=1.3.0->-r requirements.txt (line 30))
2026-01-27T13:06:11.0193869Z   Downloading jiter-0.12.0-cp311-cp311-manylinux_2_17_x86_64.manylinux2014_x86_64.whl.metadata (5.2 kB)
2026-01-27T13:06:11.0484884Z Collecting sniffio (from openai>=1.3.0->-r requirements.txt (line 30))
2026-01-27T13:06:11.0517124Z   Downloading sniffio-1.3.1-py3-none-any.whl.metadata (3.9 kB)
2026-01-27T13:06:11.0882536Z Collecting tqdm>4 (from openai>=1.3.0->-r requirements.txt (line 30))
2026-01-27T13:06:11.0920310Z   Downloading tqdm-4.67.1-py3-none-any.whl.metadata (57 kB)
2026-01-27T13:06:11.5626201Z Collecting regex>=2022.1.18 (from tiktoken>=0.5.0->-r requirements.txt (line 31))
2026-01-27T13:06:11.5660772Z   Downloading regex-2026.1.15-cp311-cp311-manylinux2014_x86_64.manylinux_2_17_x86_64.manylinux_2_28_x86_64.whl.metadata (40 kB)
2026-01-27T13:06:11.5975581Z Collecting requests>=2.26.0 (from tiktoken>=0.5.0->-r requirements.txt (line 31))
2026-01-27T13:06:11.6010148Z   Downloading requests-2.32.5-py3-none-any.whl.metadata (4.9 kB)
2026-01-27T13:06:11.7883948Z Collecting lxml>=3.1.0 (from python-docx>=1.0.0->-r requirements.txt (line 40))
2026-01-27T13:06:11.7931414Z   Downloading lxml-6.0.2-cp311-cp311-manylinux_2_26_x86_64.manylinux_2_28_x86_64.whl.metadata (3.6 kB)
2026-01-27T13:06:11.8156994Z Collecting mando<0.8,>=0.6 (from radon>=6.0.0->-r requirements.txt (line 45))
2026-01-27T13:06:11.8191304Z   Downloading mando-0.7.1-py2.py3-none-any.whl.metadata (7.4 kB)
2026-01-27T13:06:11.8373555Z Collecting colorama>=0.4.1 (from radon>=6.0.0->-r requirements.txt (line 45))
2026-01-27T13:06:11.8411509Z   Downloading colorama-0.4.6-py2.py3-none-any.whl.metadata (17 kB)
2026-01-27T13:06:11.8576365Z Collecting six (from mando<0.8,>=0.6->radon>=6.0.0->-r requirements.txt (line 45))
2026-01-27T13:06:11.8616444Z   Downloading six-1.17.0-py2.py3-none-any.whl.metadata (1.7 kB)
2026-01-27T13:06:11.8977407Z Collecting astroid<=4.1.dev0,>=4.0.2 (from pylint>=3.0.0->-r requirements.txt (line 46))
2026-01-27T13:06:11.9013504Z   Downloading astroid-4.0.3-py3-none-any.whl.metadata (4.4 kB)
2026-01-27T13:06:11.9235452Z Collecting dill>=0.3.6 (from pylint>=3.0.0->-r requirements.txt (line 46))
2026-01-27T13:06:11.9268583Z   Downloading dill-0.4.1-py3-none-any.whl.metadata (10 kB)
2026-01-27T13:06:11.9546990Z Collecting mccabe<0.8,>=0.6 (from pylint>=3.0.0->-r requirements.txt (line 46))
2026-01-27T13:06:11.9582968Z   Downloading mccabe-0.7.0-py2.py3-none-any.whl.metadata (5.0 kB)
2026-01-27T13:06:11.9789071Z Collecting platformdirs>=2.2 (from pylint>=3.0.0->-r requirements.txt (line 46))
2026-01-27T13:06:11.9823177Z   Downloading platformdirs-4.5.1-py3-none-any.whl.metadata (12 kB)
2026-01-27T13:06:12.0024829Z Collecting tomlkit>=0.10.1 (from pylint>=3.0.0->-r requirements.txt (line 46))
2026-01-27T13:06:12.0057141Z   Downloading tomlkit-0.14.0-py3-none-any.whl.metadata (2.8 kB)
2026-01-27T13:06:12.0567189Z Collecting PyYAML>=5.3.1 (from bandit>=1.7.0->-r requirements.txt (line 47))
2026-01-27T13:06:12.0603683Z   Downloading pyyaml-6.0.3-cp311-cp311-manylinux2014_x86_64.manylinux_2_17_x86_64.manylinux_2_28_x86_64.whl.metadata (2.4 kB)
2026-01-27T13:06:12.0869931Z Collecting stevedore>=1.20.0 (from bandit>=1.7.0->-r requirements.txt (line 47))
2026-01-27T13:06:12.0905875Z   Downloading stevedore-5.6.0-py3-none-any.whl.metadata (2.3 kB)
2026-01-27T13:06:12.1309453Z Collecting rich (from bandit>=1.7.0->-r requirements.txt (line 47))
2026-01-27T13:06:12.1355628Z   Downloading rich-14.3.1-py3-none-any.whl.metadata (18 kB)
2026-01-27T13:06:12.1500243Z Collecting iniconfig>=1.0.1 (from pytest>=7.4.0->-r requirements.txt (line 50))
2026-01-27T13:06:12.1535057Z   Downloading iniconfig-2.3.0-py3-none-any.whl.metadata (2.5 kB)
2026-01-27T13:06:12.1730312Z Collecting packaging>=22 (from pytest>=7.4.0->-r requirements.txt (line 50))
2026-01-27T13:06:12.1764560Z   Downloading packaging-26.0-py3-none-any.whl.metadata (3.3 kB)
2026-01-27T13:06:12.1905248Z Collecting pluggy<2,>=1.5 (from pytest>=7.4.0->-r requirements.txt (line 50))
2026-01-27T13:06:12.1939213Z   Downloading pluggy-1.6.0-py3-none-any.whl.metadata (4.8 kB)
2026-01-27T13:06:12.2145356Z Collecting pygments>=2.7.2 (from pytest>=7.4.0->-r requirements.txt (line 50))
2026-01-27T13:06:12.2179486Z   Downloading pygments-2.19.2-py3-none-any.whl.metadata (2.5 kB)
2026-01-27T13:06:12.5877683Z Collecting coverage>=7.10.6 (from coverage[toml]>=7.10.6->pytest-cov>=4.1.0->-r requirements.txt (line 52))
2026-01-27T13:06:12.5926978Z   Downloading coverage-7.13.2-cp311-cp311-manylinux1_x86_64.manylinux_2_28_x86_64.manylinux_2_5_x86_64.whl.metadata (8.5 kB)
2026-01-27T13:06:12.7638642Z Collecting mypy-extensions>=0.4.3 (from black>=23.0.0->-r requirements.txt (line 57))
2026-01-27T13:06:12.7676944Z   Downloading mypy_extensions-1.1.0-py3-none-any.whl.metadata (1.1 kB)
2026-01-27T13:06:12.7812379Z Collecting pathspec>=1.0.0 (from black>=23.0.0->-r requirements.txt (line 57))
2026-01-27T13:06:12.7849133Z   Downloading pathspec-1.0.4-py3-none-any.whl.metadata (13 kB)
2026-01-27T13:06:12.8145884Z Collecting pytokens>=0.3.0 (from black>=23.0.0->-r requirements.txt (line 57))
2026-01-27T13:06:12.8188587Z   Downloading pytokens-0.4.0-cp311-cp311-manylinux2014_x86_64.manylinux_2_17_x86_64.manylinux_2_28_x86_64.whl.metadata (3.8 kB)
2026-01-27T13:06:12.9167125Z Collecting librt>=0.6.2 (from mypy>=1.7.0->-r requirements.txt (line 59))
2026-01-27T13:06:12.9216420Z   Downloading librt-0.7.8-cp311-cp311-manylinux2014_x86_64.manylinux_2_17_x86_64.manylinux_2_28_x86_64.whl.metadata (1.3 kB)
2026-01-27T13:06:12.9434981Z Collecting ecdsa!=0.15 (from python-jose>=3.3.0->python-jose[cryptography]>=3.3.0->-r requirements.txt (line 69))
2026-01-27T13:06:12.9469238Z   Downloading ecdsa-0.19.1-py2.py3-none-any.whl.metadata (29 kB)
2026-01-27T13:06:12.9664621Z Collecting rsa!=4.1.1,!=4.4,<5.0,>=4.0 (from python-jose>=3.3.0->python-jose[cryptography]>=3.3.0->-r requirements.txt (line 69))
2026-01-27T13:06:12.9696610Z   Downloading rsa-4.9.1-py3-none-any.whl.metadata (5.6 kB)
2026-01-27T13:06:12.9905334Z Collecting pyasn1>=0.5.0 (from python-jose>=3.3.0->python-jose[cryptography]>=3.3.0->-r requirements.txt (line 69))
2026-01-27T13:06:12.9938503Z   Downloading pyasn1-0.6.2-py3-none-any.whl.metadata (8.4 kB)
2026-01-27T13:06:13.0919148Z Collecting bcrypt>=3.1.0 (from passlib[bcrypt]>=1.7.0->-r requirements.txt (line 70))
2026-01-27T13:06:13.0956299Z   Downloading bcrypt-5.0.0-cp39-abi3-manylinux_2_34_x86_64.whl.metadata (10 kB)
2026-01-27T13:06:13.2963197Z Collecting cryptography>=3.4.0 (from python-jose[cryptography]>=3.3.0->-r requirements.txt (line 69))
2026-01-27T13:06:13.2997323Z   Downloading cryptography-46.0.3-cp311-abi3-manylinux_2_34_x86_64.whl.metadata (5.7 kB)
2026-01-27T13:06:13.4248134Z Collecting cffi>=2.0.0 (from cryptography>=3.4.0->python-jose[cryptography]>=3.3.0->-r requirements.txt (line 69))
2026-01-27T13:06:13.4290170Z   Downloading cffi-2.0.0-cp311-cp311-manylinux2014_x86_64.manylinux_2_17_x86_64.whl.metadata (2.6 kB)
2026-01-27T13:06:13.7829209Z Collecting pycparser (from cffi>=2.0.0->cryptography>=3.4.0->python-jose[cryptography]>=3.3.0->-r requirements.txt (line 69))
2026-01-27T13:06:13.7862935Z   Downloading pycparser-3.0-py3-none-any.whl.metadata (8.2 kB)
2026-01-27T13:06:13.8821735Z Collecting charset_normalizer<4,>=2 (from requests>=2.26.0->tiktoken>=0.5.0->-r requirements.txt (line 31))
2026-01-27T13:06:13.8858627Z   Downloading charset_normalizer-3.4.4-cp311-cp311-manylinux2014_x86_64.manylinux_2_17_x86_64.manylinux_2_28_x86_64.whl.metadata (37 kB)
2026-01-27T13:06:13.9211648Z Collecting urllib3<3,>=1.21.1 (from requests>=2.26.0->tiktoken>=0.5.0->-r requirements.txt (line 31))
2026-01-27T13:06:13.9248635Z   Downloading urllib3-2.6.3-py3-none-any.whl.metadata (6.9 kB)
2026-01-27T13:06:13.9890798Z Collecting httptools>=0.6.3 (from uvicorn[standard]>=0.24.0->-r requirements.txt (line 7))
2026-01-27T13:06:13.9926953Z   Downloading httptools-0.7.1-cp311-cp311-manylinux1_x86_64.manylinux_2_28_x86_64.manylinux_2_5_x86_64.whl.metadata (3.5 kB)
2026-01-27T13:06:14.0406284Z Collecting uvloop>=0.15.1 (from uvicorn[standard]>=0.24.0->-r requirements.txt (line 7))
2026-01-27T13:06:14.0445610Z   Downloading uvloop-0.22.1-cp311-cp311-manylinux2014_x86_64.manylinux_2_17_x86_64.manylinux_2_28_x86_64.whl.metadata (4.9 kB)
2026-01-27T13:06:14.1267665Z Collecting watchfiles>=0.13 (from uvicorn[standard]>=0.24.0->-r requirements.txt (line 7))
2026-01-27T13:06:14.1310810Z   Downloading watchfiles-1.1.1-cp311-cp311-manylinux_2_17_x86_64.manylinux2014_x86_64.whl.metadata (4.9 kB)
2026-01-27T13:06:14.2247662Z Collecting websockets>=10.4 (from uvicorn[standard]>=0.24.0->-r requirements.txt (line 7))
2026-01-27T13:06:14.2288996Z   Downloading websockets-16.0-cp311-cp311-manylinux1_x86_64.manylinux_2_28_x86_64.manylinux_2_5_x86_64.whl.metadata (6.8 kB)
2026-01-27T13:06:14.3067609Z Collecting MarkupSafe>=0.9.2 (from Mako->alembic>=1.13.0->-r requirements.txt (line 27))
2026-01-27T13:06:14.3102739Z   Downloading markupsafe-3.0.3-cp311-cp311-manylinux2014_x86_64.manylinux_2_17_x86_64.manylinux_2_28_x86_64.whl.metadata (2.7 kB)
2026-01-27T13:06:14.3354950Z Collecting markdown-it-py>=2.2.0 (from rich->bandit>=1.7.0->-r requirements.txt (line 47))
2026-01-27T13:06:14.3391201Z   Downloading markdown_it_py-4.0.0-py3-none-any.whl.metadata (7.3 kB)
2026-01-27T13:06:14.3627887Z Collecting mdurl~=0.1 (from markdown-it-py>=2.2.0->rich->bandit>=1.7.0->-r requirements.txt (line 47))
2026-01-27T13:06:14.3664756Z   Downloading mdurl-0.1.2-py3-none-any.whl.metadata (1.6 kB)
2026-01-27T13:06:14.3816414Z Downloading fastapi-0.128.0-py3-none-any.whl (103 kB)
2026-01-27T13:06:14.3914233Z Downloading starlette-0.50.0-py3-none-any.whl (74 kB)
2026-01-27T13:06:14.3970300Z Downloading anyio-4.12.1-py3-none-any.whl (113 kB)
2026-01-27T13:06:14.4047409Z Downloading uvicorn-0.40.0-py3-none-any.whl (68 kB)
2026-01-27T13:06:14.4105220Z Downloading python_multipart-0.0.22-py3-none-any.whl (24 kB)
2026-01-27T13:06:14.4162031Z Downloading pydantic-2.12.5-py3-none-any.whl (463 kB)
2026-01-27T13:06:14.4237506Z Downloading pydantic_core-2.41.5-cp311-cp311-manylinux_2_17_x86_64.manylinux2014_x86_64.whl (2.1 MB)
2026-01-27T13:06:14.4372080Z    ━━━━━━━━━━━━━━━━━━━━━━━━━━━━━━━━━━━━━━━━ 2.1/2.1 MB 172.2 MB/s  0:00:00
2026-01-27T13:06:14.4407080Z Downloading pydantic_settings-2.12.0-py3-none-any.whl (51 kB)
2026-01-27T13:06:14.4467414Z Downloading email_validator-2.3.0-py3-none-any.whl (35 kB)
2026-01-27T13:06:14.4526706Z Downloading httpx-0.28.1-py3-none-any.whl (73 kB)
2026-01-27T13:06:14.4589920Z Downloading httpcore-1.0.9-py3-none-any.whl (78 kB)
2026-01-27T13:06:14.4649402Z Downloading aiohttp-3.13.3-cp311-cp311-manylinux2014_x86_64.manylinux_2_17_x86_64.manylinux_2_28_x86_64.whl (1.7 MB)
2026-01-27T13:06:14.4769294Z    ━━━━━━━━━━━━━━━━━━━━━━━━━━━━━━━━━━━━━━━━ 1.7/1.7 MB 162.2 MB/s  0:00:00
2026-01-27T13:06:14.4804372Z Downloading multidict-6.7.1-cp311-cp311-manylinux2014_x86_64.manylinux_2_17_x86_64.manylinux_2_28_x86_64.whl (246 kB)
2026-01-27T13:06:14.4877406Z Downloading yarl-1.22.0-cp311-cp311-manylinux2014_x86_64.manylinux_2_17_x86_64.manylinux_2_28_x86_64.whl (365 kB)
2026-01-27T13:06:14.4943771Z Downloading aiofiles-25.1.0-py3-none-any.whl (14 kB)
2026-01-27T13:06:14.5087196Z Downloading sqlalchemy-2.0.46-cp311-cp311-manylinux2014_x86_64.manylinux_2_17_x86_64.manylinux_2_28_x86_64.whl (3.3 MB)
2026-01-27T13:06:14.5269085Z    ━━━━━━━━━━━━━━━━━━━━━━━━━━━━━━━━━━━━━━━━ 3.3/3.3 MB 198.4 MB/s  0:00:00
2026-01-27T13:06:14.5306599Z Downloading aiosqlite-0.22.1-py3-none-any.whl (17 kB)
2026-01-27T13:06:14.5609215Z Downloading asyncpg-0.31.0-cp311-cp311-manylinux2014_x86_64.manylinux_2_17_x86_64.manylinux_2_28_x86_64.whl (3.0 MB)
2026-01-27T13:06:14.5765450Z    ━━━━━━━━━━━━━━━━━━━━━━━━━━━━━━━━━━━━━━━━ 3.0/3.0 MB 211.4 MB/s  0:00:00
2026-01-27T13:06:14.5805911Z Downloading psycopg2_binary-2.9.11-cp311-cp311-manylinux2014_x86_64.manylinux_2_17_x86_64.whl (4.2 MB)
2026-01-27T13:06:14.6030169Z    ━━━━━━━━━━━━━━━━━━━━━━━━━━━━━━━━━━━━━━━━ 4.2/4.2 MB 203.1 MB/s  0:00:00
2026-01-27T13:06:14.6068621Z Downloading alembic-1.18.1-py3-none-any.whl (260 kB)
2026-01-27T13:06:14.6181163Z Downloading openai-2.15.0-py3-none-any.whl (1.1 MB)
2026-01-27T13:06:14.6267085Z    ━━━━━━━━━━━━━━━━━━━━━━━━━━━━━━━━━━━━━━━━ 1.1/1.1 MB 132.8 MB/s  0:00:00
2026-01-27T13:06:14.6307643Z Downloading distro-1.9.0-py3-none-any.whl (20 kB)
2026-01-27T13:06:14.6373533Z Downloading jiter-0.12.0-cp311-cp311-manylinux_2_17_x86_64.manylinux2014_x86_64.whl (364 kB)
2026-01-27T13:06:14.6458928Z Downloading typing_extensions-4.15.0-py3-none-any.whl (44 kB)
2026-01-27T13:06:14.6522705Z Downloading tiktoken-0.12.0-cp311-cp311-manylinux_2_28_x86_64.whl (1.2 MB)
2026-01-27T13:06:14.6612810Z    ━━━━━━━━━━━━━━━━━━━━━━━━━━━━━━━━━━━━━━━━ 1.2/1.2 MB 140.2 MB/s  0:00:00
2026-01-27T13:06:14.6648382Z Downloading python_docx-1.2.0-py3-none-any.whl (252 kB)
2026-01-27T13:06:14.6727016Z Downloading pypdf2-3.0.1-py3-none-any.whl (232 kB)
2026-01-27T13:06:14.6798968Z Downloading pycodestyle-2.14.0-py2.py3-none-any.whl (31 kB)
2026-01-27T13:06:14.6856604Z Downloading radon-6.0.1-py2.py3-none-any.whl (52 kB)
2026-01-27T13:06:14.6916307Z Downloading mando-0.7.1-py2.py3-none-any.whl (28 kB)
2026-01-27T13:06:14.6970928Z Downloading pylint-4.0.4-py3-none-any.whl (536 kB)
2026-01-27T13:06:14.7045932Z    ━━━━━━━━━━━━━━━━━━━━━━━━━━━━━━━━━━━━━━━━ 536.4/536.4 kB 78.5 MB/s  0:00:00
2026-01-27T13:06:14.7083249Z Downloading isort-7.0.0-py3-none-any.whl (94 kB)
2026-01-27T13:06:14.7153702Z Downloading astroid-4.0.3-py3-none-any.whl (276 kB)
2026-01-27T13:06:14.7241037Z Downloading mccabe-0.7.0-py2.py3-none-any.whl (7.3 kB)
2026-01-27T13:06:14.7324638Z Downloading bandit-1.9.3-py3-none-any.whl (134 kB)
2026-01-27T13:06:14.7391557Z Downloading pytest-9.0.2-py3-none-any.whl (374 kB)
2026-01-27T13:06:14.7468497Z Downloading pluggy-1.6.0-py3-none-any.whl (20 kB)
2026-01-27T13:06:14.7527816Z Downloading pytest_asyncio-1.3.0-py3-none-any.whl (15 kB)
2026-01-27T13:06:14.7592726Z Downloading pytest_cov-7.0.0-py3-none-any.whl (22 kB)
2026-01-27T13:06:14.7657093Z Downloading python_dotenv-1.2.1-py3-none-any.whl (21 kB)
2026-01-27T13:06:14.7723247Z Downloading black-26.1.0-cp311-cp311-manylinux2014_x86_64.manylinux_2_17_x86_64.manylinux_2_28_x86_64.whl (1.7 MB)
2026-01-27T13:06:14.7861964Z    ━━━━━━━━━━━━━━━━━━━━━━━━━━━━━━━━━━━━━━━━ 1.7/1.7 MB 155.6 MB/s  0:00:00
2026-01-27T13:06:14.7899585Z Downloading mypy-1.19.1-cp311-cp311-manylinux2014_x86_64.manylinux_2_17_x86_64.manylinux_2_28_x86_64.whl (13.4 MB)
2026-01-27T13:06:14.8687647Z    ━━━━━━━━━━━━━━━━━━━━━━━━━━━━━━━━━━━━━━━━ 13.4/13.4 MB 180.0 MB/s  0:00:00
2026-01-27T13:06:14.8723646Z Downloading ruff-0.14.14-py3-none-manylinux_2_17_x86_64.manylinux2014_x86_64.whl (11.2 MB)
2026-01-27T13:06:14.9338365Z    ━━━━━━━━━━━━━━━━━━━━━━━━━━━━━━━━━━━━━━━━ 11.2/11.2 MB 186.7 MB/s  0:00:00
2026-01-27T13:06:14.9394997Z Downloading cachetools-6.2.5-py3-none-any.whl (11 kB)
2026-01-27T13:06:14.9504080Z Downloading loguru-0.7.3-py3-none-any.whl (61 kB)
2026-01-27T13:06:14.9605571Z Downloading python_jose-3.5.0-py2.py3-none-any.whl (34 kB)
2026-01-27T13:06:14.9699274Z Downloading rsa-4.9.1-py3-none-any.whl (34 kB)
2026-01-27T13:06:14.9785022Z Downloading passlib-1.7.4-py2.py3-none-any.whl (525 kB)
2026-01-27T13:06:14.9867399Z    ━━━━━━━━━━━━━━━━━━━━━━━━━━━━━━━━━━━━━━━━ 525.6/525.6 kB 50.4 MB/s  0:00:00
2026-01-27T13:06:14.9912196Z Downloading aiohappyeyeballs-2.6.1-py3-none-any.whl (15 kB)
2026-01-27T13:06:14.9994895Z Downloading aiosignal-1.4.0-py3-none-any.whl (7.5 kB)
2026-01-27T13:06:15.0074057Z Downloading annotated_doc-0.0.4-py3-none-any.whl (5.3 kB)
2026-01-27T13:06:15.0133951Z Downloading annotated_types-0.7.0-py3-none-any.whl (13 kB)
2026-01-27T13:06:15.0196888Z Downloading attrs-25.4.0-py3-none-any.whl (67 kB)
2026-01-27T13:06:15.0263308Z Downloading click-8.3.1-py3-none-any.whl (108 kB)
2026-01-27T13:06:15.0333950Z Downloading colorama-0.4.6-py2.py3-none-any.whl (25 kB)
2026-01-27T13:06:15.0401383Z Downloading coverage-7.13.2-cp311-cp311-manylinux1_x86_64.manylinux_2_28_x86_64.manylinux_2_5_x86_64.whl (251 kB)
2026-01-27T13:06:15.0475658Z Downloading dill-0.4.1-py3-none-any.whl (120 kB)
2026-01-27T13:06:15.0538152Z Downloading dnspython-2.8.0-py3-none-any.whl (331 kB)
2026-01-27T13:06:15.0612951Z Downloading ecdsa-0.19.1-py2.py3-none-any.whl (150 kB)
2026-01-27T13:06:15.0699875Z Downloading frozenlist-1.8.0-cp311-cp311-manylinux1_x86_64.manylinux_2_28_x86_64.manylinux_2_5_x86_64.whl (231 kB)
2026-01-27T13:06:15.0831810Z Downloading greenlet-3.3.1-cp311-cp311-manylinux_2_24_x86_64.manylinux_2_28_x86_64.whl (590 kB)
2026-01-27T13:06:15.0910941Z    ━━━━━━━━━━━━━━━━━━━━━━━━━━━━━━━━━━━━━━━━ 590.3/590.3 kB 65.7 MB/s  0:00:00
2026-01-27T13:06:15.0947057Z Downloading h11-0.16.0-py3-none-any.whl (37 kB)
2026-01-27T13:06:15.1009345Z Downloading idna-3.11-py3-none-any.whl (71 kB)
2026-01-27T13:06:15.1077241Z Downloading iniconfig-2.3.0-py3-none-any.whl (7.5 kB)
2026-01-27T13:06:15.1139769Z Downloading librt-0.7.8-cp311-cp311-manylinux2014_x86_64.manylinux_2_17_x86_64.manylinux_2_28_x86_64.whl (188 kB)
2026-01-27T13:06:15.1211525Z Downloading lxml-6.0.2-cp311-cp311-manylinux_2_26_x86_64.manylinux_2_28_x86_64.whl (5.2 MB)
2026-01-27T13:06:15.1495124Z    ━━━━━━━━━━━━━━━━━━━━━━━━━━━━━━━━━━━━━━━━ 5.2/5.2 MB 192.2 MB/s  0:00:00
2026-01-27T13:06:15.1533151Z Downloading mypy_extensions-1.1.0-py3-none-any.whl (5.0 kB)
2026-01-27T13:06:15.1596178Z Downloading packaging-26.0-py3-none-any.whl (74 kB)
2026-01-27T13:06:15.1655657Z Downloading bcrypt-5.0.0-cp39-abi3-manylinux_2_34_x86_64.whl (278 kB)
2026-01-27T13:06:15.1730335Z Downloading pathspec-1.0.4-py3-none-any.whl (55 kB)
2026-01-27T13:06:15.1794962Z Downloading platformdirs-4.5.1-py3-none-any.whl (18 kB)
2026-01-27T13:06:15.1935044Z Downloading propcache-0.4.1-cp311-cp311-manylinux2014_x86_64.manylinux_2_17_x86_64.manylinux_2_28_x86_64.whl (210 kB)
2026-01-27T13:06:15.2005521Z Downloading pyasn1-0.6.2-py3-none-any.whl (83 kB)
2026-01-27T13:06:15.2073832Z Downloading pygments-2.19.2-py3-none-any.whl (1.2 MB)
2026-01-27T13:06:15.2164673Z    ━━━━━━━━━━━━━━━━━━━━━━━━━━━━━━━━━━━━━━━━ 1.2/1.2 MB 153.7 MB/s  0:00:00
2026-01-27T13:06:15.2200131Z Downloading cryptography-46.0.3-cp311-abi3-manylinux_2_34_x86_64.whl (4.5 MB)
2026-01-27T13:06:15.2446903Z    ━━━━━━━━━━━━━━━━━━━━━━━━━━━━━━━━━━━━━━━━ 4.5/4.5 MB 195.6 MB/s  0:00:00
2026-01-27T13:06:15.2485648Z Downloading cffi-2.0.0-cp311-cp311-manylinux2014_x86_64.manylinux_2_17_x86_64.whl (215 kB)
2026-01-27T13:06:15.2557639Z Downloading pytokens-0.4.0-cp311-cp311-manylinux2014_x86_64.manylinux_2_17_x86_64.manylinux_2_28_x86_64.whl (259 kB)
2026-01-27T13:06:15.2632248Z Downloading pyyaml-6.0.3-cp311-cp311-manylinux2014_x86_64.manylinux_2_17_x86_64.manylinux_2_28_x86_64.whl (806 kB)
2026-01-27T13:06:15.2703893Z    ━━━━━━━━━━━━━━━━━━━━━━━━━━━━━━━━━━━━━━━━ 806.6/806.6 kB 114.1 MB/s  0:00:00
2026-01-27T13:06:15.2741620Z Downloading regex-2026.1.15-cp311-cp311-manylinux2014_x86_64.manylinux_2_17_x86_64.manylinux_2_28_x86_64.whl (800 kB)
2026-01-27T13:06:15.2826389Z    ━━━━━━━━━━━━━━━━━━━━━━━━━━━━━━━━━━━━━━━━ 800.5/800.5 kB 109.7 MB/s  0:00:00
2026-01-27T13:06:15.2857067Z Downloading requests-2.32.5-py3-none-any.whl (64 kB)
2026-01-27T13:06:15.2914977Z Downloading charset_normalizer-3.4.4-cp311-cp311-manylinux2014_x86_64.manylinux_2_17_x86_64.manylinux_2_28_x86_64.whl (151 kB)
2026-01-27T13:06:15.3053189Z Downloading urllib3-2.6.3-py3-none-any.whl (131 kB)
2026-01-27T13:06:15.3116673Z Downloading certifi-2026.1.4-py3-none-any.whl (152 kB)
2026-01-27T13:06:15.3174253Z Downloading six-1.17.0-py2.py3-none-any.whl (11 kB)
2026-01-27T13:06:15.3233673Z Downloading stevedore-5.6.0-py3-none-any.whl (54 kB)
2026-01-27T13:06:15.3294865Z Downloading tomlkit-0.14.0-py3-none-any.whl (39 kB)
2026-01-27T13:06:15.3355964Z Downloading tqdm-4.67.1-py3-none-any.whl (78 kB)
2026-01-27T13:06:15.3427038Z Downloading typing_inspection-0.4.2-py3-none-any.whl (14 kB)
2026-01-27T13:06:15.3490773Z Downloading httptools-0.7.1-cp311-cp311-manylinux1_x86_64.manylinux_2_28_x86_64.manylinux_2_5_x86_64.whl (456 kB)
2026-01-27T13:06:15.3573170Z Downloading uvloop-0.22.1-cp311-cp311-manylinux2014_x86_64.manylinux_2_17_x86_64.manylinux_2_28_x86_64.whl (3.8 MB)
2026-01-27T13:06:15.3784674Z    ━━━━━━━━━━━━━━━━━━━━━━━━━━━━━━━━━━━━━━━━ 3.8/3.8 MB 190.5 MB/s  0:00:00
2026-01-27T13:06:15.3830082Z Downloading watchfiles-1.1.1-cp311-cp311-manylinux_2_17_x86_64.manylinux2014_x86_64.whl (456 kB)
2026-01-27T13:06:15.3920336Z Downloading websockets-16.0-cp311-cp311-manylinux1_x86_64.manylinux_2_28_x86_64.manylinux_2_5_x86_64.whl (184 kB)
2026-01-27T13:06:15.3984833Z Downloading mako-1.3.10-py3-none-any.whl (78 kB)
2026-01-27T13:06:15.4052240Z Downloading markupsafe-3.0.3-cp311-cp311-manylinux2014_x86_64.manylinux_2_17_x86_64.manylinux_2_28_x86_64.whl (22 kB)
2026-01-27T13:06:15.4142077Z Downloading pycparser-3.0-py3-none-any.whl (48 kB)
2026-01-27T13:06:15.4199829Z Downloading rich-14.3.1-py3-none-any.whl (309 kB)
2026-01-27T13:06:15.4274980Z Downloading markdown_it_py-4.0.0-py3-none-any.whl (87 kB)
2026-01-27T13:06:15.4350202Z Downloading mdurl-0.1.2-py3-none-any.whl (10.0 kB)
2026-01-27T13:06:15.4418474Z Downloading sniffio-1.3.1-py3-none-any.whl (10 kB)
2026-01-27T13:06:15.7325174Z Installing collected packages: passlib, websockets, uvloop, urllib3, typing-extensions, tqdm, tomlkit, stevedore, sniffio, six, ruff, regex, PyYAML, pytokens, python-multipart, python-dotenv, PyPDF2, pygments, pycparser, pycodestyle, pyasn1, psycopg2-binary, propcache, pluggy, platformdirs, pathspec, packaging, mypy-extensions, multidict, mdurl, mccabe, MarkupSafe, lxml, loguru, librt, jiter, isort, iniconfig, idna, httptools, h11, greenlet, frozenlist, dnspython, distro, dill, coverage, colorama, click, charset_normalizer, certifi, cachetools, bcrypt, attrs, asyncpg, astroid, annotated-types, annotated-doc, aiosqlite, aiohappyeyeballs, aiofiles, yarl, uvicorn, typing-inspection, sqlalchemy, rsa, requests, python-docx, pytest, pylint, pydantic-core, mypy, markdown-it-py, mando, Mako, httpcore, email-validator, ecdsa, cffi, black, anyio, aiosignal, watchfiles, tiktoken, starlette, rich, radon, python-jose, pytest-cov, pytest-asyncio, pydantic, httpx, cryptography, alembic, aiohttp, pydantic-settings, openai, fastapi, bandit
2026-01-27T13:06:25.3219167Z 
2026-01-27T13:06:25.3273344Z Successfully installed Mako-1.3.10 MarkupSafe-3.0.3 PyPDF2-3.0.1 PyYAML-6.0.3 aiofiles-25.1.0 aiohappyeyeballs-2.6.1 aiohttp-3.13.3 aiosignal-1.4.0 aiosqlite-0.22.1 alembic-1.18.1 annotated-doc-0.0.4 annotated-types-0.7.0 anyio-4.12.1 astroid-4.0.3 asyncpg-0.31.0 attrs-25.4.0 bandit-1.9.3 bcrypt-5.0.0 black-26.1.0 cachetools-6.2.5 certifi-2026.1.4 cffi-2.0.0 charset_normalizer-3.4.4 click-8.3.1 colorama-0.4.6 coverage-7.13.2 cryptography-46.0.3 dill-0.4.1 distro-1.9.0 dnspython-2.8.0 ecdsa-0.19.1 email-validator-2.3.0 fastapi-0.128.0 frozenlist-1.8.0 greenlet-3.3.1 h11-0.16.0 httpcore-1.0.9 httptools-0.7.1 httpx-0.28.1 idna-3.11 iniconfig-2.3.0 isort-7.0.0 jiter-0.12.0 librt-0.7.8 loguru-0.7.3 lxml-6.0.2 mando-0.7.1 markdown-it-py-4.0.0 mccabe-0.7.0 mdurl-0.1.2 multidict-6.7.1 mypy-1.19.1 mypy-extensions-1.1.0 openai-2.15.0 packaging-26.0 passlib-1.7.4 pathspec-1.0.4 platformdirs-4.5.1 pluggy-1.6.0 propcache-0.4.1 psycopg2-binary-2.9.11 pyasn1-0.6.2 pycodestyle-2.14.0 pycparser-3.0 pydantic-2.12.5 pydantic-core-2.41.5 pydantic-settings-2.12.0 pygments-2.19.2 pylint-4.0.4 pytest-9.0.2 pytest-asyncio-1.3.0 pytest-cov-7.0.0 python-docx-1.2.0 python-dotenv-1.2.1 python-jose-3.5.0 python-multipart-0.0.22 pytokens-0.4.0 radon-6.0.1 regex-2026.1.15 requests-2.32.5 rich-14.3.1 rsa-4.9.1 ruff-0.14.14 six-1.17.0 sniffio-1.3.1 sqlalchemy-2.0.46 starlette-0.50.0 stevedore-5.6.0 tiktoken-0.12.0 tomlkit-0.14.0 tqdm-4.67.1 typing-extensions-4.15.0 typing-inspection-0.4.2 urllib3-2.6.3 uvicorn-0.40.0 uvloop-0.22.1 watchfiles-1.1.1 websockets-16.0 yarl-1.22.0
2026-01-27T13:06:27.5776267Z Requirement already satisfied: pytest in /opt/hostedtoolcache/Python/3.11.14/x64/lib/python3.11/site-packages (9.0.2)
2026-01-27T13:06:27.5779745Z Requirement already satisfied: pytest-cov in /opt/hostedtoolcache/Python/3.11.14/x64/lib/python3.11/site-packages (7.0.0)
2026-01-27T13:06:27.5783618Z Requirement already satisfied: ruff in /opt/hostedtoolcache/Python/3.11.14/x64/lib/python3.11/site-packages (0.14.14)
2026-01-27T13:06:27.5787130Z Requirement already satisfied: mypy in /opt/hostedtoolcache/Python/3.11.14/x64/lib/python3.11/site-packages (1.19.1)
2026-01-27T13:06:27.5803462Z Requirement already satisfied: iniconfig>=1.0.1 in /opt/hostedtoolcache/Python/3.11.14/x64/lib/python3.11/site-packages (from pytest) (2.3.0)
2026-01-27T13:06:27.5808659Z Requirement already satisfied: packaging>=22 in /opt/hostedtoolcache/Python/3.11.14/x64/lib/python3.11/site-packages (from pytest) (26.0)
2026-01-27T13:06:27.5814395Z Requirement already satisfied: pluggy<2,>=1.5 in /opt/hostedtoolcache/Python/3.11.14/x64/lib/python3.11/site-packages (from pytest) (1.6.0)
2026-01-27T13:06:27.5819903Z Requirement already satisfied: pygments>=2.7.2 in /opt/hostedtoolcache/Python/3.11.14/x64/lib/python3.11/site-packages (from pytest) (2.19.2)
2026-01-27T13:06:27.5854334Z Requirement already satisfied: coverage>=7.10.6 in /opt/hostedtoolcache/Python/3.11.14/x64/lib/python3.11/site-packages (from coverage[toml]>=7.10.6->pytest-cov) (7.13.2)
2026-01-27T13:06:27.5881773Z Requirement already satisfied: typing_extensions>=4.6.0 in /opt/hostedtoolcache/Python/3.11.14/x64/lib/python3.11/site-packages (from mypy) (4.15.0)
2026-01-27T13:06:27.5886397Z Requirement already satisfied: mypy_extensions>=1.0.0 in /opt/hostedtoolcache/Python/3.11.14/x64/lib/python3.11/site-packages (from mypy) (1.1.0)
2026-01-27T13:06:27.5891179Z Requirement already satisfied: pathspec>=0.9.0 in /opt/hostedtoolcache/Python/3.11.14/x64/lib/python3.11/site-packages (from mypy) (1.0.4)
2026-01-27T13:06:27.5899127Z Requirement already satisfied: librt>=0.6.2 in /opt/hostedtoolcache/Python/3.11.14/x64/lib/python3.11/site-packages (from mypy) (0.7.8)
2026-01-27T13:06:27.7600007Z ##[group]Run pytest tests/ --cov=app --cov-report=xml --cov-report=html
2026-01-27T13:06:27.7600610Z [36;1mpytest tests/ --cov=app --cov-report=xml --cov-report=html[0m
2026-01-27T13:06:27.7634361Z shell: /usr/bin/bash -e {0}
2026-01-27T13:06:27.7634606Z env:
2026-01-27T13:06:27.7634863Z   pythonLocation: /opt/hostedtoolcache/Python/3.11.14/x64
2026-01-27T13:06:27.7635291Z   PKG_CONFIG_PATH: /opt/hostedtoolcache/Python/3.11.14/x64/lib/pkgconfig
2026-01-27T13:06:27.7635710Z   Python_ROOT_DIR: /opt/hostedtoolcache/Python/3.11.14/x64
2026-01-27T13:06:27.7636105Z   Python2_ROOT_DIR: /opt/hostedtoolcache/Python/3.11.14/x64
2026-01-27T13:06:27.7636467Z   Python3_ROOT_DIR: /opt/hostedtoolcache/Python/3.11.14/x64
2026-01-27T13:06:27.7636834Z   LD_LIBRARY_PATH: /opt/hostedtoolcache/Python/3.11.14/x64/lib
2026-01-27T13:06:27.7637166Z ##[endgroup]
2026-01-27T13:06:32.8881595Z ============================= test session starts ==============================
2026-01-27T13:06:32.8883072Z platform linux -- Python 3.11.14, pytest-9.0.2, pluggy-1.6.0 -- /opt/hostedtoolcache/Python/3.11.14/x64/bin/python
2026-01-27T13:06:32.8883984Z cachedir: .pytest_cache
2026-01-27T13:06:32.8884612Z rootdir: /home/runner/work/ai-teaching-assistant/ai-teaching-assistant/backend
2026-01-27T13:06:32.8885321Z configfile: pyproject.toml
2026-01-27T13:06:32.8885795Z plugins: cov-7.0.0, asyncio-1.3.0, anyio-4.12.1
2026-01-27T13:06:32.8886706Z asyncio: mode=Mode.AUTO, debug=False, asyncio_default_fixture_loop_scope=None, asyncio_default_test_loop_scope=function
2026-01-27T13:06:33.9355223Z collecting ... collected 244 items
2026-01-27T13:06:33.9355609Z 
2026-01-27T13:06:33.9423437Z tests/test_advanced_analysis.py::TestCodeQualityAnalyzer::test_simple_code_analysis PASSED [  0%]
2026-01-27T13:06:33.9476237Z tests/test_advanced_analysis.py::TestCodeQualityAnalyzer::test_complex_function_detection PASSED [  0%]
2026-01-27T13:06:33.9516019Z tests/test_advanced_analysis.py::TestCodeQualityAnalyzer::test_maintainability_index PASSED [  1%]
2026-01-27T13:06:33.9540054Z tests/test_advanced_analysis.py::TestCodeQualityAnalyzer::test_syntax_error_handling PASSED [  1%]
2026-01-27T13:06:33.9552752Z tests/test_advanced_analysis.py::TestComplexityGrading::test_complexity_grade_a PASSED [  2%]
2026-01-27T13:06:33.9564865Z tests/test_advanced_analysis.py::TestComplexityGrading::test_complexity_grade_b PASSED [  2%]
2026-01-27T13:06:33.9577144Z tests/test_advanced_analysis.py::TestComplexityGrading::test_complexity_grade_c PASSED [  2%]
2026-01-27T13:06:33.9589622Z tests/test_advanced_analysis.py::TestComplexityGrading::test_complexity_grade_f PASSED [  3%]
2026-01-27T13:06:33.9602480Z tests/test_advanced_analysis.py::TestComplexityGrading::test_maintainability_excellent PASSED [  3%]
2026-01-27T13:06:33.9614586Z tests/test_advanced_analysis.py::TestComplexityGrading::test_maintainability_poor PASSED [  4%]
2026-01-27T13:06:33.9632169Z tests/test_advanced_analysis.py::TestDuplicateDetector::test_detect_duplicates PASSED [  4%]
2026-01-27T13:06:33.9645390Z tests/test_advanced_analysis.py::TestDuplicateDetector::test_no_duplicates PASSED [  4%]
2026-01-27T13:06:34.7374013Z tests/test_advanced_analysis.py::TestLinterService::test_lint_clean_code PASSED [  5%]
2026-01-27T13:06:35.6088159Z tests/test_advanced_analysis.py::TestLinterService::test_lint_with_issues PASSED [  5%]
2026-01-27T13:06:35.6110708Z tests/test_advanced_analysis.py::TestLinterService::test_unsupported_language PASSED [  6%]
2026-01-27T13:06:35.7985075Z tests/test_advanced_analysis.py::TestSecurityAnalyzer::test_detect_hardcoded_password PASSED [  6%]
2026-01-27T13:06:35.9721560Z tests/test_advanced_analysis.py::TestSecurityAnalyzer::test_detect_eval_usage PASSED [  6%]
2026-01-27T13:06:36.1520088Z tests/test_advanced_analysis.py::TestSecurityAnalyzer::test_detect_shell_injection PASSED [  7%]
2026-01-27T13:06:36.3349168Z tests/test_advanced_analysis.py::TestSecurityAnalyzer::test_clean_code_security PASSED [  7%]
2026-01-27T13:06:36.3407854Z tests/test_advanced_analysis.py::TestPerformanceAnalyzer::test_detect_nested_loops PASSED [  8%]
2026-01-27T13:06:36.3435907Z tests/test_advanced_analysis.py::TestPerformanceAnalyzer::test_detect_range_len_pattern PASSED [  8%]
2026-01-27T13:06:36.3461525Z tests/test_advanced_analysis.py::TestPerformanceAnalyzer::test_detect_bare_except PASSED [  9%]
2026-01-27T13:06:36.3486731Z tests/test_advanced_analysis.py::TestPerformanceAnalyzer::test_detect_print_statements PASSED [  9%]
2026-01-27T13:06:36.3511195Z tests/test_advanced_analysis.py::TestPerformanceAnalyzer::test_clean_code_performance PASSED [  9%]
2026-01-27T13:06:37.0427094Z tests/test_advanced_analysis.py::TestAnalysisIntegration::test_all_analyzers_work_together PASSED [ 10%]
2026-01-27T13:06:37.3755422Z tests/test_analysis_api.py::TestAnalyzeEndpoint::test_analyze_python_code PASSED [ 10%]
2026-01-27T13:06:37.5952428Z tests/test_analysis_api.py::TestAnalyzeEndpoint::test_analyze_javascript_code PASSED [ 11%]
2026-01-27T13:06:37.8192174Z tests/test_analysis_api.py::TestAnalyzeEndpoint::test_analyze_with_rule_overrides PASSED [ 11%]
2026-01-27T13:06:38.0399463Z tests/test_analysis_api.py::TestAnalyzeEndpoint::test_analyze_empty_code PASSED [ 11%]
2026-01-27T13:06:38.2607079Z tests/test_analysis_api.py::TestAnalyzeEndpoint::test_analyze_invalid_language PASSED [ 12%]
2026-01-27T13:06:38.4783353Z tests/test_analysis_api.py::TestRulesEndpoint::test_get_all_rules PASSED [ 12%]
2026-01-27T13:06:38.8693043Z tests/test_analysis_api.py::TestRulesEndpoint::test_get_specific_rule PASSED [ 13%]
2026-01-27T13:06:39.0949262Z tests/test_analysis_api.py::TestRulesEndpoint::test_get_nonexistent_rule PASSED [ 13%]
2026-01-27T13:06:41.0874864Z tests/test_analysis_api.py::TestSummaryEndpoint::test_get_analysis_summary FAILED [ 13%]
2026-01-27T13:06:41.5939258Z tests/test_assignments.py::test_grade_assignment PASSED                  [ 14%]
2026-01-27T13:06:41.8920470Z tests/test_assignments.py::test_grade_assignment_missing_fields PASSED   [ 14%]
2026-01-27T13:06:42.3381143Z tests/test_assignments.py::test_analyze_code PASSED                      [ 15%]
2026-01-27T13:06:42.6430669Z tests/test_assignments.py::test_analyze_code_with_issues PASSED          [ 15%]
2026-01-27T13:06:42.9451725Z tests/test_assignments.py::test_plagiarism_check PASSED                  [ 15%]
2026-01-27T13:06:43.2459549Z tests/test_assignments.py::test_batch_grading PASSED                     [ 16%]
2026-01-27T13:06:43.2497392Z tests/test_code_analysis.py::TestLineMetrics::test_basic_line_count PASSED [ 16%]
2026-01-27T13:06:43.2527585Z tests/test_code_analysis.py::TestLineMetrics::test_comment_detection_python PASSED [ 17%]
2026-01-27T13:06:43.2557057Z tests/test_code_analysis.py::TestLineMetrics::test_docstring_detection PASSED [ 17%]
2026-01-27T13:06:43.2585764Z tests/test_code_analysis.py::TestComplexity::test_simple_function_complexity PASSED [ 18%]
2026-01-27T13:06:43.2621720Z tests/test_code_analysis.py::TestComplexity::test_complex_function_detection PASSED [ 18%]
2026-01-27T13:06:43.2653877Z tests/test_code_analysis.py::TestComplexity::test_cognitive_complexity PASSED [ 18%]
2026-01-27T13:06:43.2683671Z tests/test_code_analysis.py::TestNamingConventions::test_valid_python_names PASSED [ 19%]
2026-01-27T13:06:43.2709997Z tests/test_code_analysis.py::TestNamingConventions::test_invalid_function_name PASSED [ 19%]
2026-01-27T13:06:43.2734384Z tests/test_code_analysis.py::TestNamingConventions::test_invalid_class_name PASSED [ 20%]
2026-01-27T13:06:43.2759982Z tests/test_code_analysis.py::TestSecurityChecks::test_hardcoded_password_detection PASSED [ 20%]
2026-01-27T13:06:43.2786846Z tests/test_code_analysis.py::TestSecurityChecks::test_eval_usage_detection PASSED [ 20%]
2026-01-27T13:06:43.2814058Z tests/test_code_analysis.py::TestSecurityChecks::test_sql_injection_detection PASSED [ 21%]
2026-01-27T13:06:43.2840921Z tests/test_code_analysis.py::TestStyleChecks::test_long_line_detection PASSED [ 21%]
2026-01-27T13:06:43.2872692Z tests/test_code_analysis.py::TestStyleChecks::test_trailing_whitespace_detection PASSED [ 22%]
2026-01-27T13:06:43.2908502Z tests/test_code_analysis.py::TestStructureAnalysis::test_class_and_function_count PASSED [ 22%]
2026-01-27T13:06:43.2938963Z tests/test_code_analysis.py::TestStructureAnalysis::test_unused_import_detection PASSED [ 22%]
2026-01-27T13:06:43.2972018Z tests/test_code_analysis.py::TestScoring::test_perfect_code_score PASSED [ 23%]
2026-01-27T13:06:43.3009531Z tests/test_code_analysis.py::TestScoring::test_poor_code_score PASSED    [ 23%]
2026-01-27T13:06:43.3033214Z tests/test_code_analysis.py::TestMultiLanguage::test_javascript_analysis PASSED [ 24%]
2026-01-27T13:06:43.3062520Z tests/test_code_analysis.py::TestMultiLanguage::test_java_analysis PASSED [ 24%]
2026-01-27T13:06:43.3088927Z tests/test_code_analysis.py::TestRecommendations::test_recommendations_generated PASSED [ 25%]
2026-01-27T13:06:43.3113987Z tests/test_code_analysis.py::TestRecommendations::test_security_recommendation PASSED [ 25%]
2026-01-27T13:06:43.3128135Z tests/test_feedback_system.py::TestFeedbackGenerationService::test_service_initialization PASSED [ 25%]
2026-01-27T13:06:43.3140770Z tests/test_feedback_system.py::TestFeedbackGenerationService::test_singleton_instance PASSED [ 26%]
2026-01-27T13:06:43.3198619Z tests/test_feedback_system.py::TestFeedbackGenerationService::test_generate_feedback_basic PASSED [ 26%]
2026-01-27T13:06:43.3252719Z tests/test_feedback_system.py::TestFeedbackGenerationService::test_generate_feedback_encouraging_tone PASSED [ 27%]
2026-01-27T13:06:43.3309307Z tests/test_feedback_system.py::TestFeedbackGenerationService::test_generate_feedback_strict_tone PASSED [ 27%]
2026-01-27T13:06:43.3336734Z tests/test_feedback_system.py::TestFeedbackGenerationService::test_generate_feedback_with_assignment_context PASSED [ 27%]
2026-01-27T13:06:43.3359630Z tests/test_feedback_system.py::TestAIService::test_explain_code PASSED   [ 28%]
2026-01-27T13:06:43.3384902Z tests/test_feedback_system.py::TestAIService::test_suggest_improvements PASSED [ 28%]
2026-01-27T13:06:43.3407715Z tests/test_feedback_system.py::TestAIService::test_answer_student_question PASSED [ 29%]
2026-01-27T13:06:43.3421726Z tests/test_feedback_system.py::TestAIService::test_get_interaction_stats PASSED [ 29%]
2026-01-27T13:06:43.3435139Z tests/test_feedback_system.py::TestFeedbackTemplates::test_template_category_enum PASSED [ 29%]
2026-01-27T13:06:43.3448609Z tests/test_feedback_system.py::TestFeedbackTemplates::test_feedback_tone_enum PASSED [ 30%]
2026-01-27T13:06:43.3461986Z tests/test_feedback_system.py::TestFeedbackTemplates::test_feedback_category_enum PASSED [ 30%]
2026-01-27T13:06:43.3576945Z tests/test_feedback_system.py::TestFeedbackAPIEndpoints::test_generate_feedback_endpoint PASSED [ 31%]
2026-01-27T13:06:43.3646489Z tests/test_feedback_system.py::TestFeedbackAPIEndpoints::test_explain_code_endpoint PASSED [ 31%]
2026-01-27T13:06:43.3716645Z tests/test_feedback_system.py::TestFeedbackAPIEndpoints::test_suggest_improvements_endpoint PASSED [ 31%]
2026-01-27T13:06:43.3792578Z tests/test_feedback_system.py::TestFeedbackAPIEndpoints::test_answer_question_endpoint PASSED [ 32%]
2026-01-27T13:06:43.3857479Z tests/test_feedback_system.py::TestFeedbackAPIEndpoints::test_ai_config_endpoint PASSED [ 32%]
2026-01-27T13:06:43.3926588Z tests/test_feedback_system.py::TestFeedbackAPIEndpoints::test_ai_health_endpoint PASSED [ 33%]
2026-01-27T13:06:43.4104074Z tests/test_feedback_system.py::TestFeedbackTemplatesAPI::test_list_templates_endpoint PASSED [ 33%]
2026-01-27T13:06:43.4160188Z tests/test_feedback_system.py::TestFeedbackTemplatesAPI::test_list_categories_endpoint PASSED [ 34%]
2026-01-27T13:06:43.4334252Z tests/test_feedback_system.py::TestFeedbackTemplatesAPI::test_create_template_endpoint PASSED [ 34%]
2026-01-27T13:06:43.4466600Z tests/test_file_api.py::TestFileUploadAPI::test_list_files_empty PASSED  [ 34%]
2026-01-27T13:06:43.4891020Z tests/test_file_api.py::TestFileUploadAPI::test_upload_python_file PASSED [ 35%]
2026-01-27T13:06:43.5220688Z tests/test_file_api.py::TestFileUploadAPI::test_upload_javascript_file PASSED [ 35%]
2026-01-27T13:06:43.5290612Z tests/test_file_api.py::TestFileUploadAPI::test_upload_invalid_file_type PASSED [ 36%]
2026-01-27T13:06:43.5622799Z tests/test_file_api.py::TestFileUploadAPI::test_get_file_metadata PASSED [ 36%]
2026-01-27T13:06:43.5958367Z tests/test_file_api.py::TestFileUploadAPI::test_get_file_content PASSED  [ 36%]
2026-01-27T13:06:43.6388667Z tests/test_file_api.py::TestFileUploadAPI::test_parse_file PASSED        [ 37%]
2026-01-27T13:06:43.6412921Z tests/test_file_upload.py::TestFileParsingService::test_detect_language_python PASSED [ 37%]
2026-01-27T13:06:43.6434698Z tests/test_file_upload.py::TestFileParsingService::test_detect_language_javascript PASSED [ 38%]
2026-01-27T13:06:43.6456153Z tests/test_file_upload.py::TestFileParsingService::test_detect_language_java PASSED [ 38%]
2026-01-27T13:06:43.6477050Z tests/test_file_upload.py::TestFileParsingService::test_detect_language_c_cpp PASSED [ 38%]
2026-01-27T13:06:43.6503921Z tests/test_file_upload.py::TestFileParsingService::test_parse_python_file PASSED [ 39%]
2026-01-27T13:06:43.6561203Z tests/test_file_upload.py::TestFileParsingService::test_parse_javascript_file PASSED [ 39%]
2026-01-27T13:06:43.6617153Z tests/test_file_upload.py::TestFileParsingService::test_parse_java_file PASSED [ 40%]
2026-01-27T13:06:43.6656608Z tests/test_file_upload.py::TestFileParsingService::test_parse_c_file PASSED [ 40%]
2026-01-27T13:06:43.6684014Z tests/test_file_upload.py::TestFileParsingService::test_basic_metrics PASSED [ 40%]
2026-01-27T13:06:43.9630740Z tests/test_health.py::test_root_endpoint PASSED                          [ 41%]
2026-01-27T13:06:44.4490941Z tests/test_health.py::test_health_endpoint PASSED                        [ 41%]
2026-01-27T13:06:44.7465645Z tests/test_health.py::test_docs_endpoint PASSED                          [ 42%]
2026-01-27T13:06:47.2021256Z tests/test_health.py::test_openapi_schema PASSED                         [ 42%]
2026-01-27T13:06:47.2036658Z tests/test_multi_dimensional_evaluation.py::TestEvaluationDimension::test_dimension_values PASSED [ 43%]
2026-01-27T13:06:47.2049787Z tests/test_multi_dimensional_evaluation.py::TestEvaluationDimension::test_dimension_count PASSED [ 43%]
2026-01-27T13:06:47.2062143Z tests/test_multi_dimensional_evaluation.py::TestDimensionMetadata::test_all_dimensions_have_metadata PASSED [ 43%]
2026-01-27T13:06:47.2073984Z tests/test_multi_dimensional_evaluation.py::TestDimensionMetadata::test_metadata_has_required_fields PASSED [ 44%]
2026-01-27T13:06:47.2085806Z tests/test_multi_dimensional_evaluation.py::TestDimensionMetadata::test_weights_sum_to_one PASSED [ 44%]
2026-01-27T13:06:47.2098119Z tests/test_multi_dimensional_evaluation.py::TestDimensionScore::test_create_dimension_score PASSED [ 45%]
2026-01-27T13:06:47.2112686Z tests/test_multi_dimensional_evaluation.py::TestDimensionScore::test_score_validation PASSED [ 45%]
2026-01-27T13:06:47.2125183Z tests/test_multi_dimensional_evaluation.py::TestRadarChartData::test_create_radar_chart_data PASSED [ 45%]
2026-01-27T13:06:47.2138925Z tests/test_multi_dimensional_evaluation.py::TestMultiDimensionalEvaluator::test_score_to_grade PASSED [ 46%]
2026-01-27T13:06:47.2173801Z tests/test_multi_dimensional_evaluation.py::TestMultiDimensionalEvaluator::test_calculate_technical_ability PASSED [ 46%]
2026-01-27T13:06:47.2203488Z tests/test_multi_dimensional_evaluation.py::TestMultiDimensionalEvaluator::test_calculate_code_quality PASSED [ 47%]
2026-01-27T13:06:47.2231456Z tests/test_multi_dimensional_evaluation.py::TestMultiDimensionalEvaluator::test_calculate_innovation PASSED [ 47%]
2026-01-27T13:06:47.2260019Z tests/test_multi_dimensional_evaluation.py::TestMultiDimensionalEvaluator::test_calculate_best_practices PASSED [ 47%]
2026-01-27T13:06:47.2287791Z tests/test_multi_dimensional_evaluation.py::TestMultiDimensionalEvaluator::test_calculate_efficiency PASSED [ 48%]
2026-01-27T13:06:47.2318494Z tests/test_multi_dimensional_evaluation.py::TestMultiDimensionalEvaluator::test_calculate_documentation PASSED [ 48%]
2026-01-27T13:06:47.2354597Z tests/test_multi_dimensional_evaluation.py::TestMultiDimensionalEvaluator::test_calculate_dimension_scores PASSED [ 49%]
2026-01-27T13:06:47.2388213Z tests/test_multi_dimensional_evaluation.py::TestMultiDimensionalEvaluator::test_generate_radar_chart_data PASSED [ 49%]
2026-01-27T13:06:47.2424167Z tests/test_multi_dimensional_evaluation.py::TestMultiDimensionalEvaluator::test_generate_overall_summary PASSED [ 50%]
2026-01-27T13:06:47.2466754Z tests/test_multi_dimensional_evaluation.py::TestMultiDimensionalEvaluator::test_identify_top_strengths PASSED [ 50%]
2026-01-27T13:06:47.2500513Z tests/test_multi_dimensional_evaluation.py::TestMultiDimensionalEvaluator::test_identify_priority_improvements PASSED [ 50%]
2026-01-27T13:06:47.2535086Z tests/test_multi_dimensional_evaluation.py::TestMultiDimensionalEvaluator::test_recommend_focus_areas PASSED [ 51%]
2026-01-27T13:06:47.2548473Z tests/test_multi_dimensional_evaluation.py::TestMultiDimensionalEvaluationRequest::test_create_request_with_defaults PASSED [ 51%]
2026-01-27T13:06:47.2562343Z tests/test_multi_dimensional_evaluation.py::TestMultiDimensionalEvaluationRequest::test_create_request_with_class_comparison PASSED [ 52%]
2026-01-27T13:06:47.2576087Z tests/test_multi_dimensional_evaluation.py::TestClassComparison::test_create_class_comparison PASSED [ 52%]
2026-01-27T13:06:47.2591101Z tests/test_multi_dimensional_evaluation.py::TestAbilityAnalysisReport::test_create_report PASSED [ 52%]
2026-01-27T13:06:47.2604497Z tests/test_personalized_feedback.py::TestFeedbackEnums::test_feedback_detail_level_values PASSED [ 53%]
2026-01-27T13:06:47.2616965Z tests/test_personalized_feedback.py::TestFeedbackEnums::test_suggestion_difficulty_values PASSED [ 53%]
2026-01-27T13:06:47.2629550Z tests/test_personalized_feedback.py::TestFeedbackEnums::test_student_level_values PASSED [ 54%]
2026-01-27T13:06:47.2641861Z tests/test_personalized_feedback.py::TestFeedbackEnums::test_performance_trend_values PASSED [ 54%]
2026-01-27T13:06:47.2654109Z tests/test_personalized_feedback.py::TestDetailLevelConfig::test_brief_config PASSED [ 54%]
2026-01-27T13:06:47.2666245Z tests/test_personalized_feedback.py::TestDetailLevelConfig::test_comprehensive_config PASSED [ 55%]
2026-01-27T13:06:47.2678435Z tests/test_personalized_feedback.py::TestLevelMessages::test_beginner_messages PASSED [ 55%]
2026-01-27T13:06:47.2691005Z tests/test_personalized_feedback.py::TestLevelMessages::test_advanced_messages PASSED [ 56%]
2026-01-27T13:06:47.2703475Z tests/test_personalized_feedback.py::TestTrendMessages::test_improving_trend PASSED [ 56%]
2026-01-27T13:06:47.2715700Z tests/test_personalized_feedback.py::TestTrendMessages::test_declining_trend PASSED [ 56%]
2026-01-27T13:06:47.2730265Z tests/test_personalized_feedback.py::TestFeedbackGenerationService::test_calculate_trend_improving PASSED [ 57%]
2026-01-27T13:06:47.2744311Z tests/test_personalized_feedback.py::TestFeedbackGenerationService::test_calculate_trend_declining PASSED [ 57%]
2026-01-27T13:06:47.2758180Z tests/test_personalized_feedback.py::TestFeedbackGenerationService::test_calculate_trend_stable PASSED [ 58%]
2026-01-27T13:06:47.2772265Z tests/test_personalized_feedback.py::TestFeedbackGenerationService::test_calculate_trend_insufficient_data PASSED [ 58%]
2026-01-27T13:06:47.2785786Z tests/test_personalized_feedback.py::TestFeedbackGenerationService::test_determine_level_beginner PASSED [ 59%]
2026-01-27T13:06:47.2799793Z tests/test_personalized_feedback.py::TestFeedbackGenerationService::test_determine_level_intermediate PASSED [ 59%]
2026-01-27T13:06:47.2813559Z tests/test_personalized_feedback.py::TestFeedbackGenerationService::test_determine_level_advanced PASSED [ 59%]
2026-01-27T13:06:47.2827122Z tests/test_personalized_feedback.py::TestFeedbackGenerationService::test_determine_level_new_student PASSED [ 60%]
2026-01-27T13:06:47.2841202Z tests/test_personalized_feedback.py::TestFeedbackGenerationService::test_calculate_improvement_rate_positive PASSED [ 60%]
2026-01-27T13:06:47.2855804Z tests/test_personalized_feedback.py::TestFeedbackGenerationService::test_calculate_improvement_rate_negative PASSED [ 61%]
2026-01-27T13:06:47.2871431Z tests/test_personalized_feedback.py::TestFeedbackGenerationService::test_translate_to_chinese PASSED [ 61%]
2026-01-27T13:06:47.2912275Z tests/test_personalized_feedback.py::TestProgressiveSuggestions::test_generate_progressive_suggestions PASSED [ 61%]
2026-01-27T13:06:47.2951739Z tests/test_personalized_feedback.py::TestProgressiveSuggestions::test_suggestions_have_difficulty_levels PASSED [ 62%]
2026-01-27T13:06:47.2989173Z tests/test_personalized_feedback.py::TestProgressiveSuggestions::test_suggestions_have_chinese_translations PASSED [ 62%]
2026-01-27T13:06:47.3006348Z tests/test_personalized_feedback.py::TestLearningPath::test_create_learning_path PASSED [ 63%]
2026-01-27T13:06:47.3022185Z tests/test_personalized_feedback.py::TestLearningPath::test_learning_path_sorts_by_difficulty PASSED [ 63%]
2026-01-27T13:06:47.3037560Z tests/test_personalized_feedback.py::TestLearningPath::test_learning_path_calculates_total_time PASSED [ 63%]
2026-01-27T13:06:47.3062062Z tests/test_personalized_feedback.py::TestPersonalizedMessage::test_first_submission_message PASSED [ 64%]
2026-01-27T13:06:47.3084080Z tests/test_personalized_feedback.py::TestPersonalizedMessage::test_above_average_message PASSED [ 64%]
2026-01-27T13:06:47.3106110Z tests/test_personalized_feedback.py::TestPersonalizedMessage::test_below_average_message PASSED [ 65%]
2026-01-27T13:06:47.3127112Z tests/test_personalized_feedback.py::TestEncouragement::test_encouragement_for_new_student_high_score PASSED [ 65%]
2026-01-27T13:06:47.3150019Z tests/test_personalized_feedback.py::TestEncouragement::test_encouragement_for_improving_student PASSED [ 65%]
2026-01-27T13:06:47.3172246Z tests/test_personalized_feedback.py::TestEncouragement::test_encouragement_for_declining_student PASSED [ 66%]
2026-01-27T13:06:47.3184791Z tests/test_personalized_feedback.py::TestStudentHistoryAnalysisSchema::test_create_history_analysis PASSED [ 66%]
2026-01-27T13:06:47.3197057Z tests/test_personalized_feedback.py::TestPersonalizedFeedbackRequest::test_create_request_with_defaults PASSED [ 67%]
2026-01-27T13:06:47.3210049Z tests/test_personalized_feedback.py::TestPersonalizedFeedbackRequest::test_create_request_with_custom_values PASSED [ 67%]
2026-01-27T13:06:47.6341317Z tests/test_qa.py::test_ask_question PASSED                               [ 68%]
2026-01-27T13:06:47.9421704Z tests/test_qa.py::test_ask_question_missing_fields PASSED                [ 68%]
2026-01-27T13:06:48.2521749Z tests/test_qa.py::test_escalate_question PASSED                          [ 68%]
2026-01-27T13:06:48.7534062Z tests/test_qa.py::test_qa_analytics PASSED                               [ 69%]
2026-01-27T13:06:49.0121083Z tests/test_report_analysis.py::TestReportAnalysisAPI::test_analyze_endpoint_basic PASSED [ 69%]
2026-01-27T13:06:49.2621434Z tests/test_report_analysis.py::TestReportAnalysisAPI::test_analyze_with_chinese_content PASSED [ 70%]
2026-01-27T13:06:49.5029534Z tests/test_report_analysis.py::TestReportAnalysisAPI::test_analyze_empty_content PASSED [ 70%]
2026-01-27T13:06:49.7539365Z tests/test_report_analysis.py::TestReportAnalysisAPI::test_analyze_file_upload_pdf_not_supported_yet PASSED [ 70%]
2026-01-27T13:06:50.2282308Z tests/test_report_analysis.py::TestReportAnalysisAPI::test_analyze_file_upload_txt PASSED [ 71%]
2026-01-27T13:06:50.2317436Z tests/test_report_analysis.py::TestReportAnalysisService::test_service_basic_analysis PASSED [ 71%]
2026-01-27T13:06:50.2356403Z tests/test_report_analysis.py::TestReportAnalysisService::test_section_detection PASSED [ 72%]
2026-01-27T13:06:50.2396958Z tests/test_report_analysis.py::TestReportAnalysisService::test_chinese_section_detection PASSED [ 72%]
2026-01-27T13:06:50.2412848Z tests/test_report_analysis.py::TestJSONParsers::test_parse_logic_analysis_valid_json PASSED [ 72%]
2026-01-27T13:06:50.2427702Z tests/test_report_analysis.py::TestJSONParsers::test_parse_logic_analysis_markdown_block PASSED [ 73%]
2026-01-27T13:06:50.2442498Z tests/test_report_analysis.py::TestJSONParsers::test_parse_logic_analysis_invalid_enum PASSED [ 73%]
2026-01-27T13:06:50.2457885Z tests/test_report_analysis.py::TestJSONParsers::test_parse_logic_analysis_invalid_json PASSED [ 74%]
2026-01-27T13:06:50.2491319Z tests/test_report_analysis.py::TestJSONParsers::test_parse_innovation_valid PASSED [ 74%]
2026-01-27T13:06:50.2492671Z tests/test_report_analysis.py::TestJSONParsers::test_parse_innovation_missing_required_fields PASSED [ 75%]
2026-01-27T13:06:50.2500645Z tests/test_report_analysis.py::TestJSONParsers::test_parse_suggestions_valid PASSED [ 75%]
2026-01-27T13:06:50.2514444Z tests/test_report_analysis.py::TestJSONParsers::test_parse_suggestions_invalid_category PASSED [ 75%]
2026-01-27T13:06:50.2527896Z tests/test_report_analysis.py::TestJSONParsers::test_parse_language_valid PASSED [ 76%]
2026-01-27T13:06:50.2541783Z tests/test_report_analysis.py::TestJSONParsers::test_parse_language_value_clamping PASSED [ 76%]
2026-01-27T13:06:50.2554569Z tests/test_report_analysis.py::TestDeepSeekIntegration::test_analyze_logic_with_real_ai SKIPPED [ 77%]
2026-01-27T13:06:50.2565091Z tests/test_report_analysis.py::TestDeepSeekIntegration::test_analyze_innovation_with_real_ai SKIPPED [ 77%]
2026-01-27T13:06:50.2575391Z tests/test_report_analysis.py::TestDeepSeekIntegration::test_generate_suggestions_with_real_ai SKIPPED [ 77%]
2026-01-27T13:06:50.2586448Z tests/test_report_analysis.py::TestDeepSeekIntegration::test_evaluate_language_with_real_ai SKIPPED [ 78%]
2026-01-27T13:06:50.5786622Z tests/test_rubrics.py::TestRubricCreate::test_create_success PASSED      [ 78%]
2026-01-27T13:06:50.8907993Z tests/test_rubrics.py::TestRubricCreate::test_create_with_criteria PASSED [ 79%]
2026-01-27T13:06:51.2239881Z tests/test_rubrics.py::TestRubricCreate::test_create_duplicate_rubric_id PASSED [ 79%]
2026-01-27T13:06:51.5288555Z tests/test_rubrics.py::TestRubricCreate::test_create_invalid_max_score PASSED [ 79%]
2026-01-27T13:06:52.0617432Z tests/test_rubrics.py::TestRubricCreate::test_create_missing_required_fields PASSED [ 80%]
2026-01-27T13:06:52.3725398Z tests/test_rubrics.py::TestRubricCreate::test_create_with_all_fields PASSED [ 80%]
2026-01-27T13:06:52.6858289Z tests/test_rubrics.py::TestRubricList::test_list_empty PASSED            [ 81%]
2026-01-27T13:06:53.0797337Z tests/test_rubrics.py::TestRubricList::test_list_with_data PASSED        [ 81%]
2026-01-27T13:06:53.4715444Z tests/test_rubrics.py::TestRubricList::test_list_pagination PASSED       [ 81%]
2026-01-27T13:06:54.0906034Z tests/test_rubrics.py::TestRubricList::test_list_pagination_last_page PASSED [ 82%]
2026-01-27T13:06:54.4052062Z tests/test_rubrics.py::TestRubricList::test_list_invalid_page PASSED     [ 82%]
2026-01-27T13:06:54.7467208Z tests/test_rubrics.py::TestRubricGet::test_get_success PASSED            [ 83%]
2026-01-27T13:06:55.0732262Z tests/test_rubrics.py::TestRubricGet::test_get_not_found PASSED          [ 83%]
2026-01-27T13:06:55.4021584Z tests/test_rubrics.py::TestRubricGet::test_get_with_criteria PASSED      [ 84%]
2026-01-27T13:06:55.9755623Z tests/test_rubrics.py::TestRubricUpdate::test_update_success PASSED      [ 84%]
2026-01-27T13:06:56.2967693Z tests/test_rubrics.py::TestRubricUpdate::test_update_partial_fields PASSED [ 84%]
2026-01-27T13:06:56.6220590Z tests/test_rubrics.py::TestRubricUpdate::test_update_criteria PASSED     [ 85%]
2026-01-27T13:06:56.9330429Z tests/test_rubrics.py::TestRubricUpdate::test_update_not_found PASSED    [ 85%]
2026-01-27T13:06:57.2577555Z tests/test_rubrics.py::TestRubricUpdate::test_update_invalid_max_score PASSED [ 86%]
2026-01-27T13:06:57.8146126Z tests/test_rubrics.py::TestRubricDelete::test_delete_success PASSED      [ 86%]
2026-01-27T13:06:58.1198140Z tests/test_rubrics.py::TestRubricDelete::test_delete_not_found PASSED    [ 86%]
2026-01-27T13:06:58.4402832Z tests/test_rubrics.py::TestRubricDelete::test_delete_with_assignments PASSED [ 87%]
2026-01-27T13:06:58.7623970Z tests/test_rubrics.py::TestRubricAssignments::test_get_assignments_success PASSED [ 87%]
2026-01-27T13:06:59.1014604Z tests/test_rubrics.py::TestRubricAssignments::test_get_assignments_empty PASSED [ 88%]
2026-01-27T13:06:59.6083233Z tests/test_rubrics.py::TestRubricAssignments::test_get_assignments_not_found PASSED [ 88%]
2026-01-27T13:06:59.9190385Z tests/test_students.py::TestStudentRegistration::test_register_success PASSED [ 88%]
2026-01-27T13:07:00.2406074Z tests/test_students.py::TestStudentRegistration::test_register_with_all_fields PASSED [ 89%]
2026-01-27T13:07:00.5571252Z tests/test_students.py::TestStudentRegistration::test_register_duplicate_student_id PASSED [ 89%]
2026-01-27T13:07:00.8729719Z tests/test_students.py::TestStudentRegistration::test_register_duplicate_email PASSED [ 90%]
2026-01-27T13:07:01.3747357Z tests/test_students.py::TestStudentRegistration::test_register_invalid_email_format PASSED [ 90%]
2026-01-27T13:07:01.6765244Z tests/test_students.py::TestStudentRegistration::test_register_missing_required_fields PASSED [ 90%]
2026-01-27T13:07:01.9948604Z tests/test_students.py::TestStudentLogin::test_login_success PASSED      [ 91%]
2026-01-27T13:07:02.3071912Z tests/test_students.py::TestStudentLogin::test_login_with_email_verification PASSED [ 91%]
2026-01-27T13:07:02.6111068Z tests/test_students.py::TestStudentLogin::test_login_student_not_found PASSED [ 92%]
2026-01-27T13:07:03.1569255Z tests/test_students.py::TestStudentLogin::test_login_email_mismatch PASSED [ 92%]
2026-01-27T13:07:03.6019494Z tests/test_students.py::TestStudentList::test_list_default_pagination PASSED [ 93%]
2026-01-27T13:07:04.0623244Z tests/test_students.py::TestStudentList::test_list_custom_pagination PASSED [ 93%]
2026-01-27T13:07:04.5326296Z tests/test_students.py::TestStudentList::test_list_second_page PASSED    [ 93%]
2026-01-27T13:07:05.2114197Z tests/test_students.py::TestStudentList::test_list_filter_by_course PASSED [ 94%]
2026-01-27T13:07:05.5191042Z tests/test_students.py::TestStudentList::test_list_empty_result PASSED   [ 94%]
2026-01-27T13:07:05.9779104Z tests/test_students.py::TestStudentList::test_list_page_size_boundary PASSED [ 95%]
2026-01-27T13:07:06.4349563Z tests/test_students.py::TestStudentList::test_list_filter_by_course_no_results PASSED [ 95%]
2026-01-27T13:07:06.8964394Z tests/test_students.py::TestStudentList::test_list_page_out_of_range PASSED [ 95%]
2026-01-27T13:07:07.4464670Z tests/test_students.py::TestStudentGet::test_get_success PASSED          [ 96%]
2026-01-27T13:07:07.7561981Z tests/test_students.py::TestStudentGet::test_get_not_found PASSED        [ 96%]
2026-01-27T13:07:08.0797750Z tests/test_students.py::TestStudentUpdate::test_update_success PASSED    [ 97%]
2026-01-27T13:07:08.4102406Z tests/test_students.py::TestStudentUpdate::test_update_partial_fields PASSED [ 97%]
2026-01-27T13:07:08.7380633Z tests/test_students.py::TestStudentUpdate::test_update_email PASSED      [ 97%]
2026-01-27T13:07:09.2846819Z tests/test_students.py::TestStudentUpdate::test_update_duplicate_email PASSED [ 98%]
2026-01-27T13:07:09.6037297Z tests/test_students.py::TestStudentUpdate::test_update_invalid_email PASSED [ 98%]
2026-01-27T13:07:09.9118420Z tests/test_students.py::TestStudentUpdate::test_update_not_found PASSED  [ 99%]
2026-01-27T13:07:10.2320126Z tests/test_students.py::TestStudentDelete::test_delete_success PASSED    [ 99%]
2026-01-27T13:07:10.8202195Z tests/test_students.py::TestStudentDelete::test_delete_not_found PASSED  [100%]
2026-01-27T13:07:10.8202922Z 
2026-01-27T13:07:10.8203212Z =================================== FAILURES ===================================
2026-01-27T13:07:10.8204027Z ________________ TestSummaryEndpoint.test_get_analysis_summary _________________
2026-01-27T13:07:10.8205387Z /opt/hostedtoolcache/Python/3.11.14/x64/lib/python3.11/site-packages/sqlalchemy/engine/base.py:1967: in _exec_single_context
2026-01-27T13:07:10.8206594Z     self.dialect.do_execute(
2026-01-27T13:07:10.8207606Z /opt/hostedtoolcache/Python/3.11.14/x64/lib/python3.11/site-packages/sqlalchemy/engine/default.py:952: in do_execute
2026-01-27T13:07:10.8208950Z     cursor.execute(statement, parameters)
2026-01-27T13:07:10.8210120Z /opt/hostedtoolcache/Python/3.11.14/x64/lib/python3.11/site-packages/sqlalchemy/dialects/sqlite/aiosqlite.py:182: in execute
2026-01-27T13:07:10.8211451Z     self._adapt_connection._handle_exception(error)
2026-01-27T13:07:10.8212926Z /opt/hostedtoolcache/Python/3.11.14/x64/lib/python3.11/site-packages/sqlalchemy/dialects/sqlite/aiosqlite.py:342: in _handle_exception
2026-01-27T13:07:10.8213798Z     raise error
2026-01-27T13:07:10.8214476Z /opt/hostedtoolcache/Python/3.11.14/x64/lib/python3.11/site-packages/sqlalchemy/dialects/sqlite/aiosqlite.py:164: in execute
2026-01-27T13:07:10.8215340Z     self.await_(_cursor.execute(operation, parameters))
2026-01-27T13:07:10.8216176Z /opt/hostedtoolcache/Python/3.11.14/x64/lib/python3.11/site-packages/sqlalchemy/util/_concurrency_py3k.py:132: in await_only
2026-01-27T13:07:10.8217237Z     return current.parent.switch(awaitable)  # type: ignore[no-any-return,attr-defined] # noqa: E501
2026-01-27T13:07:10.8217900Z            ^^^^^^^^^^^^^^^^^^^^^^^^^^^^^^^^
2026-01-27T13:07:10.8218875Z /opt/hostedtoolcache/Python/3.11.14/x64/lib/python3.11/site-packages/sqlalchemy/util/_concurrency_py3k.py:196: in greenlet_spawn
2026-01-27T13:07:10.8219712Z     value = await result
2026-01-27T13:07:10.8220001Z             ^^^^^^^^^^^^
2026-01-27T13:07:10.8220505Z /opt/hostedtoolcache/Python/3.11.14/x64/lib/python3.11/site-packages/aiosqlite/cursor.py:40: in execute
2026-01-27T13:07:10.8221041Z     await self._execute(self._cursor.execute, sql, parameters)
2026-01-27T13:07:10.8221558Z /opt/hostedtoolcache/Python/3.11.14/x64/lib/python3.11/site-packages/aiosqlite/cursor.py:32: in _execute
2026-01-27T13:07:10.8222071Z     return await self._conn._execute(fn, *args, **kwargs)
2026-01-27T13:07:10.8222369Z            ^^^^^^^^^^^^^^^^^^^^^^^^^^^^^^^^^^^^^^^^^^^^^^
2026-01-27T13:07:10.8222852Z /opt/hostedtoolcache/Python/3.11.14/x64/lib/python3.11/site-packages/aiosqlite/core.py:160: in _execute
2026-01-27T13:07:10.8223311Z     return await future
2026-01-27T13:07:10.8223496Z            ^^^^^^^^^^^^
2026-01-27T13:07:10.8223954Z /opt/hostedtoolcache/Python/3.11.14/x64/lib/python3.11/site-packages/aiosqlite/core.py:63: in _connection_worker_thread
2026-01-27T13:07:10.8224460Z     result = function()
2026-01-27T13:07:10.8224643Z              ^^^^^^^^^^
2026-01-27T13:07:10.8224880Z E   sqlite3.OperationalError: no such table: code_files
2026-01-27T13:07:10.8225106Z 
2026-01-27T13:07:10.8225291Z The above exception was the direct cause of the following exception:
2026-01-27T13:07:10.8225701Z tests/test_analysis_api.py:141: in test_get_analysis_summary
2026-01-27T13:07:10.8226045Z     response = client.get("/api/v1/analysis/summary")
2026-01-27T13:07:10.8226331Z                ^^^^^^^^^^^^^^^^^^^^^^^^^^^^^^^^^^^^^^
2026-01-27T13:07:10.8226783Z /opt/hostedtoolcache/Python/3.11.14/x64/lib/python3.11/site-packages/starlette/testclient.py:473: in get
2026-01-27T13:07:10.8227494Z     return super().get(
2026-01-27T13:07:10.8227887Z /opt/hostedtoolcache/Python/3.11.14/x64/lib/python3.11/site-packages/httpx/_client.py:1053: in get
2026-01-27T13:07:10.8228340Z     return self.request(
2026-01-27T13:07:10.8229006Z /opt/hostedtoolcache/Python/3.11.14/x64/lib/python3.11/site-packages/starlette/testclient.py:445: in request
2026-01-27T13:07:10.8229486Z     return super().request(
2026-01-27T13:07:10.8229901Z /opt/hostedtoolcache/Python/3.11.14/x64/lib/python3.11/site-packages/httpx/_client.py:825: in request
2026-01-27T13:07:10.8230448Z     return self.send(request, auth=auth, follow_redirects=follow_redirects)
2026-01-27T13:07:10.8230821Z            ^^^^^^^^^^^^^^^^^^^^^^^^^^^^^^^^^^^^^^^^^^^^^^^^^^^^^^^^^^^^^^^^
2026-01-27T13:07:10.8231265Z /opt/hostedtoolcache/Python/3.11.14/x64/lib/python3.11/site-packages/httpx/_client.py:914: in send
2026-01-27T13:07:10.8231697Z     response = self._send_handling_auth(
2026-01-27T13:07:10.8232170Z /opt/hostedtoolcache/Python/3.11.14/x64/lib/python3.11/site-packages/httpx/_client.py:942: in _send_handling_auth
2026-01-27T13:07:10.8232672Z     response = self._send_handling_redirects(
2026-01-27T13:07:10.8233314Z /opt/hostedtoolcache/Python/3.11.14/x64/lib/python3.11/site-packages/httpx/_client.py:979: in _send_handling_redirects
2026-01-27T13:07:10.8233849Z     response = self._send_single_request(request)
2026-01-27T13:07:10.8234116Z                ^^^^^^^^^^^^^^^^^^^^^^^^^^^^^^^^^^
2026-01-27T13:07:10.8234616Z /opt/hostedtoolcache/Python/3.11.14/x64/lib/python3.11/site-packages/httpx/_client.py:1014: in _send_single_request
2026-01-27T13:07:10.8235144Z     response = transport.handle_request(request)
2026-01-27T13:07:10.8235410Z                ^^^^^^^^^^^^^^^^^^^^^^^^^^^^^^^^^
2026-01-27T13:07:10.8235881Z /opt/hostedtoolcache/Python/3.11.14/x64/lib/python3.11/site-packages/starlette/testclient.py:348: in handle_request
2026-01-27T13:07:10.8236356Z     raise exc
2026-01-27T13:07:10.8236760Z /opt/hostedtoolcache/Python/3.11.14/x64/lib/python3.11/site-packages/starlette/testclient.py:345: in handle_request
2026-01-27T13:07:10.8237268Z     portal.call(self.app, scope, receive, send)
2026-01-27T13:07:10.8237733Z /opt/hostedtoolcache/Python/3.11.14/x64/lib/python3.11/site-packages/anyio/from_thread.py:334: in call
2026-01-27T13:07:10.8238247Z     return cast(T_Retval, self.start_task_soon(func, *args).result())
2026-01-27T13:07:10.8238588Z                           ^^^^^^^^^^^^^^^^^^^^^^^^^^^^^^^^^^^^^^^^^^
2026-01-27T13:07:10.8239199Z /opt/hostedtoolcache/Python/3.11.14/x64/lib/python3.11/concurrent/futures/_base.py:456: in result
2026-01-27T13:07:10.8239652Z     return self.__get_result()
2026-01-27T13:07:10.8239876Z            ^^^^^^^^^^^^^^^^^^^
2026-01-27T13:07:10.8240275Z /opt/hostedtoolcache/Python/3.11.14/x64/lib/python3.11/concurrent/futures/_base.py:401: in __get_result
2026-01-27T13:07:10.8240810Z     raise self._exception
2026-01-27T13:07:10.8241269Z /opt/hostedtoolcache/Python/3.11.14/x64/lib/python3.11/site-packages/anyio/from_thread.py:259: in _call_func
2026-01-27T13:07:10.8241750Z     retval = await retval_or_awaitable
2026-01-27T13:07:10.8241983Z              ^^^^^^^^^^^^^^^^^^^^^^^^^
2026-01-27T13:07:10.8242423Z /opt/hostedtoolcache/Python/3.11.14/x64/lib/python3.11/site-packages/fastapi/applications.py:1135: in __call__
2026-01-27T13:07:10.8242924Z     await super().__call__(scope, receive, send)
2026-01-27T13:07:10.8243403Z /opt/hostedtoolcache/Python/3.11.14/x64/lib/python3.11/site-packages/starlette/applications.py:107: in __call__
2026-01-27T13:07:10.8243919Z     await self.middleware_stack(scope, receive, send)
2026-01-27T13:07:10.8244441Z /opt/hostedtoolcache/Python/3.11.14/x64/lib/python3.11/site-packages/starlette/middleware/errors.py:186: in __call__
2026-01-27T13:07:10.8244911Z     raise exc
2026-01-27T13:07:10.8245323Z /opt/hostedtoolcache/Python/3.11.14/x64/lib/python3.11/site-packages/starlette/middleware/errors.py:164: in __call__
2026-01-27T13:07:10.8245818Z     await self.app(scope, receive, _send)
2026-01-27T13:07:10.8246440Z /opt/hostedtoolcache/Python/3.11.14/x64/lib/python3.11/site-packages/starlette/middleware/cors.py:85: in __call__
2026-01-27T13:07:10.8246931Z     await self.app(scope, receive, send)
2026-01-27T13:07:10.8247400Z /opt/hostedtoolcache/Python/3.11.14/x64/lib/python3.11/site-packages/starlette/middleware/base.py:191: in __call__
2026-01-27T13:07:10.8248479Z     with recv_stream, send_stream, collapse_excgroups():
2026-01-27T13:07:10.8249427Z /opt/hostedtoolcache/Python/3.11.14/x64/lib/python3.11/contextlib.py:158: in __exit__
2026-01-27T13:07:10.8250194Z     self.gen.throw(typ, value, traceback)
2026-01-27T13:07:10.8250698Z /opt/hostedtoolcache/Python/3.11.14/x64/lib/python3.11/site-packages/starlette/_utils.py:85: in collapse_excgroups
2026-01-27T13:07:10.8251168Z     raise exc
2026-01-27T13:07:10.8251569Z /opt/hostedtoolcache/Python/3.11.14/x64/lib/python3.11/site-packages/starlette/middleware/base.py:193: in __call__
2026-01-27T13:07:10.8252098Z     response = await self.dispatch_func(request, call_next)
2026-01-27T13:07:10.8252419Z                ^^^^^^^^^^^^^^^^^^^^^^^^^^^^^^^^^^^^^^^^^^^^
2026-01-27T13:07:10.8252684Z app/main.py:101: in log_requests_middleware
2026-01-27T13:07:10.8253119Z     response = await call_next(request)
2026-01-27T13:07:10.8253358Z                ^^^^^^^^^^^^^^^^^^^^^^^^
2026-01-27T13:07:10.8253818Z /opt/hostedtoolcache/Python/3.11.14/x64/lib/python3.11/site-packages/starlette/middleware/base.py:168: in call_next
2026-01-27T13:07:10.8254368Z     raise app_exc from app_exc.__cause__ or app_exc.__context__
2026-01-27T13:07:10.8254883Z /opt/hostedtoolcache/Python/3.11.14/x64/lib/python3.11/site-packages/starlette/middleware/base.py:144: in coro
2026-01-27T13:07:10.8255413Z     await self.app(scope, receive_or_disconnect, send_no_error)
2026-01-27T13:07:10.8255973Z /opt/hostedtoolcache/Python/3.11.14/x64/lib/python3.11/site-packages/starlette/middleware/exceptions.py:63: in __call__
2026-01-27T13:07:10.8256581Z     await wrap_app_handling_exceptions(self.app, conn)(scope, receive, send)
2026-01-27T13:07:10.8257196Z /opt/hostedtoolcache/Python/3.11.14/x64/lib/python3.11/site-packages/starlette/_exception_handler.py:53: in wrapped_app
2026-01-27T13:07:10.8257682Z     raise exc
2026-01-27T13:07:10.8258110Z /opt/hostedtoolcache/Python/3.11.14/x64/lib/python3.11/site-packages/starlette/_exception_handler.py:42: in wrapped_app
2026-01-27T13:07:10.8258614Z     await app(scope, receive, sender)
2026-01-27T13:07:10.8259335Z /opt/hostedtoolcache/Python/3.11.14/x64/lib/python3.11/site-packages/fastapi/middleware/asyncexitstack.py:18: in __call__
2026-01-27T13:07:10.8259867Z     await self.app(scope, receive, send)
2026-01-27T13:07:10.8260313Z /opt/hostedtoolcache/Python/3.11.14/x64/lib/python3.11/site-packages/starlette/routing.py:716: in __call__
2026-01-27T13:07:10.8260808Z     await self.middleware_stack(scope, receive, send)
2026-01-27T13:07:10.8261271Z /opt/hostedtoolcache/Python/3.11.14/x64/lib/python3.11/site-packages/starlette/routing.py:736: in app
2026-01-27T13:07:10.8261738Z     await route.handle(scope, receive, send)
2026-01-27T13:07:10.8262181Z /opt/hostedtoolcache/Python/3.11.14/x64/lib/python3.11/site-packages/starlette/routing.py:290: in handle
2026-01-27T13:07:10.8262645Z     await self.app(scope, receive, send)
2026-01-27T13:07:10.8263077Z /opt/hostedtoolcache/Python/3.11.14/x64/lib/python3.11/site-packages/fastapi/routing.py:115: in app
2026-01-27T13:07:10.8263604Z     await wrap_app_handling_exceptions(app, request)(scope, receive, send)
2026-01-27T13:07:10.8264201Z /opt/hostedtoolcache/Python/3.11.14/x64/lib/python3.11/site-packages/starlette/_exception_handler.py:53: in wrapped_app
2026-01-27T13:07:10.8264685Z     raise exc
2026-01-27T13:07:10.8265150Z /opt/hostedtoolcache/Python/3.11.14/x64/lib/python3.11/site-packages/starlette/_exception_handler.py:42: in wrapped_app
2026-01-27T13:07:10.8265656Z     await app(scope, receive, sender)
2026-01-27T13:07:10.8266068Z /opt/hostedtoolcache/Python/3.11.14/x64/lib/python3.11/site-packages/fastapi/routing.py:101: in app
2026-01-27T13:07:10.8266661Z     response = await f(request)
2026-01-27T13:07:10.8266880Z                ^^^^^^^^^^^^^^^^
2026-01-27T13:07:10.8267294Z /opt/hostedtoolcache/Python/3.11.14/x64/lib/python3.11/site-packages/fastapi/routing.py:355: in app
2026-01-27T13:07:10.8267767Z     raw_response = await run_endpoint_function(
2026-01-27T13:07:10.8268284Z /opt/hostedtoolcache/Python/3.11.14/x64/lib/python3.11/site-packages/fastapi/routing.py:243: in run_endpoint_function
2026-01-27T13:07:10.8268957Z     return await dependant.call(**values)
2026-01-27T13:07:10.8269197Z            ^^^^^^^^^^^^^^^^^^^^^^^^^^^^^^
2026-01-27T13:07:10.8269448Z api/analysis.py:289: in get_analysis_summary
2026-01-27T13:07:10.8269713Z     files = await crud_code_file.get_multi(
2026-01-27T13:07:10.8269977Z utils/crud.py:55: in get_multi
2026-01-27T13:07:10.8270203Z     result = await db.execute(query)
2026-01-27T13:07:10.8270426Z              ^^^^^^^^^^^^^^^^^^^^^^^
2026-01-27T13:07:10.8270896Z /opt/hostedtoolcache/Python/3.11.14/x64/lib/python3.11/site-packages/sqlalchemy/ext/asyncio/session.py:449: in execute
2026-01-27T13:07:10.8271404Z     result = await greenlet_spawn(
2026-01-27T13:07:10.8272038Z /opt/hostedtoolcache/Python/3.11.14/x64/lib/python3.11/site-packages/sqlalchemy/util/_concurrency_py3k.py:201: in greenlet_spawn
2026-01-27T13:07:10.8272589Z     result = context.throw(*sys.exc_info())
2026-01-27T13:07:10.8272832Z              ^^^^^^^^^^^^^^^^^^^^^^^^^^^^^^
2026-01-27T13:07:10.8273282Z /opt/hostedtoolcache/Python/3.11.14/x64/lib/python3.11/site-packages/sqlalchemy/orm/session.py:2351: in execute
2026-01-27T13:07:10.8273749Z     return self._execute_internal(
2026-01-27T13:07:10.8274235Z /opt/hostedtoolcache/Python/3.11.14/x64/lib/python3.11/site-packages/sqlalchemy/orm/session.py:2249: in _execute_internal
2026-01-27T13:07:10.8274808Z     result: Result[Any] = compile_state_cls.orm_execute_statement(
2026-01-27T13:07:10.8275394Z /opt/hostedtoolcache/Python/3.11.14/x64/lib/python3.11/site-packages/sqlalchemy/orm/context.py:306: in orm_execute_statement
2026-01-27T13:07:10.8275920Z     result = conn.execute(
2026-01-27T13:07:10.8276346Z /opt/hostedtoolcache/Python/3.11.14/x64/lib/python3.11/site-packages/sqlalchemy/engine/base.py:1419: in execute
2026-01-27T13:07:10.8276809Z     return meth(
2026-01-27T13:07:10.8277260Z /opt/hostedtoolcache/Python/3.11.14/x64/lib/python3.11/site-packages/sqlalchemy/sql/elements.py:527: in _execute_on_connection
2026-01-27T13:07:10.8277806Z     return connection._execute_clauseelement(
2026-01-27T13:07:10.8278334Z /opt/hostedtoolcache/Python/3.11.14/x64/lib/python3.11/site-packages/sqlalchemy/engine/base.py:1641: in _execute_clauseelement
2026-01-27T13:07:10.8279050Z     ret = self._execute_context(
2026-01-27T13:07:10.8279531Z /opt/hostedtoolcache/Python/3.11.14/x64/lib/python3.11/site-packages/sqlalchemy/engine/base.py:1846: in _execute_context
2026-01-27T13:07:10.8280043Z     return self._exec_single_context(
2026-01-27T13:07:10.8280545Z /opt/hostedtoolcache/Python/3.11.14/x64/lib/python3.11/site-packages/sqlalchemy/engine/base.py:1986: in _exec_single_context
2026-01-27T13:07:10.8281064Z     self._handle_dbapi_exception(
2026-01-27T13:07:10.8281578Z /opt/hostedtoolcache/Python/3.11.14/x64/lib/python3.11/site-packages/sqlalchemy/engine/base.py:2363: in _handle_dbapi_exception
2026-01-27T13:07:10.8282175Z     raise sqlalchemy_exception.with_traceback(exc_info[2]) from e
2026-01-27T13:07:10.8282747Z /opt/hostedtoolcache/Python/3.11.14/x64/lib/python3.11/site-packages/sqlalchemy/engine/base.py:1967: in _exec_single_context
2026-01-27T13:07:10.8283262Z     self.dialect.do_execute(
2026-01-27T13:07:10.8283713Z /opt/hostedtoolcache/Python/3.11.14/x64/lib/python3.11/site-packages/sqlalchemy/engine/default.py:952: in do_execute
2026-01-27T13:07:10.8284217Z     cursor.execute(statement, parameters)
2026-01-27T13:07:10.8284728Z /opt/hostedtoolcache/Python/3.11.14/x64/lib/python3.11/site-packages/sqlalchemy/dialects/sqlite/aiosqlite.py:182: in execute
2026-01-27T13:07:10.8285279Z     self._adapt_connection._handle_exception(error)
2026-01-27T13:07:10.8285997Z /opt/hostedtoolcache/Python/3.11.14/x64/lib/python3.11/site-packages/sqlalchemy/dialects/sqlite/aiosqlite.py:342: in _handle_exception
2026-01-27T13:07:10.8286538Z     raise error
2026-01-27T13:07:10.8286982Z /opt/hostedtoolcache/Python/3.11.14/x64/lib/python3.11/site-packages/sqlalchemy/dialects/sqlite/aiosqlite.py:164: in execute
2026-01-27T13:07:10.8287546Z     self.await_(_cursor.execute(operation, parameters))
2026-01-27T13:07:10.8288101Z /opt/hostedtoolcache/Python/3.11.14/x64/lib/python3.11/site-packages/sqlalchemy/util/_concurrency_py3k.py:132: in await_only
2026-01-27T13:07:10.8288999Z     return current.parent.switch(awaitable)  # type: ignore[no-any-return,attr-defined] # noqa: E501
2026-01-27T13:07:10.8289442Z            ^^^^^^^^^^^^^^^^^^^^^^^^^^^^^^^^
2026-01-27T13:07:10.8289966Z /opt/hostedtoolcache/Python/3.11.14/x64/lib/python3.11/site-packages/sqlalchemy/util/_concurrency_py3k.py:196: in greenlet_spawn
2026-01-27T13:07:10.8290497Z     value = await result
2026-01-27T13:07:10.8290692Z             ^^^^^^^^^^^^
2026-01-27T13:07:10.8291199Z /opt/hostedtoolcache/Python/3.11.14/x64/lib/python3.11/site-packages/aiosqlite/cursor.py:40: in execute
2026-01-27T13:07:10.8291723Z     await self._execute(self._cursor.execute, sql, parameters)
2026-01-27T13:07:10.8292228Z /opt/hostedtoolcache/Python/3.11.14/x64/lib/python3.11/site-packages/aiosqlite/cursor.py:32: in _execute
2026-01-27T13:07:10.8292719Z     return await self._conn._execute(fn, *args, **kwargs)
2026-01-27T13:07:10.8293020Z            ^^^^^^^^^^^^^^^^^^^^^^^^^^^^^^^^^^^^^^^^^^^^^^
2026-01-27T13:07:10.8293474Z /opt/hostedtoolcache/Python/3.11.14/x64/lib/python3.11/site-packages/aiosqlite/core.py:160: in _execute
2026-01-27T13:07:10.8293922Z     return await future
2026-01-27T13:07:10.8294107Z            ^^^^^^^^^^^^
2026-01-27T13:07:10.8294543Z /opt/hostedtoolcache/Python/3.11.14/x64/lib/python3.11/site-packages/aiosqlite/core.py:63: in _connection_worker_thread
2026-01-27T13:07:10.8295053Z     result = function()
2026-01-27T13:07:10.8295226Z              ^^^^^^^^^^
2026-01-27T13:07:10.8295578Z E   sqlalchemy.exc.OperationalError: (sqlite3.OperationalError) no such table: code_files
2026-01-27T13:07:10.8297199Z E   [SQL: SELECT code_files.id, code_files.file_id, code_files.original_filename, code_files.stored_filename, code_files.file_path, code_files.file_size, code_files.file_extension, code_files.mime_type, code_files.language, code_files.status, code_files.uploader_id, code_files.assignment_id, code_files.content_hash, code_files.line_count, code_files.analysis_result, code_files.created_at, code_files.updated_at 
2026-01-27T13:07:10.8300102Z E   FROM code_files
2026-01-27T13:07:10.8300442Z E    LIMIT ? OFFSET ?]
2026-01-27T13:07:10.8300786Z E   [parameters: (10, 0)]
2026-01-27T13:07:10.8301325Z E   (Background on this error at: https://sqlalche.me/e/20/e3q8)
2026-01-27T13:07:10.8302089Z ----------------------------- Captured stdout call -----------------------------
2026-01-27T13:07:10.8304146Z [31mERROR[0m | 13:06:39 | 0c6e4e3a | ai_teaching_assistant:125 | 💥 Request failed: GET http://testserver/api/v1/analysis/summary after 0.061s - (sqlite3.OperationalError) no such table: code_files
2026-01-27T13:07:10.8307484Z [SQL: SELECT code_files.id, code_files.file_id, code_files.original_filename, code_files.stored_filename, code_files.file_path, code_files.file_size, code_files.file_extension, code_files.mime_type, code_files.language, code_files.status, code_files.uploader_id, code_files.assignment_id, code_files.content_hash, code_files.line_count, code_files.analysis_result, code_files.created_at, code_files.updated_at 
2026-01-27T13:07:10.8309197Z FROM code_files
2026-01-27T13:07:10.8309382Z  LIMIT ? OFFSET ?]
2026-01-27T13:07:10.8309570Z [parameters: (10, 0)]
2026-01-27T13:07:10.8309856Z (Background on this error at: https://sqlalche.me/e/20/e3q8)
2026-01-27T13:07:10.8310263Z ------------------------------ Captured log call -------------------------------
2026-01-27T13:07:10.8311436Z ERROR    ai_teaching_assistant:main.py:125 💥 Request failed: GET http://testserver/api/v1/analysis/summary after 0.061s - (sqlite3.OperationalError) no such table: code_files
2026-01-27T13:07:10.8313399Z [SQL: SELECT code_files.id, code_files.file_id, code_files.original_filename, code_files.stored_filename, code_files.file_path, code_files.file_size, code_files.file_extension, code_files.mime_type, code_files.language, code_files.status, code_files.uploader_id, code_files.assignment_id, code_files.content_hash, code_files.line_count, code_files.analysis_result, code_files.created_at, code_files.updated_at 
2026-01-27T13:07:10.8314832Z FROM code_files
2026-01-27T13:07:10.8315007Z  LIMIT ? OFFSET ?]
2026-01-27T13:07:10.8315183Z [parameters: (10, 0)]
2026-01-27T13:07:10.8315449Z (Background on this error at: https://sqlalche.me/e/20/e3q8)
2026-01-27T13:07:10.8315809Z =============================== warnings summary ===============================
2026-01-27T13:07:10.8316108Z core/config.py:9
2026-01-27T13:07:10.8317458Z   /home/runner/work/ai-teaching-assistant/ai-teaching-assistant/backend/core/config.py:9: PydanticDeprecatedSince20: Support for class-based `config` is deprecated, use ConfigDict instead. Deprecated in Pydantic V2.0 to be removed in V3.0. See Pydantic V2 Migration Guide at https://errors.pydantic.dev/2.12/migration/
2026-01-27T13:07:10.8318817Z     class Settings(BaseSettings):
2026-01-27T13:07:10.8319014Z 
2026-01-27T13:07:10.8319092Z schemas/grading.py:67
2026-01-27T13:07:10.8320279Z   /home/runner/work/ai-teaching-assistant/ai-teaching-assistant/backend/schemas/grading.py:67: PydanticDeprecatedSince20: Support for class-based `config` is deprecated, use ConfigDict instead. Deprecated in Pydantic V2.0 to be removed in V3.0. See Pydantic V2 Migration Guide at https://errors.pydantic.dev/2.12/migration/
2026-01-27T13:07:10.8321543Z     class GradingResultResponse(GradingResultBase):
2026-01-27T13:07:10.8321762Z 
2026-01-27T13:07:10.8321834Z schemas/auth.py:55
2026-01-27T13:07:10.8323004Z   /home/runner/work/ai-teaching-assistant/ai-teaching-assistant/backend/schemas/auth.py:55: PydanticDeprecatedSince20: Support for class-based `config` is deprecated, use ConfigDict instead. Deprecated in Pydantic V2.0 to be removed in V3.0. See Pydantic V2 Migration Guide at https://errors.pydantic.dev/2.12/migration/
2026-01-27T13:07:10.8324210Z     class UserResponse(UserBase):
2026-01-27T13:07:10.8324365Z 
2026-01-27T13:07:10.8324454Z schemas/assignment_crud.py:45
2026-01-27T13:07:10.8325652Z   /home/runner/work/ai-teaching-assistant/ai-teaching-assistant/backend/schemas/assignment_crud.py:45: PydanticDeprecatedSince20: Support for class-based `config` is deprecated, use ConfigDict instead. Deprecated in Pydantic V2.0 to be removed in V3.0. See Pydantic V2 Migration Guide at https://errors.pydantic.dev/2.12/migration/
2026-01-27T13:07:11.4673675Z     class AssignmentResponse(AssignmentBase):
2026-01-27T13:07:11.4674122Z 
2026-01-27T13:07:11.4674277Z schemas/assignment_transfer.py:34
2026-01-27T13:07:11.4676498Z   /home/runner/work/ai-teaching-assistant/ai-teaching-assistant/backend/schemas/assignment_transfer.py:34: PydanticDeprecatedSince20: Support for class-based `config` is deprecated, use ConfigDict instead. Deprecated in Pydantic V2.0 to be removed in V3.0. See Pydantic V2 Migration Guide at https://errors.pydantic.dev/2.12/migration/
2026-01-27T13:07:11.4678956Z     class BatchUploadRequest(BaseModel):
2026-01-27T13:07:11.4679262Z 
2026-01-27T13:07:11.4679809Z ../../../../../../opt/hostedtoolcache/Python/3.11.14/x64/lib/python3.11/site-packages/pydantic/_internal/_config.py:383
2026-01-27T13:07:11.4681282Z   /opt/hostedtoolcache/Python/3.11.14/x64/lib/python3.11/site-packages/pydantic/_internal/_config.py:383: UserWarning: Valid config keys have changed in V2:
2026-01-27T13:07:11.4682331Z   * 'schema_extra' has been renamed to 'json_schema_extra'
2026-01-27T13:07:11.4682739Z     warnings.warn(message, UserWarning)
2026-01-27T13:07:11.4682962Z 
2026-01-27T13:07:11.4683062Z schemas/qa_log.py:54
2026-01-27T13:07:11.4684980Z   /home/runner/work/ai-teaching-assistant/ai-teaching-assistant/backend/schemas/qa_log.py:54: PydanticDeprecatedSince20: Support for class-based `config` is deprecated, use ConfigDict instead. Deprecated in Pydantic V2.0 to be removed in V3.0. See Pydantic V2 Migration Guide at https://errors.pydantic.dev/2.12/migration/
2026-01-27T13:07:11.4686657Z     class QALogResponse(BaseModel):
2026-01-27T13:07:11.4686871Z 
2026-01-27T13:07:11.4686982Z schemas/knowledge_base.py:72
2026-01-27T13:07:11.4688610Z   /home/runner/work/ai-teaching-assistant/ai-teaching-assistant/backend/schemas/knowledge_base.py:72: PydanticDeprecatedSince20: Support for class-based `config` is deprecated, use ConfigDict instead. Deprecated in Pydantic V2.0 to be removed in V3.0. See Pydantic V2 Migration Guide at https://errors.pydantic.dev/2.12/migration/
2026-01-27T13:07:11.4690426Z     class KnowledgeBaseResponse(BaseModel):
2026-01-27T13:07:11.4690668Z 
2026-01-27T13:07:11.4690764Z schemas/student.py:51
2026-01-27T13:07:11.4692503Z   /home/runner/work/ai-teaching-assistant/ai-teaching-assistant/backend/schemas/student.py:51: PydanticDeprecatedSince20: Support for class-based `config` is deprecated, use ConfigDict instead. Deprecated in Pydantic V2.0 to be removed in V3.0. See Pydantic V2 Migration Guide at https://errors.pydantic.dev/2.12/migration/
2026-01-27T13:07:11.4693790Z     class StudentResponse(StudentBase):
2026-01-27T13:07:11.4693963Z 
2026-01-27T13:07:11.4694050Z schemas/submission.py:42
2026-01-27T13:07:11.4695209Z   /home/runner/work/ai-teaching-assistant/ai-teaching-assistant/backend/schemas/submission.py:42: PydanticDeprecatedSince20: Support for class-based `config` is deprecated, use ConfigDict instead. Deprecated in Pydantic V2.0 to be removed in V3.0. See Pydantic V2 Migration Guide at https://errors.pydantic.dev/2.12/migration/
2026-01-27T13:07:11.4696438Z     class SubmissionResponse(SubmissionBase):
2026-01-27T13:07:11.4696624Z 
2026-01-27T13:07:11.4696705Z schemas/file_upload.py:122
2026-01-27T13:07:11.4697912Z   /home/runner/work/ai-teaching-assistant/ai-teaching-assistant/backend/schemas/file_upload.py:122: PydanticDeprecatedSince20: Support for class-based `config` is deprecated, use ConfigDict instead. Deprecated in Pydantic V2.0 to be removed in V3.0. See Pydantic V2 Migration Guide at https://errors.pydantic.dev/2.12/migration/
2026-01-27T13:07:11.4699286Z     class FileMetadataResponse(BaseModel):
2026-01-27T13:07:11.4699471Z 
2026-01-27T13:07:11.4699746Z ../../../../../../opt/hostedtoolcache/Python/3.11.14/x64/lib/python3.11/site-packages/PyPDF2/__init__.py:21
2026-01-27T13:07:11.4700642Z   /opt/hostedtoolcache/Python/3.11.14/x64/lib/python3.11/site-packages/PyPDF2/__init__.py:21: DeprecationWarning: PyPDF2 is deprecated. Please move to the pypdf library instead.
2026-01-27T13:07:11.4701329Z     warnings.warn(
2026-01-27T13:07:11.4701441Z 
2026-01-27T13:07:11.4701518Z schemas/feedback.py:375
2026-01-27T13:07:11.4702721Z   /home/runner/work/ai-teaching-assistant/ai-teaching-assistant/backend/schemas/feedback.py:375: PydanticDeprecatedSince20: Support for class-based `config` is deprecated, use ConfigDict instead. Deprecated in Pydantic V2.0 to be removed in V3.0. See Pydantic V2 Migration Guide at https://errors.pydantic.dev/2.12/migration/
2026-01-27T13:07:11.4704019Z     class FeedbackTemplateResponse(FeedbackTemplateBase):
2026-01-27T13:07:11.4704251Z 
2026-01-27T13:07:11.4704328Z schemas/feedback.py:430
2026-01-27T13:07:11.4705487Z   /home/runner/work/ai-teaching-assistant/ai-teaching-assistant/backend/schemas/feedback.py:430: PydanticDeprecatedSince20: Support for class-based `config` is deprecated, use ConfigDict instead. Deprecated in Pydantic V2.0 to be removed in V3.0. See Pydantic V2 Migration Guide at https://errors.pydantic.dev/2.12/migration/
2026-01-27T13:07:11.4706700Z     class AIInteractionResponse(BaseModel):
2026-01-27T13:07:11.4706887Z 
2026-01-27T13:07:11.4706961Z schemas/rubric.py:46
2026-01-27T13:07:11.4708098Z   /home/runner/work/ai-teaching-assistant/ai-teaching-assistant/backend/schemas/rubric.py:46: PydanticDeprecatedSince20: Support for class-based `config` is deprecated, use ConfigDict instead. Deprecated in Pydantic V2.0 to be removed in V3.0. See Pydantic V2 Migration Guide at https://errors.pydantic.dev/2.12/migration/
2026-01-27T13:07:11.4709541Z     class RubricResponse(RubricBase):
2026-01-27T13:07:11.4709721Z 
2026-01-27T13:07:11.4709910Z -- Docs: https://docs.pytest.org/en/stable/how-to/capture-warnings.html
2026-01-27T13:07:11.4710323Z ================================ tests coverage ================================
2026-01-27T13:07:11.4710724Z _______________ coverage: platform linux, python 3.11.14-final-0 _______________
2026-01-27T13:07:11.4711000Z 
2026-01-27T13:07:11.4711097Z Coverage HTML written to dir htmlcov
2026-01-27T13:07:11.4711351Z Coverage XML written to file coverage.xml
2026-01-27T13:07:11.4711652Z =========================== short test summary info ============================
2026-01-27T13:07:11.4712441Z FAILED tests/test_analysis_api.py::TestSummaryEndpoint::test_get_analysis_summary - sqlalchemy.exc.OperationalError: (sqlite3.OperationalError) no such table: code_files
2026-01-27T13:07:11.4714475Z [SQL: SELECT code_files.id, code_files.file_id, code_files.original_filename, code_files.stored_filename, code_files.file_path, code_files.file_size, code_files.file_extension, code_files.mime_type, code_files.language, code_files.status, code_files.uploader_id, code_files.assignment_id, code_files.content_hash, code_files.line_count, code_files.analysis_result, code_files.created_at, code_files.updated_at 
2026-01-27T13:07:11.4715951Z FROM code_files
2026-01-27T13:07:11.4716123Z  LIMIT ? OFFSET ?]
2026-01-27T13:07:11.4716306Z [parameters: (10, 0)]
2026-01-27T13:07:11.4716581Z (Background on this error at: https://sqlalche.me/e/20/e3q8)
2026-01-27T13:07:11.4716981Z ============ 1 failed, 239 passed, 4 skipped, 15 warnings in 37.94s ============
2026-01-27T13:07:12.0883045Z ##[error]Process completed with exit code 1.
2026-01-27T13:07:12.1002530Z Post job cleanup.
2026-01-27T13:07:12.2046276Z [command]/usr/bin/git version
2026-01-27T13:07:12.2091634Z git version 2.52.0
2026-01-27T13:07:12.2141122Z Temporarily overriding HOME='/home/runner/work/_temp/7a319ebf-c0b3-468e-a659-80bde75bfd6e' before making global git config changes
2026-01-27T13:07:12.2142468Z Adding repository directory to the temporary git global config as a safe directory
2026-01-27T13:07:12.2149960Z [command]/usr/bin/git config --global --add safe.directory /home/runner/work/ai-teaching-assistant/ai-teaching-assistant
2026-01-27T13:07:12.2198417Z [command]/usr/bin/git config --local --name-only --get-regexp core\.sshCommand
2026-01-27T13:07:12.2241844Z [command]/usr/bin/git submodule foreach --recursive sh -c "git config --local --name-only --get-regexp 'core\.sshCommand' && git config --local --unset-all 'core.sshCommand' || :"
2026-01-27T13:07:12.2511068Z [command]/usr/bin/git config --local --name-only --get-regexp http\.https\:\/\/github\.com\/\.extraheader
2026-01-27T13:07:12.2538369Z http.https://github.com/.extraheader
2026-01-27T13:07:12.2553427Z [command]/usr/bin/git config --local --unset-all http.https://github.com/.extraheader
2026-01-27T13:07:12.2594423Z [command]/usr/bin/git submodule foreach --recursive sh -c "git config --local --name-only --get-regexp 'http\.https\:\/\/github\.com\/\.extraheader' && git config --local --unset-all 'http.https://github.com/.extraheader' || :"
2026-01-27T13:07:12.2851874Z [command]/usr/bin/git config --local --name-only --get-regexp ^includeIf\.gitdir:
2026-01-27T13:07:12.2894905Z [command]/usr/bin/git submodule foreach --recursive git config --local --show-origin --name-only --get-regexp remote.origin.url
2026-01-27T13:07:12.3330718Z Cleaning up orphan processes
