2026-01-27T12:27:54.6653411Z Current runner version: '2.331.0'
2026-01-27T12:27:54.6678429Z ##[group]Runner Image Provisioner
2026-01-27T12:27:54.6679288Z Hosted Compute Agent
2026-01-27T12:27:54.6679949Z Version: 20260115.477
2026-01-27T12:27:54.6680543Z Commit: 4b342d620503cbe250a3154040964899ea7c9b00
2026-01-27T12:27:54.6681184Z Build Date: 2026-01-15T22:32:41Z
2026-01-27T12:27:54.6681891Z Worker ID: {59dedcad-e1f4-4e03-ac9c-284b05bc6201}
2026-01-27T12:27:54.6682579Z Azure Region: westus
2026-01-27T12:27:54.6683103Z ##[endgroup]
2026-01-27T12:27:54.6684560Z ##[group]Operating System
2026-01-27T12:27:54.6685171Z Ubuntu
2026-01-27T12:27:54.6685625Z 24.04.3
2026-01-27T12:27:54.6686070Z LTS
2026-01-27T12:27:54.6686574Z ##[endgroup]
2026-01-27T12:27:54.6687176Z ##[group]Runner Image
2026-01-27T12:27:54.6687783Z Image: ubuntu-24.04
2026-01-27T12:27:54.6688269Z Version: 20260119.4.1
2026-01-27T12:27:54.6689443Z Included Software: https://github.com/actions/runner-images/blob/ubuntu24/20260119.4/images/ubuntu/Ubuntu2404-Readme.md
2026-01-27T12:27:54.6690953Z Image Release: https://github.com/actions/runner-images/releases/tag/ubuntu24%2F20260119.4
2026-01-27T12:27:54.6691842Z ##[endgroup]
2026-01-27T12:27:54.6692938Z ##[group]GITHUB_TOKEN Permissions
2026-01-27T12:27:54.6694822Z Contents: read
2026-01-27T12:27:54.6695342Z Metadata: read
2026-01-27T12:27:54.6695933Z Packages: read
2026-01-27T12:27:54.6696432Z ##[endgroup]
2026-01-27T12:27:54.6698872Z Secret source: Actions
2026-01-27T12:27:54.6699652Z Prepare workflow directory
2026-01-27T12:27:54.7115392Z Prepare all required actions
2026-01-27T12:27:54.7155879Z Getting action download info
2026-01-27T12:27:55.1755339Z Download action repository 'actions/checkout@v4' (SHA:34e114876b0b11c390a56381ad16ebd13914f8d5)
2026-01-27T12:27:55.8751625Z Download action repository 'actions/setup-python@v4' (SHA:7f4fc3e22c37d6ff65e88745f38bd3157c663f7c)
2026-01-27T12:27:55.9951270Z Download action repository 'actions/cache@v3' (SHA:6f8efc29b200d32929f49075959781ed54ec270c)
2026-01-27T12:27:56.2908074Z Complete job name: backend-test (3.11)
2026-01-27T12:27:56.3591559Z ##[group]Run actions/checkout@v4
2026-01-27T12:27:56.3592441Z with:
2026-01-27T12:27:56.3592877Z   repository: sst2020/ai-teaching-assistant
2026-01-27T12:27:56.3593693Z   token: ***
2026-01-27T12:27:56.3594075Z   ssh-strict: true
2026-01-27T12:27:56.3594458Z   ssh-user: git
2026-01-27T12:27:56.3594855Z   persist-credentials: true
2026-01-27T12:27:56.3595291Z   clean: true
2026-01-27T12:27:56.3595692Z   sparse-checkout-cone-mode: true
2026-01-27T12:27:56.3596178Z   fetch-depth: 1
2026-01-27T12:27:56.3596581Z   fetch-tags: false
2026-01-27T12:27:56.3596983Z   show-progress: true
2026-01-27T12:27:56.3597673Z   lfs: false
2026-01-27T12:27:56.3598044Z   submodules: false
2026-01-27T12:27:56.3598461Z   set-safe-directory: true
2026-01-27T12:27:56.3599173Z ##[endgroup]
2026-01-27T12:27:56.4733195Z Syncing repository: sst2020/ai-teaching-assistant
2026-01-27T12:27:56.4735132Z ##[group]Getting Git version info
2026-01-27T12:27:56.4736066Z Working directory is '/home/runner/work/ai-teaching-assistant/ai-teaching-assistant'
2026-01-27T12:27:56.4737541Z [command]/usr/bin/git version
2026-01-27T12:27:56.5804287Z git version 2.52.0
2026-01-27T12:27:56.5831207Z ##[endgroup]
2026-01-27T12:27:56.5846444Z Temporarily overriding HOME='/home/runner/work/_temp/6cdb3f96-23d6-452b-b415-c7430ac914ea' before making global git config changes
2026-01-27T12:27:56.5848243Z Adding repository directory to the temporary git global config as a safe directory
2026-01-27T12:27:56.5852965Z [command]/usr/bin/git config --global --add safe.directory /home/runner/work/ai-teaching-assistant/ai-teaching-assistant
2026-01-27T12:27:56.5950322Z Deleting the contents of '/home/runner/work/ai-teaching-assistant/ai-teaching-assistant'
2026-01-27T12:27:56.5953992Z ##[group]Initializing the repository
2026-01-27T12:27:56.5959082Z [command]/usr/bin/git init /home/runner/work/ai-teaching-assistant/ai-teaching-assistant
2026-01-27T12:27:56.6863260Z hint: Using 'master' as the name for the initial branch. This default branch name
2026-01-27T12:27:56.6864805Z hint: will change to "main" in Git 3.0. To configure the initial branch name
2026-01-27T12:27:56.6865736Z hint: to use in all of your new repositories, which will suppress this warning,
2026-01-27T12:27:56.6866563Z hint: call:
2026-01-27T12:27:56.6866937Z hint:
2026-01-27T12:27:56.6867633Z hint: 	git config --global init.defaultBranch <name>
2026-01-27T12:27:56.6868233Z hint:
2026-01-27T12:27:56.6868794Z hint: Names commonly chosen instead of 'master' are 'main', 'trunk' and
2026-01-27T12:27:56.6869731Z hint: 'development'. The just-created branch can be renamed via this command:
2026-01-27T12:27:56.6870454Z hint:
2026-01-27T12:27:56.6870837Z hint: 	git branch -m <name>
2026-01-27T12:27:56.6871277Z hint:
2026-01-27T12:27:56.6871850Z hint: Disable this message with "git config set advice.defaultBranchName false"
2026-01-27T12:27:56.6909024Z Initialized empty Git repository in /home/runner/work/ai-teaching-assistant/ai-teaching-assistant/.git/
2026-01-27T12:27:56.6923335Z [command]/usr/bin/git remote add origin https://github.com/sst2020/ai-teaching-assistant
2026-01-27T12:27:56.7015452Z ##[endgroup]
2026-01-27T12:27:56.7016649Z ##[group]Disabling automatic garbage collection
2026-01-27T12:27:56.7020751Z [command]/usr/bin/git config --local gc.auto 0
2026-01-27T12:27:56.7054712Z ##[endgroup]
2026-01-27T12:27:56.7055927Z ##[group]Setting up auth
2026-01-27T12:27:56.7063027Z [command]/usr/bin/git config --local --name-only --get-regexp core\.sshCommand
2026-01-27T12:27:56.7098643Z [command]/usr/bin/git submodule foreach --recursive sh -c "git config --local --name-only --get-regexp 'core\.sshCommand' && git config --local --unset-all 'core.sshCommand' || :"
2026-01-27T12:27:56.9641785Z [command]/usr/bin/git config --local --name-only --get-regexp http\.https\:\/\/github\.com\/\.extraheader
2026-01-27T12:27:56.9681922Z [command]/usr/bin/git submodule foreach --recursive sh -c "git config --local --name-only --get-regexp 'http\.https\:\/\/github\.com\/\.extraheader' && git config --local --unset-all 'http.https://github.com/.extraheader' || :"
2026-01-27T12:27:56.9945405Z [command]/usr/bin/git config --local --name-only --get-regexp ^includeIf\.gitdir:
2026-01-27T12:27:56.9979041Z [command]/usr/bin/git submodule foreach --recursive git config --local --show-origin --name-only --get-regexp remote.origin.url
2026-01-27T12:27:57.0235508Z [command]/usr/bin/git config --local http.https://github.com/.extraheader AUTHORIZATION: basic ***
2026-01-27T12:27:57.0273361Z ##[endgroup]
2026-01-27T12:27:57.0274479Z ##[group]Fetching the repository
2026-01-27T12:27:57.0283435Z [command]/usr/bin/git -c protocol.version=2 fetch --no-tags --prune --no-recurse-submodules --depth=1 origin +27ec4e2e160bfcf97da2be74f1b1d16421e93d0d:refs/remotes/origin/main
2026-01-27T12:27:57.7518205Z From https://github.com/sst2020/ai-teaching-assistant
2026-01-27T12:27:57.7521477Z  * [new ref]         27ec4e2e160bfcf97da2be74f1b1d16421e93d0d -> origin/main
2026-01-27T12:27:57.7607549Z ##[endgroup]
2026-01-27T12:27:57.7609563Z ##[group]Determining the checkout info
2026-01-27T12:27:57.7611323Z ##[endgroup]
2026-01-27T12:27:57.7613208Z [command]/usr/bin/git sparse-checkout disable
2026-01-27T12:27:57.7708548Z [command]/usr/bin/git config --local --unset-all extensions.worktreeConfig
2026-01-27T12:27:57.7738517Z ##[group]Checking out the ref
2026-01-27T12:27:57.7742777Z [command]/usr/bin/git checkout --progress --force -B main refs/remotes/origin/main
2026-01-27T12:27:57.8079983Z Switched to a new branch 'main'
2026-01-27T12:27:57.8081970Z branch 'main' set up to track 'origin/main'.
2026-01-27T12:27:57.8091876Z ##[endgroup]
2026-01-27T12:27:57.8133624Z [command]/usr/bin/git log -1 --format=%H
2026-01-27T12:27:57.8160751Z 27ec4e2e160bfcf97da2be74f1b1d16421e93d0d
2026-01-27T12:27:57.8492414Z ##[group]Run actions/setup-python@v4
2026-01-27T12:27:57.8493594Z with:
2026-01-27T12:27:57.8494398Z   python-version: 3.11
2026-01-27T12:27:57.8495352Z   check-latest: false
2026-01-27T12:27:57.8496592Z   token: ***
2026-01-27T12:27:57.8498043Z   update-environment: true
2026-01-27T12:27:57.8499067Z   allow-prereleases: false
2026-01-27T12:27:57.8500070Z ##[endgroup]
2026-01-27T12:27:58.0312862Z ##[group]Installed versions
2026-01-27T12:27:58.1001148Z Successfully set up CPython (3.11.14)
2026-01-27T12:27:58.1003581Z ##[endgroup]
2026-01-27T12:27:58.2189201Z ##[group]Run actions/cache@v3
2026-01-27T12:27:58.2190202Z with:
2026-01-27T12:27:58.2190905Z   path: ~/.cache/pip
2026-01-27T12:27:58.2192373Z   key: Linux-pip-f4e97e6f7633a41b8f0d5f5f4959c7ff93e194c73bd0134573d2fdf632fe88b2
2026-01-27T12:27:58.2194082Z   restore-keys: Linux-pip-

2026-01-27T12:27:58.2195039Z   enableCrossOsArchive: false
2026-01-27T12:27:58.2196018Z   fail-on-cache-miss: false
2026-01-27T12:27:58.2196929Z   lookup-only: false
2026-01-27T12:27:58.2197904Z env:
2026-01-27T12:27:58.2198846Z   pythonLocation: /opt/hostedtoolcache/Python/3.11.14/x64
2026-01-27T12:27:58.2200551Z   PKG_CONFIG_PATH: /opt/hostedtoolcache/Python/3.11.14/x64/lib/pkgconfig
2026-01-27T12:27:58.2202283Z   Python_ROOT_DIR: /opt/hostedtoolcache/Python/3.11.14/x64
2026-01-27T12:27:58.2203795Z   Python2_ROOT_DIR: /opt/hostedtoolcache/Python/3.11.14/x64
2026-01-27T12:27:58.2205367Z   Python3_ROOT_DIR: /opt/hostedtoolcache/Python/3.11.14/x64
2026-01-27T12:27:58.2206958Z   LD_LIBRARY_PATH: /opt/hostedtoolcache/Python/3.11.14/x64/lib
2026-01-27T12:27:58.2208630Z ##[endgroup]
2026-01-27T12:27:58.6647816Z Cache not found for input keys: Linux-pip-f4e97e6f7633a41b8f0d5f5f4959c7ff93e194c73bd0134573d2fdf632fe88b2, Linux-pip-
2026-01-27T12:27:58.6838542Z ##[group]Run python -m pip install --upgrade pip
2026-01-27T12:27:58.6839963Z [36;1mpython -m pip install --upgrade pip[0m
2026-01-27T12:27:58.6841164Z [36;1mpip install -r requirements.txt[0m
2026-01-27T12:27:58.6842361Z [36;1mpip install pytest pytest-cov ruff mypy[0m
2026-01-27T12:27:58.6932341Z shell: /usr/bin/bash -e {0}
2026-01-27T12:27:58.6933280Z env:
2026-01-27T12:27:58.6934317Z   pythonLocation: /opt/hostedtoolcache/Python/3.11.14/x64
2026-01-27T12:27:58.6935966Z   PKG_CONFIG_PATH: /opt/hostedtoolcache/Python/3.11.14/x64/lib/pkgconfig
2026-01-27T12:27:58.6937854Z   Python_ROOT_DIR: /opt/hostedtoolcache/Python/3.11.14/x64
2026-01-27T12:27:58.6939338Z   Python2_ROOT_DIR: /opt/hostedtoolcache/Python/3.11.14/x64
2026-01-27T12:27:58.6940791Z   Python3_ROOT_DIR: /opt/hostedtoolcache/Python/3.11.14/x64
2026-01-27T12:27:58.6942273Z   LD_LIBRARY_PATH: /opt/hostedtoolcache/Python/3.11.14/x64/lib
2026-01-27T12:27:58.6943500Z ##[endgroup]
2026-01-27T12:28:01.6092460Z Requirement already satisfied: pip in /opt/hostedtoolcache/Python/3.11.14/x64/lib/python3.11/site-packages (25.3)
2026-01-27T12:28:02.8125890Z Collecting fastapi>=0.104.0 (from -r requirements.txt (line 6))
2026-01-27T12:28:02.8795826Z   Downloading fastapi-0.128.0-py3-none-any.whl.metadata (30 kB)
2026-01-27T12:28:02.9373954Z Collecting uvicorn>=0.24.0 (from uvicorn[standard]>=0.24.0->-r requirements.txt (line 7))
2026-01-27T12:28:02.9410625Z   Downloading uvicorn-0.40.0-py3-none-any.whl.metadata (6.7 kB)
2026-01-27T12:28:02.9586259Z Collecting python-multipart>=0.0.6 (from -r requirements.txt (line 8))
2026-01-27T12:28:02.9622095Z   Downloading python_multipart-0.0.22-py3-none-any.whl.metadata (1.8 kB)
2026-01-27T12:28:03.0824925Z Collecting pydantic>=2.5.0 (from pydantic[email]>=2.5.0->-r requirements.txt (line 11))
2026-01-27T12:28:03.0863916Z   Downloading pydantic-2.12.5-py3-none-any.whl.metadata (90 kB)
2026-01-27T12:28:03.1153816Z Collecting pydantic-settings>=2.1.0 (from -r requirements.txt (line 12))
2026-01-27T12:28:03.1194717Z   Downloading pydantic_settings-2.12.0-py3-none-any.whl.metadata (3.4 kB)
2026-01-27T12:28:03.1366182Z Collecting email-validator>=2.0.0 (from -r requirements.txt (line 13))
2026-01-27T12:28:03.1401814Z   Downloading email_validator-2.3.0-py3-none-any.whl.metadata (26 kB)
2026-01-27T12:28:03.1624278Z Collecting httpx>=0.25.0 (from -r requirements.txt (line 16))
2026-01-27T12:28:03.1658255Z   Downloading httpx-0.28.1-py3-none-any.whl.metadata (7.1 kB)
2026-01-27T12:28:03.6726341Z Collecting aiohttp>=3.9.0 (from -r requirements.txt (line 17))
2026-01-27T12:28:03.6763435Z   Downloading aiohttp-3.13.3-cp311-cp311-manylinux2014_x86_64.manylinux_2_17_x86_64.manylinux_2_28_x86_64.whl.metadata (8.1 kB)
2026-01-27T12:28:03.6922392Z Collecting aiofiles>=23.2.0 (from -r requirements.txt (line 20))
2026-01-27T12:28:03.6954721Z   Downloading aiofiles-25.1.0-py3-none-any.whl.metadata (6.3 kB)
2026-01-27T12:28:03.9966084Z Collecting sqlalchemy>=2.0.0 (from -r requirements.txt (line 23))
2026-01-27T12:28:04.0003223Z   Downloading sqlalchemy-2.0.46-cp311-cp311-manylinux2014_x86_64.manylinux_2_17_x86_64.manylinux_2_28_x86_64.whl.metadata (9.5 kB)
2026-01-27T12:28:04.0214528Z Collecting aiosqlite>=0.19.0 (from -r requirements.txt (line 24))
2026-01-27T12:28:04.0245865Z   Downloading aiosqlite-0.22.1-py3-none-any.whl.metadata (4.3 kB)
2026-01-27T12:28:04.0707420Z Collecting asyncpg>=0.29.0 (from -r requirements.txt (line 25))
2026-01-27T12:28:04.0742339Z   Downloading asyncpg-0.31.0-cp311-cp311-manylinux2014_x86_64.manylinux_2_17_x86_64.manylinux_2_28_x86_64.whl.metadata (4.4 kB)
2026-01-27T12:28:04.1382860Z Collecting psycopg2-binary>=2.9.0 (from -r requirements.txt (line 26))
2026-01-27T12:28:04.1417917Z   Downloading psycopg2_binary-2.9.11-cp311-cp311-manylinux2014_x86_64.manylinux_2_17_x86_64.whl.metadata (4.9 kB)
2026-01-27T12:28:04.1727424Z Collecting alembic>=1.13.0 (from -r requirements.txt (line 27))
2026-01-27T12:28:04.1769277Z   Downloading alembic-1.18.1-py3-none-any.whl.metadata (7.2 kB)
2026-01-27T12:28:04.2473450Z Collecting openai>=1.3.0 (from -r requirements.txt (line 30))
2026-01-27T12:28:04.2506909Z   Downloading openai-2.15.0-py3-none-any.whl.metadata (29 kB)
2026-01-27T12:28:04.2958461Z Collecting tiktoken>=0.5.0 (from -r requirements.txt (line 31))
2026-01-27T12:28:04.2992584Z   Downloading tiktoken-0.12.0-cp311-cp311-manylinux_2_28_x86_64.whl.metadata (6.7 kB)
2026-01-27T12:28:04.3148197Z Collecting python-docx>=1.0.0 (from -r requirements.txt (line 40))
2026-01-27T12:28:04.3193201Z   Downloading python_docx-1.2.0-py3-none-any.whl.metadata (2.0 kB)
2026-01-27T12:28:04.3410932Z Collecting PyPDF2>=3.0.0 (from -r requirements.txt (line 41))
2026-01-27T12:28:04.3444010Z   Downloading pypdf2-3.0.1-py3-none-any.whl.metadata (6.8 kB)
2026-01-27T12:28:04.3599035Z Collecting pycodestyle>=2.11.0 (from -r requirements.txt (line 44))
2026-01-27T12:28:04.3631872Z   Downloading pycodestyle-2.14.0-py2.py3-none-any.whl.metadata (4.5 kB)
2026-01-27T12:28:04.3822728Z Collecting radon>=6.0.0 (from -r requirements.txt (line 45))
2026-01-27T12:28:04.3857812Z   Downloading radon-6.0.1-py2.py3-none-any.whl.metadata (8.2 kB)
2026-01-27T12:28:04.4294059Z Collecting pylint>=3.0.0 (from -r requirements.txt (line 46))
2026-01-27T12:28:04.4328597Z   Downloading pylint-4.0.4-py3-none-any.whl.metadata (12 kB)
2026-01-27T12:28:04.4543105Z Collecting bandit>=1.7.0 (from -r requirements.txt (line 47))
2026-01-27T12:28:04.4580424Z   Downloading bandit-1.9.3-py3-none-any.whl.metadata (7.1 kB)
2026-01-27T12:28:04.4958280Z Collecting pytest>=7.4.0 (from -r requirements.txt (line 50))
2026-01-27T12:28:04.4994669Z   Downloading pytest-9.0.2-py3-none-any.whl.metadata (7.6 kB)
2026-01-27T12:28:04.5278931Z Collecting pytest-asyncio>=0.21.0 (from -r requirements.txt (line 51))
2026-01-27T12:28:04.5312408Z   Downloading pytest_asyncio-1.3.0-py3-none-any.whl.metadata (4.1 kB)
2026-01-27T12:28:04.5500561Z Collecting pytest-cov>=4.1.0 (from -r requirements.txt (line 52))
2026-01-27T12:28:04.5537691Z   Downloading pytest_cov-7.0.0-py3-none-any.whl.metadata (31 kB)
2026-01-27T12:28:04.5728316Z Collecting python-dotenv>=1.0.0 (from -r requirements.txt (line 56))
2026-01-27T12:28:04.5761309Z   Downloading python_dotenv-1.2.1-py3-none-any.whl.metadata (25 kB)
2026-01-27T12:28:04.6296391Z Collecting black>=23.0.0 (from -r requirements.txt (line 57))
2026-01-27T12:28:04.6330900Z   Downloading black-26.1.0-cp311-cp311-manylinux2014_x86_64.manylinux_2_17_x86_64.manylinux_2_28_x86_64.whl.metadata (88 kB)
2026-01-27T12:28:04.6703130Z Collecting isort>=5.12.0 (from -r requirements.txt (line 58))
2026-01-27T12:28:04.6737922Z   Downloading isort-7.0.0-py3-none-any.whl.metadata (11 kB)
2026-01-27T12:28:04.8266383Z Collecting mypy>=1.7.0 (from -r requirements.txt (line 59))
2026-01-27T12:28:04.8302257Z   Downloading mypy-1.19.1-cp311-cp311-manylinux2014_x86_64.manylinux_2_17_x86_64.manylinux_2_28_x86_64.whl.metadata (2.2 kB)
2026-01-27T12:28:05.2437619Z Collecting ruff>=0.1.0 (from -r requirements.txt (line 60))
2026-01-27T12:28:05.2473390Z   Downloading ruff-0.14.14-py3-none-manylinux_2_17_x86_64.manylinux2014_x86_64.whl.metadata (26 kB)
2026-01-27T12:28:05.2681350Z Collecting cachetools>=5.3.0 (from -r requirements.txt (line 63))
2026-01-27T12:28:05.2715341Z   Downloading cachetools-6.2.5-py3-none-any.whl.metadata (5.6 kB)
2026-01-27T12:28:05.2852609Z Collecting loguru>=0.7.0 (from -r requirements.txt (line 66))
2026-01-27T12:28:05.2889261Z   Downloading loguru-0.7.3-py3-none-any.whl.metadata (22 kB)
2026-01-27T12:28:05.3098492Z Collecting python-jose>=3.3.0 (from python-jose[cryptography]>=3.3.0->-r requirements.txt (line 69))
2026-01-27T12:28:05.3131077Z   Downloading python_jose-3.5.0-py2.py3-none-any.whl.metadata (5.5 kB)
2026-01-27T12:28:05.3288013Z Collecting passlib>=1.7.0 (from passlib[bcrypt]>=1.7.0->-r requirements.txt (line 70))
2026-01-27T12:28:05.3326836Z   Downloading passlib-1.7.4-py2.py3-none-any.whl.metadata (1.7 kB)
2026-01-27T12:28:05.3672461Z Collecting starlette<0.51.0,>=0.40.0 (from fastapi>=0.104.0->-r requirements.txt (line 6))
2026-01-27T12:28:05.3710624Z   Downloading starlette-0.50.0-py3-none-any.whl.metadata (6.3 kB)
2026-01-27T12:28:05.4024503Z Collecting typing-extensions>=4.8.0 (from fastapi>=0.104.0->-r requirements.txt (line 6))
2026-01-27T12:28:05.4057777Z   Downloading typing_extensions-4.15.0-py3-none-any.whl.metadata (3.3 kB)
2026-01-27T12:28:05.4175243Z Collecting annotated-doc>=0.0.2 (from fastapi>=0.104.0->-r requirements.txt (line 6))
2026-01-27T12:28:05.4207252Z   Downloading annotated_doc-0.0.4-py3-none-any.whl.metadata (6.6 kB)
2026-01-27T12:28:05.4458139Z Collecting anyio<5,>=3.6.2 (from starlette<0.51.0,>=0.40.0->fastapi>=0.104.0->-r requirements.txt (line 6))
2026-01-27T12:28:05.4491668Z   Downloading anyio-4.12.1-py3-none-any.whl.metadata (4.3 kB)
2026-01-27T12:28:05.4696859Z Collecting idna>=2.8 (from anyio<5,>=3.6.2->starlette<0.51.0,>=0.40.0->fastapi>=0.104.0->-r requirements.txt (line 6))
2026-01-27T12:28:05.4732661Z   Downloading idna-3.11-py3-none-any.whl.metadata (8.4 kB)
2026-01-27T12:28:05.4983697Z Collecting click>=7.0 (from uvicorn>=0.24.0->uvicorn[standard]>=0.24.0->-r requirements.txt (line 7))
2026-01-27T12:28:05.5015384Z   Downloading click-8.3.1-py3-none-any.whl.metadata (2.6 kB)
2026-01-27T12:28:05.5147758Z Collecting h11>=0.8 (from uvicorn>=0.24.0->uvicorn[standard]>=0.24.0->-r requirements.txt (line 7))
2026-01-27T12:28:05.5180400Z   Downloading h11-0.16.0-py3-none-any.whl.metadata (8.3 kB)
2026-01-27T12:28:05.5330714Z Collecting annotated-types>=0.6.0 (from pydantic>=2.5.0->pydantic[email]>=2.5.0->-r requirements.txt (line 11))
2026-01-27T12:28:05.5362473Z   Downloading annotated_types-0.7.0-py3-none-any.whl.metadata (15 kB)
2026-01-27T12:28:06.2401175Z Collecting pydantic-core==2.41.5 (from pydantic>=2.5.0->pydantic[email]>=2.5.0->-r requirements.txt (line 11))
2026-01-27T12:28:06.2436823Z   Downloading pydantic_core-2.41.5-cp311-cp311-manylinux_2_17_x86_64.manylinux2014_x86_64.whl.metadata (7.3 kB)
2026-01-27T12:28:06.2615519Z Collecting typing-inspection>=0.4.2 (from pydantic>=2.5.0->pydantic[email]>=2.5.0->-r requirements.txt (line 11))
2026-01-27T12:28:06.2649111Z   Downloading typing_inspection-0.4.2-py3-none-any.whl.metadata (2.6 kB)
2026-01-27T12:28:06.2879192Z Collecting dnspython>=2.0.0 (from email-validator>=2.0.0->-r requirements.txt (line 13))
2026-01-27T12:28:06.2914153Z   Downloading dnspython-2.8.0-py3-none-any.whl.metadata (5.7 kB)
2026-01-27T12:28:06.3223222Z Collecting certifi (from httpx>=0.25.0->-r requirements.txt (line 16))
2026-01-27T12:28:06.3256776Z   Downloading certifi-2026.1.4-py3-none-any.whl.metadata (2.5 kB)
2026-01-27T12:28:06.3586960Z Collecting httpcore==1.* (from httpx>=0.25.0->-r requirements.txt (line 16))
2026-01-27T12:28:06.3621758Z   Downloading httpcore-1.0.9-py3-none-any.whl.metadata (21 kB)
2026-01-27T12:28:06.3835387Z Collecting aiohappyeyeballs>=2.5.0 (from aiohttp>=3.9.0->-r requirements.txt (line 17))
2026-01-27T12:28:06.3867532Z   Downloading aiohappyeyeballs-2.6.1-py3-none-any.whl.metadata (5.9 kB)
2026-01-27T12:28:06.4013038Z Collecting aiosignal>=1.4.0 (from aiohttp>=3.9.0->-r requirements.txt (line 17))
2026-01-27T12:28:06.4047676Z   Downloading aiosignal-1.4.0-py3-none-any.whl.metadata (3.7 kB)
2026-01-27T12:28:06.4216820Z Collecting attrs>=17.3.0 (from aiohttp>=3.9.0->-r requirements.txt (line 17))
2026-01-27T12:28:06.4248097Z   Downloading attrs-25.4.0-py3-none-any.whl.metadata (10 kB)
2026-01-27T12:28:06.4949203Z Collecting frozenlist>=1.1.1 (from aiohttp>=3.9.0->-r requirements.txt (line 17))
2026-01-27T12:28:06.4986223Z   Downloading frozenlist-1.8.0-cp311-cp311-manylinux1_x86_64.manylinux_2_28_x86_64.manylinux_2_5_x86_64.whl.metadata (20 kB)
2026-01-27T12:28:06.7387873Z Collecting multidict<7.0,>=4.5 (from aiohttp>=3.9.0->-r requirements.txt (line 17))
2026-01-27T12:28:06.7424147Z   Downloading multidict-6.7.1-cp311-cp311-manylinux2014_x86_64.manylinux_2_17_x86_64.manylinux_2_28_x86_64.whl.metadata (5.3 kB)
2026-01-27T12:28:06.8916442Z Collecting propcache>=0.2.0 (from aiohttp>=3.9.0->-r requirements.txt (line 17))
2026-01-27T12:28:06.8957667Z   Downloading propcache-0.4.1-cp311-cp311-manylinux2014_x86_64.manylinux_2_17_x86_64.manylinux_2_28_x86_64.whl.metadata (13 kB)
2026-01-27T12:28:07.1432367Z Collecting yarl<2.0,>=1.17.0 (from aiohttp>=3.9.0->-r requirements.txt (line 17))
2026-01-27T12:28:07.1488056Z   Downloading yarl-1.22.0-cp311-cp311-manylinux2014_x86_64.manylinux_2_17_x86_64.manylinux_2_28_x86_64.whl.metadata (75 kB)
2026-01-27T12:28:07.2958261Z Collecting greenlet>=1 (from sqlalchemy>=2.0.0->-r requirements.txt (line 23))
2026-01-27T12:28:07.2994768Z   Downloading greenlet-3.3.1-cp311-cp311-manylinux_2_24_x86_64.manylinux_2_28_x86_64.whl.metadata (3.7 kB)
2026-01-27T12:28:07.3415445Z Collecting Mako (from alembic>=1.13.0->-r requirements.txt (line 27))
2026-01-27T12:28:07.3448169Z   Downloading mako-1.3.10-py3-none-any.whl.metadata (2.9 kB)
2026-01-27T12:28:07.3685726Z Collecting distro<2,>=1.7.0 (from openai>=1.3.0->-r requirements.txt (line 30))
2026-01-27T12:28:07.3717295Z   Downloading distro-1.9.0-py3-none-any.whl.metadata (6.8 kB)
2026-01-27T12:28:07.4520074Z Collecting jiter<1,>=0.10.0 (from openai>=1.3.0->-r requirements.txt (line 30))
2026-01-27T12:28:07.4555457Z   Downloading jiter-0.12.0-cp311-cp311-manylinux_2_17_x86_64.manylinux2014_x86_64.whl.metadata (5.2 kB)
2026-01-27T12:28:07.4811424Z Collecting sniffio (from openai>=1.3.0->-r requirements.txt (line 30))
2026-01-27T12:28:07.4844738Z   Downloading sniffio-1.3.1-py3-none-any.whl.metadata (3.9 kB)
2026-01-27T12:28:07.5236112Z Collecting tqdm>4 (from openai>=1.3.0->-r requirements.txt (line 30))
2026-01-27T12:28:07.5270971Z   Downloading tqdm-4.67.1-py3-none-any.whl.metadata (57 kB)
2026-01-27T12:28:07.9964499Z Collecting regex>=2022.1.18 (from tiktoken>=0.5.0->-r requirements.txt (line 31))
2026-01-27T12:28:08.0003957Z   Downloading regex-2026.1.15-cp311-cp311-manylinux2014_x86_64.manylinux_2_17_x86_64.manylinux_2_28_x86_64.whl.metadata (40 kB)
2026-01-27T12:28:08.0308381Z Collecting requests>=2.26.0 (from tiktoken>=0.5.0->-r requirements.txt (line 31))
2026-01-27T12:28:08.0342908Z   Downloading requests-2.32.5-py3-none-any.whl.metadata (4.9 kB)
2026-01-27T12:28:08.2190971Z Collecting lxml>=3.1.0 (from python-docx>=1.0.0->-r requirements.txt (line 40))
2026-01-27T12:28:08.2228286Z   Downloading lxml-6.0.2-cp311-cp311-manylinux_2_26_x86_64.manylinux_2_28_x86_64.whl.metadata (3.6 kB)
2026-01-27T12:28:08.2478345Z Collecting mando<0.8,>=0.6 (from radon>=6.0.0->-r requirements.txt (line 45))
2026-01-27T12:28:08.2523460Z   Downloading mando-0.7.1-py2.py3-none-any.whl.metadata (7.4 kB)
2026-01-27T12:28:08.2704099Z Collecting colorama>=0.4.1 (from radon>=6.0.0->-r requirements.txt (line 45))
2026-01-27T12:28:08.2742668Z   Downloading colorama-0.4.6-py2.py3-none-any.whl.metadata (17 kB)
2026-01-27T12:28:08.2920859Z Collecting six (from mando<0.8,>=0.6->radon>=6.0.0->-r requirements.txt (line 45))
2026-01-27T12:28:08.2959092Z   Downloading six-1.17.0-py2.py3-none-any.whl.metadata (1.7 kB)
2026-01-27T12:28:08.3346427Z Collecting astroid<=4.1.dev0,>=4.0.2 (from pylint>=3.0.0->-r requirements.txt (line 46))
2026-01-27T12:28:08.3382967Z   Downloading astroid-4.0.3-py3-none-any.whl.metadata (4.4 kB)
2026-01-27T12:28:08.3531330Z Collecting dill>=0.3.6 (from pylint>=3.0.0->-r requirements.txt (line 46))
2026-01-27T12:28:08.3565164Z   Downloading dill-0.4.1-py3-none-any.whl.metadata (10 kB)
2026-01-27T12:28:08.3795637Z Collecting mccabe<0.8,>=0.6 (from pylint>=3.0.0->-r requirements.txt (line 46))
2026-01-27T12:28:08.3829603Z   Downloading mccabe-0.7.0-py2.py3-none-any.whl.metadata (5.0 kB)
2026-01-27T12:28:08.4048597Z Collecting platformdirs>=2.2 (from pylint>=3.0.0->-r requirements.txt (line 46))
2026-01-27T12:28:08.4083784Z   Downloading platformdirs-4.5.1-py3-none-any.whl.metadata (12 kB)
2026-01-27T12:28:08.4298637Z Collecting tomlkit>=0.10.1 (from pylint>=3.0.0->-r requirements.txt (line 46))
2026-01-27T12:28:08.4337293Z   Downloading tomlkit-0.14.0-py3-none-any.whl.metadata (2.8 kB)
2026-01-27T12:28:08.4793866Z Collecting PyYAML>=5.3.1 (from bandit>=1.7.0->-r requirements.txt (line 47))
2026-01-27T12:28:08.4831383Z   Downloading pyyaml-6.0.3-cp311-cp311-manylinux2014_x86_64.manylinux_2_17_x86_64.manylinux_2_28_x86_64.whl.metadata (2.4 kB)
2026-01-27T12:28:08.5074052Z Collecting stevedore>=1.20.0 (from bandit>=1.7.0->-r requirements.txt (line 47))
2026-01-27T12:28:08.5107720Z   Downloading stevedore-5.6.0-py3-none-any.whl.metadata (2.3 kB)
2026-01-27T12:28:08.5524165Z Collecting rich (from bandit>=1.7.0->-r requirements.txt (line 47))
2026-01-27T12:28:08.5557497Z   Downloading rich-14.3.1-py3-none-any.whl.metadata (18 kB)
2026-01-27T12:28:08.5708247Z Collecting iniconfig>=1.0.1 (from pytest>=7.4.0->-r requirements.txt (line 50))
2026-01-27T12:28:08.5747581Z   Downloading iniconfig-2.3.0-py3-none-any.whl.metadata (2.5 kB)
2026-01-27T12:28:08.5926276Z Collecting packaging>=22 (from pytest>=7.4.0->-r requirements.txt (line 50))
2026-01-27T12:28:08.5963135Z   Downloading packaging-26.0-py3-none-any.whl.metadata (3.3 kB)
2026-01-27T12:28:08.6098287Z Collecting pluggy<2,>=1.5 (from pytest>=7.4.0->-r requirements.txt (line 50))
2026-01-27T12:28:08.6131656Z   Downloading pluggy-1.6.0-py3-none-any.whl.metadata (4.8 kB)
2026-01-27T12:28:08.6350946Z Collecting pygments>=2.7.2 (from pytest>=7.4.0->-r requirements.txt (line 50))
2026-01-27T12:28:08.6388495Z   Downloading pygments-2.19.2-py3-none-any.whl.metadata (2.5 kB)
2026-01-27T12:28:09.0054387Z Collecting coverage>=7.10.6 (from coverage[toml]>=7.10.6->pytest-cov>=4.1.0->-r requirements.txt (line 52))
2026-01-27T12:28:09.0090649Z   Downloading coverage-7.13.2-cp311-cp311-manylinux1_x86_64.manylinux_2_28_x86_64.manylinux_2_5_x86_64.whl.metadata (8.5 kB)
2026-01-27T12:28:09.0443879Z Collecting mypy-extensions>=0.4.3 (from black>=23.0.0->-r requirements.txt (line 57))
2026-01-27T12:28:09.1771451Z   Downloading mypy_extensions-1.1.0-py3-none-any.whl.metadata (1.1 kB)
2026-01-27T12:28:09.1921781Z Collecting pathspec>=1.0.0 (from black>=23.0.0->-r requirements.txt (line 57))
2026-01-27T12:28:09.1957613Z   Downloading pathspec-1.0.4-py3-none-any.whl.metadata (13 kB)
2026-01-27T12:28:09.2206477Z Collecting pytokens>=0.3.0 (from black>=23.0.0->-r requirements.txt (line 57))
2026-01-27T12:28:09.2242335Z   Downloading pytokens-0.4.0-cp311-cp311-manylinux2014_x86_64.manylinux_2_17_x86_64.manylinux_2_28_x86_64.whl.metadata (3.8 kB)
2026-01-27T12:28:09.3229063Z Collecting librt>=0.6.2 (from mypy>=1.7.0->-r requirements.txt (line 59))
2026-01-27T12:28:09.3263950Z   Downloading librt-0.7.8-cp311-cp311-manylinux2014_x86_64.manylinux_2_17_x86_64.manylinux_2_28_x86_64.whl.metadata (1.3 kB)
2026-01-27T12:28:09.3498629Z Collecting ecdsa!=0.15 (from python-jose>=3.3.0->python-jose[cryptography]>=3.3.0->-r requirements.txt (line 69))
2026-01-27T12:28:09.3531408Z   Downloading ecdsa-0.19.1-py2.py3-none-any.whl.metadata (29 kB)
2026-01-27T12:28:09.3738601Z Collecting rsa!=4.1.1,!=4.4,<5.0,>=4.0 (from python-jose>=3.3.0->python-jose[cryptography]>=3.3.0->-r requirements.txt (line 69))
2026-01-27T12:28:09.3775244Z   Downloading rsa-4.9.1-py3-none-any.whl.metadata (5.6 kB)
2026-01-27T12:28:09.4035880Z Collecting pyasn1>=0.5.0 (from python-jose>=3.3.0->python-jose[cryptography]>=3.3.0->-r requirements.txt (line 69))
2026-01-27T12:28:09.4069553Z   Downloading pyasn1-0.6.2-py3-none-any.whl.metadata (8.4 kB)
2026-01-27T12:28:09.5081636Z Collecting bcrypt>=3.1.0 (from passlib[bcrypt]>=1.7.0->-r requirements.txt (line 70))
2026-01-27T12:28:09.5115655Z   Downloading bcrypt-5.0.0-cp39-abi3-manylinux_2_34_x86_64.whl.metadata (10 kB)
2026-01-27T12:28:09.7120340Z Collecting cryptography>=3.4.0 (from python-jose[cryptography]>=3.3.0->-r requirements.txt (line 69))
2026-01-27T12:28:09.7153373Z   Downloading cryptography-46.0.3-cp311-abi3-manylinux_2_34_x86_64.whl.metadata (5.7 kB)
2026-01-27T12:28:09.8271264Z Collecting cffi>=2.0.0 (from cryptography>=3.4.0->python-jose[cryptography]>=3.3.0->-r requirements.txt (line 69))
2026-01-27T12:28:09.8308141Z   Downloading cffi-2.0.0-cp311-cp311-manylinux2014_x86_64.manylinux_2_17_x86_64.whl.metadata (2.6 kB)
2026-01-27T12:28:09.8459148Z Collecting pycparser (from cffi>=2.0.0->cryptography>=3.4.0->python-jose[cryptography]>=3.3.0->-r requirements.txt (line 69))
2026-01-27T12:28:09.8489729Z   Downloading pycparser-3.0-py3-none-any.whl.metadata (8.2 kB)
2026-01-27T12:28:09.9448909Z Collecting charset_normalizer<4,>=2 (from requests>=2.26.0->tiktoken>=0.5.0->-r requirements.txt (line 31))
2026-01-27T12:28:09.9485328Z   Downloading charset_normalizer-3.4.4-cp311-cp311-manylinux2014_x86_64.manylinux_2_17_x86_64.manylinux_2_28_x86_64.whl.metadata (37 kB)
2026-01-27T12:28:09.9831494Z Collecting urllib3<3,>=1.21.1 (from requests>=2.26.0->tiktoken>=0.5.0->-r requirements.txt (line 31))
2026-01-27T12:28:09.9886643Z   Downloading urllib3-2.6.3-py3-none-any.whl.metadata (6.9 kB)
2026-01-27T12:28:10.0535832Z Collecting httptools>=0.6.3 (from uvicorn[standard]>=0.24.0->-r requirements.txt (line 7))
2026-01-27T12:28:10.0571715Z   Downloading httptools-0.7.1-cp311-cp311-manylinux1_x86_64.manylinux_2_28_x86_64.manylinux_2_5_x86_64.whl.metadata (3.5 kB)
2026-01-27T12:28:10.1055524Z Collecting uvloop>=0.15.1 (from uvicorn[standard]>=0.24.0->-r requirements.txt (line 7))
2026-01-27T12:28:10.1089983Z   Downloading uvloop-0.22.1-cp311-cp311-manylinux2014_x86_64.manylinux_2_17_x86_64.manylinux_2_28_x86_64.whl.metadata (4.9 kB)
2026-01-27T12:28:10.1876830Z Collecting watchfiles>=0.13 (from uvicorn[standard]>=0.24.0->-r requirements.txt (line 7))
2026-01-27T12:28:10.1913844Z   Downloading watchfiles-1.1.1-cp311-cp311-manylinux_2_17_x86_64.manylinux2014_x86_64.whl.metadata (4.9 kB)
2026-01-27T12:28:10.3031259Z Collecting websockets>=10.4 (from uvicorn[standard]>=0.24.0->-r requirements.txt (line 7))
2026-01-27T12:28:10.3068016Z   Downloading websockets-16.0-cp311-cp311-manylinux1_x86_64.manylinux_2_28_x86_64.manylinux_2_5_x86_64.whl.metadata (6.8 kB)
2026-01-27T12:28:10.3837307Z Collecting MarkupSafe>=0.9.2 (from Mako->alembic>=1.13.0->-r requirements.txt (line 27))
2026-01-27T12:28:10.3870629Z   Downloading markupsafe-3.0.3-cp311-cp311-manylinux2014_x86_64.manylinux_2_17_x86_64.manylinux_2_28_x86_64.whl.metadata (2.7 kB)
2026-01-27T12:28:10.4138468Z Collecting markdown-it-py>=2.2.0 (from rich->bandit>=1.7.0->-r requirements.txt (line 47))
2026-01-27T12:28:10.4174358Z   Downloading markdown_it_py-4.0.0-py3-none-any.whl.metadata (7.3 kB)
2026-01-27T12:28:10.4426068Z Collecting mdurl~=0.1 (from markdown-it-py>=2.2.0->rich->bandit>=1.7.0->-r requirements.txt (line 47))
2026-01-27T12:28:10.4459199Z   Downloading mdurl-0.1.2-py3-none-any.whl.metadata (1.6 kB)
2026-01-27T12:28:10.4667738Z Downloading fastapi-0.128.0-py3-none-any.whl (103 kB)
2026-01-27T12:28:10.4729603Z Downloading starlette-0.50.0-py3-none-any.whl (74 kB)
2026-01-27T12:28:10.4789193Z Downloading anyio-4.12.1-py3-none-any.whl (113 kB)
2026-01-27T12:28:10.4850609Z Downloading uvicorn-0.40.0-py3-none-any.whl (68 kB)
2026-01-27T12:28:10.4912617Z Downloading python_multipart-0.0.22-py3-none-any.whl (24 kB)
2026-01-27T12:28:10.4968391Z Downloading pydantic-2.12.5-py3-none-any.whl (463 kB)
2026-01-27T12:28:10.5071566Z Downloading pydantic_core-2.41.5-cp311-cp311-manylinux_2_17_x86_64.manylinux2014_x86_64.whl (2.1 MB)
2026-01-27T12:28:10.5205323Z    ━━━━━━━━━━━━━━━━━━━━━━━━━━━━━━━━━━━━━━━━ 2.1/2.1 MB 176.5 MB/s  0:00:00
2026-01-27T12:28:10.5236086Z Downloading pydantic_settings-2.12.0-py3-none-any.whl (51 kB)
2026-01-27T12:28:10.5296650Z Downloading email_validator-2.3.0-py3-none-any.whl (35 kB)
2026-01-27T12:28:10.5361573Z Downloading httpx-0.28.1-py3-none-any.whl (73 kB)
2026-01-27T12:28:10.5421307Z Downloading httpcore-1.0.9-py3-none-any.whl (78 kB)
2026-01-27T12:28:10.5493389Z Downloading aiohttp-3.13.3-cp311-cp311-manylinux2014_x86_64.manylinux_2_17_x86_64.manylinux_2_28_x86_64.whl (1.7 MB)
2026-01-27T12:28:10.5656215Z    ━━━━━━━━━━━━━━━━━━━━━━━━━━━━━━━━━━━━━━━━ 1.7/1.7 MB 114.5 MB/s  0:00:00
2026-01-27T12:28:10.5696507Z Downloading multidict-6.7.1-cp311-cp311-manylinux2014_x86_64.manylinux_2_17_x86_64.manylinux_2_28_x86_64.whl (246 kB)
2026-01-27T12:28:10.5782284Z Downloading yarl-1.22.0-cp311-cp311-manylinux2014_x86_64.manylinux_2_17_x86_64.manylinux_2_28_x86_64.whl (365 kB)
2026-01-27T12:28:10.5856238Z Downloading aiofiles-25.1.0-py3-none-any.whl (14 kB)
2026-01-27T12:28:10.5915133Z Downloading sqlalchemy-2.0.46-cp311-cp311-manylinux2014_x86_64.manylinux_2_17_x86_64.manylinux_2_28_x86_64.whl (3.3 MB)
2026-01-27T12:28:10.6153152Z    ━━━━━━━━━━━━━━━━━━━━━━━━━━━━━━━━━━━━━━━━ 3.3/3.3 MB 163.5 MB/s  0:00:00
2026-01-27T12:28:10.6186806Z Downloading aiosqlite-0.22.1-py3-none-any.whl (17 kB)
2026-01-27T12:28:10.6251825Z Downloading asyncpg-0.31.0-cp311-cp311-manylinux2014_x86_64.manylinux_2_17_x86_64.manylinux_2_28_x86_64.whl (3.0 MB)
2026-01-27T12:28:10.6407952Z    ━━━━━━━━━━━━━━━━━━━━━━━━━━━━━━━━━━━━━━━━ 3.0/3.0 MB 210.1 MB/s  0:00:00
2026-01-27T12:28:10.6446169Z Downloading psycopg2_binary-2.9.11-cp311-cp311-manylinux2014_x86_64.manylinux_2_17_x86_64.whl (4.2 MB)
2026-01-27T12:28:10.6706155Z    ━━━━━━━━━━━━━━━━━━━━━━━━━━━━━━━━━━━━━━━━ 4.2/4.2 MB 181.7 MB/s  0:00:00
2026-01-27T12:28:10.6744467Z Downloading alembic-1.18.1-py3-none-any.whl (260 kB)
2026-01-27T12:28:10.6815164Z Downloading openai-2.15.0-py3-none-any.whl (1.1 MB)
2026-01-27T12:28:10.6903391Z    ━━━━━━━━━━━━━━━━━━━━━━━━━━━━━━━━━━━━━━━━ 1.1/1.1 MB 130.2 MB/s  0:00:00
2026-01-27T12:28:10.6938618Z Downloading distro-1.9.0-py3-none-any.whl (20 kB)
2026-01-27T12:28:10.6995970Z Downloading jiter-0.12.0-cp311-cp311-manylinux_2_17_x86_64.manylinux2014_x86_64.whl (364 kB)
2026-01-27T12:28:10.7078714Z Downloading typing_extensions-4.15.0-py3-none-any.whl (44 kB)
2026-01-27T12:28:10.7131851Z Downloading tiktoken-0.12.0-cp311-cp311-manylinux_2_28_x86_64.whl (1.2 MB)
2026-01-27T12:28:10.7362006Z    ━━━━━━━━━━━━━━━━━━━━━━━━━━━━━━━━━━━━━━━━ 1.2/1.2 MB 137.3 MB/s  0:00:00
2026-01-27T12:28:10.7395379Z Downloading python_docx-1.2.0-py3-none-any.whl (252 kB)
2026-01-27T12:28:10.7468378Z Downloading pypdf2-3.0.1-py3-none-any.whl (232 kB)
2026-01-27T12:28:10.7535904Z Downloading pycodestyle-2.14.0-py2.py3-none-any.whl (31 kB)
2026-01-27T12:28:10.7591472Z Downloading radon-6.0.1-py2.py3-none-any.whl (52 kB)
2026-01-27T12:28:10.7648103Z Downloading mando-0.7.1-py2.py3-none-any.whl (28 kB)
2026-01-27T12:28:10.7704702Z Downloading pylint-4.0.4-py3-none-any.whl (536 kB)
2026-01-27T12:28:10.7861419Z    ━━━━━━━━━━━━━━━━━━━━━━━━━━━━━━━━━━━━━━━━ 536.4/536.4 kB 71.1 MB/s  0:00:00
2026-01-27T12:28:10.7896473Z Downloading isort-7.0.0-py3-none-any.whl (94 kB)
2026-01-27T12:28:10.7955437Z Downloading astroid-4.0.3-py3-none-any.whl (276 kB)
2026-01-27T12:28:10.8037627Z Downloading mccabe-0.7.0-py2.py3-none-any.whl (7.3 kB)
2026-01-27T12:28:10.8097352Z Downloading bandit-1.9.3-py3-none-any.whl (134 kB)
2026-01-27T12:28:10.8164354Z Downloading pytest-9.0.2-py3-none-any.whl (374 kB)
2026-01-27T12:28:10.8236187Z Downloading pluggy-1.6.0-py3-none-any.whl (20 kB)
2026-01-27T12:28:10.8291571Z Downloading pytest_asyncio-1.3.0-py3-none-any.whl (15 kB)
2026-01-27T12:28:10.8349861Z Downloading pytest_cov-7.0.0-py3-none-any.whl (22 kB)
2026-01-27T12:28:10.8407872Z Downloading python_dotenv-1.2.1-py3-none-any.whl (21 kB)
2026-01-27T12:28:10.8467440Z Downloading black-26.1.0-cp311-cp311-manylinux2014_x86_64.manylinux_2_17_x86_64.manylinux_2_28_x86_64.whl (1.7 MB)
2026-01-27T12:28:10.8629531Z    ━━━━━━━━━━━━━━━━━━━━━━━━━━━━━━━━━━━━━━━━ 1.7/1.7 MB 142.2 MB/s  0:00:00
2026-01-27T12:28:10.8664242Z Downloading mypy-1.19.1-cp311-cp311-manylinux2014_x86_64.manylinux_2_17_x86_64.manylinux_2_28_x86_64.whl (13.4 MB)
2026-01-27T12:28:10.9541496Z    ━━━━━━━━━━━━━━━━━━━━━━━━━━━━━━━━━━━━━━━━ 13.4/13.4 MB 160.5 MB/s  0:00:00
2026-01-27T12:28:10.9581763Z Downloading ruff-0.14.14-py3-none-manylinux_2_17_x86_64.manylinux2014_x86_64.whl (11.2 MB)
2026-01-27T12:28:11.0185582Z    ━━━━━━━━━━━━━━━━━━━━━━━━━━━━━━━━━━━━━━━━ 11.2/11.2 MB 189.9 MB/s  0:00:00
2026-01-27T12:28:11.0222629Z Downloading cachetools-6.2.5-py3-none-any.whl (11 kB)
2026-01-27T12:28:11.0282859Z Downloading loguru-0.7.3-py3-none-any.whl (61 kB)
2026-01-27T12:28:11.0355238Z Downloading python_jose-3.5.0-py2.py3-none-any.whl (34 kB)
2026-01-27T12:28:11.0412566Z Downloading rsa-4.9.1-py3-none-any.whl (34 kB)
2026-01-27T12:28:11.0592361Z Downloading passlib-1.7.4-py2.py3-none-any.whl (525 kB)
2026-01-27T12:28:11.0661033Z    ━━━━━━━━━━━━━━━━━━━━━━━━━━━━━━━━━━━━━━━━ 525.6/525.6 kB 66.4 MB/s  0:00:00
2026-01-27T12:28:11.0696546Z Downloading aiohappyeyeballs-2.6.1-py3-none-any.whl (15 kB)
2026-01-27T12:28:11.0750860Z Downloading aiosignal-1.4.0-py3-none-any.whl (7.5 kB)
2026-01-27T12:28:11.0810098Z Downloading annotated_doc-0.0.4-py3-none-any.whl (5.3 kB)
2026-01-27T12:28:11.0865568Z Downloading annotated_types-0.7.0-py3-none-any.whl (13 kB)
2026-01-27T12:28:11.0926089Z Downloading attrs-25.4.0-py3-none-any.whl (67 kB)
2026-01-27T12:28:11.0989149Z Downloading click-8.3.1-py3-none-any.whl (108 kB)
2026-01-27T12:28:11.1052338Z Downloading colorama-0.4.6-py2.py3-none-any.whl (25 kB)
2026-01-27T12:28:11.1111157Z Downloading coverage-7.13.2-cp311-cp311-manylinux1_x86_64.manylinux_2_28_x86_64.manylinux_2_5_x86_64.whl (251 kB)
2026-01-27T12:28:11.1186283Z Downloading dill-0.4.1-py3-none-any.whl (120 kB)
2026-01-27T12:28:11.1253587Z Downloading dnspython-2.8.0-py3-none-any.whl (331 kB)
2026-01-27T12:28:11.1323049Z Downloading ecdsa-0.19.1-py2.py3-none-any.whl (150 kB)
2026-01-27T12:28:11.1384181Z Downloading frozenlist-1.8.0-cp311-cp311-manylinux1_x86_64.manylinux_2_28_x86_64.manylinux_2_5_x86_64.whl (231 kB)
2026-01-27T12:28:11.1460116Z Downloading greenlet-3.3.1-cp311-cp311-manylinux_2_24_x86_64.manylinux_2_28_x86_64.whl (590 kB)
2026-01-27T12:28:11.1519740Z    ━━━━━━━━━━━━━━━━━━━━━━━━━━━━━━━━━━━━━━━━ 590.3/590.3 kB 91.3 MB/s  0:00:00
2026-01-27T12:28:11.1549144Z Downloading h11-0.16.0-py3-none-any.whl (37 kB)
2026-01-27T12:28:11.1604644Z Downloading idna-3.11-py3-none-any.whl (71 kB)
2026-01-27T12:28:11.1661811Z Downloading iniconfig-2.3.0-py3-none-any.whl (7.5 kB)
2026-01-27T12:28:11.1849882Z Downloading librt-0.7.8-cp311-cp311-manylinux2014_x86_64.manylinux_2_17_x86_64.manylinux_2_28_x86_64.whl (188 kB)
2026-01-27T12:28:11.1914792Z Downloading lxml-6.0.2-cp311-cp311-manylinux_2_26_x86_64.manylinux_2_28_x86_64.whl (5.2 MB)
2026-01-27T12:28:11.2248757Z    ━━━━━━━━━━━━━━━━━━━━━━━━━━━━━━━━━━━━━━━━ 5.2/5.2 MB 178.7 MB/s  0:00:00
2026-01-27T12:28:11.2284399Z Downloading mypy_extensions-1.1.0-py3-none-any.whl (5.0 kB)
2026-01-27T12:28:11.2336993Z Downloading packaging-26.0-py3-none-any.whl (74 kB)
2026-01-27T12:28:11.2400042Z Downloading bcrypt-5.0.0-cp39-abi3-manylinux_2_34_x86_64.whl (278 kB)
2026-01-27T12:28:11.2470646Z Downloading pathspec-1.0.4-py3-none-any.whl (55 kB)
2026-01-27T12:28:11.2530330Z Downloading platformdirs-4.5.1-py3-none-any.whl (18 kB)
2026-01-27T12:28:11.2594609Z Downloading propcache-0.4.1-cp311-cp311-manylinux2014_x86_64.manylinux_2_17_x86_64.manylinux_2_28_x86_64.whl (210 kB)
2026-01-27T12:28:11.2659350Z Downloading pyasn1-0.6.2-py3-none-any.whl (83 kB)
2026-01-27T12:28:11.2722175Z Downloading pygments-2.19.2-py3-none-any.whl (1.2 MB)
2026-01-27T12:28:11.2817458Z    ━━━━━━━━━━━━━━━━━━━━━━━━━━━━━━━━━━━━━━━━ 1.2/1.2 MB 145.6 MB/s  0:00:00
2026-01-27T12:28:11.2879937Z Downloading cryptography-46.0.3-cp311-abi3-manylinux_2_34_x86_64.whl (4.5 MB)
2026-01-27T12:28:11.3109530Z    ━━━━━━━━━━━━━━━━━━━━━━━━━━━━━━━━━━━━━━━━ 4.5/4.5 MB 207.8 MB/s  0:00:00
2026-01-27T12:28:11.3149714Z Downloading cffi-2.0.0-cp311-cp311-manylinux2014_x86_64.manylinux_2_17_x86_64.whl (215 kB)
2026-01-27T12:28:11.3217714Z Downloading pytokens-0.4.0-cp311-cp311-manylinux2014_x86_64.manylinux_2_17_x86_64.manylinux_2_28_x86_64.whl (259 kB)
2026-01-27T12:28:11.3301830Z Downloading pyyaml-6.0.3-cp311-cp311-manylinux2014_x86_64.manylinux_2_17_x86_64.manylinux_2_28_x86_64.whl (806 kB)
2026-01-27T12:28:11.3371541Z    ━━━━━━━━━━━━━━━━━━━━━━━━━━━━━━━━━━━━━━━━ 806.6/806.6 kB 116.1 MB/s  0:00:00
2026-01-27T12:28:11.3404226Z Downloading regex-2026.1.15-cp311-cp311-manylinux2014_x86_64.manylinux_2_17_x86_64.manylinux_2_28_x86_64.whl (800 kB)
2026-01-27T12:28:11.3491511Z    ━━━━━━━━━━━━━━━━━━━━━━━━━━━━━━━━━━━━━━━━ 800.5/800.5 kB 111.2 MB/s  0:00:00
2026-01-27T12:28:11.3524211Z Downloading requests-2.32.5-py3-none-any.whl (64 kB)
2026-01-27T12:28:11.3580378Z Downloading charset_normalizer-3.4.4-cp311-cp311-manylinux2014_x86_64.manylinux_2_17_x86_64.manylinux_2_28_x86_64.whl (151 kB)
2026-01-27T12:28:11.3639395Z Downloading urllib3-2.6.3-py3-none-any.whl (131 kB)
2026-01-27T12:28:11.3696611Z Downloading certifi-2026.1.4-py3-none-any.whl (152 kB)
2026-01-27T12:28:11.3750297Z Downloading six-1.17.0-py2.py3-none-any.whl (11 kB)
2026-01-27T12:28:11.3802104Z Downloading stevedore-5.6.0-py3-none-any.whl (54 kB)
2026-01-27T12:28:11.3854449Z Downloading tomlkit-0.14.0-py3-none-any.whl (39 kB)
2026-01-27T12:28:11.3908516Z Downloading tqdm-4.67.1-py3-none-any.whl (78 kB)
2026-01-27T12:28:11.4102392Z Downloading typing_inspection-0.4.2-py3-none-any.whl (14 kB)
2026-01-27T12:28:11.4168683Z Downloading httptools-0.7.1-cp311-cp311-manylinux1_x86_64.manylinux_2_28_x86_64.manylinux_2_5_x86_64.whl (456 kB)
2026-01-27T12:28:11.4262795Z Downloading uvloop-0.22.1-cp311-cp311-manylinux2014_x86_64.manylinux_2_17_x86_64.manylinux_2_28_x86_64.whl (3.8 MB)
2026-01-27T12:28:11.4447345Z    ━━━━━━━━━━━━━━━━━━━━━━━━━━━━━━━━━━━━━━━━ 3.8/3.8 MB 220.5 MB/s  0:00:00
2026-01-27T12:28:11.4479187Z Downloading watchfiles-1.1.1-cp311-cp311-manylinux_2_17_x86_64.manylinux2014_x86_64.whl (456 kB)
2026-01-27T12:28:11.4561389Z Downloading websockets-16.0-cp311-cp311-manylinux1_x86_64.manylinux_2_28_x86_64.manylinux_2_5_x86_64.whl (184 kB)
2026-01-27T12:28:11.4623645Z Downloading mako-1.3.10-py3-none-any.whl (78 kB)
2026-01-27T12:28:11.4674077Z Downloading markupsafe-3.0.3-cp311-cp311-manylinux2014_x86_64.manylinux_2_17_x86_64.manylinux_2_28_x86_64.whl (22 kB)
2026-01-27T12:28:11.4725351Z Downloading pycparser-3.0-py3-none-any.whl (48 kB)
2026-01-27T12:28:11.4786599Z Downloading rich-14.3.1-py3-none-any.whl (309 kB)
2026-01-27T12:28:11.4860687Z Downloading markdown_it_py-4.0.0-py3-none-any.whl (87 kB)
2026-01-27T12:28:11.4924035Z Downloading mdurl-0.1.2-py3-none-any.whl (10.0 kB)
2026-01-27T12:28:11.4978429Z Downloading sniffio-1.3.1-py3-none-any.whl (10 kB)
2026-01-27T12:28:11.7971937Z Installing collected packages: passlib, websockets, uvloop, urllib3, typing-extensions, tqdm, tomlkit, stevedore, sniffio, six, ruff, regex, PyYAML, pytokens, python-multipart, python-dotenv, PyPDF2, pygments, pycparser, pycodestyle, pyasn1, psycopg2-binary, propcache, pluggy, platformdirs, pathspec, packaging, mypy-extensions, multidict, mdurl, mccabe, MarkupSafe, lxml, loguru, librt, jiter, isort, iniconfig, idna, httptools, h11, greenlet, frozenlist, dnspython, distro, dill, coverage, colorama, click, charset_normalizer, certifi, cachetools, bcrypt, attrs, asyncpg, astroid, annotated-types, annotated-doc, aiosqlite, aiohappyeyeballs, aiofiles, yarl, uvicorn, typing-inspection, sqlalchemy, rsa, requests, python-docx, pytest, pylint, pydantic-core, mypy, markdown-it-py, mando, Mako, httpcore, email-validator, ecdsa, cffi, black, anyio, aiosignal, watchfiles, tiktoken, starlette, rich, radon, python-jose, pytest-cov, pytest-asyncio, pydantic, httpx, cryptography, alembic, aiohttp, pydantic-settings, openai, fastapi, bandit
2026-01-27T12:28:21.1696048Z 
2026-01-27T12:28:21.1747457Z Successfully installed Mako-1.3.10 MarkupSafe-3.0.3 PyPDF2-3.0.1 PyYAML-6.0.3 aiofiles-25.1.0 aiohappyeyeballs-2.6.1 aiohttp-3.13.3 aiosignal-1.4.0 aiosqlite-0.22.1 alembic-1.18.1 annotated-doc-0.0.4 annotated-types-0.7.0 anyio-4.12.1 astroid-4.0.3 asyncpg-0.31.0 attrs-25.4.0 bandit-1.9.3 bcrypt-5.0.0 black-26.1.0 cachetools-6.2.5 certifi-2026.1.4 cffi-2.0.0 charset_normalizer-3.4.4 click-8.3.1 colorama-0.4.6 coverage-7.13.2 cryptography-46.0.3 dill-0.4.1 distro-1.9.0 dnspython-2.8.0 ecdsa-0.19.1 email-validator-2.3.0 fastapi-0.128.0 frozenlist-1.8.0 greenlet-3.3.1 h11-0.16.0 httpcore-1.0.9 httptools-0.7.1 httpx-0.28.1 idna-3.11 iniconfig-2.3.0 isort-7.0.0 jiter-0.12.0 librt-0.7.8 loguru-0.7.3 lxml-6.0.2 mando-0.7.1 markdown-it-py-4.0.0 mccabe-0.7.0 mdurl-0.1.2 multidict-6.7.1 mypy-1.19.1 mypy-extensions-1.1.0 openai-2.15.0 packaging-26.0 passlib-1.7.4 pathspec-1.0.4 platformdirs-4.5.1 pluggy-1.6.0 propcache-0.4.1 psycopg2-binary-2.9.11 pyasn1-0.6.2 pycodestyle-2.14.0 pycparser-3.0 pydantic-2.12.5 pydantic-core-2.41.5 pydantic-settings-2.12.0 pygments-2.19.2 pylint-4.0.4 pytest-9.0.2 pytest-asyncio-1.3.0 pytest-cov-7.0.0 python-docx-1.2.0 python-dotenv-1.2.1 python-jose-3.5.0 python-multipart-0.0.22 pytokens-0.4.0 radon-6.0.1 regex-2026.1.15 requests-2.32.5 rich-14.3.1 rsa-4.9.1 ruff-0.14.14 six-1.17.0 sniffio-1.3.1 sqlalchemy-2.0.46 starlette-0.50.0 stevedore-5.6.0 tiktoken-0.12.0 tomlkit-0.14.0 tqdm-4.67.1 typing-extensions-4.15.0 typing-inspection-0.4.2 urllib3-2.6.3 uvicorn-0.40.0 uvloop-0.22.1 watchfiles-1.1.1 websockets-16.0 yarl-1.22.0
2026-01-27T12:28:23.3218316Z Requirement already satisfied: pytest in /opt/hostedtoolcache/Python/3.11.14/x64/lib/python3.11/site-packages (9.0.2)
2026-01-27T12:28:23.3222068Z Requirement already satisfied: pytest-cov in /opt/hostedtoolcache/Python/3.11.14/x64/lib/python3.11/site-packages (7.0.0)
2026-01-27T12:28:23.3226182Z Requirement already satisfied: ruff in /opt/hostedtoolcache/Python/3.11.14/x64/lib/python3.11/site-packages (0.14.14)
2026-01-27T12:28:23.3230558Z Requirement already satisfied: mypy in /opt/hostedtoolcache/Python/3.11.14/x64/lib/python3.11/site-packages (1.19.1)
2026-01-27T12:28:23.3246094Z Requirement already satisfied: iniconfig>=1.0.1 in /opt/hostedtoolcache/Python/3.11.14/x64/lib/python3.11/site-packages (from pytest) (2.3.0)
2026-01-27T12:28:23.3251817Z Requirement already satisfied: packaging>=22 in /opt/hostedtoolcache/Python/3.11.14/x64/lib/python3.11/site-packages (from pytest) (26.0)
2026-01-27T12:28:23.3258162Z Requirement already satisfied: pluggy<2,>=1.5 in /opt/hostedtoolcache/Python/3.11.14/x64/lib/python3.11/site-packages (from pytest) (1.6.0)
2026-01-27T12:28:23.3263996Z Requirement already satisfied: pygments>=2.7.2 in /opt/hostedtoolcache/Python/3.11.14/x64/lib/python3.11/site-packages (from pytest) (2.19.2)
2026-01-27T12:28:23.3298794Z Requirement already satisfied: coverage>=7.10.6 in /opt/hostedtoolcache/Python/3.11.14/x64/lib/python3.11/site-packages (from coverage[toml]>=7.10.6->pytest-cov) (7.13.2)
2026-01-27T12:28:23.3326725Z Requirement already satisfied: typing_extensions>=4.6.0 in /opt/hostedtoolcache/Python/3.11.14/x64/lib/python3.11/site-packages (from mypy) (4.15.0)
2026-01-27T12:28:23.3331925Z Requirement already satisfied: mypy_extensions>=1.0.0 in /opt/hostedtoolcache/Python/3.11.14/x64/lib/python3.11/site-packages (from mypy) (1.1.0)
2026-01-27T12:28:23.3337325Z Requirement already satisfied: pathspec>=0.9.0 in /opt/hostedtoolcache/Python/3.11.14/x64/lib/python3.11/site-packages (from mypy) (1.0.4)
2026-01-27T12:28:23.3345578Z Requirement already satisfied: librt>=0.6.2 in /opt/hostedtoolcache/Python/3.11.14/x64/lib/python3.11/site-packages (from mypy) (0.7.8)
2026-01-27T12:28:23.4975168Z ##[group]Run pytest tests/ --cov=app --cov-report=xml --cov-report=html
2026-01-27T12:28:23.4975705Z [36;1mpytest tests/ --cov=app --cov-report=xml --cov-report=html[0m
2026-01-27T12:28:23.5008313Z shell: /usr/bin/bash -e {0}
2026-01-27T12:28:23.5008544Z env:
2026-01-27T12:28:23.5008786Z   pythonLocation: /opt/hostedtoolcache/Python/3.11.14/x64
2026-01-27T12:28:23.5009190Z   PKG_CONFIG_PATH: /opt/hostedtoolcache/Python/3.11.14/x64/lib/pkgconfig
2026-01-27T12:28:23.5009601Z   Python_ROOT_DIR: /opt/hostedtoolcache/Python/3.11.14/x64
2026-01-27T12:28:23.5009958Z   Python2_ROOT_DIR: /opt/hostedtoolcache/Python/3.11.14/x64
2026-01-27T12:28:23.5010315Z   Python3_ROOT_DIR: /opt/hostedtoolcache/Python/3.11.14/x64
2026-01-27T12:28:23.5010670Z   LD_LIBRARY_PATH: /opt/hostedtoolcache/Python/3.11.14/x64/lib
2026-01-27T12:28:23.5010984Z ##[endgroup]
2026-01-27T12:28:27.7408523Z ============================= test session starts ==============================
2026-01-27T12:28:27.7409895Z platform linux -- Python 3.11.14, pytest-9.0.2, pluggy-1.6.0 -- /opt/hostedtoolcache/Python/3.11.14/x64/bin/python
2026-01-27T12:28:27.7410555Z cachedir: .pytest_cache
2026-01-27T12:28:27.7410991Z rootdir: /home/runner/work/ai-teaching-assistant/ai-teaching-assistant/backend
2026-01-27T12:28:27.7411476Z configfile: pyproject.toml
2026-01-27T12:28:27.7411785Z plugins: cov-7.0.0, asyncio-1.3.0, anyio-4.12.1
2026-01-27T12:28:27.7412435Z asyncio: mode=Mode.AUTO, debug=False, asyncio_default_fixture_loop_scope=None, asyncio_default_test_loop_scope=function
2026-01-27T12:28:28.7791286Z collecting ... collected 244 items
2026-01-27T12:28:28.7791679Z 
2026-01-27T12:28:28.7852435Z tests/test_advanced_analysis.py::TestCodeQualityAnalyzer::test_simple_code_analysis PASSED [  0%]
2026-01-27T12:28:28.7902565Z tests/test_advanced_analysis.py::TestCodeQualityAnalyzer::test_complex_function_detection PASSED [  0%]
2026-01-27T12:28:28.7942101Z tests/test_advanced_analysis.py::TestCodeQualityAnalyzer::test_maintainability_index PASSED [  1%]
2026-01-27T12:28:28.7966244Z tests/test_advanced_analysis.py::TestCodeQualityAnalyzer::test_syntax_error_handling PASSED [  1%]
2026-01-27T12:28:28.7979962Z tests/test_advanced_analysis.py::TestComplexityGrading::test_complexity_grade_a PASSED [  2%]
2026-01-27T12:28:28.7993070Z tests/test_advanced_analysis.py::TestComplexityGrading::test_complexity_grade_b PASSED [  2%]
2026-01-27T12:28:28.8005766Z tests/test_advanced_analysis.py::TestComplexityGrading::test_complexity_grade_c PASSED [  2%]
2026-01-27T12:28:28.8018651Z tests/test_advanced_analysis.py::TestComplexityGrading::test_complexity_grade_f PASSED [  3%]
2026-01-27T12:28:28.8031467Z tests/test_advanced_analysis.py::TestComplexityGrading::test_maintainability_excellent PASSED [  3%]
2026-01-27T12:28:28.8044172Z tests/test_advanced_analysis.py::TestComplexityGrading::test_maintainability_poor PASSED [  4%]
2026-01-27T12:28:28.8061661Z tests/test_advanced_analysis.py::TestDuplicateDetector::test_detect_duplicates PASSED [  4%]
2026-01-27T12:28:28.8075210Z tests/test_advanced_analysis.py::TestDuplicateDetector::test_no_duplicates PASSED [  4%]
2026-01-27T12:28:29.4603039Z tests/test_advanced_analysis.py::TestLinterService::test_lint_clean_code PASSED [  5%]
2026-01-27T12:28:30.1704973Z tests/test_advanced_analysis.py::TestLinterService::test_lint_with_issues PASSED [  5%]
2026-01-27T12:28:30.1726966Z tests/test_advanced_analysis.py::TestLinterService::test_unsupported_language PASSED [  6%]
2026-01-27T12:28:30.3493274Z tests/test_advanced_analysis.py::TestSecurityAnalyzer::test_detect_hardcoded_password PASSED [  6%]
2026-01-27T12:28:30.5223922Z tests/test_advanced_analysis.py::TestSecurityAnalyzer::test_detect_eval_usage PASSED [  6%]
2026-01-27T12:28:30.6991362Z tests/test_advanced_analysis.py::TestSecurityAnalyzer::test_detect_shell_injection PASSED [  7%]
2026-01-27T12:28:30.8736888Z tests/test_advanced_analysis.py::TestSecurityAnalyzer::test_clean_code_security PASSED [  7%]
2026-01-27T12:28:30.8794564Z tests/test_advanced_analysis.py::TestPerformanceAnalyzer::test_detect_nested_loops PASSED [  8%]
2026-01-27T12:28:30.8821165Z tests/test_advanced_analysis.py::TestPerformanceAnalyzer::test_detect_range_len_pattern PASSED [  8%]
2026-01-27T12:28:30.8845760Z tests/test_advanced_analysis.py::TestPerformanceAnalyzer::test_detect_bare_except PASSED [  9%]
2026-01-27T12:28:30.8871234Z tests/test_advanced_analysis.py::TestPerformanceAnalyzer::test_detect_print_statements PASSED [  9%]
2026-01-27T12:28:30.8894535Z tests/test_advanced_analysis.py::TestPerformanceAnalyzer::test_clean_code_performance PASSED [  9%]
2026-01-27T12:28:31.5153998Z tests/test_advanced_analysis.py::TestAnalysisIntegration::test_all_analyzers_work_together PASSED [ 10%]
2026-01-27T12:28:31.8464373Z tests/test_analysis_api.py::TestAnalyzeEndpoint::test_analyze_python_code PASSED [ 10%]
2026-01-27T12:28:32.0691091Z tests/test_analysis_api.py::TestAnalyzeEndpoint::test_analyze_javascript_code PASSED [ 11%]
2026-01-27T12:28:32.2921328Z tests/test_analysis_api.py::TestAnalyzeEndpoint::test_analyze_with_rule_overrides PASSED [ 11%]
2026-01-27T12:28:32.5153763Z tests/test_analysis_api.py::TestAnalyzeEndpoint::test_analyze_empty_code PASSED [ 11%]
2026-01-27T12:28:32.7401675Z tests/test_analysis_api.py::TestAnalyzeEndpoint::test_analyze_invalid_language PASSED [ 12%]
2026-01-27T12:28:32.9639116Z tests/test_analysis_api.py::TestRulesEndpoint::test_get_all_rules PASSED [ 12%]
2026-01-27T12:28:33.3691125Z tests/test_analysis_api.py::TestRulesEndpoint::test_get_specific_rule PASSED [ 13%]
2026-01-27T12:28:33.5861117Z tests/test_analysis_api.py::TestRulesEndpoint::test_get_nonexistent_rule PASSED [ 13%]
2026-01-27T12:28:35.4551875Z tests/test_analysis_api.py::TestSummaryEndpoint::test_get_analysis_summary FAILED [ 13%]
2026-01-27T12:28:35.8988539Z tests/test_assignments.py::test_grade_assignment PASSED                  [ 14%]
2026-01-27T12:28:36.1341537Z tests/test_assignments.py::test_grade_assignment_missing_fields PASSED   [ 14%]
2026-01-27T12:28:36.5212385Z tests/test_assignments.py::test_analyze_code PASSED                      [ 15%]
2026-01-27T12:28:36.7656169Z tests/test_assignments.py::test_analyze_code_with_issues PASSED          [ 15%]
2026-01-27T12:28:37.0063646Z tests/test_assignments.py::test_plagiarism_check PASSED                  [ 15%]
2026-01-27T12:28:37.2496127Z tests/test_assignments.py::test_batch_grading PASSED                     [ 16%]
2026-01-27T12:28:37.2531809Z tests/test_code_analysis.py::TestLineMetrics::test_basic_line_count PASSED [ 16%]
2026-01-27T12:28:37.2561165Z tests/test_code_analysis.py::TestLineMetrics::test_comment_detection_python PASSED [ 17%]
2026-01-27T12:28:37.2589084Z tests/test_code_analysis.py::TestLineMetrics::test_docstring_detection PASSED [ 17%]
2026-01-27T12:28:37.2615128Z tests/test_code_analysis.py::TestComplexity::test_simple_function_complexity PASSED [ 18%]
2026-01-27T12:28:37.2649560Z tests/test_code_analysis.py::TestComplexity::test_complex_function_detection PASSED [ 18%]
2026-01-27T12:28:37.2683194Z tests/test_code_analysis.py::TestComplexity::test_cognitive_complexity PASSED [ 18%]
2026-01-27T12:28:37.2712403Z tests/test_code_analysis.py::TestNamingConventions::test_valid_python_names PASSED [ 19%]
2026-01-27T12:28:37.2738417Z tests/test_code_analysis.py::TestNamingConventions::test_invalid_function_name PASSED [ 19%]
2026-01-27T12:28:37.2763696Z tests/test_code_analysis.py::TestNamingConventions::test_invalid_class_name PASSED [ 20%]
2026-01-27T12:28:37.2790691Z tests/test_code_analysis.py::TestSecurityChecks::test_hardcoded_password_detection PASSED [ 20%]
2026-01-27T12:28:37.2818984Z tests/test_code_analysis.py::TestSecurityChecks::test_eval_usage_detection PASSED [ 20%]
2026-01-27T12:28:37.2849104Z tests/test_code_analysis.py::TestSecurityChecks::test_sql_injection_detection PASSED [ 21%]
2026-01-27T12:28:37.2878316Z tests/test_code_analysis.py::TestStyleChecks::test_long_line_detection PASSED [ 21%]
2026-01-27T12:28:37.2906225Z tests/test_code_analysis.py::TestStyleChecks::test_trailing_whitespace_detection PASSED [ 22%]
2026-01-27T12:28:37.2939501Z tests/test_code_analysis.py::TestStructureAnalysis::test_class_and_function_count PASSED [ 22%]
2026-01-27T12:28:37.2968941Z tests/test_code_analysis.py::TestStructureAnalysis::test_unused_import_detection PASSED [ 22%]
2026-01-27T12:28:37.3002362Z tests/test_code_analysis.py::TestScoring::test_perfect_code_score PASSED [ 23%]
2026-01-27T12:28:37.3041236Z tests/test_code_analysis.py::TestScoring::test_poor_code_score PASSED    [ 23%]
2026-01-27T12:28:37.3065652Z tests/test_code_analysis.py::TestMultiLanguage::test_javascript_analysis PASSED [ 24%]
2026-01-27T12:28:37.3095320Z tests/test_code_analysis.py::TestMultiLanguage::test_java_analysis PASSED [ 24%]
2026-01-27T12:28:37.3129971Z tests/test_code_analysis.py::TestRecommendations::test_recommendations_generated PASSED [ 25%]
2026-01-27T12:28:37.3156821Z tests/test_code_analysis.py::TestRecommendations::test_security_recommendation PASSED [ 25%]
2026-01-27T12:28:37.3171606Z tests/test_feedback_system.py::TestFeedbackGenerationService::test_service_initialization PASSED [ 25%]
2026-01-27T12:28:37.3183892Z tests/test_feedback_system.py::TestFeedbackGenerationService::test_singleton_instance PASSED [ 26%]
2026-01-27T12:28:37.3246801Z tests/test_feedback_system.py::TestFeedbackGenerationService::test_generate_feedback_basic PASSED [ 26%]
2026-01-27T12:28:37.3303460Z tests/test_feedback_system.py::TestFeedbackGenerationService::test_generate_feedback_encouraging_tone PASSED [ 27%]
2026-01-27T12:28:37.3357357Z tests/test_feedback_system.py::TestFeedbackGenerationService::test_generate_feedback_strict_tone PASSED [ 27%]
2026-01-27T12:28:37.3381425Z tests/test_feedback_system.py::TestFeedbackGenerationService::test_generate_feedback_with_assignment_context PASSED [ 27%]
2026-01-27T12:28:37.3401390Z tests/test_feedback_system.py::TestAIService::test_explain_code PASSED   [ 28%]
2026-01-27T12:28:37.3424877Z tests/test_feedback_system.py::TestAIService::test_suggest_improvements PASSED [ 28%]
2026-01-27T12:28:37.3445262Z tests/test_feedback_system.py::TestAIService::test_answer_student_question PASSED [ 29%]
2026-01-27T12:28:37.3457971Z tests/test_feedback_system.py::TestAIService::test_get_interaction_stats PASSED [ 29%]
2026-01-27T12:28:37.3470412Z tests/test_feedback_system.py::TestFeedbackTemplates::test_template_category_enum PASSED [ 29%]
2026-01-27T12:28:37.3482708Z tests/test_feedback_system.py::TestFeedbackTemplates::test_feedback_tone_enum PASSED [ 30%]
2026-01-27T12:28:37.3494824Z tests/test_feedback_system.py::TestFeedbackTemplates::test_feedback_category_enum PASSED [ 30%]
2026-01-27T12:28:37.3582763Z tests/test_feedback_system.py::TestFeedbackAPIEndpoints::test_generate_feedback_endpoint PASSED [ 31%]
2026-01-27T12:28:37.3645943Z tests/test_feedback_system.py::TestFeedbackAPIEndpoints::test_explain_code_endpoint PASSED [ 31%]
2026-01-27T12:28:37.3711276Z tests/test_feedback_system.py::TestFeedbackAPIEndpoints::test_suggest_improvements_endpoint PASSED [ 31%]
2026-01-27T12:28:37.3776886Z tests/test_feedback_system.py::TestFeedbackAPIEndpoints::test_answer_question_endpoint PASSED [ 32%]
2026-01-27T12:28:37.3830079Z tests/test_feedback_system.py::TestFeedbackAPIEndpoints::test_ai_config_endpoint PASSED [ 32%]
2026-01-27T12:28:37.3890447Z tests/test_feedback_system.py::TestFeedbackAPIEndpoints::test_ai_health_endpoint PASSED [ 33%]
2026-01-27T12:28:37.4076300Z tests/test_feedback_system.py::TestFeedbackTemplatesAPI::test_list_templates_endpoint PASSED [ 33%]
2026-01-27T12:28:37.4140396Z tests/test_feedback_system.py::TestFeedbackTemplatesAPI::test_list_categories_endpoint PASSED [ 34%]
2026-01-27T12:28:37.4356188Z tests/test_feedback_system.py::TestFeedbackTemplatesAPI::test_create_template_endpoint PASSED [ 34%]
2026-01-27T12:28:37.4488527Z tests/test_file_api.py::TestFileUploadAPI::test_list_files_empty PASSED  [ 34%]
2026-01-27T12:28:37.4952797Z tests/test_file_api.py::TestFileUploadAPI::test_upload_python_file PASSED [ 35%]
2026-01-27T12:28:37.5186911Z tests/test_file_api.py::TestFileUploadAPI::test_upload_javascript_file PASSED [ 35%]
2026-01-27T12:28:37.5257290Z tests/test_file_api.py::TestFileUploadAPI::test_upload_invalid_file_type PASSED [ 36%]
2026-01-27T12:28:37.5548646Z tests/test_file_api.py::TestFileUploadAPI::test_get_file_metadata PASSED [ 36%]
2026-01-27T12:28:37.5864485Z tests/test_file_api.py::TestFileUploadAPI::test_get_file_content PASSED  [ 36%]
2026-01-27T12:28:37.6260163Z tests/test_file_api.py::TestFileUploadAPI::test_parse_file PASSED        [ 37%]
2026-01-27T12:28:37.6283602Z tests/test_file_upload.py::TestFileParsingService::test_detect_language_python PASSED [ 37%]
2026-01-27T12:28:37.6304048Z tests/test_file_upload.py::TestFileParsingService::test_detect_language_javascript PASSED [ 38%]
2026-01-27T12:28:37.6324295Z tests/test_file_upload.py::TestFileParsingService::test_detect_language_java PASSED [ 38%]
2026-01-27T12:28:37.6344233Z tests/test_file_upload.py::TestFileParsingService::test_detect_language_c_cpp PASSED [ 38%]
2026-01-27T12:28:37.6369539Z tests/test_file_upload.py::TestFileParsingService::test_parse_python_file PASSED [ 39%]
2026-01-27T12:28:37.6423789Z tests/test_file_upload.py::TestFileParsingService::test_parse_javascript_file PASSED [ 39%]
2026-01-27T12:28:37.6474180Z tests/test_file_upload.py::TestFileParsingService::test_parse_java_file PASSED [ 40%]
2026-01-27T12:28:37.6511303Z tests/test_file_upload.py::TestFileParsingService::test_parse_c_file PASSED [ 40%]
2026-01-27T12:28:37.6537906Z tests/test_file_upload.py::TestFileParsingService::test_basic_metrics PASSED [ 40%]
2026-01-27T12:28:37.8888223Z tests/test_health.py::test_root_endpoint PASSED                          [ 41%]
2026-01-27T12:28:38.3157003Z tests/test_health.py::test_health_endpoint PASSED                        [ 41%]
2026-01-27T12:28:38.5550081Z tests/test_health.py::test_docs_endpoint PASSED                          [ 42%]
2026-01-27T12:28:40.9602080Z tests/test_health.py::test_openapi_schema PASSED                         [ 42%]
2026-01-27T12:28:40.9616288Z tests/test_multi_dimensional_evaluation.py::TestEvaluationDimension::test_dimension_values PASSED [ 43%]
2026-01-27T12:28:40.9629063Z tests/test_multi_dimensional_evaluation.py::TestEvaluationDimension::test_dimension_count PASSED [ 43%]
2026-01-27T12:28:40.9642002Z tests/test_multi_dimensional_evaluation.py::TestDimensionMetadata::test_all_dimensions_have_metadata PASSED [ 43%]
2026-01-27T12:28:40.9653755Z tests/test_multi_dimensional_evaluation.py::TestDimensionMetadata::test_metadata_has_required_fields PASSED [ 44%]
2026-01-27T12:28:40.9666143Z tests/test_multi_dimensional_evaluation.py::TestDimensionMetadata::test_weights_sum_to_one PASSED [ 44%]
2026-01-27T12:28:40.9679324Z tests/test_multi_dimensional_evaluation.py::TestDimensionScore::test_create_dimension_score PASSED [ 45%]
2026-01-27T12:28:40.9693939Z tests/test_multi_dimensional_evaluation.py::TestDimensionScore::test_score_validation PASSED [ 45%]
2026-01-27T12:28:40.9707183Z tests/test_multi_dimensional_evaluation.py::TestRadarChartData::test_create_radar_chart_data PASSED [ 45%]
2026-01-27T12:28:40.9721416Z tests/test_multi_dimensional_evaluation.py::TestMultiDimensionalEvaluator::test_score_to_grade PASSED [ 46%]
2026-01-27T12:28:40.9756487Z tests/test_multi_dimensional_evaluation.py::TestMultiDimensionalEvaluator::test_calculate_technical_ability PASSED [ 46%]
2026-01-27T12:28:40.9792813Z tests/test_multi_dimensional_evaluation.py::TestMultiDimensionalEvaluator::test_calculate_code_quality PASSED [ 47%]
2026-01-27T12:28:40.9821227Z tests/test_multi_dimensional_evaluation.py::TestMultiDimensionalEvaluator::test_calculate_innovation PASSED [ 47%]
2026-01-27T12:28:40.9851871Z tests/test_multi_dimensional_evaluation.py::TestMultiDimensionalEvaluator::test_calculate_best_practices PASSED [ 47%]
2026-01-27T12:28:40.9880426Z tests/test_multi_dimensional_evaluation.py::TestMultiDimensionalEvaluator::test_calculate_efficiency PASSED [ 48%]
2026-01-27T12:28:40.9910505Z tests/test_multi_dimensional_evaluation.py::TestMultiDimensionalEvaluator::test_calculate_documentation PASSED [ 48%]
2026-01-27T12:28:40.9945902Z tests/test_multi_dimensional_evaluation.py::TestMultiDimensionalEvaluator::test_calculate_dimension_scores PASSED [ 49%]
2026-01-27T12:28:40.9985255Z tests/test_multi_dimensional_evaluation.py::TestMultiDimensionalEvaluator::test_generate_radar_chart_data PASSED [ 49%]
2026-01-27T12:28:41.0021656Z tests/test_multi_dimensional_evaluation.py::TestMultiDimensionalEvaluator::test_generate_overall_summary PASSED [ 50%]
2026-01-27T12:28:41.0056113Z tests/test_multi_dimensional_evaluation.py::TestMultiDimensionalEvaluator::test_identify_top_strengths PASSED [ 50%]
2026-01-27T12:28:41.0089935Z tests/test_multi_dimensional_evaluation.py::TestMultiDimensionalEvaluator::test_identify_priority_improvements PASSED [ 50%]
2026-01-27T12:28:41.0125002Z tests/test_multi_dimensional_evaluation.py::TestMultiDimensionalEvaluator::test_recommend_focus_areas PASSED [ 51%]
2026-01-27T12:28:41.0138819Z tests/test_multi_dimensional_evaluation.py::TestMultiDimensionalEvaluationRequest::test_create_request_with_defaults PASSED [ 51%]
2026-01-27T12:28:41.0151366Z tests/test_multi_dimensional_evaluation.py::TestMultiDimensionalEvaluationRequest::test_create_request_with_class_comparison PASSED [ 52%]
2026-01-27T12:28:41.0163834Z tests/test_multi_dimensional_evaluation.py::TestClassComparison::test_create_class_comparison PASSED [ 52%]
2026-01-27T12:28:41.0177752Z tests/test_multi_dimensional_evaluation.py::TestAbilityAnalysisReport::test_create_report PASSED [ 52%]
2026-01-27T12:28:41.0189960Z tests/test_personalized_feedback.py::TestFeedbackEnums::test_feedback_detail_level_values PASSED [ 53%]
2026-01-27T12:28:41.0202110Z tests/test_personalized_feedback.py::TestFeedbackEnums::test_suggestion_difficulty_values PASSED [ 53%]
2026-01-27T12:28:41.0214251Z tests/test_personalized_feedback.py::TestFeedbackEnums::test_student_level_values PASSED [ 54%]
2026-01-27T12:28:41.0227607Z tests/test_personalized_feedback.py::TestFeedbackEnums::test_performance_trend_values PASSED [ 54%]
2026-01-27T12:28:41.0239855Z tests/test_personalized_feedback.py::TestDetailLevelConfig::test_brief_config PASSED [ 54%]
2026-01-27T12:28:41.0251803Z tests/test_personalized_feedback.py::TestDetailLevelConfig::test_comprehensive_config PASSED [ 55%]
2026-01-27T12:28:41.0264111Z tests/test_personalized_feedback.py::TestLevelMessages::test_beginner_messages PASSED [ 55%]
2026-01-27T12:28:41.0276839Z tests/test_personalized_feedback.py::TestLevelMessages::test_advanced_messages PASSED [ 56%]
2026-01-27T12:28:41.0289220Z tests/test_personalized_feedback.py::TestTrendMessages::test_improving_trend PASSED [ 56%]
2026-01-27T12:28:41.0301599Z tests/test_personalized_feedback.py::TestTrendMessages::test_declining_trend PASSED [ 56%]
2026-01-27T12:28:41.0316229Z tests/test_personalized_feedback.py::TestFeedbackGenerationService::test_calculate_trend_improving PASSED [ 57%]
2026-01-27T12:28:41.0331065Z tests/test_personalized_feedback.py::TestFeedbackGenerationService::test_calculate_trend_declining PASSED [ 57%]
2026-01-27T12:28:41.0345608Z tests/test_personalized_feedback.py::TestFeedbackGenerationService::test_calculate_trend_stable PASSED [ 58%]
2026-01-27T12:28:41.0359469Z tests/test_personalized_feedback.py::TestFeedbackGenerationService::test_calculate_trend_insufficient_data PASSED [ 58%]
2026-01-27T12:28:41.0373225Z tests/test_personalized_feedback.py::TestFeedbackGenerationService::test_determine_level_beginner PASSED [ 59%]
2026-01-27T12:28:41.0387344Z tests/test_personalized_feedback.py::TestFeedbackGenerationService::test_determine_level_intermediate PASSED [ 59%]
2026-01-27T12:28:41.0401194Z tests/test_personalized_feedback.py::TestFeedbackGenerationService::test_determine_level_advanced PASSED [ 59%]
2026-01-27T12:28:41.0415283Z tests/test_personalized_feedback.py::TestFeedbackGenerationService::test_determine_level_new_student PASSED [ 60%]
2026-01-27T12:28:41.0429148Z tests/test_personalized_feedback.py::TestFeedbackGenerationService::test_calculate_improvement_rate_positive PASSED [ 60%]
2026-01-27T12:28:41.0443127Z tests/test_personalized_feedback.py::TestFeedbackGenerationService::test_calculate_improvement_rate_negative PASSED [ 61%]
2026-01-27T12:28:41.0456296Z tests/test_personalized_feedback.py::TestFeedbackGenerationService::test_translate_to_chinese PASSED [ 61%]
2026-01-27T12:28:41.0490330Z tests/test_personalized_feedback.py::TestProgressiveSuggestions::test_generate_progressive_suggestions PASSED [ 61%]
2026-01-27T12:28:41.0522357Z tests/test_personalized_feedback.py::TestProgressiveSuggestions::test_suggestions_have_difficulty_levels PASSED [ 62%]
2026-01-27T12:28:41.0552554Z tests/test_personalized_feedback.py::TestProgressiveSuggestions::test_suggestions_have_chinese_translations PASSED [ 62%]
2026-01-27T12:28:41.0569303Z tests/test_personalized_feedback.py::TestLearningPath::test_create_learning_path PASSED [ 63%]
2026-01-27T12:28:41.0584707Z tests/test_personalized_feedback.py::TestLearningPath::test_learning_path_sorts_by_difficulty PASSED [ 63%]
2026-01-27T12:28:41.0600328Z tests/test_personalized_feedback.py::TestLearningPath::test_learning_path_calculates_total_time PASSED [ 63%]
2026-01-27T12:28:41.0623411Z tests/test_personalized_feedback.py::TestPersonalizedMessage::test_first_submission_message PASSED [ 64%]
2026-01-27T12:28:41.0645793Z tests/test_personalized_feedback.py::TestPersonalizedMessage::test_above_average_message PASSED [ 64%]
2026-01-27T12:28:41.0665672Z tests/test_personalized_feedback.py::TestPersonalizedMessage::test_below_average_message PASSED [ 65%]
2026-01-27T12:28:41.0688226Z tests/test_personalized_feedback.py::TestEncouragement::test_encouragement_for_new_student_high_score PASSED [ 65%]
2026-01-27T12:28:41.0709933Z tests/test_personalized_feedback.py::TestEncouragement::test_encouragement_for_improving_student PASSED [ 65%]
2026-01-27T12:28:41.0730574Z tests/test_personalized_feedback.py::TestEncouragement::test_encouragement_for_declining_student PASSED [ 66%]
2026-01-27T12:28:41.0743478Z tests/test_personalized_feedback.py::TestStudentHistoryAnalysisSchema::test_create_history_analysis PASSED [ 66%]
2026-01-27T12:28:41.0756132Z tests/test_personalized_feedback.py::TestPersonalizedFeedbackRequest::test_create_request_with_defaults PASSED [ 67%]
2026-01-27T12:28:41.0770889Z tests/test_personalized_feedback.py::TestPersonalizedFeedbackRequest::test_create_request_with_custom_values PASSED [ 67%]
2026-01-27T12:28:41.3190184Z tests/test_qa.py::test_ask_question PASSED                               [ 68%]
2026-01-27T12:28:41.5593762Z tests/test_qa.py::test_ask_question_missing_fields PASSED                [ 68%]
2026-01-27T12:28:41.8023569Z tests/test_qa.py::test_escalate_question PASSED                          [ 68%]
2026-01-27T12:28:42.2442864Z tests/test_qa.py::test_qa_analytics PASSED                               [ 69%]
2026-01-27T12:28:42.5067790Z tests/test_report_analysis.py::TestReportAnalysisAPI::test_analyze_endpoint_basic PASSED [ 69%]
2026-01-27T12:28:42.7569448Z tests/test_report_analysis.py::TestReportAnalysisAPI::test_analyze_with_chinese_content PASSED [ 70%]
2026-01-27T12:28:42.9998398Z tests/test_report_analysis.py::TestReportAnalysisAPI::test_analyze_empty_content PASSED [ 70%]
2026-01-27T12:28:43.2456396Z tests/test_report_analysis.py::TestReportAnalysisAPI::test_analyze_file_upload_pdf_not_supported_yet PASSED [ 70%]
2026-01-27T12:28:43.4868923Z tests/test_report_analysis.py::TestReportAnalysisAPI::test_analyze_file_upload_txt PASSED [ 71%]
2026-01-27T12:28:43.4911444Z tests/test_report_analysis.py::TestReportAnalysisService::test_service_basic_analysis PASSED [ 71%]
2026-01-27T12:28:43.4949484Z tests/test_report_analysis.py::TestReportAnalysisService::test_section_detection PASSED [ 72%]
2026-01-27T12:28:43.4986134Z tests/test_report_analysis.py::TestReportAnalysisService::test_chinese_section_detection PASSED [ 72%]
2026-01-27T12:28:43.5002105Z tests/test_report_analysis.py::TestJSONParsers::test_parse_logic_analysis_valid_json PASSED [ 72%]
2026-01-27T12:28:43.5017509Z tests/test_report_analysis.py::TestJSONParsers::test_parse_logic_analysis_markdown_block PASSED [ 73%]
2026-01-27T12:28:43.5032405Z tests/test_report_analysis.py::TestJSONParsers::test_parse_logic_analysis_invalid_enum PASSED [ 73%]
2026-01-27T12:28:43.5048048Z tests/test_report_analysis.py::TestJSONParsers::test_parse_logic_analysis_invalid_json PASSED [ 74%]
2026-01-27T12:28:43.5062558Z tests/test_report_analysis.py::TestJSONParsers::test_parse_innovation_valid PASSED [ 74%]
2026-01-27T12:28:43.5077259Z tests/test_report_analysis.py::TestJSONParsers::test_parse_innovation_missing_required_fields PASSED [ 75%]
2026-01-27T12:28:43.5091711Z tests/test_report_analysis.py::TestJSONParsers::test_parse_suggestions_valid PASSED [ 75%]
2026-01-27T12:28:43.5105856Z tests/test_report_analysis.py::TestJSONParsers::test_parse_suggestions_invalid_category PASSED [ 75%]
2026-01-27T12:28:43.5120204Z tests/test_report_analysis.py::TestJSONParsers::test_parse_language_valid PASSED [ 76%]
2026-01-27T12:28:43.5134460Z tests/test_report_analysis.py::TestJSONParsers::test_parse_language_value_clamping PASSED [ 76%]
2026-01-27T12:28:43.5147877Z tests/test_report_analysis.py::TestDeepSeekIntegration::test_analyze_logic_with_real_ai SKIPPED [ 77%]
2026-01-27T12:28:43.5158847Z tests/test_report_analysis.py::TestDeepSeekIntegration::test_analyze_innovation_with_real_ai SKIPPED [ 77%]
2026-01-27T12:28:43.5169881Z tests/test_report_analysis.py::TestDeepSeekIntegration::test_generate_suggestions_with_real_ai SKIPPED [ 77%]
2026-01-27T12:28:43.5181643Z tests/test_report_analysis.py::TestDeepSeekIntegration::test_evaluate_language_with_real_ai SKIPPED [ 78%]
2026-01-27T12:28:43.9877604Z tests/test_rubrics.py::TestRubricCreate::test_create_success PASSED      [ 78%]
2026-01-27T12:28:44.2310985Z tests/test_rubrics.py::TestRubricCreate::test_create_with_criteria PASSED [ 79%]
2026-01-27T12:28:44.4924097Z tests/test_rubrics.py::TestRubricCreate::test_create_duplicate_rubric_id PASSED [ 79%]
2026-01-27T12:28:44.7313992Z tests/test_rubrics.py::TestRubricCreate::test_create_invalid_max_score PASSED [ 79%]
2026-01-27T12:28:44.9641582Z tests/test_rubrics.py::TestRubricCreate::test_create_missing_required_fields PASSED [ 80%]
2026-01-27T12:28:45.3980989Z tests/test_rubrics.py::TestRubricCreate::test_create_with_all_fields PASSED [ 80%]
2026-01-27T12:28:45.6343609Z tests/test_rubrics.py::TestRubricList::test_list_empty PASSED            [ 81%]
2026-01-27T12:28:45.9532192Z tests/test_rubrics.py::TestRubricList::test_list_with_data PASSED        [ 81%]
2026-01-27T12:28:46.2875868Z tests/test_rubrics.py::TestRubricList::test_list_pagination PASSED       [ 81%]
2026-01-27T12:28:46.6205997Z tests/test_rubrics.py::TestRubricList::test_list_pagination_last_page PASSED [ 82%]
2026-01-27T12:28:47.0533929Z tests/test_rubrics.py::TestRubricList::test_list_invalid_page PASSED     [ 82%]
2026-01-27T12:28:47.3148935Z tests/test_rubrics.py::TestRubricGet::test_get_success PASSED            [ 83%]
2026-01-27T12:28:47.5526216Z tests/test_rubrics.py::TestRubricGet::test_get_not_found PASSED          [ 83%]
2026-01-27T12:28:47.8002282Z tests/test_rubrics.py::TestRubricGet::test_get_with_criteria PASSED      [ 84%]
2026-01-27T12:28:48.0522577Z tests/test_rubrics.py::TestRubricUpdate::test_update_success PASSED      [ 84%]
2026-01-27T12:28:48.3064739Z tests/test_rubrics.py::TestRubricUpdate::test_update_partial_fields PASSED [ 84%]
2026-01-27T12:28:48.7655522Z tests/test_rubrics.py::TestRubricUpdate::test_update_criteria PASSED     [ 85%]
2026-01-27T12:28:49.0324438Z tests/test_rubrics.py::TestRubricUpdate::test_update_not_found PASSED    [ 85%]
2026-01-27T12:28:49.2793353Z tests/test_rubrics.py::TestRubricUpdate::test_update_invalid_max_score PASSED [ 86%]
2026-01-27T12:28:49.5382503Z tests/test_rubrics.py::TestRubricDelete::test_delete_success PASSED      [ 86%]
2026-01-27T12:28:49.7765792Z tests/test_rubrics.py::TestRubricDelete::test_delete_not_found PASSED    [ 86%]
2026-01-27T12:28:50.2340529Z tests/test_rubrics.py::TestRubricDelete::test_delete_with_assignments PASSED [ 87%]
2026-01-27T12:28:50.4889410Z tests/test_rubrics.py::TestRubricAssignments::test_get_assignments_success PASSED [ 87%]
2026-01-27T12:28:50.7474484Z tests/test_rubrics.py::TestRubricAssignments::test_get_assignments_empty PASSED [ 88%]
2026-01-27T12:28:50.9896068Z tests/test_rubrics.py::TestRubricAssignments::test_get_assignments_not_found PASSED [ 88%]
2026-01-27T12:28:51.2422293Z tests/test_students.py::TestStudentRegistration::test_register_success PASSED [ 88%]
2026-01-27T12:28:51.7004093Z tests/test_students.py::TestStudentRegistration::test_register_with_all_fields PASSED [ 89%]
2026-01-27T12:28:51.9540734Z tests/test_students.py::TestStudentRegistration::test_register_duplicate_student_id PASSED [ 89%]
2026-01-27T12:28:52.2058886Z tests/test_students.py::TestStudentRegistration::test_register_duplicate_email PASSED [ 90%]
2026-01-27T12:28:52.4527928Z tests/test_students.py::TestStudentRegistration::test_register_invalid_email_format PASSED [ 90%]
2026-01-27T12:28:52.6924113Z tests/test_students.py::TestStudentRegistration::test_register_missing_required_fields PASSED [ 90%]
2026-01-27T12:28:53.1476627Z tests/test_students.py::TestStudentLogin::test_login_success PASSED      [ 91%]
2026-01-27T12:28:53.4050795Z tests/test_students.py::TestStudentLogin::test_login_with_email_verification PASSED [ 91%]
2026-01-27T12:28:53.6485450Z tests/test_students.py::TestStudentLogin::test_login_student_not_found PASSED [ 92%]
2026-01-27T12:28:53.9041179Z tests/test_students.py::TestStudentLogin::test_login_email_mismatch PASSED [ 92%]
2026-01-27T12:28:54.3176829Z tests/test_students.py::TestStudentList::test_list_default_pagination PASSED [ 93%]
2026-01-27T12:28:54.9257395Z tests/test_students.py::TestStudentList::test_list_custom_pagination PASSED [ 93%]
2026-01-27T12:28:55.3318402Z tests/test_students.py::TestStudentList::test_list_second_page PASSED    [ 93%]
2026-01-27T12:28:55.7369491Z tests/test_students.py::TestStudentList::test_list_filter_by_course PASSED [ 94%]
2026-01-27T12:28:55.9897882Z tests/test_students.py::TestStudentList::test_list_empty_result PASSED   [ 94%]
2026-01-27T12:28:56.3868301Z tests/test_students.py::TestStudentList::test_list_page_size_boundary PASSED [ 95%]
2026-01-27T12:28:56.9767294Z tests/test_students.py::TestStudentList::test_list_filter_by_course_no_results PASSED [ 95%]
2026-01-27T12:28:57.3842617Z tests/test_students.py::TestStudentList::test_list_page_out_of_range PASSED [ 95%]
2026-01-27T12:28:57.6387635Z tests/test_students.py::TestStudentGet::test_get_success PASSED          [ 96%]
2026-01-27T12:28:57.8823031Z tests/test_students.py::TestStudentGet::test_get_not_found PASSED        [ 96%]
2026-01-27T12:28:58.1386594Z tests/test_students.py::TestStudentUpdate::test_update_success PASSED    [ 97%]
2026-01-27T12:28:58.5945328Z tests/test_students.py::TestStudentUpdate::test_update_partial_fields PASSED [ 97%]
2026-01-27T12:28:58.8536873Z tests/test_students.py::TestStudentUpdate::test_update_email PASSED      [ 97%]
2026-01-27T12:28:59.1150716Z tests/test_students.py::TestStudentUpdate::test_update_duplicate_email PASSED [ 98%]
2026-01-27T12:28:59.3647342Z tests/test_students.py::TestStudentUpdate::test_update_invalid_email PASSED [ 98%]
2026-01-27T12:28:59.6031279Z tests/test_students.py::TestStudentUpdate::test_update_not_found PASSED  [ 99%]
2026-01-27T12:28:59.8686615Z tests/test_students.py::TestStudentDelete::test_delete_success PASSED    [ 99%]
2026-01-27T12:29:00.3904607Z tests/test_students.py::TestStudentDelete::test_delete_not_found PASSED  [100%]
2026-01-27T12:29:00.3905271Z 
2026-01-27T12:29:00.3905504Z =================================== FAILURES ===================================
2026-01-27T12:29:00.3906270Z ________________ TestSummaryEndpoint.test_get_analysis_summary _________________
2026-01-27T12:29:00.3907696Z /opt/hostedtoolcache/Python/3.11.14/x64/lib/python3.11/site-packages/sqlalchemy/engine/base.py:1967: in _exec_single_context
2026-01-27T12:29:00.3908603Z     self.dialect.do_execute(
2026-01-27T12:29:00.3909319Z /opt/hostedtoolcache/Python/3.11.14/x64/lib/python3.11/site-packages/sqlalchemy/engine/default.py:952: in do_execute
2026-01-27T12:29:00.3910216Z     cursor.execute(statement, parameters)
2026-01-27T12:29:00.3911434Z /opt/hostedtoolcache/Python/3.11.14/x64/lib/python3.11/site-packages/sqlalchemy/dialects/sqlite/aiosqlite.py:182: in execute
2026-01-27T12:29:00.3912543Z     self._adapt_connection._handle_exception(error)
2026-01-27T12:29:00.3913689Z /opt/hostedtoolcache/Python/3.11.14/x64/lib/python3.11/site-packages/sqlalchemy/dialects/sqlite/aiosqlite.py:342: in _handle_exception
2026-01-27T12:29:00.3914765Z     raise error
2026-01-27T12:29:00.3915638Z /opt/hostedtoolcache/Python/3.11.14/x64/lib/python3.11/site-packages/sqlalchemy/dialects/sqlite/aiosqlite.py:164: in execute
2026-01-27T12:29:00.3916764Z     self.await_(_cursor.execute(operation, parameters))
2026-01-27T12:29:00.3918185Z /opt/hostedtoolcache/Python/3.11.14/x64/lib/python3.11/site-packages/sqlalchemy/util/_concurrency_py3k.py:132: in await_only
2026-01-27T12:29:00.3919566Z     return current.parent.switch(awaitable)  # type: ignore[no-any-return,attr-defined] # noqa: E501
2026-01-27T12:29:00.3920403Z            ^^^^^^^^^^^^^^^^^^^^^^^^^^^^^^^^
2026-01-27T12:29:00.3921408Z /opt/hostedtoolcache/Python/3.11.14/x64/lib/python3.11/site-packages/sqlalchemy/util/_concurrency_py3k.py:196: in greenlet_spawn
2026-01-27T12:29:00.3922448Z     value = await result
2026-01-27T12:29:00.3922793Z             ^^^^^^^^^^^^
2026-01-27T12:29:00.3923488Z /opt/hostedtoolcache/Python/3.11.14/x64/lib/python3.11/site-packages/aiosqlite/cursor.py:40: in execute
2026-01-27T12:29:00.3924430Z     await self._execute(self._cursor.execute, sql, parameters)
2026-01-27T12:29:00.3925281Z /opt/hostedtoolcache/Python/3.11.14/x64/lib/python3.11/site-packages/aiosqlite/cursor.py:32: in _execute
2026-01-27T12:29:00.3926210Z     return await self._conn._execute(fn, *args, **kwargs)
2026-01-27T12:29:00.3926718Z            ^^^^^^^^^^^^^^^^^^^^^^^^^^^^^^^^^^^^^^^^^^^^^^
2026-01-27T12:29:00.3927729Z /opt/hostedtoolcache/Python/3.11.14/x64/lib/python3.11/site-packages/aiosqlite/core.py:160: in _execute
2026-01-27T12:29:00.3928515Z     return await future
2026-01-27T12:29:00.3928817Z            ^^^^^^^^^^^^
2026-01-27T12:29:00.3929538Z /opt/hostedtoolcache/Python/3.11.14/x64/lib/python3.11/site-packages/aiosqlite/core.py:63: in _connection_worker_thread
2026-01-27T12:29:00.3930343Z     result = function()
2026-01-27T12:29:00.3930634Z              ^^^^^^^^^^
2026-01-27T12:29:00.3930988Z E   sqlite3.OperationalError: no such table: code_files
2026-01-27T12:29:00.3931342Z 
2026-01-27T12:29:00.3931607Z The above exception was the direct cause of the following exception:
2026-01-27T12:29:00.3932268Z tests/test_analysis_api.py:141: in test_get_analysis_summary
2026-01-27T12:29:00.3932809Z     response = client.get("/api/v1/analysis/summary")
2026-01-27T12:29:00.3933248Z                ^^^^^^^^^^^^^^^^^^^^^^^^^^^^^^^^^^^^^^
2026-01-27T12:29:00.3933962Z /opt/hostedtoolcache/Python/3.11.14/x64/lib/python3.11/site-packages/starlette/testclient.py:473: in get
2026-01-27T12:29:00.3934997Z     return super().get(
2026-01-27T12:29:00.3935601Z /opt/hostedtoolcache/Python/3.11.14/x64/lib/python3.11/site-packages/httpx/_client.py:1053: in get
2026-01-27T12:29:00.3936360Z     return self.request(
2026-01-27T12:29:00.3937014Z /opt/hostedtoolcache/Python/3.11.14/x64/lib/python3.11/site-packages/starlette/testclient.py:445: in request
2026-01-27T12:29:00.3937920Z     return super().request(
2026-01-27T12:29:00.3938559Z /opt/hostedtoolcache/Python/3.11.14/x64/lib/python3.11/site-packages/httpx/_client.py:825: in request
2026-01-27T12:29:00.3939426Z     return self.send(request, auth=auth, follow_redirects=follow_redirects)
2026-01-27T12:29:00.3940003Z            ^^^^^^^^^^^^^^^^^^^^^^^^^^^^^^^^^^^^^^^^^^^^^^^^^^^^^^^^^^^^^^^^
2026-01-27T12:29:00.3940725Z /opt/hostedtoolcache/Python/3.11.14/x64/lib/python3.11/site-packages/httpx/_client.py:914: in send
2026-01-27T12:29:00.3941436Z     response = self._send_handling_auth(
2026-01-27T12:29:00.3942209Z /opt/hostedtoolcache/Python/3.11.14/x64/lib/python3.11/site-packages/httpx/_client.py:942: in _send_handling_auth
2026-01-27T12:29:00.3943026Z     response = self._send_handling_redirects(
2026-01-27T12:29:00.3944025Z /opt/hostedtoolcache/Python/3.11.14/x64/lib/python3.11/site-packages/httpx/_client.py:979: in _send_handling_redirects
2026-01-27T12:29:00.3944848Z     response = self._send_single_request(request)
2026-01-27T12:29:00.3945261Z                ^^^^^^^^^^^^^^^^^^^^^^^^^^^^^^^^^^
2026-01-27T12:29:00.3946020Z /opt/hostedtoolcache/Python/3.11.14/x64/lib/python3.11/site-packages/httpx/_client.py:1014: in _send_single_request
2026-01-27T12:29:00.3946818Z     response = transport.handle_request(request)
2026-01-27T12:29:00.3947417Z                ^^^^^^^^^^^^^^^^^^^^^^^^^^^^^^^^^
2026-01-27T12:29:00.3948156Z /opt/hostedtoolcache/Python/3.11.14/x64/lib/python3.11/site-packages/starlette/testclient.py:348: in handle_request
2026-01-27T12:29:00.3948913Z     raise exc
2026-01-27T12:29:00.3949554Z /opt/hostedtoolcache/Python/3.11.14/x64/lib/python3.11/site-packages/starlette/testclient.py:345: in handle_request
2026-01-27T12:29:00.3950384Z     portal.call(self.app, scope, receive, send)
2026-01-27T12:29:00.3951097Z /opt/hostedtoolcache/Python/3.11.14/x64/lib/python3.11/site-packages/anyio/from_thread.py:334: in call
2026-01-27T12:29:00.3951928Z     return cast(T_Retval, self.start_task_soon(func, *args).result())
2026-01-27T12:29:00.3952458Z                           ^^^^^^^^^^^^^^^^^^^^^^^^^^^^^^^^^^^^^^^^^^
2026-01-27T12:29:00.3953145Z /opt/hostedtoolcache/Python/3.11.14/x64/lib/python3.11/concurrent/futures/_base.py:456: in result
2026-01-27T12:29:00.3953817Z     return self.__get_result()
2026-01-27T12:29:00.3954135Z            ^^^^^^^^^^^^^^^^^^^
2026-01-27T12:29:00.3954744Z /opt/hostedtoolcache/Python/3.11.14/x64/lib/python3.11/concurrent/futures/_base.py:401: in __get_result
2026-01-27T12:29:00.3955477Z     raise self._exception
2026-01-27T12:29:00.3956118Z /opt/hostedtoolcache/Python/3.11.14/x64/lib/python3.11/site-packages/anyio/from_thread.py:259: in _call_func
2026-01-27T12:29:00.3956848Z     retval = await retval_or_awaitable
2026-01-27T12:29:00.3957397Z              ^^^^^^^^^^^^^^^^^^^^^^^^^
2026-01-27T12:29:00.3958099Z /opt/hostedtoolcache/Python/3.11.14/x64/lib/python3.11/site-packages/fastapi/applications.py:1135: in __call__
2026-01-27T12:29:00.3958877Z     await super().__call__(scope, receive, send)
2026-01-27T12:29:00.3959630Z /opt/hostedtoolcache/Python/3.11.14/x64/lib/python3.11/site-packages/starlette/applications.py:107: in __call__
2026-01-27T12:29:00.3960443Z     await self.middleware_stack(scope, receive, send)
2026-01-27T12:29:00.3961287Z /opt/hostedtoolcache/Python/3.11.14/x64/lib/python3.11/site-packages/starlette/middleware/errors.py:186: in __call__
2026-01-27T12:29:00.3962052Z     raise exc
2026-01-27T12:29:00.3962730Z /opt/hostedtoolcache/Python/3.11.14/x64/lib/python3.11/site-packages/starlette/middleware/errors.py:164: in __call__
2026-01-27T12:29:00.3963527Z     await self.app(scope, receive, _send)
2026-01-27T12:29:00.3964510Z /opt/hostedtoolcache/Python/3.11.14/x64/lib/python3.11/site-packages/starlette/middleware/cors.py:85: in __call__
2026-01-27T12:29:00.3965299Z     await self.app(scope, receive, send)
2026-01-27T12:29:00.3966057Z /opt/hostedtoolcache/Python/3.11.14/x64/lib/python3.11/site-packages/starlette/middleware/base.py:191: in __call__
2026-01-27T12:29:00.3966907Z     with recv_stream, send_stream, collapse_excgroups():
2026-01-27T12:29:00.3967738Z /opt/hostedtoolcache/Python/3.11.14/x64/lib/python3.11/contextlib.py:158: in __exit__
2026-01-27T12:29:00.3968380Z     self.gen.throw(typ, value, traceback)
2026-01-27T12:29:00.3969129Z /opt/hostedtoolcache/Python/3.11.14/x64/lib/python3.11/site-packages/starlette/_utils.py:85: in collapse_excgroups
2026-01-27T12:29:00.3969890Z     raise exc
2026-01-27T12:29:00.3970534Z /opt/hostedtoolcache/Python/3.11.14/x64/lib/python3.11/site-packages/starlette/middleware/base.py:193: in __call__
2026-01-27T12:29:00.3971379Z     response = await self.dispatch_func(request, call_next)
2026-01-27T12:29:00.3971866Z                ^^^^^^^^^^^^^^^^^^^^^^^^^^^^^^^^^^^^^^^^^^^^
2026-01-27T12:29:00.3972280Z app/main.py:101: in log_requests_middleware
2026-01-27T12:29:00.3972865Z     response = await call_next(request)
2026-01-27T12:29:00.3973226Z                ^^^^^^^^^^^^^^^^^^^^^^^^
2026-01-27T12:29:00.3973959Z /opt/hostedtoolcache/Python/3.11.14/x64/lib/python3.11/site-packages/starlette/middleware/base.py:168: in call_next
2026-01-27T12:29:00.3974848Z     raise app_exc from app_exc.__cause__ or app_exc.__context__
2026-01-27T12:29:00.3975695Z /opt/hostedtoolcache/Python/3.11.14/x64/lib/python3.11/site-packages/starlette/middleware/base.py:144: in coro
2026-01-27T12:29:00.3976553Z     await self.app(scope, receive_or_disconnect, send_no_error)
2026-01-27T12:29:00.3977590Z /opt/hostedtoolcache/Python/3.11.14/x64/lib/python3.11/site-packages/starlette/middleware/exceptions.py:63: in __call__
2026-01-27T12:29:00.3978593Z     await wrap_app_handling_exceptions(self.app, conn)(scope, receive, send)
2026-01-27T12:29:00.3979570Z /opt/hostedtoolcache/Python/3.11.14/x64/lib/python3.11/site-packages/starlette/_exception_handler.py:53: in wrapped_app
2026-01-27T12:29:00.3980358Z     raise exc
2026-01-27T12:29:00.3981037Z /opt/hostedtoolcache/Python/3.11.14/x64/lib/python3.11/site-packages/starlette/_exception_handler.py:42: in wrapped_app
2026-01-27T12:29:00.3981867Z     await app(scope, receive, sender)
2026-01-27T12:29:00.3982691Z /opt/hostedtoolcache/Python/3.11.14/x64/lib/python3.11/site-packages/fastapi/middleware/asyncexitstack.py:18: in __call__
2026-01-27T12:29:00.3983517Z     await self.app(scope, receive, send)
2026-01-27T12:29:00.3984229Z /opt/hostedtoolcache/Python/3.11.14/x64/lib/python3.11/site-packages/starlette/routing.py:716: in __call__
2026-01-27T12:29:00.3985024Z     await self.middleware_stack(scope, receive, send)
2026-01-27T12:29:00.3985742Z /opt/hostedtoolcache/Python/3.11.14/x64/lib/python3.11/site-packages/starlette/routing.py:736: in app
2026-01-27T12:29:00.3986462Z     await route.handle(scope, receive, send)
2026-01-27T12:29:00.3987308Z /opt/hostedtoolcache/Python/3.11.14/x64/lib/python3.11/site-packages/starlette/routing.py:290: in handle
2026-01-27T12:29:00.3988046Z     await self.app(scope, receive, send)
2026-01-27T12:29:00.3988758Z /opt/hostedtoolcache/Python/3.11.14/x64/lib/python3.11/site-packages/fastapi/routing.py:115: in app
2026-01-27T12:29:00.3989609Z     await wrap_app_handling_exceptions(app, request)(scope, receive, send)
2026-01-27T12:29:00.3990558Z /opt/hostedtoolcache/Python/3.11.14/x64/lib/python3.11/site-packages/starlette/_exception_handler.py:53: in wrapped_app
2026-01-27T12:29:00.3991343Z     raise exc
2026-01-27T12:29:00.3992077Z /opt/hostedtoolcache/Python/3.11.14/x64/lib/python3.11/site-packages/starlette/_exception_handler.py:42: in wrapped_app
2026-01-27T12:29:00.3992883Z     await app(scope, receive, sender)
2026-01-27T12:29:00.3993530Z /opt/hostedtoolcache/Python/3.11.14/x64/lib/python3.11/site-packages/fastapi/routing.py:101: in app
2026-01-27T12:29:00.3994445Z     response = await f(request)
2026-01-27T12:29:00.3994751Z                ^^^^^^^^^^^^^^^^
2026-01-27T12:29:00.3995364Z /opt/hostedtoolcache/Python/3.11.14/x64/lib/python3.11/site-packages/fastapi/routing.py:355: in app
2026-01-27T12:29:00.3996068Z     raw_response = await run_endpoint_function(
2026-01-27T12:29:00.3996884Z /opt/hostedtoolcache/Python/3.11.14/x64/lib/python3.11/site-packages/fastapi/routing.py:243: in run_endpoint_function
2026-01-27T12:29:00.3997898Z     return await dependant.call(**values)
2026-01-27T12:29:00.3998265Z            ^^^^^^^^^^^^^^^^^^^^^^^^^^^^^^
2026-01-27T12:29:00.3998650Z api/analysis.py:289: in get_analysis_summary
2026-01-27T12:29:00.3999060Z     files = await crud_code_file.get_multi(
2026-01-27T12:29:00.3999447Z utils/crud.py:55: in get_multi
2026-01-27T12:29:00.3999796Z     result = await db.execute(query)
2026-01-27T12:29:00.4000135Z              ^^^^^^^^^^^^^^^^^^^^^^^
2026-01-27T12:29:00.4000876Z /opt/hostedtoolcache/Python/3.11.14/x64/lib/python3.11/site-packages/sqlalchemy/ext/asyncio/session.py:449: in execute
2026-01-27T12:29:00.4001681Z     result = await greenlet_spawn(
2026-01-27T12:29:00.4002725Z /opt/hostedtoolcache/Python/3.11.14/x64/lib/python3.11/site-packages/sqlalchemy/util/_concurrency_py3k.py:201: in greenlet_spawn
2026-01-27T12:29:00.4003607Z     result = context.throw(*sys.exc_info())
2026-01-27T12:29:00.4003980Z              ^^^^^^^^^^^^^^^^^^^^^^^^^^^^^^
2026-01-27T12:29:00.4004689Z /opt/hostedtoolcache/Python/3.11.14/x64/lib/python3.11/site-packages/sqlalchemy/orm/session.py:2351: in execute
2026-01-27T12:29:00.4005424Z     return self._execute_internal(
2026-01-27T12:29:00.4006203Z /opt/hostedtoolcache/Python/3.11.14/x64/lib/python3.11/site-packages/sqlalchemy/orm/session.py:2249: in _execute_internal
2026-01-27T12:29:00.4007277Z     result: Result[Any] = compile_state_cls.orm_execute_statement(
2026-01-27T12:29:00.4008216Z /opt/hostedtoolcache/Python/3.11.14/x64/lib/python3.11/site-packages/sqlalchemy/orm/context.py:306: in orm_execute_statement
2026-01-27T12:29:00.4009059Z     result = conn.execute(
2026-01-27T12:29:00.4009744Z /opt/hostedtoolcache/Python/3.11.14/x64/lib/python3.11/site-packages/sqlalchemy/engine/base.py:1419: in execute
2026-01-27T12:29:00.4010482Z     return meth(
2026-01-27T12:29:00.4011200Z /opt/hostedtoolcache/Python/3.11.14/x64/lib/python3.11/site-packages/sqlalchemy/sql/elements.py:527: in _execute_on_connection
2026-01-27T12:29:00.4012090Z     return connection._execute_clauseelement(
2026-01-27T12:29:00.4012938Z /opt/hostedtoolcache/Python/3.11.14/x64/lib/python3.11/site-packages/sqlalchemy/engine/base.py:1641: in _execute_clauseelement
2026-01-27T12:29:00.4013783Z     ret = self._execute_context(
2026-01-27T12:29:00.4014540Z /opt/hostedtoolcache/Python/3.11.14/x64/lib/python3.11/site-packages/sqlalchemy/engine/base.py:1846: in _execute_context
2026-01-27T12:29:00.4015348Z     return self._exec_single_context(
2026-01-27T12:29:00.4016155Z /opt/hostedtoolcache/Python/3.11.14/x64/lib/python3.11/site-packages/sqlalchemy/engine/base.py:1986: in _exec_single_context
2026-01-27T12:29:00.4017002Z     self._handle_dbapi_exception(
2026-01-27T12:29:00.4017950Z /opt/hostedtoolcache/Python/3.11.14/x64/lib/python3.11/site-packages/sqlalchemy/engine/base.py:2363: in _handle_dbapi_exception
2026-01-27T12:29:00.4018920Z     raise sqlalchemy_exception.with_traceback(exc_info[2]) from e
2026-01-27T12:29:00.4019849Z /opt/hostedtoolcache/Python/3.11.14/x64/lib/python3.11/site-packages/sqlalchemy/engine/base.py:1967: in _exec_single_context
2026-01-27T12:29:00.4020671Z     self.dialect.do_execute(
2026-01-27T12:29:00.4021390Z /opt/hostedtoolcache/Python/3.11.14/x64/lib/python3.11/site-packages/sqlalchemy/engine/default.py:952: in do_execute
2026-01-27T12:29:00.4022206Z     cursor.execute(statement, parameters)
2026-01-27T12:29:00.4023028Z /opt/hostedtoolcache/Python/3.11.14/x64/lib/python3.11/site-packages/sqlalchemy/dialects/sqlite/aiosqlite.py:182: in execute
2026-01-27T12:29:00.4023909Z     self._adapt_connection._handle_exception(error)
2026-01-27T12:29:00.4025034Z /opt/hostedtoolcache/Python/3.11.14/x64/lib/python3.11/site-packages/sqlalchemy/dialects/sqlite/aiosqlite.py:342: in _handle_exception
2026-01-27T12:29:00.4025906Z     raise error
2026-01-27T12:29:00.4026613Z /opt/hostedtoolcache/Python/3.11.14/x64/lib/python3.11/site-packages/sqlalchemy/dialects/sqlite/aiosqlite.py:164: in execute
2026-01-27T12:29:00.4027643Z     self.await_(_cursor.execute(operation, parameters))
2026-01-27T12:29:00.4028505Z /opt/hostedtoolcache/Python/3.11.14/x64/lib/python3.11/site-packages/sqlalchemy/util/_concurrency_py3k.py:132: in await_only
2026-01-27T12:29:00.4029613Z     return current.parent.switch(awaitable)  # type: ignore[no-any-return,attr-defined] # noqa: E501
2026-01-27T12:29:00.4030264Z            ^^^^^^^^^^^^^^^^^^^^^^^^^^^^^^^^
2026-01-27T12:29:00.4031069Z /opt/hostedtoolcache/Python/3.11.14/x64/lib/python3.11/site-packages/sqlalchemy/util/_concurrency_py3k.py:196: in greenlet_spawn
2026-01-27T12:29:00.4031924Z     value = await result
2026-01-27T12:29:00.4032216Z             ^^^^^^^^^^^^
2026-01-27T12:29:00.4033000Z /opt/hostedtoolcache/Python/3.11.14/x64/lib/python3.11/site-packages/aiosqlite/cursor.py:40: in execute
2026-01-27T12:29:00.4033828Z     await self._execute(self._cursor.execute, sql, parameters)
2026-01-27T12:29:00.4034637Z /opt/hostedtoolcache/Python/3.11.14/x64/lib/python3.11/site-packages/aiosqlite/cursor.py:32: in _execute
2026-01-27T12:29:00.4035461Z     return await self._conn._execute(fn, *args, **kwargs)
2026-01-27T12:29:00.4035969Z            ^^^^^^^^^^^^^^^^^^^^^^^^^^^^^^^^^^^^^^^^^^^^^^
2026-01-27T12:29:00.4036675Z /opt/hostedtoolcache/Python/3.11.14/x64/lib/python3.11/site-packages/aiosqlite/core.py:160: in _execute
2026-01-27T12:29:00.4037590Z     return await future
2026-01-27T12:29:00.4037873Z            ^^^^^^^^^^^^
2026-01-27T12:29:00.4038572Z /opt/hostedtoolcache/Python/3.11.14/x64/lib/python3.11/site-packages/aiosqlite/core.py:63: in _connection_worker_thread
2026-01-27T12:29:00.4039372Z     result = function()
2026-01-27T12:29:00.4039642Z              ^^^^^^^^^^
2026-01-27T12:29:00.4040186Z E   sqlalchemy.exc.OperationalError: (sqlite3.OperationalError) no such table: code_files
2026-01-27T12:29:00.4042849Z E   [SQL: SELECT code_files.id, code_files.file_id, code_files.original_filename, code_files.stored_filename, code_files.file_path, code_files.file_size, code_files.file_extension, code_files.mime_type, code_files.language, code_files.status, code_files.uploader_id, code_files.assignment_id, code_files.content_hash, code_files.line_count, code_files.analysis_result, code_files.created_at, code_files.updated_at 
2026-01-27T12:29:00.4045253Z E   FROM code_files
2026-01-27T12:29:00.4045522Z E    LIMIT ? OFFSET ?]
2026-01-27T12:29:00.4045801Z E   [parameters: (10, 0)]
2026-01-27T12:29:00.4046250Z E   (Background on this error at: https://sqlalche.me/e/20/e3q8)
2026-01-27T12:29:00.4047184Z ----------------------------- Captured stdout call -----------------------------
2026-01-27T12:29:00.4049024Z [31mERROR[0m | 12:28:33 | 6f0a3c17 | ai_teaching_assistant:125 | 💥 Request failed: GET http://testserver/api/v1/analysis/summary after 0.060s - (sqlite3.OperationalError) no such table: code_files
2026-01-27T12:29:00.4052245Z [SQL: SELECT code_files.id, code_files.file_id, code_files.original_filename, code_files.stored_filename, code_files.file_path, code_files.file_size, code_files.file_extension, code_files.mime_type, code_files.language, code_files.status, code_files.uploader_id, code_files.assignment_id, code_files.content_hash, code_files.line_count, code_files.analysis_result, code_files.created_at, code_files.updated_at 
2026-01-27T12:29:00.4054592Z FROM code_files
2026-01-27T12:29:00.4054842Z  LIMIT ? OFFSET ?]
2026-01-27T12:29:00.4055103Z [parameters: (10, 0)]
2026-01-27T12:29:00.4055504Z (Background on this error at: https://sqlalche.me/e/20/e3q8)
2026-01-27T12:29:00.4056095Z ------------------------------ Captured log call -------------------------------
2026-01-27T12:29:00.4057890Z ERROR    ai_teaching_assistant:main.py:125 💥 Request failed: GET http://testserver/api/v1/analysis/summary after 0.060s - (sqlite3.OperationalError) no such table: code_files
2026-01-27T12:29:00.4060944Z [SQL: SELECT code_files.id, code_files.file_id, code_files.original_filename, code_files.stored_filename, code_files.file_path, code_files.file_size, code_files.file_extension, code_files.mime_type, code_files.language, code_files.status, code_files.uploader_id, code_files.assignment_id, code_files.content_hash, code_files.line_count, code_files.analysis_result, code_files.created_at, code_files.updated_at 
2026-01-27T12:29:00.4063304Z FROM code_files
2026-01-27T12:29:00.4063560Z  LIMIT ? OFFSET ?]
2026-01-27T12:29:00.4063826Z [parameters: (10, 0)]
2026-01-27T12:29:00.4064226Z (Background on this error at: https://sqlalche.me/e/20/e3q8)
2026-01-27T12:29:00.4064773Z =============================== warnings summary ===============================
2026-01-27T12:29:00.4065221Z core/config.py:9
2026-01-27T12:29:00.4067412Z   /home/runner/work/ai-teaching-assistant/ai-teaching-assistant/backend/core/config.py:9: PydanticDeprecatedSince20: Support for class-based `config` is deprecated, use ConfigDict instead. Deprecated in Pydantic V2.0 to be removed in V3.0. See Pydantic V2 Migration Guide at https://errors.pydantic.dev/2.12/migration/
2026-01-27T12:29:00.4068805Z     class Settings(BaseSettings):
2026-01-27T12:29:00.4068978Z 
2026-01-27T12:29:00.4069060Z schemas/grading.py:67
2026-01-27T12:29:00.4070224Z   /home/runner/work/ai-teaching-assistant/ai-teaching-assistant/backend/schemas/grading.py:67: PydanticDeprecatedSince20: Support for class-based `config` is deprecated, use ConfigDict instead. Deprecated in Pydantic V2.0 to be removed in V3.0. See Pydantic V2 Migration Guide at https://errors.pydantic.dev/2.12/migration/
2026-01-27T12:29:00.4071479Z     class GradingResultResponse(GradingResultBase):
2026-01-27T12:29:00.4071699Z 
2026-01-27T12:29:00.4071770Z schemas/auth.py:55
2026-01-27T12:29:00.4072914Z   /home/runner/work/ai-teaching-assistant/ai-teaching-assistant/backend/schemas/auth.py:55: PydanticDeprecatedSince20: Support for class-based `config` is deprecated, use ConfigDict instead. Deprecated in Pydantic V2.0 to be removed in V3.0. See Pydantic V2 Migration Guide at https://errors.pydantic.dev/2.12/migration/
2026-01-27T12:29:00.4074115Z     class UserResponse(UserBase):
2026-01-27T12:29:00.4074269Z 
2026-01-27T12:29:00.4074361Z schemas/assignment_crud.py:45
2026-01-27T12:29:00.4075599Z   /home/runner/work/ai-teaching-assistant/ai-teaching-assistant/backend/schemas/assignment_crud.py:45: PydanticDeprecatedSince20: Support for class-based `config` is deprecated, use ConfigDict instead. Deprecated in Pydantic V2.0 to be removed in V3.0. See Pydantic V2 Migration Guide at https://errors.pydantic.dev/2.12/migration/
2026-01-27T12:29:00.9805797Z     class AssignmentResponse(AssignmentBase):
2026-01-27T12:29:00.9806236Z 
2026-01-27T12:29:00.9806389Z schemas/assignment_transfer.py:34
2026-01-27T12:29:00.9809058Z   /home/runner/work/ai-teaching-assistant/ai-teaching-assistant/backend/schemas/assignment_transfer.py:34: PydanticDeprecatedSince20: Support for class-based `config` is deprecated, use ConfigDict instead. Deprecated in Pydantic V2.0 to be removed in V3.0. See Pydantic V2 Migration Guide at https://errors.pydantic.dev/2.12/migration/
2026-01-27T12:29:00.9811269Z     class BatchUploadRequest(BaseModel):
2026-01-27T12:29:00.9811552Z 
2026-01-27T12:29:00.9812071Z ../../../../../../opt/hostedtoolcache/Python/3.11.14/x64/lib/python3.11/site-packages/pydantic/_internal/_config.py:383
2026-01-27T12:29:00.9813499Z   /opt/hostedtoolcache/Python/3.11.14/x64/lib/python3.11/site-packages/pydantic/_internal/_config.py:383: UserWarning: Valid config keys have changed in V2:
2026-01-27T12:29:00.9814593Z   * 'schema_extra' has been renamed to 'json_schema_extra'
2026-01-27T12:29:00.9815069Z     warnings.warn(message, UserWarning)
2026-01-27T12:29:00.9815330Z 
2026-01-27T12:29:00.9815445Z schemas/qa_log.py:54
2026-01-27T12:29:00.9817883Z   /home/runner/work/ai-teaching-assistant/ai-teaching-assistant/backend/schemas/qa_log.py:54: PydanticDeprecatedSince20: Support for class-based `config` is deprecated, use ConfigDict instead. Deprecated in Pydantic V2.0 to be removed in V3.0. See Pydantic V2 Migration Guide at https://errors.pydantic.dev/2.12/migration/
2026-01-27T12:29:00.9819851Z     class QALogResponse(BaseModel):
2026-01-27T12:29:00.9820108Z 
2026-01-27T12:29:00.9820226Z schemas/knowledge_base.py:72
2026-01-27T12:29:00.9822152Z   /home/runner/work/ai-teaching-assistant/ai-teaching-assistant/backend/schemas/knowledge_base.py:72: PydanticDeprecatedSince20: Support for class-based `config` is deprecated, use ConfigDict instead. Deprecated in Pydantic V2.0 to be removed in V3.0. See Pydantic V2 Migration Guide at https://errors.pydantic.dev/2.12/migration/
2026-01-27T12:29:00.9824144Z     class KnowledgeBaseResponse(BaseModel):
2026-01-27T12:29:00.9824432Z 
2026-01-27T12:29:00.9824543Z schemas/student.py:51
2026-01-27T12:29:00.9826705Z   /home/runner/work/ai-teaching-assistant/ai-teaching-assistant/backend/schemas/student.py:51: PydanticDeprecatedSince20: Support for class-based `config` is deprecated, use ConfigDict instead. Deprecated in Pydantic V2.0 to be removed in V3.0. See Pydantic V2 Migration Guide at https://errors.pydantic.dev/2.12/migration/
2026-01-27T12:29:00.9828840Z     class StudentResponse(StudentBase):
2026-01-27T12:29:00.9829112Z 
2026-01-27T12:29:00.9829228Z schemas/submission.py:42
2026-01-27T12:29:00.9831105Z   /home/runner/work/ai-teaching-assistant/ai-teaching-assistant/backend/schemas/submission.py:42: PydanticDeprecatedSince20: Support for class-based `config` is deprecated, use ConfigDict instead. Deprecated in Pydantic V2.0 to be removed in V3.0. See Pydantic V2 Migration Guide at https://errors.pydantic.dev/2.12/migration/
2026-01-27T12:29:00.9833131Z     class SubmissionResponse(SubmissionBase):
2026-01-27T12:29:00.9833415Z 
2026-01-27T12:29:00.9833535Z schemas/file_upload.py:122
2026-01-27T12:29:00.9835412Z   /home/runner/work/ai-teaching-assistant/ai-teaching-assistant/backend/schemas/file_upload.py:122: PydanticDeprecatedSince20: Support for class-based `config` is deprecated, use ConfigDict instead. Deprecated in Pydantic V2.0 to be removed in V3.0. See Pydantic V2 Migration Guide at https://errors.pydantic.dev/2.12/migration/
2026-01-27T12:29:00.9837584Z     class FileMetadataResponse(BaseModel):
2026-01-27T12:29:00.9837855Z 
2026-01-27T12:29:00.9838282Z ../../../../../../opt/hostedtoolcache/Python/3.11.14/x64/lib/python3.11/site-packages/PyPDF2/__init__.py:21
2026-01-27T12:29:00.9839733Z   /opt/hostedtoolcache/Python/3.11.14/x64/lib/python3.11/site-packages/PyPDF2/__init__.py:21: DeprecationWarning: PyPDF2 is deprecated. Please move to the pypdf library instead.
2026-01-27T12:29:00.9840840Z     warnings.warn(
2026-01-27T12:29:00.9841008Z 
2026-01-27T12:29:00.9841130Z schemas/feedback.py:375
2026-01-27T12:29:00.9843022Z   /home/runner/work/ai-teaching-assistant/ai-teaching-assistant/backend/schemas/feedback.py:375: PydanticDeprecatedSince20: Support for class-based `config` is deprecated, use ConfigDict instead. Deprecated in Pydantic V2.0 to be removed in V3.0. See Pydantic V2 Migration Guide at https://errors.pydantic.dev/2.12/migration/
2026-01-27T12:29:00.9845097Z     class FeedbackTemplateResponse(FeedbackTemplateBase):
2026-01-27T12:29:00.9845453Z 
2026-01-27T12:29:00.9845570Z schemas/feedback.py:430
2026-01-27T12:29:00.9847645Z   /home/runner/work/ai-teaching-assistant/ai-teaching-assistant/backend/schemas/feedback.py:430: PydanticDeprecatedSince20: Support for class-based `config` is deprecated, use ConfigDict instead. Deprecated in Pydantic V2.0 to be removed in V3.0. See Pydantic V2 Migration Guide at https://errors.pydantic.dev/2.12/migration/
2026-01-27T12:29:00.9849653Z     class AIInteractionResponse(BaseModel):
2026-01-27T12:29:00.9849930Z 
2026-01-27T12:29:00.9850034Z schemas/rubric.py:46
2026-01-27T12:29:00.9851890Z   /home/runner/work/ai-teaching-assistant/ai-teaching-assistant/backend/schemas/rubric.py:46: PydanticDeprecatedSince20: Support for class-based `config` is deprecated, use ConfigDict instead. Deprecated in Pydantic V2.0 to be removed in V3.0. See Pydantic V2 Migration Guide at https://errors.pydantic.dev/2.12/migration/
2026-01-27T12:29:00.9854202Z     class RubricResponse(RubricBase):
2026-01-27T12:29:00.9854479Z 
2026-01-27T12:29:00.9854764Z -- Docs: https://docs.pytest.org/en/stable/how-to/capture-warnings.html
2026-01-27T12:29:00.9855402Z ================================ tests coverage ================================
2026-01-27T12:29:00.9856032Z _______________ coverage: platform linux, python 3.11.14-final-0 _______________
2026-01-27T12:29:00.9856464Z 
2026-01-27T12:29:00.9856595Z Coverage HTML written to dir htmlcov
2026-01-27T12:29:00.9856988Z Coverage XML written to file coverage.xml
2026-01-27T12:29:00.9857636Z =========================== short test summary info ============================
2026-01-27T12:29:00.9858870Z FAILED tests/test_analysis_api.py::TestSummaryEndpoint::test_get_analysis_summary - sqlalchemy.exc.OperationalError: (sqlite3.OperationalError) no such table: code_files
2026-01-27T12:29:00.9862232Z [SQL: SELECT code_files.id, code_files.file_id, code_files.original_filename, code_files.stored_filename, code_files.file_path, code_files.file_size, code_files.file_extension, code_files.mime_type, code_files.language, code_files.status, code_files.uploader_id, code_files.assignment_id, code_files.content_hash, code_files.line_count, code_files.analysis_result, code_files.created_at, code_files.updated_at 
2026-01-27T12:29:00.9864521Z FROM code_files
2026-01-27T12:29:00.9864785Z  LIMIT ? OFFSET ?]
2026-01-27T12:29:00.9865056Z [parameters: (10, 0)]
2026-01-27T12:29:00.9865475Z (Background on this error at: https://sqlalche.me/e/20/e3q8)
2026-01-27T12:29:00.9866115Z ============ 1 failed, 239 passed, 4 skipped, 15 warnings in 32.66s ============
2026-01-27T12:29:01.5130754Z ##[error]Process completed with exit code 1.
2026-01-27T12:29:01.5245787Z Post job cleanup.
2026-01-27T12:29:01.6256430Z [command]/usr/bin/git version
2026-01-27T12:29:01.6295242Z git version 2.52.0
2026-01-27T12:29:01.6341722Z Temporarily overriding HOME='/home/runner/work/_temp/7a4c0bd7-1540-4f2e-94f4-95f07f1beedd' before making global git config changes
2026-01-27T12:29:01.6343098Z Adding repository directory to the temporary git global config as a safe directory
2026-01-27T12:29:01.6356593Z [command]/usr/bin/git config --global --add safe.directory /home/runner/work/ai-teaching-assistant/ai-teaching-assistant
2026-01-27T12:29:01.6396953Z [command]/usr/bin/git config --local --name-only --get-regexp core\.sshCommand
2026-01-27T12:29:01.6433887Z [command]/usr/bin/git submodule foreach --recursive sh -c "git config --local --name-only --get-regexp 'core\.sshCommand' && git config --local --unset-all 'core.sshCommand' || :"
2026-01-27T12:29:01.6731716Z [command]/usr/bin/git config --local --name-only --get-regexp http\.https\:\/\/github\.com\/\.extraheader
2026-01-27T12:29:01.6756567Z http.https://github.com/.extraheader
2026-01-27T12:29:01.6769653Z [command]/usr/bin/git config --local --unset-all http.https://github.com/.extraheader
2026-01-27T12:29:01.6805776Z [command]/usr/bin/git submodule foreach --recursive sh -c "git config --local --name-only --get-regexp 'http\.https\:\/\/github\.com\/\.extraheader' && git config --local --unset-all 'http.https://github.com/.extraheader' || :"
2026-01-27T12:29:01.7050619Z [command]/usr/bin/git config --local --name-only --get-regexp ^includeIf\.gitdir:
2026-01-27T12:29:01.7084964Z [command]/usr/bin/git submodule foreach --recursive git config --local --show-origin --name-only --get-regexp remote.origin.url
2026-01-27T12:29:01.7434553Z Cleaning up orphan processes
