2026-01-27T12:42:28.5516569Z Current runner version: '2.331.0'
2026-01-27T12:42:28.5540530Z ##[group]Runner Image Provisioner
2026-01-27T12:42:28.5541355Z Hosted Compute Agent
2026-01-27T12:42:28.5541841Z Version: 20260115.477
2026-01-27T12:42:28.5542412Z Commit: 4b342d620503cbe250a3154040964899ea7c9b00
2026-01-27T12:42:28.5543070Z Build Date: 2026-01-15T22:32:41Z
2026-01-27T12:42:28.5543967Z Worker ID: {e881830b-bfd7-4a2a-be3d-b2f25bfd2744}
2026-01-27T12:42:28.5544643Z Azure Region: westus3
2026-01-27T12:42:28.5545153Z ##[endgroup]
2026-01-27T12:42:28.5546525Z ##[group]Operating System
2026-01-27T12:42:28.5547071Z Ubuntu
2026-01-27T12:42:28.5547513Z 24.04.3
2026-01-27T12:42:28.5547971Z LTS
2026-01-27T12:42:28.5548370Z ##[endgroup]
2026-01-27T12:42:28.5548849Z ##[group]Runner Image
2026-01-27T12:42:28.5549348Z Image: ubuntu-24.04
2026-01-27T12:42:28.5549806Z Version: 20260119.4.1
2026-01-27T12:42:28.5550966Z Included Software: https://github.com/actions/runner-images/blob/ubuntu24/20260119.4/images/ubuntu/Ubuntu2404-Readme.md
2026-01-27T12:42:28.5552569Z Image Release: https://github.com/actions/runner-images/releases/tag/ubuntu24%2F20260119.4
2026-01-27T12:42:28.5553504Z ##[endgroup]
2026-01-27T12:42:28.5554495Z ##[group]GITHUB_TOKEN Permissions
2026-01-27T12:42:28.5556563Z Contents: read
2026-01-27T12:42:28.5557073Z Metadata: read
2026-01-27T12:42:28.5557539Z Packages: read
2026-01-27T12:42:28.5558014Z ##[endgroup]
2026-01-27T12:42:28.5560078Z Secret source: Actions
2026-01-27T12:42:28.5560717Z Prepare workflow directory
2026-01-27T12:42:28.5879502Z Prepare all required actions
2026-01-27T12:42:28.5918484Z Getting action download info
2026-01-27T12:42:29.0776832Z Download action repository 'actions/checkout@v4' (SHA:34e114876b0b11c390a56381ad16ebd13914f8d5)
2026-01-27T12:42:29.1489068Z Download action repository 'docker/setup-qemu-action@v3' (SHA:c7c53464625b32c7a7e944ae62b3e17d2b600130)
2026-01-27T12:42:30.0957636Z Download action repository 'docker/setup-buildx-action@v3' (SHA:8d2750c68a42422c14e847fe6c8ac0403b4cbd6f)
2026-01-27T12:42:31.1211305Z Download action repository 'docker/login-action@v3' (SHA:5e57cd118135c172c3672efd75eb46360885c0ef)
2026-01-27T12:42:32.0500738Z Download action repository 'docker/metadata-action@v5' (SHA:c299e40c65443455700f0fdfc63efafe5b349051)
2026-01-27T12:42:33.0446789Z Download action repository 'docker/build-push-action@v5' (SHA:ca052bb54ab0790a636c9b5f226502c73d547a25)
2026-01-27T12:42:34.0360047Z Complete job name: docker-build (backend)
2026-01-27T12:42:34.0967970Z ##[group]Run actions/checkout@v4
2026-01-27T12:42:34.0968623Z with:
2026-01-27T12:42:34.0968965Z   repository: sst2020/ai-teaching-assistant
2026-01-27T12:42:34.0969578Z   token: ***
2026-01-27T12:42:34.0969857Z   ssh-strict: true
2026-01-27T12:42:34.0970177Z   ssh-user: git
2026-01-27T12:42:34.0970420Z   persist-credentials: true
2026-01-27T12:42:34.0970728Z   clean: true
2026-01-27T12:42:34.0971048Z   sparse-checkout-cone-mode: true
2026-01-27T12:42:34.0971334Z   fetch-depth: 1
2026-01-27T12:42:34.0971597Z   fetch-tags: false
2026-01-27T12:42:34.0971939Z   show-progress: true
2026-01-27T12:42:34.0972174Z   lfs: false
2026-01-27T12:42:34.0972424Z   submodules: false
2026-01-27T12:42:34.0972714Z   set-safe-directory: true
2026-01-27T12:42:34.0973389Z ##[endgroup]
2026-01-27T12:42:34.1999044Z Syncing repository: sst2020/ai-teaching-assistant
2026-01-27T12:42:34.2000664Z ##[group]Getting Git version info
2026-01-27T12:42:34.2001435Z Working directory is '/home/runner/work/ai-teaching-assistant/ai-teaching-assistant'
2026-01-27T12:42:34.2002291Z [command]/usr/bin/git version
2026-01-27T12:42:34.2039858Z git version 2.52.0
2026-01-27T12:42:34.2062529Z ##[endgroup]
2026-01-27T12:42:34.2085101Z Temporarily overriding HOME='/home/runner/work/_temp/d8f4fc90-5027-4371-9771-8f914c7f9d7f' before making global git config changes
2026-01-27T12:42:34.2086896Z Adding repository directory to the temporary git global config as a safe directory
2026-01-27T12:42:34.2092687Z [command]/usr/bin/git config --global --add safe.directory /home/runner/work/ai-teaching-assistant/ai-teaching-assistant
2026-01-27T12:42:34.2129537Z Deleting the contents of '/home/runner/work/ai-teaching-assistant/ai-teaching-assistant'
2026-01-27T12:42:34.2132873Z ##[group]Initializing the repository
2026-01-27T12:42:34.2137012Z [command]/usr/bin/git init /home/runner/work/ai-teaching-assistant/ai-teaching-assistant
2026-01-27T12:42:34.2223651Z hint: Using 'master' as the name for the initial branch. This default branch name
2026-01-27T12:42:34.2224742Z hint: will change to "main" in Git 3.0. To configure the initial branch name
2026-01-27T12:42:34.2225629Z hint: to use in all of your new repositories, which will suppress this warning,
2026-01-27T12:42:34.2226461Z hint: call:
2026-01-27T12:42:34.2226816Z hint:
2026-01-27T12:42:34.2227358Z hint: 	git config --global init.defaultBranch <name>
2026-01-27T12:42:34.2227822Z hint:
2026-01-27T12:42:34.2228176Z hint: Names commonly chosen instead of 'master' are 'main', 'trunk' and
2026-01-27T12:42:34.2228708Z hint: 'development'. The just-created branch can be renamed via this command:
2026-01-27T12:42:34.2229152Z hint:
2026-01-27T12:42:34.2229394Z hint: 	git branch -m <name>
2026-01-27T12:42:34.2229686Z hint:
2026-01-27T12:42:34.2230074Z hint: Disable this message with "git config set advice.defaultBranchName false"
2026-01-27T12:42:34.2230798Z Initialized empty Git repository in /home/runner/work/ai-teaching-assistant/ai-teaching-assistant/.git/
2026-01-27T12:42:34.2238754Z [command]/usr/bin/git remote add origin https://github.com/sst2020/ai-teaching-assistant
2026-01-27T12:42:34.2269796Z ##[endgroup]
2026-01-27T12:42:34.2270410Z ##[group]Disabling automatic garbage collection
2026-01-27T12:42:34.2274119Z [command]/usr/bin/git config --local gc.auto 0
2026-01-27T12:42:34.2298742Z ##[endgroup]
2026-01-27T12:42:34.2299201Z ##[group]Setting up auth
2026-01-27T12:42:34.2305773Z [command]/usr/bin/git config --local --name-only --get-regexp core\.sshCommand
2026-01-27T12:42:34.2330939Z [command]/usr/bin/git submodule foreach --recursive sh -c "git config --local --name-only --get-regexp 'core\.sshCommand' && git config --local --unset-all 'core.sshCommand' || :"
2026-01-27T12:42:34.2614126Z [command]/usr/bin/git config --local --name-only --get-regexp http\.https\:\/\/github\.com\/\.extraheader
2026-01-27T12:42:34.2640540Z [command]/usr/bin/git submodule foreach --recursive sh -c "git config --local --name-only --get-regexp 'http\.https\:\/\/github\.com\/\.extraheader' && git config --local --unset-all 'http.https://github.com/.extraheader' || :"
2026-01-27T12:42:34.2811996Z [command]/usr/bin/git config --local --name-only --get-regexp ^includeIf\.gitdir:
2026-01-27T12:42:34.2840465Z [command]/usr/bin/git submodule foreach --recursive git config --local --show-origin --name-only --get-regexp remote.origin.url
2026-01-27T12:42:34.3016281Z [command]/usr/bin/git config --local http.https://github.com/.extraheader AUTHORIZATION: basic ***
2026-01-27T12:42:34.3047085Z ##[endgroup]
2026-01-27T12:42:34.3048068Z ##[group]Fetching the repository
2026-01-27T12:42:34.3056023Z [command]/usr/bin/git -c protocol.version=2 fetch --no-tags --prune --no-recurse-submodules --depth=1 origin +c92fed8adc260732accc9cf8fb7f577bdf6c7f27:refs/remotes/origin/main
2026-01-27T12:42:35.0642434Z From https://github.com/sst2020/ai-teaching-assistant
2026-01-27T12:42:35.0643475Z  * [new ref]         c92fed8adc260732accc9cf8fb7f577bdf6c7f27 -> origin/main
2026-01-27T12:42:35.0670251Z ##[endgroup]
2026-01-27T12:42:35.0670899Z ##[group]Determining the checkout info
2026-01-27T12:42:35.0672601Z ##[endgroup]
2026-01-27T12:42:35.0678068Z [command]/usr/bin/git sparse-checkout disable
2026-01-27T12:42:35.0713001Z [command]/usr/bin/git config --local --unset-all extensions.worktreeConfig
2026-01-27T12:42:35.0734300Z ##[group]Checking out the ref
2026-01-27T12:42:35.0738756Z [command]/usr/bin/git checkout --progress --force -B main refs/remotes/origin/main
2026-01-27T12:42:35.0994659Z Switched to a new branch 'main'
2026-01-27T12:42:35.0995176Z branch 'main' set up to track 'origin/main'.
2026-01-27T12:42:35.1032100Z ##[endgroup]
2026-01-27T12:42:35.1036309Z [command]/usr/bin/git log -1 --format=%H
2026-01-27T12:42:35.1057027Z c92fed8adc260732accc9cf8fb7f577bdf6c7f27
2026-01-27T12:42:35.1309767Z ##[group]Run docker/setup-qemu-action@v3
2026-01-27T12:42:35.1310051Z with:
2026-01-27T12:42:35.1310254Z   image: docker.io/tonistiigi/binfmt:latest
2026-01-27T12:42:35.1310508Z   platforms: all
2026-01-27T12:42:35.1310687Z   cache-image: true
2026-01-27T12:42:35.1310870Z ##[endgroup]
2026-01-27T12:42:35.3486962Z ##[group]Docker info
2026-01-27T12:42:35.3530628Z [command]/usr/bin/docker version
2026-01-27T12:42:35.4238272Z Client: Docker Engine - Community
2026-01-27T12:42:35.4239272Z  Version:           28.0.4
2026-01-27T12:42:35.4240550Z  API version:       1.48
2026-01-27T12:42:35.4240900Z  Go version:        go1.23.7
2026-01-27T12:42:35.4241280Z  Git commit:        b8034c0
2026-01-27T12:42:35.4241690Z  Built:             Tue Mar 25 15:07:16 2025
2026-01-27T12:42:35.4242129Z  OS/Arch:           linux/amd64
2026-01-27T12:42:35.4242544Z  Context:           default
2026-01-27T12:42:35.4242778Z 
2026-01-27T12:42:35.4242959Z Server: Docker Engine - Community
2026-01-27T12:42:35.4243686Z  Engine:
2026-01-27T12:42:35.4243953Z   Version:          28.0.4
2026-01-27T12:42:35.4244363Z   API version:      1.48 (minimum version 1.24)
2026-01-27T12:42:35.4244775Z   Go version:       go1.23.7
2026-01-27T12:42:35.4245114Z   Git commit:       6430e49
2026-01-27T12:42:35.4245482Z   Built:            Tue Mar 25 15:07:16 2025
2026-01-27T12:42:35.4245815Z   OS/Arch:          linux/amd64
2026-01-27T12:42:35.4246133Z   Experimental:     false
2026-01-27T12:42:35.4246465Z  containerd:
2026-01-27T12:42:35.4246766Z   Version:          v2.2.1
2026-01-27T12:42:35.4247197Z   GitCommit:        dea7da592f5d1d2b7755e3a161be07f43fad8f75
2026-01-27T12:42:35.4247696Z  runc:
2026-01-27T12:42:35.4247993Z   Version:          1.3.4
2026-01-27T12:42:35.4248358Z   GitCommit:        v1.3.4-0-gd6d73eb8
2026-01-27T12:42:35.4248770Z  docker-init:
2026-01-27T12:42:35.4249084Z   Version:          0.19.0
2026-01-27T12:42:35.4249429Z   GitCommit:        de40ad0
2026-01-27T12:42:35.4286410Z [command]/usr/bin/docker info
2026-01-27T12:42:35.6049563Z Client: Docker Engine - Community
2026-01-27T12:42:35.6050089Z  Version:    28.0.4
2026-01-27T12:42:35.6050467Z  Context:    default
2026-01-27T12:42:35.6050780Z  Debug Mode: false
2026-01-27T12:42:35.6051085Z  Plugins:
2026-01-27T12:42:35.6051420Z   buildx: Docker Buildx (Docker Inc.)
2026-01-27T12:42:35.6051833Z     Version:  v0.30.1
2026-01-27T12:42:35.6052254Z     Path:     /usr/libexec/docker/cli-plugins/docker-buildx
2026-01-27T12:42:35.6052800Z   compose: Docker Compose (Docker Inc.)
2026-01-27T12:42:35.6053382Z     Version:  v2.38.2
2026-01-27T12:42:35.6053872Z     Path:     /usr/libexec/docker/cli-plugins/docker-compose
2026-01-27T12:42:35.6054294Z 
2026-01-27T12:42:35.6054409Z Server:
2026-01-27T12:42:35.6054693Z  Containers: 0
2026-01-27T12:42:35.6055017Z   Running: 0
2026-01-27T12:42:35.6055373Z   Paused: 0
2026-01-27T12:42:35.6055698Z   Stopped: 0
2026-01-27T12:42:35.6055992Z  Images: 1
2026-01-27T12:42:35.6056296Z  Server Version: 28.0.4
2026-01-27T12:42:35.6056680Z  Storage Driver: overlay2
2026-01-27T12:42:35.6057075Z   Backing Filesystem: extfs
2026-01-27T12:42:35.6057455Z   Supports d_type: true
2026-01-27T12:42:35.6057817Z   Using metacopy: false
2026-01-27T12:42:35.6058177Z   Native Overlay Diff: false
2026-01-27T12:42:35.6058574Z   userxattr: false
2026-01-27T12:42:35.6058919Z  Logging Driver: json-file
2026-01-27T12:42:35.6059294Z  Cgroup Driver: systemd
2026-01-27T12:42:35.6059656Z  Cgroup Version: 2
2026-01-27T12:42:35.6059973Z  Plugins:
2026-01-27T12:42:35.6060302Z   Volume: local
2026-01-27T12:42:35.6060859Z   Network: bridge host ipvlan macvlan null overlay
2026-01-27T12:42:35.6061621Z   Log: awslogs fluentd gcplogs gelf journald json-file local splunk syslog
2026-01-27T12:42:35.6062247Z  Swarm: inactive
2026-01-27T12:42:35.6062623Z  Runtimes: io.containerd.runc.v2 runc
2026-01-27T12:42:35.6063168Z  Default Runtime: runc
2026-01-27T12:42:35.6064087Z  Init Binary: docker-init
2026-01-27T12:42:35.6064609Z  containerd version: dea7da592f5d1d2b7755e3a161be07f43fad8f75
2026-01-27T12:42:35.6065403Z  runc version: v1.3.4-0-gd6d73eb8
2026-01-27T12:42:35.6065817Z  init version: de40ad0
2026-01-27T12:42:35.6066165Z  Security Options:
2026-01-27T12:42:35.6066486Z   apparmor
2026-01-27T12:42:35.6066779Z   seccomp
2026-01-27T12:42:35.6067070Z    Profile: builtin
2026-01-27T12:42:35.6067393Z   cgroupns
2026-01-27T12:42:35.6067695Z  Kernel Version: 6.11.0-1018-azure
2026-01-27T12:42:35.6068140Z  Operating System: Ubuntu 24.04.3 LTS
2026-01-27T12:42:35.6068560Z  OSType: linux
2026-01-27T12:42:35.6068892Z  Architecture: x86_64
2026-01-27T12:42:35.6069210Z  CPUs: 4
2026-01-27T12:42:35.6069511Z  Total Memory: 15.62GiB
2026-01-27T12:42:35.6069839Z  Name: runnervmymu0l
2026-01-27T12:42:35.6070163Z  ID: 6d647f4b-a064-4489-8a08-7cb8635b8d79
2026-01-27T12:42:35.6070568Z  Docker Root Dir: /var/lib/docker
2026-01-27T12:42:35.6070927Z  Debug Mode: false
2026-01-27T12:42:35.6071321Z  Username: githubactions
2026-01-27T12:42:35.6071679Z  Experimental: false
2026-01-27T12:42:35.6072028Z  Insecure Registries:
2026-01-27T12:42:35.6077906Z   ::1/128
2026-01-27T12:42:35.6078249Z   127.0.0.0/8
2026-01-27T12:42:35.6078557Z  Live Restore Enabled: false
2026-01-27T12:42:35.6078719Z 
2026-01-27T12:42:35.6079189Z ##[endgroup]
2026-01-27T12:42:35.6079585Z ##[group]Pulling binfmt Docker image
2026-01-27T12:42:35.8276670Z Cache hit for: docker.io--tonistiigi--binfmt-latest-linux-x64
2026-01-27T12:42:36.9436407Z Received 31670949 of 31670949 (100.0%), 34.2 MBs/sec
2026-01-27T12:42:36.9437542Z Cache Size: ~30 MB (31670949 B)
2026-01-27T12:42:36.9464962Z [command]/usr/bin/tar -xf /home/runner/work/_temp/bb63b806-0770-474f-9e46-e0183a300ca3/cache.tzst -P -C /home/runner/work/ai-teaching-assistant/ai-teaching-assistant --use-compress-program unzstd
2026-01-27T12:42:37.0594679Z Cache restored successfully
2026-01-27T12:42:37.0632917Z Restored docker.io--tonistiigi--binfmt-latest-linux-x64 from GitHub Actions cache
2026-01-27T12:42:37.1198196Z Cached to hosted tool cache /opt/hostedtoolcache/docker.io--tonistiigi--binfmt/latest/linux-x64
2026-01-27T12:42:37.1199873Z Copying /opt/hostedtoolcache/docker.io--tonistiigi--binfmt/latest/linux-x64/image.tar to /home/runner/.docker/.cache/images/docker.io--tonistiigi--binfmt/latest/linux-x64/image.tar
2026-01-27T12:42:37.1968195Z Image found from cache in /home/runner/.docker/.cache/images/docker.io--tonistiigi--binfmt/latest/linux-x64/image.tar
2026-01-27T12:42:37.1990274Z [command]/usr/bin/docker load -i /home/runner/.docker/.cache/images/docker.io--tonistiigi--binfmt/latest/linux-x64/image.tar
2026-01-27T12:42:37.6620378Z Loaded image: tonistiigi/binfmt:latest
2026-01-27T12:42:37.6736787Z [command]/usr/bin/docker pull docker.io/tonistiigi/binfmt:latest
2026-01-27T12:42:38.5271960Z latest: Pulling from tonistiigi/binfmt
2026-01-27T12:42:38.7541969Z Digest: sha256:30cc9a4d03765acac9be2ed0afc23af1ad018aed2c28ea4be8c2eb9afe03fbd1
2026-01-27T12:42:38.7547142Z Status: Image is up to date for tonistiigi/binfmt:latest
2026-01-27T12:42:38.7554112Z docker.io/tonistiigi/binfmt:latest
2026-01-27T12:42:38.7582436Z [command]/usr/bin/docker save -o /home/runner/work/_temp/docker-actions-toolkit-4on7Nh/749e64100d3fa0c09bdbc8a02e4fb9cb3ee64266f7f661c98371040689abacb3.tar docker.io/tonistiigi/binfmt:latest
2026-01-27T12:42:39.1028604Z Copying /home/runner/work/_temp/docker-actions-toolkit-4on7Nh/749e64100d3fa0c09bdbc8a02e4fb9cb3ee64266f7f661c98371040689abacb3.tar to /home/runner/.docker/.cache/images/docker.io--tonistiigi--binfmt/latest/linux-x64/image.tar
2026-01-27T12:42:39.2086633Z Image cached to /home/runner/.docker/.cache/images/docker.io--tonistiigi--binfmt/latest/linux-x64/image.tar
2026-01-27T12:42:39.2087800Z ##[endgroup]
2026-01-27T12:42:39.2088335Z ##[group]Image info
2026-01-27T12:42:39.2106495Z [command]/usr/bin/docker image inspect docker.io/tonistiigi/binfmt:latest
2026-01-27T12:42:39.2520779Z [
2026-01-27T12:42:39.2521045Z     {
2026-01-27T12:42:39.2521772Z         "Id": "sha256:c97f15e717f7eb99d237e46f0a3553da8cfdf470a15bba459c056d90d0e398f5",
2026-01-27T12:42:39.2522299Z         "RepoTags": [
2026-01-27T12:42:39.2522519Z             "tonistiigi/binfmt:latest"
2026-01-27T12:42:39.2522759Z         ],
2026-01-27T12:42:39.2522938Z         "RepoDigests": [
2026-01-27T12:42:39.2523590Z             "tonistiigi/binfmt@sha256:30cc9a4d03765acac9be2ed0afc23af1ad018aed2c28ea4be8c2eb9afe03fbd1"
2026-01-27T12:42:39.2524039Z         ],
2026-01-27T12:42:39.2524312Z         "Parent": "",
2026-01-27T12:42:39.2524547Z         "Comment": "buildkit.dockerfile.v0",
2026-01-27T12:42:39.2524842Z         "Created": "2025-09-11T09:43:57.050886711Z",
2026-01-27T12:42:39.2525116Z         "DockerVersion": "",
2026-01-27T12:42:39.2525337Z         "Author": "",
2026-01-27T12:42:39.2525522Z         "Config": {
2026-01-27T12:42:39.2525717Z             "Hostname": "",
2026-01-27T12:42:39.2525936Z             "Domainname": "",
2026-01-27T12:42:39.2526158Z             "User": "",
2026-01-27T12:42:39.2526392Z             "AttachStdin": false,
2026-01-27T12:42:39.2526633Z             "AttachStdout": false,
2026-01-27T12:42:39.2526869Z             "AttachStderr": false,
2026-01-27T12:42:39.2527096Z             "Tty": false,
2026-01-27T12:42:39.2527310Z             "OpenStdin": false,
2026-01-27T12:42:39.2527532Z             "StdinOnce": false,
2026-01-27T12:42:39.2527760Z             "Env": [
2026-01-27T12:42:39.2528189Z                 "PATH=/usr/local/sbin:/usr/local/bin:/usr/sbin:/usr/bin:/sbin:/bin",
2026-01-27T12:42:39.2528666Z                 "QEMU_PRESERVE_ARGV0=1"
2026-01-27T12:42:39.2528905Z             ],
2026-01-27T12:42:39.2529121Z             "Cmd": null,
2026-01-27T12:42:39.2529355Z             "Image": "",
2026-01-27T12:42:39.2529543Z             "Volumes": {
2026-01-27T12:42:39.2529742Z                 "/tmp": {}
2026-01-27T12:42:39.2529944Z             },
2026-01-27T12:42:39.2530123Z             "WorkingDir": "/",
2026-01-27T12:42:39.2530340Z             "Entrypoint": [
2026-01-27T12:42:39.2530553Z                 "/usr/bin/binfmt"
2026-01-27T12:42:39.2530768Z             ],
2026-01-27T12:42:39.2530978Z             "OnBuild": null,
2026-01-27T12:42:39.2531196Z             "Labels": {
2026-01-27T12:42:39.2531486Z                 "org.opencontainers.image.created": "2025-09-11T09:13:47.128Z",
2026-01-27T12:42:39.2532069Z                 "org.opencontainers.image.description": "Cross-platform emulator collection distributed with Docker images",
2026-01-27T12:42:39.2532612Z                 "org.opencontainers.image.licenses": "MIT",
2026-01-27T12:42:39.2533043Z                 "org.opencontainers.image.revision": "8bf932dba1f67bb274320e7cebece2807e4b99e1",
2026-01-27T12:42:39.2533739Z                 "org.opencontainers.image.source": "https://github.com/tonistiigi/binfmt",
2026-01-27T12:42:39.2534193Z                 "org.opencontainers.image.title": "Binfmt",
2026-01-27T12:42:39.2534785Z                 "org.opencontainers.image.url": "https://github.com/tonistiigi/binfmt",
2026-01-27T12:42:39.2535554Z                 "org.opencontainers.image.version": "qemu-v10.0.4-56"
2026-01-27T12:42:39.2536077Z             }
2026-01-27T12:42:39.2536358Z         },
2026-01-27T12:42:39.2536653Z         "Architecture": "amd64",
2026-01-27T12:42:39.2537022Z         "Os": "linux",
2026-01-27T12:42:39.2537225Z         "Size": 83325873,
2026-01-27T12:42:39.2537431Z         "GraphDriver": {
2026-01-27T12:42:39.2537621Z             "Data": {
2026-01-27T12:42:39.2538066Z                 "LowerDir": "/var/lib/docker/overlay2/73d1b90e8b5830a30fd1592f85f3bd443c814e98cdfee9030e94a7ed54561f79/diff",
2026-01-27T12:42:39.2538802Z                 "MergedDir": "/var/lib/docker/overlay2/e35429df0d28ad94939424533d9cf15601da2b5d6875c8dcd152023a811a2ef6/merged",
2026-01-27T12:42:39.2539530Z                 "UpperDir": "/var/lib/docker/overlay2/e35429df0d28ad94939424533d9cf15601da2b5d6875c8dcd152023a811a2ef6/diff",
2026-01-27T12:42:39.2540396Z                 "WorkDir": "/var/lib/docker/overlay2/e35429df0d28ad94939424533d9cf15601da2b5d6875c8dcd152023a811a2ef6/work"
2026-01-27T12:42:39.2541178Z             },
2026-01-27T12:42:39.2541447Z             "Name": "overlay2"
2026-01-27T12:42:39.2541654Z         },
2026-01-27T12:42:39.2541948Z         "RootFS": {
2026-01-27T12:42:39.2542175Z             "Type": "layers",
2026-01-27T12:42:39.2542404Z             "Layers": [
2026-01-27T12:42:39.2542848Z                 "sha256:ba63059928005ec5a66585f9353d2f4e14eaede3da6a25acac0a4f44d809cb64",
2026-01-27T12:42:39.2543602Z                 "sha256:66aa431c2e5b0cb36e6f7fde44ab8195fab52d6c93b407c720212e28337ac745"
2026-01-27T12:42:39.2543985Z             ]
2026-01-27T12:42:39.2544161Z         },
2026-01-27T12:42:39.2544344Z         "Metadata": {
2026-01-27T12:42:39.2544653Z             "LastTagTime": "0001-01-01T00:00:00Z"
2026-01-27T12:42:39.2544904Z         }
2026-01-27T12:42:39.2545069Z     }
2026-01-27T12:42:39.2545298Z ]
2026-01-27T12:42:39.2545891Z ##[endgroup]
2026-01-27T12:42:39.2546304Z ##[group]Binfmt version
2026-01-27T12:42:39.2554787Z [command]/usr/bin/docker run --rm --privileged docker.io/tonistiigi/binfmt:latest --version
2026-01-27T12:42:39.6718332Z binfmt/8bf932d qemu/v10.0.4 go/1.23.12
2026-01-27T12:42:39.7326922Z ##[endgroup]
2026-01-27T12:42:39.7327536Z ##[group]Installing QEMU static binaries
2026-01-27T12:42:39.7342939Z [command]/usr/bin/docker run --rm --privileged docker.io/tonistiigi/binfmt:latest --install all
2026-01-27T12:42:39.8489806Z installing: ppc64le OK
2026-01-27T12:42:39.8490257Z installing: riscv64 OK
2026-01-27T12:42:39.8490622Z installing: mips64le OK
2026-01-27T12:42:39.8490972Z installing: mips64 OK
2026-01-27T12:42:39.8491310Z installing: arm64 OK
2026-01-27T12:42:39.8491639Z installing: arm OK
2026-01-27T12:42:39.8491960Z installing: s390x OK
2026-01-27T12:42:39.8492296Z installing: loong64 OK
2026-01-27T12:42:39.8732063Z {
2026-01-27T12:42:39.8732626Z   "supported": [
2026-01-27T12:42:39.8733157Z     "linux/amd64",
2026-01-27T12:42:39.8735798Z     "linux/amd64/v2",
2026-01-27T12:42:39.8736677Z     "linux/amd64/v3",
2026-01-27T12:42:39.8737350Z     "linux/amd64/v4",
2026-01-27T12:42:39.8737673Z     "linux/arm64",
2026-01-27T12:42:39.8738005Z     "linux/riscv64",
2026-01-27T12:42:39.8741706Z     "linux/ppc64le",
2026-01-27T12:42:39.8742177Z     "linux/s390x",
2026-01-27T12:42:39.8742514Z     "linux/386",
2026-01-27T12:42:39.8742935Z     "linux/mips64le",
2026-01-27T12:42:39.8743482Z     "linux/mips64",
2026-01-27T12:42:39.8743795Z     "linux/loong64",
2026-01-27T12:42:39.8744132Z     "linux/arm/v7",
2026-01-27T12:42:39.8744367Z     "linux/arm/v6"
2026-01-27T12:42:39.8744561Z   ],
2026-01-27T12:42:39.8744733Z   "emulators": [
2026-01-27T12:42:39.8744937Z     "llvm-16-runtime.binfmt",
2026-01-27T12:42:39.8745172Z     "llvm-17-runtime.binfmt",
2026-01-27T12:42:39.8745390Z     "llvm-18-runtime.binfmt",
2026-01-27T12:42:39.8745603Z     "python3.12",
2026-01-27T12:42:39.8745793Z     "qemu-aarch64",
2026-01-27T12:42:39.8745976Z     "qemu-arm",
2026-01-27T12:42:39.8746158Z     "qemu-loongarch64",
2026-01-27T12:42:39.8746366Z     "qemu-mips64",
2026-01-27T12:42:39.8746556Z     "qemu-mips64el",
2026-01-27T12:42:39.8746750Z     "qemu-ppc64le",
2026-01-27T12:42:39.8746951Z     "qemu-riscv64",
2026-01-27T12:42:39.8747132Z     "qemu-s390x"
2026-01-27T12:42:39.8747301Z   ]
2026-01-27T12:42:39.8747456Z }
2026-01-27T12:42:39.9274447Z ##[endgroup]
2026-01-27T12:42:39.9274851Z ##[group]Extracting available platforms
2026-01-27T12:42:40.1480669Z linux/amd64,linux/amd64/v2,linux/amd64/v3,linux/amd64/v4,linux/arm64,linux/riscv64,linux/ppc64le,linux/s390x,linux/386,linux/mips64le,linux/mips64,linux/loong64,linux/arm/v7,linux/arm/v6
2026-01-27T12:42:40.1482020Z ##[endgroup]
2026-01-27T12:42:40.1653688Z ##[group]Run docker/setup-buildx-action@v3
2026-01-27T12:42:40.1653979Z with:
2026-01-27T12:42:40.1654170Z   driver: docker-container
2026-01-27T12:42:40.1654390Z   use: true
2026-01-27T12:42:40.1654568Z   keep-state: false
2026-01-27T12:42:40.1654755Z   cache-binary: true
2026-01-27T12:42:40.1654957Z   cleanup: true
2026-01-27T12:42:40.1655288Z   install: false
2026-01-27T12:42:40.1655477Z ##[endgroup]
2026-01-27T12:42:40.4014822Z ##[group]Docker info
2026-01-27T12:42:40.4037204Z [command]/usr/bin/docker version
2026-01-27T12:42:40.4227603Z Client: Docker Engine - Community
2026-01-27T12:42:40.4228915Z  Version:           28.0.4
2026-01-27T12:42:40.4229258Z  API version:       1.48
2026-01-27T12:42:40.4229563Z  Go version:        go1.23.7
2026-01-27T12:42:40.4229940Z  Git commit:        b8034c0
2026-01-27T12:42:40.4230307Z  Built:             Tue Mar 25 15:07:16 2025
2026-01-27T12:42:40.4230872Z  OS/Arch:           linux/amd64
2026-01-27T12:42:40.4231344Z  Context:           default
2026-01-27T12:42:40.4231522Z 
2026-01-27T12:42:40.4231629Z Server: Docker Engine - Community
2026-01-27T12:42:40.4231963Z  Engine:
2026-01-27T12:42:40.4232248Z   Version:          28.0.4
2026-01-27T12:42:40.4232631Z   API version:      1.48 (minimum version 1.24)
2026-01-27T12:42:40.4233103Z   Go version:       go1.23.7
2026-01-27T12:42:40.4233696Z   Git commit:       6430e49
2026-01-27T12:42:40.4234066Z   Built:            Tue Mar 25 15:07:16 2025
2026-01-27T12:42:40.4234486Z   OS/Arch:          linux/amd64
2026-01-27T12:42:40.4234851Z   Experimental:     false
2026-01-27T12:42:40.4235204Z  containerd:
2026-01-27T12:42:40.4235513Z   Version:          v2.2.1
2026-01-27T12:42:40.4235902Z   GitCommit:        dea7da592f5d1d2b7755e3a161be07f43fad8f75
2026-01-27T12:42:40.4236386Z  runc:
2026-01-27T12:42:40.4236664Z   Version:          1.3.4
2026-01-27T12:42:40.4237049Z   GitCommit:        v1.3.4-0-gd6d73eb8
2026-01-27T12:42:40.4237451Z  docker-init:
2026-01-27T12:42:40.4237762Z   Version:          0.19.0
2026-01-27T12:42:40.4238138Z   GitCommit:        de40ad0
2026-01-27T12:42:40.4272370Z [command]/usr/bin/docker info
2026-01-27T12:42:40.4791907Z Client: Docker Engine - Community
2026-01-27T12:42:40.4793421Z  Version:    28.0.4
2026-01-27T12:42:40.4793768Z  Context:    default
2026-01-27T12:42:40.4794072Z  Debug Mode: false
2026-01-27T12:42:40.4794373Z  Plugins:
2026-01-27T12:42:40.4794710Z   buildx: Docker Buildx (Docker Inc.)
2026-01-27T12:42:40.4795084Z     Version:  v0.30.1
2026-01-27T12:42:40.4795537Z     Path:     /usr/libexec/docker/cli-plugins/docker-buildx
2026-01-27T12:42:40.4796110Z   compose: Docker Compose (Docker Inc.)
2026-01-27T12:42:40.4796535Z     Version:  v2.38.2
2026-01-27T12:42:40.4796975Z     Path:     /usr/libexec/docker/cli-plugins/docker-compose
2026-01-27T12:42:40.4797320Z 
2026-01-27T12:42:40.4797409Z Server:
2026-01-27T12:42:40.4797640Z  Containers: 0
2026-01-27T12:42:40.4797900Z   Running: 0
2026-01-27T12:42:40.4798135Z   Paused: 0
2026-01-27T12:42:40.4798360Z   Stopped: 0
2026-01-27T12:42:40.4798665Z  Images: 2
2026-01-27T12:42:40.4798845Z  Server Version: 28.0.4
2026-01-27T12:42:40.4799054Z  Storage Driver: overlay2
2026-01-27T12:42:40.4799413Z   Backing Filesystem: extfs
2026-01-27T12:42:40.4799624Z   Supports d_type: true
2026-01-27T12:42:40.4799877Z   Using metacopy: false
2026-01-27T12:42:40.4800094Z   Native Overlay Diff: false
2026-01-27T12:42:40.4800321Z   userxattr: false
2026-01-27T12:42:40.4800524Z  Logging Driver: json-file
2026-01-27T12:42:40.4800733Z  Cgroup Driver: systemd
2026-01-27T12:42:40.4800940Z  Cgroup Version: 2
2026-01-27T12:42:40.4801127Z  Plugins:
2026-01-27T12:42:40.4801302Z   Volume: local
2026-01-27T12:42:40.4801534Z   Network: bridge host ipvlan macvlan null overlay
2026-01-27T12:42:40.4801902Z   Log: awslogs fluentd gcplogs gelf journald json-file local splunk syslog
2026-01-27T12:42:40.4802238Z  Swarm: inactive
2026-01-27T12:42:40.4802450Z  Runtimes: io.containerd.runc.v2 runc
2026-01-27T12:42:40.4802702Z  Default Runtime: runc
2026-01-27T12:42:40.4803431Z  Init Binary: docker-init
2026-01-27T12:42:40.4803760Z  containerd version: dea7da592f5d1d2b7755e3a161be07f43fad8f75
2026-01-27T12:42:40.4804075Z  runc version: v1.3.4-0-gd6d73eb8
2026-01-27T12:42:40.4804312Z  init version: de40ad0
2026-01-27T12:42:40.4804513Z  Security Options:
2026-01-27T12:42:40.4804702Z   apparmor
2026-01-27T12:42:40.4804873Z   seccomp
2026-01-27T12:42:40.4805224Z    Profile: builtin
2026-01-27T12:42:40.4805516Z   cgroupns
2026-01-27T12:42:40.4805799Z  Kernel Version: 6.11.0-1018-azure
2026-01-27T12:42:40.4806210Z  Operating System: Ubuntu 24.04.3 LTS
2026-01-27T12:42:40.4806504Z  OSType: linux
2026-01-27T12:42:40.4806678Z  Architecture: x86_64
2026-01-27T12:42:40.4806868Z  CPUs: 4
2026-01-27T12:42:40.4807041Z  Total Memory: 15.62GiB
2026-01-27T12:42:40.4807242Z  Name: runnervmymu0l
2026-01-27T12:42:40.4807452Z  ID: 6d647f4b-a064-4489-8a08-7cb8635b8d79
2026-01-27T12:42:40.4807702Z  Docker Root Dir: /var/lib/docker
2026-01-27T12:42:40.4807925Z  Debug Mode: false
2026-01-27T12:42:40.4808120Z  Username: githubactions
2026-01-27T12:42:40.4808327Z  Experimental: false
2026-01-27T12:42:40.4808521Z  Insecure Registries:
2026-01-27T12:42:40.4808740Z   ::1/128
2026-01-27T12:42:40.4808898Z   127.0.0.0/8
2026-01-27T12:42:40.4809080Z  Live Restore Enabled: false
2026-01-27T12:42:40.4809229Z 
2026-01-27T12:42:40.4809583Z ##[endgroup]
2026-01-27T12:42:40.5508947Z ##[group]Buildx version
2026-01-27T12:42:40.5532668Z [command]/usr/bin/docker buildx version
2026-01-27T12:42:40.6220749Z github.com/docker/buildx v0.30.1 9e66234aa13328a5e75b75aa5574e1ca6d6d9c01
2026-01-27T12:42:40.6245059Z ##[endgroup]
2026-01-27T12:42:40.6400010Z ##[group]Inspecting default docker context
2026-01-27T12:42:40.6537979Z [
2026-01-27T12:42:40.6538344Z   {
2026-01-27T12:42:40.6538608Z     "Name": "default",
2026-01-27T12:42:40.6538974Z     "Metadata": {},
2026-01-27T12:42:40.6539297Z     "Endpoints": {
2026-01-27T12:42:40.6539614Z       "docker": {
2026-01-27T12:42:40.6539950Z         "Host": "unix:///var/run/docker.sock",
2026-01-27T12:42:40.6540419Z         "SkipTLSVerify": false
2026-01-27T12:42:40.6540743Z       }
2026-01-27T12:42:40.6540971Z     },
2026-01-27T12:42:40.6541232Z     "TLSMaterial": {},
2026-01-27T12:42:40.6541546Z     "Storage": {
2026-01-27T12:42:40.6541844Z       "MetadataPath": "<IN MEMORY>",
2026-01-27T12:42:40.6542202Z       "TLSPath": "<IN MEMORY>"
2026-01-27T12:42:40.6542523Z     }
2026-01-27T12:42:40.6542763Z   }
2026-01-27T12:42:40.6542984Z ]
2026-01-27T12:42:40.6543765Z ##[endgroup]
2026-01-27T12:42:40.6544329Z ##[group]Creating a new builder instance
2026-01-27T12:42:40.7692732Z [command]/usr/bin/docker buildx create --name builder-6dbc98c4-02f5-4875-9db6-d6e25693aa70 --driver docker-container --buildkitd-flags --allow-insecure-entitlement security.insecure --allow-insecure-entitlement network.host --use
2026-01-27T12:42:40.8295661Z builder-6dbc98c4-02f5-4875-9db6-d6e25693aa70
2026-01-27T12:42:40.8318066Z ##[endgroup]
2026-01-27T12:42:40.8318477Z ##[group]Booting builder
2026-01-27T12:42:40.8347641Z [command]/usr/bin/docker buildx inspect --bootstrap --builder builder-6dbc98c4-02f5-4875-9db6-d6e25693aa70
2026-01-27T12:42:40.8836160Z #1 [internal] booting buildkit
2026-01-27T12:42:41.0342575Z #1 pulling image moby/buildkit:buildx-stable-1
2026-01-27T12:42:43.9665253Z #1 pulling image moby/buildkit:buildx-stable-1 3.1s done
2026-01-27T12:42:44.1175533Z #1 creating container buildx_buildkit_builder-6dbc98c4-02f5-4875-9db6-d6e25693aa700
2026-01-27T12:42:44.2745356Z #1 creating container buildx_buildkit_builder-6dbc98c4-02f5-4875-9db6-d6e25693aa700 0.3s done
2026-01-27T12:42:44.2754642Z #1 DONE 3.4s
2026-01-27T12:42:44.3027874Z Name:          builder-6dbc98c4-02f5-4875-9db6-d6e25693aa70
2026-01-27T12:42:44.3029465Z Driver:        docker-container
2026-01-27T12:42:44.3029895Z Last Activity: 2026-01-27 12:42:40 +0000 UTC
2026-01-27T12:42:44.3030205Z 
2026-01-27T12:42:44.3030309Z Nodes:
2026-01-27T12:42:44.3030921Z Name:                  builder-6dbc98c4-02f5-4875-9db6-d6e25693aa700
2026-01-27T12:42:44.3031995Z Endpoint:              unix:///var/run/docker.sock
2026-01-27T12:42:44.3032506Z Status:                running
2026-01-27T12:42:44.3033566Z BuildKit daemon flags: --allow-insecure-entitlement security.insecure --allow-insecure-entitlement network.host
2026-01-27T12:42:44.3034524Z BuildKit version:      v0.26.3
2026-01-27T12:42:44.3035982Z Platforms:             linux/amd64, linux/amd64/v2, linux/amd64/v3, linux/amd64/v4, linux/arm64, linux/riscv64, linux/ppc64le, linux/s390x, linux/386, linux/mips64le, linux/mips64, linux/loong64, linux/arm/v7, linux/arm/v6
2026-01-27T12:42:44.3037597Z Labels:
2026-01-27T12:42:44.3037993Z  org.mobyproject.buildkit.worker.executor:         oci
2026-01-27T12:42:44.3038700Z  org.mobyproject.buildkit.worker.hostname:         b8157ccdb9fa
2026-01-27T12:42:44.3039387Z  org.mobyproject.buildkit.worker.network:          host
2026-01-27T12:42:44.3040072Z  org.mobyproject.buildkit.worker.oci.process-mode: sandbox
2026-01-27T12:42:44.3040693Z  org.mobyproject.buildkit.worker.selinux.enabled:  false
2026-01-27T12:42:44.3041356Z  org.mobyproject.buildkit.worker.snapshotter:      overlayfs
2026-01-27T12:42:44.3041928Z GC Policy rule#0:
2026-01-27T12:42:44.3042240Z  All:            false
2026-01-27T12:42:44.3042754Z  Filters:        type==source.local,type==exec.cachemount,type==source.git.checkout
2026-01-27T12:42:44.3043548Z  Keep Duration:  48h0m0s
2026-01-27T12:42:44.3043899Z  Max Used Space: 488.3MiB
2026-01-27T12:42:44.3044255Z GC Policy rule#1:
2026-01-27T12:42:44.3044563Z  All:            false
2026-01-27T12:42:44.3044915Z  Keep Duration:  1440h0m0s
2026-01-27T12:42:44.3045302Z  Reserved Space: 9.313GiB
2026-01-27T12:42:44.3045669Z  Max Used Space: 93.13GiB
2026-01-27T12:42:44.3046049Z  Min Free Space: 27.01GiB
2026-01-27T12:42:44.3046425Z GC Policy rule#2:
2026-01-27T12:42:44.3046716Z  All:            false
2026-01-27T12:42:44.3047011Z  Reserved Space: 9.313GiB
2026-01-27T12:42:44.3047324Z  Max Used Space: 93.13GiB
2026-01-27T12:42:44.3047640Z  Min Free Space: 27.01GiB
2026-01-27T12:42:44.3047928Z GC Policy rule#3:
2026-01-27T12:42:44.3048185Z  All:            true
2026-01-27T12:42:44.3048461Z  Reserved Space: 9.313GiB
2026-01-27T12:42:44.3048755Z  Max Used Space: 93.13GiB
2026-01-27T12:42:44.3049088Z  Min Free Space: 27.01GiB
2026-01-27T12:42:44.3067985Z ##[endgroup]
2026-01-27T12:42:44.3842633Z ##[group]Inspect builder
2026-01-27T12:42:44.3847194Z {
2026-01-27T12:42:44.3847629Z   "nodes": [
2026-01-27T12:42:44.3849468Z     {
2026-01-27T12:42:44.3849882Z       "name": "builder-6dbc98c4-02f5-4875-9db6-d6e25693aa700",
2026-01-27T12:42:44.3850427Z       "endpoint": "unix:///var/run/docker.sock",
2026-01-27T12:42:44.3850856Z       "status": "running",
2026-01-27T12:42:44.3851691Z       "buildkitd-flags": "--allow-insecure-entitlement security.insecure --allow-insecure-entitlement network.host",
2026-01-27T12:42:44.3852524Z       "buildkit": "v0.26.3",
2026-01-27T12:42:44.3855437Z       "platforms": "linux/amd64,linux/amd64/v2,linux/amd64/v3,linux/amd64/v4,linux/arm64,linux/riscv64,linux/ppc64le,linux/s390x,linux/386,linux/mips64le,linux/mips64,linux/loong64,linux/arm/v7,linux/arm/v6",
2026-01-27T12:42:44.3856605Z       "features": {
2026-01-27T12:42:44.3857078Z         "Automatically load images to the Docker Engine image store": true,
2026-01-27T12:42:44.3857631Z         "Cache export": true,
2026-01-27T12:42:44.3857984Z         "Direct push": true,
2026-01-27T12:42:44.3858350Z         "Docker exporter": true,
2026-01-27T12:42:44.3858743Z         "Multi-platform build": true,
2026-01-27T12:42:44.3859152Z         "OCI exporter": true
2026-01-27T12:42:44.3859491Z       },
2026-01-27T12:42:44.3859733Z       "labels": {
2026-01-27T12:42:44.3860101Z         "org.mobyproject.buildkit.worker.executor": "oci",
2026-01-27T12:42:44.3860697Z         "org.mobyproject.buildkit.worker.hostname": "b8157ccdb9fa",
2026-01-27T12:42:44.3861307Z         "org.mobyproject.buildkit.worker.network": "host",
2026-01-27T12:42:44.3861965Z         "org.mobyproject.buildkit.worker.oci.process-mode": "sandbox",
2026-01-27T12:42:44.3863047Z         "org.mobyproject.buildkit.worker.selinux.enabled": "false",
2026-01-27T12:42:44.3863968Z         "org.mobyproject.buildkit.worker.snapshotter": "overlayfs"
2026-01-27T12:42:44.3864559Z       },
2026-01-27T12:42:44.3864856Z       "gcPolicy": [
2026-01-27T12:42:44.3865183Z         {
2026-01-27T12:42:44.3865473Z           "all": false,
2026-01-27T12:42:44.3865936Z           "filter": [
2026-01-27T12:42:44.3866291Z             "type==source.local",
2026-01-27T12:42:44.3866719Z             "type==exec.cachemount",
2026-01-27T12:42:44.3867172Z             "type==source.git.checkout"
2026-01-27T12:42:44.3867600Z           ],
2026-01-27T12:42:44.3867913Z           "keepDuration": "48h0m0s",
2026-01-27T12:42:44.3868295Z           "maxUsedSpace": "488.3MiB"
2026-01-27T12:42:44.3868648Z         },
2026-01-27T12:42:44.3868880Z         {
2026-01-27T12:42:44.3869114Z           "all": false,
2026-01-27T12:42:44.3869419Z           "keepDuration": "1440h0m0s",
2026-01-27T12:42:44.3869775Z           "reservedSpace": "9.313GiB",
2026-01-27T12:42:44.3870122Z           "maxUsedSpace": "93.13GiB",
2026-01-27T12:42:44.3870518Z           "minFreeSpace": "27.01GiB"
2026-01-27T12:42:44.3870896Z         },
2026-01-27T12:42:44.3871133Z         {
2026-01-27T12:42:44.3871417Z           "all": false,
2026-01-27T12:42:44.3871751Z           "reservedSpace": "9.313GiB",
2026-01-27T12:42:44.3872174Z           "maxUsedSpace": "93.13GiB",
2026-01-27T12:42:44.3872586Z           "minFreeSpace": "27.01GiB"
2026-01-27T12:42:44.3872945Z         },
2026-01-27T12:42:44.3873590Z         {
2026-01-27T12:42:44.3873863Z           "all": true,
2026-01-27T12:42:44.3874180Z           "reservedSpace": "9.313GiB",
2026-01-27T12:42:44.3874583Z           "maxUsedSpace": "93.13GiB",
2026-01-27T12:42:44.3874980Z           "minFreeSpace": "27.01GiB"
2026-01-27T12:42:44.3875351Z         }
2026-01-27T12:42:44.3875604Z       ]
2026-01-27T12:42:44.3875864Z     }
2026-01-27T12:42:44.3876115Z   ],
2026-01-27T12:42:44.3876489Z   "name": "builder-6dbc98c4-02f5-4875-9db6-d6e25693aa70",
2026-01-27T12:42:44.3876997Z   "driver": "docker-container",
2026-01-27T12:42:44.3877402Z   "lastActivity": "2026-01-27T12:42:40.000Z"
2026-01-27T12:42:44.3877819Z }
2026-01-27T12:42:44.3878381Z ##[endgroup]
2026-01-27T12:42:44.3879064Z ##[group]BuildKit version
2026-01-27T12:42:44.3879573Z builder-6dbc98c4-02f5-4875-9db6-d6e25693aa700: v0.26.3
2026-01-27T12:42:44.3880275Z ##[endgroup]
2026-01-27T12:42:44.3992380Z ##[group]Run docker/login-action@v3
2026-01-27T12:42:44.3992642Z with:
2026-01-27T12:42:44.3992920Z   username: ***
2026-01-27T12:42:44.3993166Z   password: ***
2026-01-27T12:42:44.3993879Z   logout: true
2026-01-27T12:42:44.3994065Z ##[endgroup]
2026-01-27T12:42:44.6737747Z Logging into docker.io...
2026-01-27T12:42:45.2508277Z Login Succeeded!
2026-01-27T12:42:45.2645968Z ##[group]Run docker/metadata-action@v5
2026-01-27T12:42:45.2646279Z with:
2026-01-27T12:42:45.2646643Z   images: ***/ai-teaching-assistant-backend
2026-01-27T12:42:45.2646994Z   context: workflow
2026-01-27T12:42:45.2647366Z   github-token: ***
2026-01-27T12:42:45.2647651Z ##[endgroup]
2026-01-27T12:42:46.0066530Z ##[group]Context info
2026-01-27T12:42:46.0067213Z eventName: push
2026-01-27T12:42:46.0067702Z sha: c92fed8adc260732accc9cf8fb7f577bdf6c7f27
2026-01-27T12:42:46.0068229Z ref: refs/heads/main
2026-01-27T12:42:46.0068726Z workflow: CI/CD Pipeline
2026-01-27T12:42:46.0069258Z action: meta_backend
2026-01-27T12:42:46.0069668Z actor: sst2020
2026-01-27T12:42:46.0070153Z runNumber: 23
2026-01-27T12:42:46.0070557Z runId: 21397608717
2026-01-27T12:42:46.0071265Z commitDate: Tue Jan 27 2026 12:42:18 GMT+0000 (Coordinated Universal Time)
2026-01-27T12:42:46.0072363Z ##[endgroup]
2026-01-27T12:42:46.0077550Z ##[group]Processing images input
2026-01-27T12:42:46.0078485Z name=***/ai-teaching-assistant-backend,enable=true
2026-01-27T12:42:46.0079540Z ##[endgroup]
2026-01-27T12:42:46.0090183Z ##[group]Processing tags input
2026-01-27T12:42:46.0091042Z type=schedule,pattern=nightly,enable=true,priority=1000
2026-01-27T12:42:46.0091900Z type=ref,event=branch,enable=true,priority=600
2026-01-27T12:42:46.0092606Z type=ref,event=tag,enable=true,priority=600
2026-01-27T12:42:46.0093565Z type=ref,event=pr,prefix=pr-,enable=true,priority=600
2026-01-27T12:42:46.0094661Z ##[endgroup]
2026-01-27T12:42:46.0095599Z ##[group]Processing flavor input
2026-01-27T12:42:46.0096686Z latest=auto
2026-01-27T12:42:46.0097071Z prefix=
2026-01-27T12:42:46.0097645Z prefixLatest=false
2026-01-27T12:42:46.0098146Z suffix=
2026-01-27T12:42:46.0098634Z suffixLatest=false
2026-01-27T12:42:46.0099476Z ##[endgroup]
2026-01-27T12:42:46.0166049Z ##[group]Docker image version
2026-01-27T12:42:46.0166534Z main
2026-01-27T12:42:46.0167117Z ##[endgroup]
2026-01-27T12:42:46.0167675Z ##[group]Docker tags
2026-01-27T12:42:46.0168235Z ***/ai-teaching-assistant-backend:main
2026-01-27T12:42:46.0168931Z ##[endgroup]
2026-01-27T12:42:46.0220055Z ##[group]Docker labels
2026-01-27T12:42:46.0224680Z org.opencontainers.image.created=2026-01-27T12:42:46.009Z
2026-01-27T12:42:46.0225763Z org.opencontainers.image.description=A web application for AI-based question judging.
2026-01-27T12:42:46.0226689Z org.opencontainers.image.licenses=MIT
2026-01-27T12:42:46.0228080Z org.opencontainers.image.revision=c92fed8adc260732accc9cf8fb7f577bdf6c7f27
2026-01-27T12:42:46.0229015Z org.opencontainers.image.source=https://github.com/sst2020/ai-teaching-assistant
2026-01-27T12:42:46.0234318Z org.opencontainers.image.title=ai-teaching-assistant
2026-01-27T12:42:46.0235145Z org.opencontainers.image.url=https://github.com/sst2020/ai-teaching-assistant
2026-01-27T12:42:46.0235868Z org.opencontainers.image.version=main
2026-01-27T12:42:46.0236579Z ##[endgroup]
2026-01-27T12:42:46.0237132Z ##[group]Annotations
2026-01-27T12:42:46.0237663Z manifest:org.opencontainers.image.created=2026-01-27T12:42:46.009Z
2026-01-27T12:42:46.0238657Z manifest:org.opencontainers.image.description=A web application for AI-based question judging.
2026-01-27T12:42:46.0239514Z manifest:org.opencontainers.image.licenses=MIT
2026-01-27T12:42:46.0240280Z manifest:org.opencontainers.image.revision=c92fed8adc260732accc9cf8fb7f577bdf6c7f27
2026-01-27T12:42:46.0241319Z manifest:org.opencontainers.image.source=https://github.com/sst2020/ai-teaching-assistant
2026-01-27T12:42:46.0242226Z manifest:org.opencontainers.image.title=ai-teaching-assistant
2026-01-27T12:42:46.0243157Z manifest:org.opencontainers.image.url=https://github.com/sst2020/ai-teaching-assistant
2026-01-27T12:42:46.0244149Z manifest:org.opencontainers.image.version=main
2026-01-27T12:42:46.0244935Z ##[endgroup]
2026-01-27T12:42:46.0246684Z ##[group]JSON output
2026-01-27T12:42:46.0248842Z {
2026-01-27T12:42:46.0249133Z   "tags": [
2026-01-27T12:42:46.0256444Z     "***/ai-teaching-assistant-backend:main"
2026-01-27T12:42:46.0257430Z   ],
2026-01-27T12:42:46.0257730Z   "tag-names": [
2026-01-27T12:42:46.0258040Z     "main"
2026-01-27T12:42:46.0258316Z   ],
2026-01-27T12:42:46.0258595Z   "labels": {
2026-01-27T12:42:46.0259079Z     "org.opencontainers.image.created": "2026-01-27T12:42:46.009Z",
2026-01-27T12:42:46.0260029Z     "org.opencontainers.image.description": "A web application for AI-based question judging.",
2026-01-27T12:42:46.0260880Z     "org.opencontainers.image.licenses": "MIT",
2026-01-27T12:42:46.0261652Z     "org.opencontainers.image.revision": "c92fed8adc260732accc9cf8fb7f577bdf6c7f27",
2026-01-27T12:42:46.0262698Z     "org.opencontainers.image.source": "https://github.com/sst2020/ai-teaching-assistant",
2026-01-27T12:42:46.0263740Z     "org.opencontainers.image.title": "ai-teaching-assistant",
2026-01-27T12:42:46.0264595Z     "org.opencontainers.image.url": "https://github.com/sst2020/ai-teaching-assistant",
2026-01-27T12:42:46.0265392Z     "org.opencontainers.image.version": "main"
2026-01-27T12:42:46.0265846Z   },
2026-01-27T12:42:46.0266142Z   "annotations": [
2026-01-27T12:42:46.0266676Z     "manifest:org.opencontainers.image.created=2026-01-27T12:42:46.009Z",
2026-01-27T12:42:46.0267667Z     "manifest:org.opencontainers.image.description=A web application for AI-based question judging.",
2026-01-27T12:42:46.0268596Z     "manifest:org.opencontainers.image.licenses=MIT",
2026-01-27T12:42:46.0269430Z     "manifest:org.opencontainers.image.revision=c92fed8adc260732accc9cf8fb7f577bdf6c7f27",
2026-01-27T12:42:46.0270506Z     "manifest:org.opencontainers.image.source=https://github.com/sst2020/ai-teaching-assistant",
2026-01-27T12:42:46.0271795Z     "manifest:org.opencontainers.image.title=ai-teaching-assistant",
2026-01-27T12:42:46.0272707Z     "manifest:org.opencontainers.image.url=https://github.com/sst2020/ai-teaching-assistant",
2026-01-27T12:42:46.0273676Z     "manifest:org.opencontainers.image.version=main"
2026-01-27T12:42:46.0274160Z   ]
2026-01-27T12:42:46.0274432Z }
2026-01-27T12:42:46.0274990Z ##[endgroup]
2026-01-27T12:42:46.0275571Z ##[group]Bake file definition (tags)
2026-01-27T12:42:46.0275989Z {
2026-01-27T12:42:46.0276268Z   "target": {
2026-01-27T12:42:46.0276598Z     "docker-metadata-action": {
2026-01-27T12:42:46.0276990Z       "tags": [
2026-01-27T12:42:46.0277503Z         "***/ai-teaching-assistant-backend:main"
2026-01-27T12:42:46.0277972Z       ],
2026-01-27T12:42:46.0278263Z       "args": {
2026-01-27T12:42:46.0278759Z         "DOCKER_META_IMAGES": "***/ai-teaching-assistant-backend",
2026-01-27T12:42:46.0279340Z         "DOCKER_META_VERSION": "main"
2026-01-27T12:42:46.0279758Z       }
2026-01-27T12:42:46.0280041Z     }
2026-01-27T12:42:46.0280314Z   }
2026-01-27T12:42:46.0280585Z }
2026-01-27T12:42:46.0281104Z ##[endgroup]
2026-01-27T12:42:46.0281708Z ##[group]Bake file definition (labels)
2026-01-27T12:42:46.0282124Z {
2026-01-27T12:42:46.0282401Z   "target": {
2026-01-27T12:42:46.0282738Z     "docker-metadata-action": {
2026-01-27T12:42:46.0283137Z       "labels": {
2026-01-27T12:42:46.0283760Z         "org.opencontainers.image.created": "2026-01-27T12:42:46.009Z",
2026-01-27T12:42:46.0284751Z         "org.opencontainers.image.description": "A web application for AI-based question judging.",
2026-01-27T12:42:46.0285647Z         "org.opencontainers.image.licenses": "MIT",
2026-01-27T12:42:46.0286395Z         "org.opencontainers.image.revision": "c92fed8adc260732accc9cf8fb7f577bdf6c7f27",
2026-01-27T12:42:46.0287404Z         "org.opencontainers.image.source": "https://github.com/sst2020/ai-teaching-assistant",
2026-01-27T12:42:46.0288287Z         "org.opencontainers.image.title": "ai-teaching-assistant",
2026-01-27T12:42:46.0289114Z         "org.opencontainers.image.url": "https://github.com/sst2020/ai-teaching-assistant",
2026-01-27T12:42:46.0289892Z         "org.opencontainers.image.version": "main"
2026-01-27T12:42:46.0290364Z       }
2026-01-27T12:42:46.0290629Z     }
2026-01-27T12:42:46.0290895Z   }
2026-01-27T12:42:46.0291149Z }
2026-01-27T12:42:46.0291678Z ##[endgroup]
2026-01-27T12:42:46.0292500Z ##[group]Bake file definition (annotations)
2026-01-27T12:42:46.0292967Z {
2026-01-27T12:42:46.0293357Z   "target": {
2026-01-27T12:42:46.0293691Z     "docker-metadata-action": {
2026-01-27T12:42:46.0294093Z       "annotations": [
2026-01-27T12:42:46.0294627Z         "manifest:org.opencontainers.image.created=2026-01-27T12:42:46.009Z",
2026-01-27T12:42:46.0295606Z         "manifest:org.opencontainers.image.description=A web application for AI-based question judging.",
2026-01-27T12:42:46.0296600Z         "manifest:org.opencontainers.image.licenses=MIT",
2026-01-27T12:42:46.0297497Z         "manifest:org.opencontainers.image.revision=c92fed8adc260732accc9cf8fb7f577bdf6c7f27",
2026-01-27T12:42:46.0298652Z         "manifest:org.opencontainers.image.source=https://github.com/sst2020/ai-teaching-assistant",
2026-01-27T12:42:46.0299672Z         "manifest:org.opencontainers.image.title=ai-teaching-assistant",
2026-01-27T12:42:46.0300619Z         "manifest:org.opencontainers.image.url=https://github.com/sst2020/ai-teaching-assistant",
2026-01-27T12:42:46.0301518Z         "manifest:org.opencontainers.image.version=main"
2026-01-27T12:42:46.0302102Z       ]
2026-01-27T12:42:46.0302380Z     }
2026-01-27T12:42:46.0302665Z   }
2026-01-27T12:42:46.0302936Z }
2026-01-27T12:42:46.0303565Z ##[endgroup]
2026-01-27T12:42:46.0833877Z ##[group]Run docker/build-push-action@v5
2026-01-27T12:42:46.0834170Z with:
2026-01-27T12:42:46.0834357Z   context: ./backend
2026-01-27T12:42:46.0834556Z   file: ./backend/Dockerfile
2026-01-27T12:42:46.0834780Z   push: true
2026-01-27T12:42:46.0835061Z   tags: ***/ai-teaching-assistant-backend:main
2026-01-27T12:42:46.0837101Z   labels: org.opencontainers.image.created=2026-01-27T12:42:46.009Z
org.opencontainers.image.description=A web application for AI-based question judging.
org.opencontainers.image.licenses=MIT
org.opencontainers.image.revision=c92fed8adc260732accc9cf8fb7f577bdf6c7f27
org.opencontainers.image.source=https://github.com/sst2020/ai-teaching-assistant
org.opencontainers.image.title=ai-teaching-assistant
org.opencontainers.image.url=https://github.com/sst2020/ai-teaching-assistant
org.opencontainers.image.version=main
2026-01-27T12:42:46.0838941Z   cache-from: type=gha
2026-01-27T12:42:46.0839163Z   cache-to: type=gha,mode=max
2026-01-27T12:42:46.0839435Z   load: false
2026-01-27T12:42:46.0839615Z   no-cache: false
2026-01-27T12:42:46.0839802Z   pull: false
2026-01-27T12:42:46.0840096Z   github-token: ***
2026-01-27T12:42:46.0840290Z env:
2026-01-27T12:42:46.0840482Z   DOCKER_METADATA_OUTPUT_VERSION: main
2026-01-27T12:42:46.0840846Z   DOCKER_METADATA_OUTPUT_TAGS: ***/ai-teaching-assistant-backend:main
2026-01-27T12:42:46.0841210Z   DOCKER_METADATA_OUTPUT_TAG_NAMES: main
2026-01-27T12:42:46.0843162Z   DOCKER_METADATA_OUTPUT_LABELS: org.opencontainers.image.created=2026-01-27T12:42:46.009Z
org.opencontainers.image.description=A web application for AI-based question judging.
org.opencontainers.image.licenses=MIT
org.opencontainers.image.revision=c92fed8adc260732accc9cf8fb7f577bdf6c7f27
org.opencontainers.image.source=https://github.com/sst2020/ai-teaching-assistant
org.opencontainers.image.title=ai-teaching-assistant
org.opencontainers.image.url=https://github.com/sst2020/ai-teaching-assistant
org.opencontainers.image.version=main
2026-01-27T12:42:46.0847150Z   DOCKER_METADATA_OUTPUT_ANNOTATIONS: manifest:org.opencontainers.image.created=2026-01-27T12:42:46.009Z
manifest:org.opencontainers.image.description=A web application for AI-based question judging.
manifest:org.opencontainers.image.licenses=MIT
manifest:org.opencontainers.image.revision=c92fed8adc260732accc9cf8fb7f577bdf6c7f27
manifest:org.opencontainers.image.source=https://github.com/sst2020/ai-teaching-assistant
manifest:org.opencontainers.image.title=ai-teaching-assistant
manifest:org.opencontainers.image.url=https://github.com/sst2020/ai-teaching-assistant
manifest:org.opencontainers.image.version=main
2026-01-27T12:42:46.0853368Z   DOCKER_METADATA_OUTPUT_JSON: {"tags":["***/ai-teaching-assistant-backend:main"],"tag-names":["main"],"labels":{"org.opencontainers.image.created":"2026-01-27T12:42:46.009Z","org.opencontainers.image.description":"A web application for AI-based question judging.","org.opencontainers.image.licenses":"MIT","org.opencontainers.image.revision":"c92fed8adc260732accc9cf8fb7f577bdf6c7f27","org.opencontainers.image.source":"https://github.com/sst2020/ai-teaching-assistant","org.opencontainers.image.title":"ai-teaching-assistant","org.opencontainers.image.url":"https://github.com/sst2020/ai-teaching-assistant","org.opencontainers.image.version":"main"},"annotations":["manifest:org.opencontainers.image.created=2026-01-27T12:42:46.009Z","manifest:org.opencontainers.image.description=A web application for AI-based question judging.","manifest:org.opencontainers.image.licenses=MIT","manifest:org.opencontainers.image.revision=c92fed8adc260732accc9cf8fb7f577bdf6c7f27","manifest:org.opencontainers.image.source=https://github.com/sst2020/ai-teaching-assistant","manifest:org.opencontainers.image.title=ai-teaching-assistant","manifest:org.opencontainers.image.url=https://github.com/sst2020/ai-teaching-assistant","manifest:org.opencontainers.image.version=main"]}
2026-01-27T12:42:46.0858168Z   DOCKER_METADATA_OUTPUT_BAKE_FILE_TAGS: /home/runner/work/_temp/docker-actions-toolkit-o34Ar8/docker-metadata-action-bake-tags.json
2026-01-27T12:42:46.0859021Z   DOCKER_METADATA_OUTPUT_BAKE_FILE_LABELS: /home/runner/work/_temp/docker-actions-toolkit-o34Ar8/docker-metadata-action-bake-labels.json
2026-01-27T12:42:46.0859914Z   DOCKER_METADATA_OUTPUT_BAKE_FILE_ANNOTATIONS: /home/runner/work/_temp/docker-actions-toolkit-o34Ar8/docker-metadata-action-bake-annotations.json
2026-01-27T12:42:46.0860854Z   DOCKER_METADATA_OUTPUT_BAKE_FILE: /home/runner/work/_temp/docker-actions-toolkit-o34Ar8/docker-metadata-action-bake.json
2026-01-27T12:42:46.0861500Z ##[endgroup]
2026-01-27T12:42:46.2974722Z ##[group]GitHub Actions runtime token ACs
2026-01-27T12:42:46.2984741Z refs/heads/main: read/write
2026-01-27T12:42:46.2985840Z ##[endgroup]
2026-01-27T12:42:46.2986631Z ##[group]Docker info
2026-01-27T12:42:46.3027042Z [command]/usr/bin/docker version
2026-01-27T12:42:46.3208437Z Client: Docker Engine - Community
2026-01-27T12:42:46.3208941Z  Version:           28.0.4
2026-01-27T12:42:46.3209184Z  API version:       1.48
2026-01-27T12:42:46.3209441Z  Go version:        go1.23.7
2026-01-27T12:42:46.3209674Z  Git commit:        b8034c0
2026-01-27T12:42:46.3209912Z  Built:             Tue Mar 25 15:07:16 2025
2026-01-27T12:42:46.3210168Z  OS/Arch:           linux/amd64
2026-01-27T12:42:46.3210391Z  Context:           default
2026-01-27T12:42:46.3210552Z 
2026-01-27T12:42:46.3210644Z Server: Docker Engine - Community
2026-01-27T12:42:46.3210870Z  Engine:
2026-01-27T12:42:46.3211047Z   Version:          28.0.4
2026-01-27T12:42:46.3211283Z   API version:      1.48 (minimum version 1.24)
2026-01-27T12:42:46.3211544Z   Go version:       go1.23.7
2026-01-27T12:42:46.3211760Z   Git commit:       6430e49
2026-01-27T12:42:46.3212009Z   Built:            Tue Mar 25 15:07:16 2025
2026-01-27T12:42:46.3212261Z   OS/Arch:          linux/amd64
2026-01-27T12:42:46.3212483Z   Experimental:     false
2026-01-27T12:42:46.3212690Z  containerd:
2026-01-27T12:42:46.3212870Z   Version:          v2.2.1
2026-01-27T12:42:46.3213146Z   GitCommit:        dea7da592f5d1d2b7755e3a161be07f43fad8f75
2026-01-27T12:42:46.3213658Z  runc:
2026-01-27T12:42:46.3213825Z   Version:          1.3.4
2026-01-27T12:42:46.3214043Z   GitCommit:        v1.3.4-0-gd6d73eb8
2026-01-27T12:42:46.3214286Z  docker-init:
2026-01-27T12:42:46.3214476Z   Version:          0.19.0
2026-01-27T12:42:46.3214694Z   GitCommit:        de40ad0
2026-01-27T12:42:46.3241791Z [command]/usr/bin/docker info
2026-01-27T12:42:46.3687044Z Client: Docker Engine - Community
2026-01-27T12:42:46.3687945Z  Version:    28.0.4
2026-01-27T12:42:46.3688794Z  Context:    default
2026-01-27T12:42:46.3689203Z  Debug Mode: false
2026-01-27T12:42:46.3689658Z  Plugins:
2026-01-27T12:42:46.3689990Z   buildx: Docker Buildx (Docker Inc.)
2026-01-27T12:42:46.3690425Z     Version:  v0.30.1
2026-01-27T12:42:46.3690880Z     Path:     /usr/libexec/docker/cli-plugins/docker-buildx
2026-01-27T12:42:46.3691377Z   compose: Docker Compose (Docker Inc.)
2026-01-27T12:42:46.3692325Z     Version:  v2.38.2
2026-01-27T12:42:46.3698554Z     Path:     /usr/libexec/docker/cli-plugins/docker-compose
2026-01-27T12:42:46.3699037Z 
2026-01-27T12:42:46.3699161Z Server:
2026-01-27T12:42:46.3699455Z  Containers: 1
2026-01-27T12:42:46.3699766Z   Running: 1
2026-01-27T12:42:46.3700052Z   Paused: 0
2026-01-27T12:42:46.3700337Z   Stopped: 0
2026-01-27T12:42:46.3700627Z  Images: 3
2026-01-27T12:42:46.3700920Z  Server Version: 28.0.4
2026-01-27T12:42:46.3701277Z  Storage Driver: overlay2
2026-01-27T12:42:46.3701640Z   Backing Filesystem: extfs
2026-01-27T12:42:46.3702017Z   Supports d_type: true
2026-01-27T12:42:46.3702370Z   Using metacopy: false
2026-01-27T12:42:46.3702625Z   Native Overlay Diff: false
2026-01-27T12:42:46.3702852Z   userxattr: false
2026-01-27T12:42:46.3703044Z  Logging Driver: json-file
2026-01-27T12:42:46.3703697Z  Cgroup Driver: systemd
2026-01-27T12:42:46.3703905Z  Cgroup Version: 2
2026-01-27T12:42:46.3704089Z  Plugins:
2026-01-27T12:42:46.3704262Z   Volume: local
2026-01-27T12:42:46.3704484Z   Network: bridge host ipvlan macvlan null overlay
2026-01-27T12:42:46.3705445Z   Log: awslogs fluentd gcplogs gelf journald json-file local splunk syslog
2026-01-27T12:42:46.3706060Z  Swarm: inactive
2026-01-27T12:42:46.3706417Z  Runtimes: io.containerd.runc.v2 runc
2026-01-27T12:42:46.3706843Z  Default Runtime: runc
2026-01-27T12:42:46.3707064Z  Init Binary: docker-init
2026-01-27T12:42:46.3707470Z  containerd version: dea7da592f5d1d2b7755e3a161be07f43fad8f75
2026-01-27T12:42:46.3707793Z  runc version: v1.3.4-0-gd6d73eb8
2026-01-27T12:42:46.3708033Z  init version: de40ad0
2026-01-27T12:42:46.3708233Z  Security Options:
2026-01-27T12:42:46.3708415Z   apparmor
2026-01-27T12:42:46.3708576Z   seccomp
2026-01-27T12:42:46.3708796Z    Profile: builtin
2026-01-27T12:42:46.3709042Z   cgroupns
2026-01-27T12:42:46.3709224Z  Kernel Version: 6.11.0-1018-azure
2026-01-27T12:42:46.3709475Z  Operating System: Ubuntu 24.04.3 LTS
2026-01-27T12:42:46.3709707Z  OSType: linux
2026-01-27T12:42:46.3709892Z  Architecture: x86_64
2026-01-27T12:42:46.3710086Z  CPUs: 4
2026-01-27T12:42:46.3710283Z  Total Memory: 15.62GiB
2026-01-27T12:42:46.3710485Z  Name: runnervmymu0l
2026-01-27T12:42:46.3710697Z  ID: 6d647f4b-a064-4489-8a08-7cb8635b8d79
2026-01-27T12:42:46.3710966Z  Docker Root Dir: /var/lib/docker
2026-01-27T12:42:46.3711194Z  Debug Mode: false
2026-01-27T12:42:46.3711483Z  Username: ***
2026-01-27T12:42:46.3711676Z  Experimental: false
2026-01-27T12:42:46.3711882Z  Insecure Registries:
2026-01-27T12:42:46.3712099Z   ::1/128
2026-01-27T12:42:46.3712263Z   127.0.0.0/8
2026-01-27T12:42:46.3712463Z  Live Restore Enabled: false
2026-01-27T12:42:46.3712664Z 
2026-01-27T12:42:46.3713070Z ##[endgroup]
2026-01-27T12:42:46.3713669Z ##[group]Proxy configuration
2026-01-27T12:42:46.3714023Z No proxy configuration found
2026-01-27T12:42:46.3714564Z ##[endgroup]
2026-01-27T12:42:46.4244032Z ##[group]Buildx version
2026-01-27T12:42:46.4267215Z [command]/usr/bin/docker buildx version
2026-01-27T12:42:46.4736567Z github.com/docker/buildx v0.30.1 9e66234aa13328a5e75b75aa5574e1ca6d6d9c01
2026-01-27T12:42:46.4758301Z ##[endgroup]
2026-01-27T12:42:46.4758749Z ##[group]Builder info
2026-01-27T12:42:46.5564728Z {
2026-01-27T12:42:46.5565091Z   "nodes": [
2026-01-27T12:42:46.5565351Z     {
2026-01-27T12:42:46.5565632Z       "name": "builder-6dbc98c4-02f5-4875-9db6-d6e25693aa700",
2026-01-27T12:42:46.5565992Z       "endpoint": "unix:///var/run/docker.sock",
2026-01-27T12:42:46.5566302Z       "status": "running",
2026-01-27T12:42:46.5566802Z       "buildkitd-flags": "--allow-insecure-entitlement security.insecure --allow-insecure-entitlement network.host",
2026-01-27T12:42:46.5567313Z       "buildkit": "v0.26.3",
2026-01-27T12:42:46.5568039Z       "platforms": "linux/amd64,linux/amd64/v2,linux/amd64/v3,linux/amd64/v4,linux/arm64,linux/riscv64,linux/ppc64le,linux/s390x,linux/386,linux/mips64le,linux/mips64,linux/loong64,linux/arm/v7,linux/arm/v6",
2026-01-27T12:42:46.5568767Z       "features": {
2026-01-27T12:42:46.5569060Z         "Automatically load images to the Docker Engine image store": true,
2026-01-27T12:42:46.5569427Z         "Cache export": true,
2026-01-27T12:42:46.5569652Z         "Direct push": true,
2026-01-27T12:42:46.5569873Z         "Docker exporter": true,
2026-01-27T12:42:46.5570106Z         "Multi-platform build": true,
2026-01-27T12:42:46.5570353Z         "OCI exporter": true
2026-01-27T12:42:46.5570564Z       },
2026-01-27T12:42:46.5570729Z       "labels": {
2026-01-27T12:42:46.5570981Z         "org.mobyproject.buildkit.worker.executor": "oci",
2026-01-27T12:42:46.5571359Z         "org.mobyproject.buildkit.worker.hostname": "b8157ccdb9fa",
2026-01-27T12:42:46.5571744Z         "org.mobyproject.buildkit.worker.network": "host",
2026-01-27T12:42:46.5572144Z         "org.mobyproject.buildkit.worker.oci.process-mode": "sandbox",
2026-01-27T12:42:46.5572577Z         "org.mobyproject.buildkit.worker.selinux.enabled": "false",
2026-01-27T12:42:46.5572992Z         "org.mobyproject.buildkit.worker.snapshotter": "overlayfs"
2026-01-27T12:42:46.5573495Z       },
2026-01-27T12:42:46.5573660Z       "gcPolicy": [
2026-01-27T12:42:46.5574169Z         {
2026-01-27T12:42:46.5574350Z           "all": false,
2026-01-27T12:42:46.5574554Z           "filter": [
2026-01-27T12:42:46.5574764Z             "type==source.local",
2026-01-27T12:42:46.5575004Z             "type==exec.cachemount",
2026-01-27T12:42:46.5575263Z             "type==source.git.checkout"
2026-01-27T12:42:46.5575599Z           ],
2026-01-27T12:42:46.5575794Z           "keepDuration": "48h0m0s"
2026-01-27T12:42:46.5576014Z         },
2026-01-27T12:42:46.5576180Z         {
2026-01-27T12:42:46.5576341Z           "all": false,
2026-01-27T12:42:46.5576555Z           "keepDuration": "1440h0m0s"
2026-01-27T12:42:46.5576785Z         },
2026-01-27T12:42:46.5576951Z         {
2026-01-27T12:42:46.5577120Z           "all": false
2026-01-27T12:42:46.5577307Z         },
2026-01-27T12:42:46.5577470Z         {
2026-01-27T12:42:46.5577634Z           "all": true
2026-01-27T12:42:46.5577823Z         }
2026-01-27T12:42:46.5577981Z       ]
2026-01-27T12:42:46.5578132Z     }
2026-01-27T12:42:46.5578292Z   ],
2026-01-27T12:42:46.5578520Z   "name": "builder-6dbc98c4-02f5-4875-9db6-d6e25693aa70",
2026-01-27T12:42:46.5578826Z   "driver": "docker-container",
2026-01-27T12:42:46.5579078Z   "lastActivity": "2026-01-27T12:42:40.000Z"
2026-01-27T12:42:46.5579314Z }
2026-01-27T12:42:46.5579751Z ##[endgroup]
2026-01-27T12:42:46.7157441Z [command]/usr/bin/docker buildx build --cache-from type=gha --cache-to type=gha,mode=max --file ./backend/Dockerfile --iidfile /home/runner/work/_temp/docker-actions-toolkit-IpTkJI/build-iidfile-1cc12549d4.txt --label org.opencontainers.image.created=2026-01-27T12:42:46.009Z --label org.opencontainers.image.description=A web application for AI-based question judging. --label org.opencontainers.image.licenses=MIT --label org.opencontainers.image.revision=c92fed8adc260732accc9cf8fb7f577bdf6c7f27 --label org.opencontainers.image.source=https://github.com/sst2020/ai-teaching-assistant --label org.opencontainers.image.title=ai-teaching-assistant --label org.opencontainers.image.url=https://github.com/sst2020/ai-teaching-assistant --label org.opencontainers.image.version=main --attest type=provenance,mode=max,builder-id=https://github.com/sst2020/ai-teaching-assistant/actions/runs/21397608717 --tag ***/ai-teaching-assistant-backend:main --metadata-file /home/runner/work/_temp/docker-actions-toolkit-IpTkJI/build-metadata-965488f752.json --push ./backend
2026-01-27T12:42:46.9791470Z #0 building with "builder-6dbc98c4-02f5-4875-9db6-d6e25693aa70" instance using docker-container driver
2026-01-27T12:42:46.9792274Z 
2026-01-27T12:42:46.9792441Z #1 [internal] load build definition from Dockerfile
2026-01-27T12:42:46.9792804Z #1 transferring dockerfile: 923B done
2026-01-27T12:42:46.9793100Z #1 DONE 0.0s
2026-01-27T12:42:46.9793482Z 
2026-01-27T12:42:46.9793693Z #2 [internal] load metadata for docker.io/library/python:3.11-slim
2026-01-27T12:42:47.1641522Z #2 ...
2026-01-27T12:42:47.1641870Z 
2026-01-27T12:42:47.1642210Z #3 [auth] library/python:pull token for registry-1.docker.io
2026-01-27T12:42:47.1642713Z #3 DONE 0.0s
2026-01-27T12:42:47.3142808Z 
2026-01-27T12:42:47.3143828Z #2 [internal] load metadata for docker.io/library/python:3.11-slim
2026-01-27T12:42:47.7013019Z #2 DONE 0.9s
2026-01-27T12:42:47.8680348Z 
2026-01-27T12:42:47.8680842Z #4 [internal] load .dockerignore
2026-01-27T12:42:47.8681444Z #4 transferring context: 2B done
2026-01-27T12:42:47.8681834Z #4 DONE 0.0s
2026-01-27T12:42:47.8681981Z 
2026-01-27T12:42:47.8682095Z #5 [internal] load build context
2026-01-27T12:42:47.8682351Z #5 DONE 0.0s
2026-01-27T12:42:47.8682478Z 
2026-01-27T12:42:47.8682924Z #6 [1/6] FROM docker.io/library/python:3.11-slim@sha256:5be45dbade29bebd6886af6b438fd7e0b4eb7b611f39ba62b430263f82de36d2
2026-01-27T12:42:47.8684129Z #6 resolve docker.io/library/python:3.11-slim@sha256:5be45dbade29bebd6886af6b438fd7e0b4eb7b611f39ba62b430263f82de36d2 done
2026-01-27T12:42:47.8684739Z #6 DONE 0.0s
2026-01-27T12:42:47.8684863Z 
2026-01-27T12:42:47.8685422Z #7 importing cache manifest from gha:7923874984335183054
2026-01-27T12:42:48.1470138Z #7 DONE 0.4s
2026-01-27T12:42:48.3211222Z 
2026-01-27T12:42:48.3211681Z #5 [internal] load build context
2026-01-27T12:42:48.3213020Z #5 transferring context: 1.28MB 0.0s done
2026-01-27T12:42:48.3213687Z #5 DONE 0.1s
2026-01-27T12:42:48.3213877Z 
2026-01-27T12:42:48.3214643Z #6 [1/6] FROM docker.io/library/python:3.11-slim@sha256:5be45dbade29bebd6886af6b438fd7e0b4eb7b611f39ba62b430263f82de36d2
2026-01-27T12:42:48.3215334Z #6 sha256:3e731abb5c1dd05aef62585d392d31ad26089dc4c031730e5ab0225aef80b3f2 0B / 14.36MB 0.2s
2026-01-27T12:42:48.4345732Z #6 sha256:3e731abb5c1dd05aef62585d392d31ad26089dc4c031730e5ab0225aef80b3f2 14.36MB / 14.36MB 0.3s done
2026-01-27T12:42:48.4347193Z #6 sha256:5b09819094bb89d5b2416ff2fb03f68666a5372c358cfd22f2b62d7f6660d906 0B / 1.29MB 0.2s
2026-01-27T12:42:48.4348501Z #6 sha256:119d43eec815e5f9a47da3a7d59454581b1e204b0c34db86f171b7ceb3336533 0B / 29.77MB 0.2s
2026-01-27T12:42:48.4349323Z #6 sha256:0b2bf04f68e9f306a8a83f57c6ced322a23968bf3d5acebc07e055c090240826 0B / 250B 0.2s
2026-01-27T12:42:48.6285913Z #6 sha256:5b09819094bb89d5b2416ff2fb03f68666a5372c358cfd22f2b62d7f6660d906 1.29MB / 1.29MB 0.3s done
2026-01-27T12:42:48.6287429Z #6 sha256:0b2bf04f68e9f306a8a83f57c6ced322a23968bf3d5acebc07e055c090240826 250B / 250B 0.3s done
2026-01-27T12:42:48.6288081Z #6 sha256:119d43eec815e5f9a47da3a7d59454581b1e204b0c34db86f171b7ceb3336533 25.17MB / 29.77MB 0.5s
2026-01-27T12:42:48.8106546Z #6 sha256:119d43eec815e5f9a47da3a7d59454581b1e204b0c34db86f171b7ceb3336533 29.77MB / 29.77MB 0.5s done
2026-01-27T12:42:48.8107717Z #6 extracting sha256:119d43eec815e5f9a47da3a7d59454581b1e204b0c34db86f171b7ceb3336533
2026-01-27T12:42:49.1615241Z #6 extracting sha256:119d43eec815e5f9a47da3a7d59454581b1e204b0c34db86f171b7ceb3336533 0.5s done
2026-01-27T12:42:49.1616053Z #6 DONE 1.0s
2026-01-27T12:42:49.3584366Z 
2026-01-27T12:42:49.3585413Z #6 [1/6] FROM docker.io/library/python:3.11-slim@sha256:5be45dbade29bebd6886af6b438fd7e0b4eb7b611f39ba62b430263f82de36d2
2026-01-27T12:42:49.3586781Z #6 extracting sha256:5b09819094bb89d5b2416ff2fb03f68666a5372c358cfd22f2b62d7f6660d906 0.0s done
2026-01-27T12:42:49.3587380Z #6 extracting sha256:3e731abb5c1dd05aef62585d392d31ad26089dc4c031730e5ab0225aef80b3f2
2026-01-27T12:42:49.5166994Z #6 extracting sha256:3e731abb5c1dd05aef62585d392d31ad26089dc4c031730e5ab0225aef80b3f2 0.3s done
2026-01-27T12:42:49.5167531Z #6 DONE 1.4s
2026-01-27T12:42:49.6996328Z 
2026-01-27T12:42:49.6997404Z #6 [1/6] FROM docker.io/library/python:3.11-slim@sha256:5be45dbade29bebd6886af6b438fd7e0b4eb7b611f39ba62b430263f82de36d2
2026-01-27T12:42:49.6998647Z #6 extracting sha256:0b2bf04f68e9f306a8a83f57c6ced322a23968bf3d5acebc07e055c090240826 done
2026-01-27T12:42:49.6999812Z #6 DONE 1.4s
2026-01-27T12:42:49.6999996Z 
2026-01-27T12:42:49.7000116Z #8 [2/6] WORKDIR /app
2026-01-27T12:42:49.7000429Z #8 DONE 0.1s
2026-01-27T12:42:49.7000563Z 
2026-01-27T12:42:49.7001057Z #9 [3/6] RUN apt-get update && apt-get install -y --no-install-recommends     gcc     && rm -rf /var/lib/apt/lists/*
2026-01-27T12:42:49.7002157Z #9 0.100 Hit:1 http://deb.debian.org/debian trixie InRelease
2026-01-27T12:42:49.8059016Z #9 0.101 Get:2 http://deb.debian.org/debian trixie-updates InRelease [47.3 kB]
2026-01-27T12:42:49.8060032Z #9 0.118 Get:3 http://deb.debian.org/debian-security trixie-security InRelease [43.4 kB]
2026-01-27T12:42:49.8060956Z #9 0.128 Get:4 http://deb.debian.org/debian trixie/main amd64 Packages [9670 kB]
2026-01-27T12:42:49.8061496Z #9 0.198 Get:5 http://deb.debian.org/debian trixie-updates/main amd64 Packages [5412 B]
2026-01-27T12:42:49.8062059Z #9 0.206 Get:6 http://deb.debian.org/debian-security trixie-security/main amd64 Packages [97.9 kB]
2026-01-27T12:42:50.4699385Z #9 0.870 Fetched 9864 kB in 1s (12.2 MB/s)
2026-01-27T12:42:50.9841268Z #9 0.870 Reading package lists...
2026-01-27T12:42:51.5170749Z #9 1.402 Reading package lists...
2026-01-27T12:42:51.6666524Z #9 1.929 Building dependency tree...
2026-01-27T12:42:51.6667063Z #9 2.067 Reading state information...
2026-01-27T12:42:51.8332166Z #9 2.234 The following additional packages will be installed:
2026-01-27T12:42:51.8334287Z #9 2.234   binutils binutils-common binutils-x86-64-linux-gnu cpp cpp-14
2026-01-27T12:42:51.9631632Z #9 2.234   cpp-14-x86-64-linux-gnu cpp-x86-64-linux-gnu gcc-14 gcc-14-x86-64-linux-gnu
2026-01-27T12:42:51.9632858Z #9 2.234   gcc-x86-64-linux-gnu libasan8 libatomic1 libbinutils libcc1-0 libctf-nobfd0
2026-01-27T12:42:51.9633864Z #9 2.234   libctf0 libgcc-14-dev libgomp1 libgprofng0 libhwasan0 libisl23 libitm1
2026-01-27T12:42:51.9634511Z #9 2.235   libjansson4 liblsan0 libmpc3 libmpfr6 libquadmath0 libsframe1 libtsan2
2026-01-27T12:42:51.9635044Z #9 2.235   libubsan1
2026-01-27T12:42:51.9635305Z #9 2.237 Suggested packages:
2026-01-27T12:42:51.9635885Z #9 2.237   binutils-doc gprofng-gui binutils-gold cpp-doc gcc-14-locales cpp-14-doc
2026-01-27T12:42:51.9636586Z #9 2.237   gcc-multilib make manpages-dev autoconf automake libtool flex bison gdb
2026-01-27T12:42:51.9637129Z #9 2.237   gcc-doc gcc-14-multilib gcc-14-doc gdb-x86-64-linux-gnu
2026-01-27T12:42:51.9637611Z #9 2.237 Recommended packages:
2026-01-27T12:42:51.9637920Z #9 2.237   libc6-dev | libc-dev libc6-dev libc-dev
2026-01-27T12:42:51.9638389Z #9 2.316 The following NEW packages will be installed:
2026-01-27T12:42:51.9638770Z #9 2.316   binutils binutils-common binutils-x86-64-linux-gnu cpp cpp-14
2026-01-27T12:42:51.9639332Z #9 2.316   cpp-14-x86-64-linux-gnu cpp-x86-64-linux-gnu gcc gcc-14
2026-01-27T12:42:51.9639854Z #9 2.317   gcc-14-x86-64-linux-gnu gcc-x86-64-linux-gnu libasan8 libatomic1 libbinutils
2026-01-27T12:42:51.9640369Z #9 2.317   libcc1-0 libctf-nobfd0 libctf0 libgcc-14-dev libgomp1 libgprofng0 libhwasan0
2026-01-27T12:42:51.9640930Z #9 2.317   libisl23 libitm1 libjansson4 liblsan0 libmpc3 libmpfr6 libquadmath0
2026-01-27T12:42:51.9641329Z #9 2.318   libsframe1 libtsan2 libubsan1
2026-01-27T12:42:51.9641745Z #9 2.364 0 upgraded, 31 newly installed, 0 to remove and 0 not upgraded.
2026-01-27T12:42:51.9642105Z #9 2.364 Need to get 51.9 MB of archives.
2026-01-27T12:42:51.9642547Z #9 2.364 After this operation, 192 MB of additional disk space will be used.
2026-01-27T12:42:51.9643148Z #9 2.364 Get:1 http://deb.debian.org/debian trixie/main amd64 libsframe1 amd64 2.44-3 [78.4 kB]
2026-01-27T12:42:52.0702483Z #9 2.381 Get:2 http://deb.debian.org/debian trixie/main amd64 binutils-common amd64 2.44-3 [2509 kB]
2026-01-27T12:42:52.0703918Z #9 2.416 Get:3 http://deb.debian.org/debian trixie/main amd64 libbinutils amd64 2.44-3 [534 kB]
2026-01-27T12:42:52.0704835Z #9 2.425 Get:4 http://deb.debian.org/debian trixie/main amd64 libgprofng0 amd64 2.44-3 [808 kB]
2026-01-27T12:42:52.0705869Z #9 2.428 Get:5 http://deb.debian.org/debian trixie/main amd64 libctf-nobfd0 amd64 2.44-3 [156 kB]
2026-01-27T12:42:52.0706744Z #9 2.429 Get:6 http://deb.debian.org/debian trixie/main amd64 libctf0 amd64 2.44-3 [88.6 kB]
2026-01-27T12:42:52.0707681Z #9 2.430 Get:7 http://deb.debian.org/debian trixie/main amd64 libjansson4 amd64 2.14-2+b3 [39.8 kB]
2026-01-27T12:42:52.0708715Z #9 2.430 Get:8 http://deb.debian.org/debian trixie/main amd64 binutils-x86-64-linux-gnu amd64 2.44-3 [1014 kB]
2026-01-27T12:42:52.0709707Z #9 2.433 Get:9 http://deb.debian.org/debian trixie/main amd64 binutils amd64 2.44-3 [265 kB]
2026-01-27T12:42:52.0710732Z #9 2.434 Get:10 http://deb.debian.org/debian trixie/main amd64 libisl23 amd64 0.27-1 [659 kB]
2026-01-27T12:42:52.0711738Z #9 2.436 Get:11 http://deb.debian.org/debian trixie/main amd64 libmpfr6 amd64 4.2.2-1 [729 kB]
2026-01-27T12:42:52.0712696Z #9 2.438 Get:12 http://deb.debian.org/debian trixie/main amd64 libmpc3 amd64 1.3.1-1+b3 [52.2 kB]
2026-01-27T12:42:52.0714068Z #9 2.439 Get:13 http://deb.debian.org/debian trixie/main amd64 cpp-14-x86-64-linux-gnu amd64 14.2.0-19 [11.0 MB]
2026-01-27T12:42:52.0715103Z #9 2.470 Get:14 http://deb.debian.org/debian trixie/main amd64 cpp-14 amd64 14.2.0-19 [1280 B]
2026-01-27T12:42:52.1873672Z #9 2.470 Get:15 http://deb.debian.org/debian trixie/main amd64 cpp-x86-64-linux-gnu amd64 4:14.2.0-1 [4840 B]
2026-01-27T12:42:52.1875302Z #9 2.471 Get:16 http://deb.debian.org/debian trixie/main amd64 cpp amd64 4:14.2.0-1 [1568 B]
2026-01-27T12:42:52.1876353Z #9 2.471 Get:17 http://deb.debian.org/debian trixie/main amd64 libcc1-0 amd64 14.2.0-19 [42.8 kB]
2026-01-27T12:42:52.1877376Z #9 2.471 Get:18 http://deb.debian.org/debian trixie/main amd64 libgomp1 amd64 14.2.0-19 [137 kB]
2026-01-27T12:42:52.1878608Z #9 2.473 Get:19 http://deb.debian.org/debian trixie/main amd64 libitm1 amd64 14.2.0-19 [26.0 kB]
2026-01-27T12:42:52.1879641Z #9 2.473 Get:20 http://deb.debian.org/debian trixie/main amd64 libatomic1 amd64 14.2.0-19 [9308 B]
2026-01-27T12:42:52.1880772Z #9 2.473 Get:21 http://deb.debian.org/debian trixie/main amd64 libasan8 amd64 14.2.0-19 [2725 kB]
2026-01-27T12:42:52.1881787Z #9 2.481 Get:22 http://deb.debian.org/debian trixie/main amd64 liblsan0 amd64 14.2.0-19 [1204 kB]
2026-01-27T12:42:52.1882785Z #9 2.486 Get:23 http://deb.debian.org/debian trixie/main amd64 libtsan2 amd64 14.2.0-19 [2460 kB]
2026-01-27T12:42:52.1883866Z #9 2.502 Get:24 http://deb.debian.org/debian trixie/main amd64 libubsan1 amd64 14.2.0-19 [1074 kB]
2026-01-27T12:42:52.1884731Z #9 2.506 Get:25 http://deb.debian.org/debian trixie/main amd64 libhwasan0 amd64 14.2.0-19 [1488 kB]
2026-01-27T12:42:52.1885633Z #9 2.510 Get:26 http://deb.debian.org/debian trixie/main amd64 libquadmath0 amd64 14.2.0-19 [145 kB]
2026-01-27T12:42:52.1886949Z #9 2.511 Get:27 http://deb.debian.org/debian trixie/main amd64 libgcc-14-dev amd64 14.2.0-19 [2672 kB]
2026-01-27T12:42:52.1890251Z #9 2.522 Get:28 http://deb.debian.org/debian trixie/main amd64 gcc-14-x86-64-linux-gnu amd64 14.2.0-19 [21.4 MB]
2026-01-27T12:42:52.1891522Z #9 2.588 Get:29 http://deb.debian.org/debian trixie/main amd64 gcc-14 amd64 14.2.0-19 [540 kB]
2026-01-27T12:42:52.2919679Z #9 2.590 Get:30 http://deb.debian.org/debian trixie/main amd64 gcc-x86-64-linux-gnu amd64 4:14.2.0-1 [1436 B]
2026-01-27T12:42:52.2920774Z #9 2.590 Get:31 http://deb.debian.org/debian trixie/main amd64 gcc amd64 4:14.2.0-1 [5136 B]
2026-01-27T12:42:52.2921482Z #9 2.692 debconf: unable to initialize frontend: Dialog
2026-01-27T12:42:52.2921942Z #9 2.692 debconf: (TERM is not set, so the dialog frontend is not usable.)
2026-01-27T12:42:52.2922365Z #9 2.692 debconf: falling back to frontend: Readline
2026-01-27T12:42:52.4469391Z #9 2.693 debconf: unable to initialize frontend: Readline
2026-01-27T12:42:52.4471536Z #9 2.693 debconf: (Can't locate Term/ReadLine.pm in @INC (you may need to install the Term::ReadLine module) (@INC entries checked: /etc/perl /usr/local/lib/x86_64-linux-gnu/perl/5.40.1 /usr/local/share/perl/5.40.1 /usr/lib/x86_64-linux-gnu/perl5/5.40 /usr/share/perl5 /usr/lib/x86_64-linux-gnu/perl-base /usr/lib/x86_64-linux-gnu/perl/5.40 /usr/share/perl/5.40 /usr/local/lib/site_perl) at /usr/share/perl5/Debconf/FrontEnd/Readline.pm line 8, <STDIN> line 31.)
2026-01-27T12:42:52.4473948Z #9 2.693 debconf: falling back to frontend: Teletype
2026-01-27T12:42:52.4474360Z #9 2.697 debconf: unable to initialize frontend: Teletype
2026-01-27T12:42:52.4474811Z #9 2.697 debconf: (This frontend requires a controlling tty.)
2026-01-27T12:42:52.4475242Z #9 2.697 debconf: falling back to frontend: Noninteractive
2026-01-27T12:42:53.3600657Z #9 3.761 Fetched 51.9 MB in 0s (197 MB/s)
2026-01-27T12:42:53.5161568Z #9 3.774 Selecting previously unselected package libsframe1:amd64.
2026-01-27T12:42:53.5162148Z #9 3.774 (Reading database ... 
2026-01-27T12:42:53.5162452Z (Reading database ... 5%
2026-01-27T12:42:53.5162686Z (Reading database ... 10%
2026-01-27T12:42:53.5162908Z (Reading database ... 15%
2026-01-27T12:42:53.5163132Z (Reading database ... 20%
2026-01-27T12:42:53.5163482Z (Reading database ... 25%
2026-01-27T12:42:53.5163688Z (Reading database ... 30%
2026-01-27T12:42:53.5163904Z (Reading database ... 35%
2026-01-27T12:42:53.5164224Z (Reading database ... 40%
2026-01-27T12:42:53.5164513Z (Reading database ... 45%
2026-01-27T12:42:53.5164828Z (Reading database ... 50%
2026-01-27T12:42:53.5165244Z (Reading database ... 55%
2026-01-27T12:42:53.5165912Z (Reading database ... 60%
2026-01-27T12:42:53.5166411Z (Reading database ... 65%
2026-01-27T12:42:53.5166740Z (Reading database ... 70%
2026-01-27T12:42:53.5167059Z (Reading database ... 75%
2026-01-27T12:42:53.5167361Z (Reading database ... 80%
2026-01-27T12:42:53.5167682Z (Reading database ... 85%
2026-01-27T12:42:53.5168213Z (Reading database ... 90%
2026-01-27T12:42:53.5168662Z (Reading database ... 95%
2026-01-27T12:42:53.5168972Z (Reading database ... 100%
2026-01-27T12:42:53.5169469Z (Reading database ... 5645 files and directories currently installed.)
2026-01-27T12:42:53.5170207Z #9 3.778 Preparing to unpack .../00-libsframe1_2.44-3_amd64.deb ...
2026-01-27T12:42:53.5170568Z #9 3.780 Unpacking libsframe1:amd64 (2.44-3) ...
2026-01-27T12:42:53.5171015Z #9 3.796 Selecting previously unselected package binutils-common:amd64.
2026-01-27T12:42:53.5171442Z #9 3.797 Preparing to unpack .../01-binutils-common_2.44-3_amd64.deb ...
2026-01-27T12:42:53.5171972Z #9 3.798 Unpacking binutils-common:amd64 (2.44-3) ...
2026-01-27T12:42:53.5172427Z #9 3.917 Selecting previously unselected package libbinutils:amd64.
2026-01-27T12:42:53.6277876Z #9 3.918 Preparing to unpack .../02-libbinutils_2.44-3_amd64.deb ...
2026-01-27T12:42:53.6278799Z #9 3.919 Unpacking libbinutils:amd64 (2.44-3) ...
2026-01-27T12:42:53.6279928Z #9 3.958 Selecting previously unselected package libgprofng0:amd64.
2026-01-27T12:42:53.6281115Z #9 3.959 Preparing to unpack .../03-libgprofng0_2.44-3_amd64.deb ...
2026-01-27T12:42:53.6281742Z #9 3.960 Unpacking libgprofng0:amd64 (2.44-3) ...
2026-01-27T12:42:53.6282529Z #9 4.009 Selecting previously unselected package libctf-nobfd0:amd64.
2026-01-27T12:42:53.6283598Z #9 4.010 Preparing to unpack .../04-libctf-nobfd0_2.44-3_amd64.deb ...
2026-01-27T12:42:53.6284201Z #9 4.011 Unpacking libctf-nobfd0:amd64 (2.44-3) ...
2026-01-27T12:42:53.6284616Z #9 4.028 Selecting previously unselected package libctf0:amd64.
2026-01-27T12:42:53.7344181Z #9 4.030 Preparing to unpack .../05-libctf0_2.44-3_amd64.deb ...
2026-01-27T12:42:53.7344832Z #9 4.030 Unpacking libctf0:amd64 (2.44-3) ...
2026-01-27T12:42:53.7345439Z #9 4.047 Selecting previously unselected package libjansson4:amd64.
2026-01-27T12:42:53.7346057Z #9 4.048 Preparing to unpack .../06-libjansson4_2.14-2+b3_amd64.deb ...
2026-01-27T12:42:53.7346602Z #9 4.049 Unpacking libjansson4:amd64 (2.14-2+b3) ...
2026-01-27T12:42:53.7346997Z #9 4.063 Selecting previously unselected package binutils-x86-64-linux-gnu.
2026-01-27T12:42:53.7347594Z #9 4.064 Preparing to unpack .../07-binutils-x86-64-linux-gnu_2.44-3_amd64.deb ...
2026-01-27T12:42:53.7348202Z #9 4.065 Unpacking binutils-x86-64-linux-gnu (2.44-3) ...
2026-01-27T12:42:53.7348749Z #9 4.135 Selecting previously unselected package binutils.
2026-01-27T12:42:53.8380027Z #9 4.136 Preparing to unpack .../08-binutils_2.44-3_amd64.deb ...
2026-01-27T12:42:53.8380623Z #9 4.138 Unpacking binutils (2.44-3) ...
2026-01-27T12:42:53.8381158Z #9 4.164 Selecting previously unselected package libisl23:amd64.
2026-01-27T12:42:53.8381824Z #9 4.165 Preparing to unpack .../09-libisl23_0.27-1_amd64.deb ...
2026-01-27T12:42:53.8382156Z #9 4.166 Unpacking libisl23:amd64 (0.27-1) ...
2026-01-27T12:42:53.8382622Z #9 4.207 Selecting previously unselected package libmpfr6:amd64.
2026-01-27T12:42:53.8383320Z #9 4.208 Preparing to unpack .../10-libmpfr6_4.2.2-1_amd64.deb ...
2026-01-27T12:42:53.8383901Z #9 4.209 Unpacking libmpfr6:amd64 (4.2.2-1) ...
2026-01-27T12:42:53.8384443Z #9 4.239 Selecting previously unselected package libmpc3:amd64.
2026-01-27T12:42:54.0056128Z #9 4.240 Preparing to unpack .../11-libmpc3_1.3.1-1+b3_amd64.deb ...
2026-01-27T12:42:54.0056650Z #9 4.241 Unpacking libmpc3:amd64 (1.3.1-1+b3) ...
2026-01-27T12:42:54.0057035Z #9 4.254 Selecting previously unselected package cpp-14-x86-64-linux-gnu.
2026-01-27T12:42:54.0057496Z #9 4.255 Preparing to unpack .../12-cpp-14-x86-64-linux-gnu_14.2.0-19_amd64.deb ...
2026-01-27T12:42:54.0057916Z #9 4.256 Unpacking cpp-14-x86-64-linux-gnu (14.2.0-19) ...
2026-01-27T12:42:54.2454376Z #9 4.646 Selecting previously unselected package cpp-14.
2026-01-27T12:42:54.3490195Z #9 4.647 Preparing to unpack .../13-cpp-14_14.2.0-19_amd64.deb ...
2026-01-27T12:42:54.3490800Z #9 4.648 Unpacking cpp-14 (14.2.0-19) ...
2026-01-27T12:42:54.3491369Z #9 4.659 Selecting previously unselected package cpp-x86-64-linux-gnu.
2026-01-27T12:42:54.3492311Z #9 4.660 Preparing to unpack .../14-cpp-x86-64-linux-gnu_4%3a14.2.0-1_amd64.deb ...
2026-01-27T12:42:54.3492730Z #9 4.661 Unpacking cpp-x86-64-linux-gnu (4:14.2.0-1) ...
2026-01-27T12:42:54.3493067Z #9 4.675 Selecting previously unselected package cpp.
2026-01-27T12:42:54.3494173Z #9 4.676 Preparing to unpack .../15-cpp_4%3a14.2.0-1_amd64.deb ...
2026-01-27T12:42:54.3494622Z #9 4.682 Unpacking cpp (4:14.2.0-1) ...
2026-01-27T12:42:54.3495094Z #9 4.695 Selecting previously unselected package libcc1-0:amd64.
2026-01-27T12:42:54.3495672Z #9 4.696 Preparing to unpack .../16-libcc1-0_14.2.0-19_amd64.deb ...
2026-01-27T12:42:54.3496231Z #9 4.697 Unpacking libcc1-0:amd64 (14.2.0-19) ...
2026-01-27T12:42:54.3496755Z #9 4.713 Selecting previously unselected package libgomp1:amd64.
2026-01-27T12:42:54.3497317Z #9 4.714 Preparing to unpack .../17-libgomp1_14.2.0-19_amd64.deb ...
2026-01-27T12:42:54.3497827Z #9 4.715 Unpacking libgomp1:amd64 (14.2.0-19) ...
2026-01-27T12:42:54.3498356Z #9 4.734 Selecting previously unselected package libitm1:amd64.
2026-01-27T12:42:54.3499324Z #9 4.735 Preparing to unpack .../18-libitm1_14.2.0-19_amd64.deb ...
2026-01-27T12:42:54.3499961Z #9 4.736 Unpacking libitm1:amd64 (14.2.0-19) ...
2026-01-27T12:42:54.3500456Z #9 4.750 Selecting previously unselected package libatomic1:amd64.
2026-01-27T12:42:54.4986796Z #9 4.751 Preparing to unpack .../19-libatomic1_14.2.0-19_amd64.deb ...
2026-01-27T12:42:54.4987469Z #9 4.752 Unpacking libatomic1:amd64 (14.2.0-19) ...
2026-01-27T12:42:54.4987978Z #9 4.765 Selecting previously unselected package libasan8:amd64.
2026-01-27T12:42:54.4988483Z #9 4.766 Preparing to unpack .../20-libasan8_14.2.0-19_amd64.deb ...
2026-01-27T12:42:54.4988845Z #9 4.767 Unpacking libasan8:amd64 (14.2.0-19) ...
2026-01-27T12:42:54.4989263Z #9 4.899 Selecting previously unselected package liblsan0:amd64.
2026-01-27T12:42:54.6832132Z #9 4.900 Preparing to unpack .../21-liblsan0_14.2.0-19_amd64.deb ...
2026-01-27T12:42:54.6832826Z #9 4.901 Unpacking liblsan0:amd64 (14.2.0-19) ...
2026-01-27T12:42:54.6833511Z #9 4.964 Selecting previously unselected package libtsan2:amd64.
2026-01-27T12:42:54.6834207Z #9 4.965 Preparing to unpack .../22-libtsan2_14.2.0-19_amd64.deb ...
2026-01-27T12:42:54.6834813Z #9 4.966 Unpacking libtsan2:amd64 (14.2.0-19) ...
2026-01-27T12:42:54.6835410Z #9 5.084 Selecting previously unselected package libubsan1:amd64.
2026-01-27T12:42:54.8247139Z #9 5.085 Preparing to unpack .../23-libubsan1_14.2.0-19_amd64.deb ...
2026-01-27T12:42:54.8247827Z #9 5.086 Unpacking libubsan1:amd64 (14.2.0-19) ...
2026-01-27T12:42:54.8248456Z #9 5.145 Selecting previously unselected package libhwasan0:amd64.
2026-01-27T12:42:54.8249122Z #9 5.146 Preparing to unpack .../24-libhwasan0_14.2.0-19_amd64.deb ...
2026-01-27T12:42:54.8249681Z #9 5.147 Unpacking libhwasan0:amd64 (14.2.0-19) ...
2026-01-27T12:42:54.8250189Z #9 5.225 Selecting previously unselected package libquadmath0:amd64.
2026-01-27T12:42:54.9554053Z #9 5.227 Preparing to unpack .../25-libquadmath0_14.2.0-19_amd64.deb ...
2026-01-27T12:42:54.9554627Z #9 5.227 Unpacking libquadmath0:amd64 (14.2.0-19) ...
2026-01-27T12:42:54.9555058Z #9 5.244 Selecting previously unselected package libgcc-14-dev:amd64.
2026-01-27T12:42:54.9555531Z #9 5.245 Preparing to unpack .../26-libgcc-14-dev_14.2.0-19_amd64.deb ...
2026-01-27T12:42:54.9555973Z #9 5.246 Unpacking libgcc-14-dev:amd64 (14.2.0-19) ...
2026-01-27T12:42:54.9556356Z #9 5.356 Selecting previously unselected package gcc-14-x86-64-linux-gnu.
2026-01-27T12:42:55.1080469Z #9 5.357 Preparing to unpack .../27-gcc-14-x86-64-linux-gnu_14.2.0-19_amd64.deb ...
2026-01-27T12:42:55.1082114Z #9 5.358 Unpacking gcc-14-x86-64-linux-gnu (14.2.0-19) ...
2026-01-27T12:42:55.4708276Z #9 5.871 Selecting previously unselected package gcc-14.
2026-01-27T12:42:55.5782788Z #9 5.873 Preparing to unpack .../28-gcc-14_14.2.0-19_amd64.deb ...
2026-01-27T12:42:55.5783637Z #9 5.873 Unpacking gcc-14 (14.2.0-19) ...
2026-01-27T12:42:55.5784021Z #9 5.892 Selecting previously unselected package gcc-x86-64-linux-gnu.
2026-01-27T12:42:55.5784968Z #9 5.893 Preparing to unpack .../29-gcc-x86-64-linux-gnu_4%3a14.2.0-1_amd64.deb ...
2026-01-27T12:42:55.5785407Z #9 5.893 Unpacking gcc-x86-64-linux-gnu (4:14.2.0-1) ...
2026-01-27T12:42:55.5785762Z #9 5.904 Selecting previously unselected package gcc.
2026-01-27T12:42:55.5786188Z #9 5.905 Preparing to unpack .../30-gcc_4%3a14.2.0-1_amd64.deb ...
2026-01-27T12:42:55.5786570Z #9 5.906 Unpacking gcc (4:14.2.0-1) ...
2026-01-27T12:42:55.5786948Z #9 5.920 Setting up binutils-common:amd64 (2.44-3) ...
2026-01-27T12:42:55.5787341Z #9 5.922 Setting up libctf-nobfd0:amd64 (2.44-3) ...
2026-01-27T12:42:55.5787748Z #9 5.924 Setting up libgomp1:amd64 (14.2.0-19) ...
2026-01-27T12:42:55.5788052Z #9 5.926 Setting up libsframe1:amd64 (2.44-3) ...
2026-01-27T12:42:55.5788441Z #9 5.928 Setting up libjansson4:amd64 (2.14-2+b3) ...
2026-01-27T12:42:55.5788821Z #9 5.930 Setting up libmpfr6:amd64 (4.2.2-1) ...
2026-01-27T12:42:55.5789200Z #9 5.931 Setting up libquadmath0:amd64 (14.2.0-19) ...
2026-01-27T12:42:55.5789563Z #9 5.933 Setting up libmpc3:amd64 (1.3.1-1+b3) ...
2026-01-27T12:42:55.5789911Z #9 5.935 Setting up libatomic1:amd64 (14.2.0-19) ...
2026-01-27T12:42:55.5790205Z #9 5.937 Setting up libubsan1:amd64 (14.2.0-19) ...
2026-01-27T12:42:55.5790497Z #9 5.939 Setting up libhwasan0:amd64 (14.2.0-19) ...
2026-01-27T12:42:55.5790852Z #9 5.941 Setting up libasan8:amd64 (14.2.0-19) ...
2026-01-27T12:42:55.5791136Z #9 5.943 Setting up libtsan2:amd64 (14.2.0-19) ...
2026-01-27T12:42:55.5791470Z #9 5.945 Setting up libbinutils:amd64 (2.44-3) ...
2026-01-27T12:42:55.5791912Z #9 5.947 Setting up libisl23:amd64 (0.27-1) ...
2026-01-27T12:42:55.5792265Z #9 5.948 Setting up libcc1-0:amd64 (14.2.0-19) ...
2026-01-27T12:42:55.5792549Z #9 5.951 Setting up liblsan0:amd64 (14.2.0-19) ...
2026-01-27T12:42:55.5792827Z #9 5.953 Setting up libitm1:amd64 (14.2.0-19) ...
2026-01-27T12:42:55.5793167Z #9 5.955 Setting up libctf0:amd64 (2.44-3) ...
2026-01-27T12:42:55.5793771Z #9 5.957 Setting up libgprofng0:amd64 (2.44-3) ...
2026-01-27T12:42:55.5794219Z #9 5.959 Setting up cpp-14-x86-64-linux-gnu (14.2.0-19) ...
2026-01-27T12:42:55.5794528Z #9 5.961 Setting up cpp-14 (14.2.0-19) ...
2026-01-27T12:42:55.5794864Z #9 5.963 Setting up libgcc-14-dev:amd64 (14.2.0-19) ...
2026-01-27T12:42:55.5795273Z #9 5.964 Setting up binutils-x86-64-linux-gnu (2.44-3) ...
2026-01-27T12:42:55.5795699Z #9 5.966 Setting up cpp-x86-64-linux-gnu (4:14.2.0-1) ...
2026-01-27T12:42:55.5796044Z #9 5.969 Setting up binutils (2.44-3) ...
2026-01-27T12:42:55.5796296Z #9 5.971 Setting up cpp (4:14.2.0-1) ...
2026-01-27T12:42:55.5796709Z #9 5.979 Setting up gcc-14-x86-64-linux-gnu (14.2.0-19) ...
2026-01-27T12:42:55.7415987Z #9 5.981 Setting up gcc-x86-64-linux-gnu (4:14.2.0-1) ...
2026-01-27T12:42:55.7417001Z #9 5.983 Setting up gcc-14 (14.2.0-19) ...
2026-01-27T12:42:55.7418194Z #9 5.985 Setting up gcc (4:14.2.0-1) ...
2026-01-27T12:42:55.7418905Z #9 5.992 Processing triggers for libc-bin (2.41-12+deb13u1) ...
2026-01-27T12:42:55.7459261Z #9 DONE 6.1s
2026-01-27T12:42:55.9082747Z 
2026-01-27T12:42:55.9083446Z #10 [4/6] COPY requirements.txt .
2026-01-27T12:42:55.9083949Z #10 DONE 0.0s
2026-01-27T12:42:55.9084095Z 
2026-01-27T12:42:55.9084471Z #11 [5/6] RUN pip install --no-cache-dir --upgrade pip &&     pip install --no-cache-dir -r requirements.txt
2026-01-27T12:42:56.9693785Z #11 1.212 Requirement already satisfied: pip in /usr/local/lib/python3.11/site-packages (24.0)
2026-01-27T12:42:57.0795043Z #11 1.322 Collecting pip
2026-01-27T12:42:57.1815199Z #11 1.365   Downloading pip-25.3-py3-none-any.whl.metadata (4.7 kB)
2026-01-27T12:42:57.1815985Z #11 1.377 Downloading pip-25.3-py3-none-any.whl (1.8 MB)
2026-01-27T12:42:57.3564864Z #11 1.424    ━━━━━━━━━━━━━━━━━━━━━━━━━━━━━━━━━━━━━━━━ 1.8/1.8 MB 40.7 MB/s eta 0:00:00
2026-01-27T12:42:57.3565518Z #11 1.483 Installing collected packages: pip
2026-01-27T12:42:57.3565824Z #11 1.483   Attempting uninstall: pip
2026-01-27T12:42:57.3566124Z #11 1.486     Found existing installation: pip 24.0
2026-01-27T12:42:57.3566556Z #11 1.520     Uninstalling pip-24.0:
2026-01-27T12:42:57.3566833Z #11 1.599       Successfully uninstalled pip-24.0
2026-01-27T12:42:58.0159751Z #11 2.258 Successfully installed pip-25.3
2026-01-27T12:42:58.1666298Z #11 2.258 WARNING: Running pip as the 'root' user can result in broken permissions and conflicting behaviour with the system package manager. It is recommended to use a virtual environment instead: https://pip.pypa.io/warnings/venv
2026-01-27T12:42:58.8757545Z #11 3.118 Collecting fastapi>=0.104.0 (from -r requirements.txt (line 6))
2026-01-27T12:42:58.9798550Z #11 3.174   Downloading fastapi-0.128.0-py3-none-any.whl.metadata (30 kB)
2026-01-27T12:42:58.9799613Z #11 3.222 Collecting uvicorn>=0.24.0 (from uvicorn[standard]>=0.24.0->-r requirements.txt (line 7))
2026-01-27T12:42:59.1194324Z #11 3.233   Downloading uvicorn-0.40.0-py3-none-any.whl.metadata (6.7 kB)
2026-01-27T12:42:59.1195377Z #11 3.249 Collecting python-multipart>=0.0.6 (from -r requirements.txt (line 8))
2026-01-27T12:42:59.1196467Z #11 3.260   Downloading python_multipart-0.0.22-py3-none-any.whl.metadata (1.8 kB)
2026-01-27T12:42:59.1197558Z #11 3.362 Collecting pydantic>=2.5.0 (from pydantic[email]>=2.5.0->-r requirements.txt (line 11))
2026-01-27T12:42:59.2279414Z #11 3.372   Downloading pydantic-2.12.5-py3-none-any.whl.metadata (90 kB)
2026-01-27T12:42:59.2280263Z #11 3.401 Collecting pydantic-settings>=2.1.0 (from -r requirements.txt (line 12))
2026-01-27T12:42:59.2280784Z #11 3.411   Downloading pydantic_settings-2.12.0-py3-none-any.whl.metadata (3.4 kB)
2026-01-27T12:42:59.2281281Z #11 3.428 Collecting email-validator>=2.0.0 (from -r requirements.txt (line 13))
2026-01-27T12:42:59.2281801Z #11 3.439   Downloading email_validator-2.3.0-py3-none-any.whl.metadata (26 kB)
2026-01-27T12:42:59.2282251Z #11 3.460 Collecting httpx>=0.25.0 (from -r requirements.txt (line 16))
2026-01-27T12:42:59.2282673Z #11 3.470   Downloading httpx-0.28.1-py3-none-any.whl.metadata (7.1 kB)
2026-01-27T12:42:59.6399212Z #11 3.882 Collecting aiohttp>=3.9.0 (from -r requirements.txt (line 17))
2026-01-27T12:42:59.8278171Z #11 3.892   Downloading aiohttp-3.13.3-cp311-cp311-manylinux2014_x86_64.manylinux_2_17_x86_64.manylinux_2_28_x86_64.whl.metadata (8.1 kB)
2026-01-27T12:42:59.8279493Z #11 3.909 Collecting aiofiles>=23.2.0 (from -r requirements.txt (line 20))
2026-01-27T12:42:59.8280347Z #11 3.919   Downloading aiofiles-25.1.0-py3-none-any.whl.metadata (6.3 kB)
2026-01-27T12:42:59.9210543Z #11 4.163 Collecting sqlalchemy>=2.0.0 (from -r requirements.txt (line 23))
2026-01-27T12:43:00.0696173Z #11 4.174   Downloading sqlalchemy-2.0.46-cp311-cp311-manylinux2014_x86_64.manylinux_2_17_x86_64.manylinux_2_28_x86_64.whl.metadata (9.5 kB)
2026-01-27T12:43:00.0697155Z #11 4.195 Collecting aiosqlite>=0.19.0 (from -r requirements.txt (line 24))
2026-01-27T12:43:00.0697721Z #11 4.205   Downloading aiosqlite-0.22.1-py3-none-any.whl.metadata (4.3 kB)
2026-01-27T12:43:00.0698258Z #11 4.246 Collecting asyncpg>=0.29.0 (from -r requirements.txt (line 25))
2026-01-27T12:43:00.0699030Z #11 4.257   Downloading asyncpg-0.31.0-cp311-cp311-manylinux2014_x86_64.manylinux_2_17_x86_64.manylinux_2_28_x86_64.whl.metadata (4.4 kB)
2026-01-27T12:43:00.0699821Z #11 4.312 Collecting psycopg2-binary>=2.9.0 (from -r requirements.txt (line 26))
2026-01-27T12:43:00.1752149Z #11 4.322   Downloading psycopg2_binary-2.9.11-cp311-cp311-manylinux2014_x86_64.manylinux_2_17_x86_64.whl.metadata (4.9 kB)
2026-01-27T12:43:00.1754056Z #11 4.346 Collecting alembic>=1.13.0 (from -r requirements.txt (line 27))
2026-01-27T12:43:00.1754734Z #11 4.357   Downloading alembic-1.18.1-py3-none-any.whl.metadata (7.2 kB)
2026-01-27T12:43:00.1755696Z #11 4.417 Collecting openai>=1.3.0 (from -r requirements.txt (line 30))
2026-01-27T12:43:00.2790562Z #11 4.428   Downloading openai-2.15.0-py3-none-any.whl.metadata (29 kB)
2026-01-27T12:43:00.2791555Z #11 4.465 Collecting tiktoken>=0.5.0 (from -r requirements.txt (line 31))
2026-01-27T12:43:00.2792335Z #11 4.475   Downloading tiktoken-0.12.0-cp311-cp311-manylinux_2_28_x86_64.whl.metadata (6.7 kB)
2026-01-27T12:43:00.2793625Z #11 4.491 Collecting python-docx>=1.0.0 (from -r requirements.txt (line 40))
2026-01-27T12:43:00.2794317Z #11 4.502   Downloading python_docx-1.2.0-py3-none-any.whl.metadata (2.0 kB)
2026-01-27T12:43:00.2794865Z #11 4.521 Collecting PyPDF2>=3.0.0 (from -r requirements.txt (line 41))
2026-01-27T12:43:00.3809596Z #11 4.532   Downloading pypdf2-3.0.1-py3-none-any.whl.metadata (6.8 kB)
2026-01-27T12:43:00.3810365Z #11 4.548 Collecting pycodestyle>=2.11.0 (from -r requirements.txt (line 44))
2026-01-27T12:43:00.3811080Z #11 4.558   Downloading pycodestyle-2.14.0-py2.py3-none-any.whl.metadata (4.5 kB)
2026-01-27T12:43:00.3811844Z #11 4.577 Collecting radon>=6.0.0 (from -r requirements.txt (line 45))
2026-01-27T12:43:00.3812452Z #11 4.588   Downloading radon-6.0.1-py2.py3-none-any.whl.metadata (8.2 kB)
2026-01-27T12:43:00.3812900Z #11 4.623 Collecting pylint>=3.0.0 (from -r requirements.txt (line 46))
2026-01-27T12:43:00.4888231Z #11 4.633   Downloading pylint-4.0.4-py3-none-any.whl.metadata (12 kB)
2026-01-27T12:43:00.4889224Z #11 4.654 Collecting bandit>=1.7.0 (from -r requirements.txt (line 47))
2026-01-27T12:43:00.4890143Z #11 4.665   Downloading bandit-1.9.3-py3-none-any.whl.metadata (7.1 kB)
2026-01-27T12:43:00.4890969Z #11 4.699 Collecting pytest>=7.4.0 (from -r requirements.txt (line 50))
2026-01-27T12:43:00.4891585Z #11 4.709   Downloading pytest-9.0.2-py3-none-any.whl.metadata (7.6 kB)
2026-01-27T12:43:00.4892121Z #11 4.731 Collecting pytest-asyncio>=0.21.0 (from -r requirements.txt (line 51))
2026-01-27T12:43:00.6093389Z #11 4.742   Downloading pytest_asyncio-1.3.0-py3-none-any.whl.metadata (4.1 kB)
2026-01-27T12:43:00.6094238Z #11 4.760 Collecting pytest-cov>=4.1.0 (from -r requirements.txt (line 52))
2026-01-27T12:43:00.6094946Z #11 4.771   Downloading pytest_cov-7.0.0-py3-none-any.whl.metadata (31 kB)
2026-01-27T12:43:00.6095545Z #11 4.791 Collecting python-dotenv>=1.0.0 (from -r requirements.txt (line 56))
2026-01-27T12:43:00.6096162Z #11 4.803   Downloading python_dotenv-1.2.1-py3-none-any.whl.metadata (25 kB)
2026-01-27T12:43:00.6096806Z #11 4.851 Collecting black>=23.0.0 (from -r requirements.txt (line 57))
2026-01-27T12:43:00.7098344Z #11 4.862   Downloading black-26.1.0-cp311-cp311-manylinux2014_x86_64.manylinux_2_17_x86_64.manylinux_2_28_x86_64.whl.metadata (88 kB)
2026-01-27T12:43:00.7099719Z #11 4.941 Collecting isort>=5.12.0 (from -r requirements.txt (line 58))
2026-01-27T12:43:00.7100269Z #11 4.952   Downloading isort-7.0.0-py3-none-any.whl.metadata (11 kB)
2026-01-27T12:43:00.8131308Z #11 5.038 Collecting mypy>=1.7.0 (from -r requirements.txt (line 59))
2026-01-27T12:43:00.8132730Z #11 5.055   Downloading mypy-1.19.1-cp311-cp311-manylinux2014_x86_64.manylinux_2_17_x86_64.manylinux_2_28_x86_64.whl.metadata (2.2 kB)
2026-01-27T12:43:01.1461360Z #11 5.388 Collecting ruff>=0.1.0 (from -r requirements.txt (line 60))
2026-01-27T12:43:01.2616299Z #11 5.399   Downloading ruff-0.14.14-py3-none-manylinux_2_17_x86_64.manylinux2014_x86_64.whl.metadata (26 kB)
2026-01-27T12:43:01.2617064Z #11 5.419 Collecting cachetools>=5.3.0 (from -r requirements.txt (line 63))
2026-01-27T12:43:01.2617632Z #11 5.429   Downloading cachetools-6.2.5-py3-none-any.whl.metadata (5.6 kB)
2026-01-27T12:43:01.2618183Z #11 5.445 Collecting loguru>=0.7.0 (from -r requirements.txt (line 66))
2026-01-27T12:43:01.2618705Z #11 5.457   Downloading loguru-0.7.3-py3-none-any.whl.metadata (22 kB)
2026-01-27T12:43:01.2619350Z #11 5.477 Collecting python-jose>=3.3.0 (from python-jose[cryptography]>=3.3.0->-r requirements.txt (line 69))
2026-01-27T12:43:01.2620027Z #11 5.488   Downloading python_jose-3.5.0-py2.py3-none-any.whl.metadata (5.5 kB)
2026-01-27T12:43:01.2620977Z #11 5.504 Collecting passlib>=1.7.0 (from passlib[bcrypt]>=1.7.0->-r requirements.txt (line 70))
2026-01-27T12:43:01.3680103Z #11 5.517   Downloading passlib-1.7.4-py2.py3-none-any.whl.metadata (1.7 kB)
2026-01-27T12:43:01.3681139Z #11 5.547 Collecting starlette<0.51.0,>=0.40.0 (from fastapi>=0.104.0->-r requirements.txt (line 6))
2026-01-27T12:43:01.3682303Z #11 5.558   Downloading starlette-0.50.0-py3-none-any.whl.metadata (6.3 kB)
2026-01-27T12:43:01.3683058Z #11 5.587 Collecting typing-extensions>=4.8.0 (from fastapi>=0.104.0->-r requirements.txt (line 6))
2026-01-27T12:43:01.3683944Z #11 5.598   Downloading typing_extensions-4.15.0-py3-none-any.whl.metadata (3.3 kB)
2026-01-27T12:43:01.3684699Z #11 5.610 Collecting annotated-doc>=0.0.2 (from fastapi>=0.104.0->-r requirements.txt (line 6))
2026-01-27T12:43:01.4758936Z #11 5.620   Downloading annotated_doc-0.0.4-py3-none-any.whl.metadata (6.6 kB)
2026-01-27T12:43:01.4760124Z #11 5.642 Collecting anyio<5,>=3.6.2 (from starlette<0.51.0,>=0.40.0->fastapi>=0.104.0->-r requirements.txt (line 6))
2026-01-27T12:43:01.4761197Z #11 5.652   Downloading anyio-4.12.1-py3-none-any.whl.metadata (4.3 kB)
2026-01-27T12:43:01.4762228Z #11 5.672 Collecting idna>=2.8 (from anyio<5,>=3.6.2->starlette<0.51.0,>=0.40.0->fastapi>=0.104.0->-r requirements.txt (line 6))
2026-01-27T12:43:01.4763171Z #11 5.683   Downloading idna-3.11-py3-none-any.whl.metadata (8.4 kB)
2026-01-27T12:43:01.4764097Z #11 5.707 Collecting click>=7.0 (from uvicorn>=0.24.0->uvicorn[standard]>=0.24.0->-r requirements.txt (line 7))
2026-01-27T12:43:01.4764676Z #11 5.718   Downloading click-8.3.1-py3-none-any.whl.metadata (2.6 kB)
2026-01-27T12:43:01.6767934Z #11 5.732 Collecting h11>=0.8 (from uvicorn>=0.24.0->uvicorn[standard]>=0.24.0->-r requirements.txt (line 7))
2026-01-27T12:43:01.6769009Z #11 5.742   Downloading h11-0.16.0-py3-none-any.whl.metadata (8.3 kB)
2026-01-27T12:43:01.6770140Z #11 5.757 Collecting annotated-types>=0.6.0 (from pydantic>=2.5.0->pydantic[email]>=2.5.0->-r requirements.txt (line 11))
2026-01-27T12:43:01.6771306Z #11 5.768   Downloading annotated_types-0.7.0-py3-none-any.whl.metadata (15 kB)
2026-01-27T12:43:02.0968453Z #11 6.339 Collecting pydantic-core==2.41.5 (from pydantic>=2.5.0->pydantic[email]>=2.5.0->-r requirements.txt (line 11))
2026-01-27T12:43:02.2015665Z #11 6.349   Downloading pydantic_core-2.41.5-cp311-cp311-manylinux_2_17_x86_64.manylinux2014_x86_64.whl.metadata (7.3 kB)
2026-01-27T12:43:02.2016861Z #11 6.366 Collecting typing-inspection>=0.4.2 (from pydantic>=2.5.0->pydantic[email]>=2.5.0->-r requirements.txt (line 11))
2026-01-27T12:43:02.2017505Z #11 6.376   Downloading typing_inspection-0.4.2-py3-none-any.whl.metadata (2.6 kB)
2026-01-27T12:43:02.2018048Z #11 6.397 Collecting dnspython>=2.0.0 (from email-validator>=2.0.0->-r requirements.txt (line 13))
2026-01-27T12:43:02.2018576Z #11 6.408   Downloading dnspython-2.8.0-py3-none-any.whl.metadata (5.7 kB)
2026-01-27T12:43:02.2019080Z #11 6.433 Collecting certifi (from httpx>=0.25.0->-r requirements.txt (line 16))
2026-01-27T12:43:02.2019544Z #11 6.444   Downloading certifi-2026.1.4-py3-none-any.whl.metadata (2.5 kB)
2026-01-27T12:43:02.3066297Z #11 6.464 Collecting httpcore==1.* (from httpx>=0.25.0->-r requirements.txt (line 16))
2026-01-27T12:43:02.3067144Z #11 6.475   Downloading httpcore-1.0.9-py3-none-any.whl.metadata (21 kB)
2026-01-27T12:43:02.3067900Z #11 6.498 Collecting aiohappyeyeballs>=2.5.0 (from aiohttp>=3.9.0->-r requirements.txt (line 17))
2026-01-27T12:43:02.3068656Z #11 6.508   Downloading aiohappyeyeballs-2.6.1-py3-none-any.whl.metadata (5.9 kB)
2026-01-27T12:43:02.3069360Z #11 6.522 Collecting aiosignal>=1.4.0 (from aiohttp>=3.9.0->-r requirements.txt (line 17))
2026-01-27T12:43:02.3070031Z #11 6.532   Downloading aiosignal-1.4.0-py3-none-any.whl.metadata (3.7 kB)
2026-01-27T12:43:02.3070595Z #11 6.549 Collecting attrs>=17.3.0 (from aiohttp>=3.9.0->-r requirements.txt (line 17))
2026-01-27T12:43:02.5351882Z #11 6.559   Downloading attrs-25.4.0-py3-none-any.whl.metadata (10 kB)
2026-01-27T12:43:02.5352974Z #11 6.616 Collecting frozenlist>=1.1.1 (from aiohttp>=3.9.0->-r requirements.txt (line 17))
2026-01-27T12:43:02.5354066Z #11 6.627   Downloading frozenlist-1.8.0-cp311-cp311-manylinux1_x86_64.manylinux_2_28_x86_64.manylinux_2_5_x86_64.whl.metadata (20 kB)
2026-01-27T12:43:02.6529334Z #11 6.895 Collecting multidict<7.0,>=4.5 (from aiohttp>=3.9.0->-r requirements.txt (line 17))
2026-01-27T12:43:02.8741041Z #11 6.906   Downloading multidict-6.7.1-cp311-cp311-manylinux2014_x86_64.manylinux_2_17_x86_64.manylinux_2_28_x86_64.whl.metadata (5.3 kB)
2026-01-27T12:43:02.8742431Z #11 6.953 Collecting propcache>=0.2.0 (from aiohttp>=3.9.0->-r requirements.txt (line 17))
2026-01-27T12:43:02.8743985Z #11 6.966   Downloading propcache-0.4.1-cp311-cp311-manylinux2014_x86_64.manylinux_2_17_x86_64.manylinux_2_28_x86_64.whl.metadata (13 kB)
2026-01-27T12:43:02.9235363Z #11 7.166 Collecting yarl<2.0,>=1.17.0 (from aiohttp>=3.9.0->-r requirements.txt (line 17))
2026-01-27T12:43:03.0555512Z #11 7.176   Downloading yarl-1.22.0-cp311-cp311-manylinux2014_x86_64.manylinux_2_17_x86_64.manylinux_2_28_x86_64.whl.metadata (75 kB)
2026-01-27T12:43:03.0556643Z #11 7.298 Collecting greenlet>=1 (from sqlalchemy>=2.0.0->-r requirements.txt (line 23))
2026-01-27T12:43:03.1569839Z #11 7.308   Downloading greenlet-3.3.1-cp311-cp311-manylinux_2_24_x86_64.manylinux_2_28_x86_64.whl.metadata (3.7 kB)
2026-01-27T12:43:03.1570649Z #11 7.349 Collecting Mako (from alembic>=1.13.0->-r requirements.txt (line 27))
2026-01-27T12:43:03.1571199Z #11 7.362   Downloading mako-1.3.10-py3-none-any.whl.metadata (2.9 kB)
2026-01-27T12:43:03.1571760Z #11 7.389 Collecting distro<2,>=1.7.0 (from openai>=1.3.0->-r requirements.txt (line 30))
2026-01-27T12:43:03.1572318Z #11 7.399   Downloading distro-1.9.0-py3-none-any.whl.metadata (6.8 kB)
2026-01-27T12:43:03.2608590Z #11 7.465 Collecting jiter<1,>=0.10.0 (from openai>=1.3.0->-r requirements.txt (line 30))
2026-01-27T12:43:03.2609698Z #11 7.476   Downloading jiter-0.12.0-cp311-cp311-manylinux_2_17_x86_64.manylinux2014_x86_64.whl.metadata (5.2 kB)
2026-01-27T12:43:03.2610764Z #11 7.503 Collecting sniffio (from openai>=1.3.0->-r requirements.txt (line 30))
2026-01-27T12:43:03.4655639Z #11 7.513   Downloading sniffio-1.3.1-py3-none-any.whl.metadata (3.9 kB)
2026-01-27T12:43:03.4656278Z #11 7.547 Collecting tqdm>4 (from openai>=1.3.0->-r requirements.txt (line 30))
2026-01-27T12:43:03.4656853Z #11 7.557   Downloading tqdm-4.67.1-py3-none-any.whl.metadata (57 kB)
2026-01-27T12:43:03.6992279Z #11 7.941 Collecting regex>=2022.1.18 (from tiktoken>=0.5.0->-r requirements.txt (line 31))
2026-01-27T12:43:03.8936188Z #11 7.952   Downloading regex-2026.1.15-cp311-cp311-manylinux2014_x86_64.manylinux_2_17_x86_64.manylinux_2_28_x86_64.whl.metadata (40 kB)
2026-01-27T12:43:03.8937279Z #11 7.979 Collecting requests>=2.26.0 (from tiktoken>=0.5.0->-r requirements.txt (line 31))
2026-01-27T12:43:03.8938038Z #11 7.989   Downloading requests-2.32.5-py3-none-any.whl.metadata (4.9 kB)
2026-01-27T12:43:03.8938695Z #11 8.136 Collecting lxml>=3.1.0 (from python-docx>=1.0.0->-r requirements.txt (line 40))
2026-01-27T12:43:04.0327452Z #11 8.147   Downloading lxml-6.0.2-cp311-cp311-manylinux_2_26_x86_64.manylinux_2_28_x86_64.whl.metadata (3.6 kB)
2026-01-27T12:43:04.0328327Z #11 8.169 Collecting mando<0.8,>=0.6 (from radon>=6.0.0->-r requirements.txt (line 45))
2026-01-27T12:43:04.0329038Z #11 8.180   Downloading mando-0.7.1-py2.py3-none-any.whl.metadata (7.4 kB)
2026-01-27T12:43:04.0329706Z #11 8.198 Collecting colorama>=0.4.1 (from radon>=6.0.0->-r requirements.txt (line 45))
2026-01-27T12:43:04.0330409Z #11 8.208   Downloading colorama-0.4.6-py2.py3-none-any.whl.metadata (17 kB)
2026-01-27T12:43:04.0331102Z #11 8.225 Collecting six (from mando<0.8,>=0.6->radon>=6.0.0->-r requirements.txt (line 45))
2026-01-27T12:43:04.0331763Z #11 8.236   Downloading six-1.17.0-py2.py3-none-any.whl.metadata (1.7 kB)
2026-01-27T12:43:04.0332392Z #11 8.275 Collecting astroid<=4.1.dev0,>=4.0.2 (from pylint>=3.0.0->-r requirements.txt (line 46))
2026-01-27T12:43:04.1335402Z #11 8.285   Downloading astroid-4.0.3-py3-none-any.whl.metadata (4.4 kB)
2026-01-27T12:43:04.1336461Z #11 8.301 Collecting dill>=0.3.6 (from pylint>=3.0.0->-r requirements.txt (line 46))
2026-01-27T12:43:04.1337156Z #11 8.312   Downloading dill-0.4.1-py3-none-any.whl.metadata (10 kB)
2026-01-27T12:43:04.1337842Z #11 8.336 Collecting mccabe<0.8,>=0.6 (from pylint>=3.0.0->-r requirements.txt (line 46))
2026-01-27T12:43:04.1338415Z #11 8.345   Downloading mccabe-0.7.0-py2.py3-none-any.whl.metadata (5.0 kB)
2026-01-27T12:43:04.1339012Z #11 8.366 Collecting platformdirs>=2.2 (from pylint>=3.0.0->-r requirements.txt (line 46))
2026-01-27T12:43:04.1339614Z #11 8.376   Downloading platformdirs-4.5.1-py3-none-any.whl.metadata (12 kB)
2026-01-27T12:43:04.2358629Z #11 8.396 Collecting tomlkit>=0.10.1 (from pylint>=3.0.0->-r requirements.txt (line 46))
2026-01-27T12:43:04.2359333Z #11 8.406   Downloading tomlkit-0.14.0-py3-none-any.whl.metadata (2.8 kB)
2026-01-27T12:43:04.2359954Z #11 8.444 Collecting PyYAML>=5.3.1 (from bandit>=1.7.0->-r requirements.txt (line 47))
2026-01-27T12:43:04.2360761Z #11 8.454   Downloading pyyaml-6.0.3-cp311-cp311-manylinux2014_x86_64.manylinux_2_17_x86_64.manylinux_2_28_x86_64.whl.metadata (2.4 kB)
2026-01-27T12:43:04.2361573Z #11 8.478 Collecting stevedore>=1.20.0 (from bandit>=1.7.0->-r requirements.txt (line 47))
2026-01-27T12:43:04.3373480Z #11 8.488   Downloading stevedore-5.6.0-py3-none-any.whl.metadata (2.3 kB)
2026-01-27T12:43:04.3374154Z #11 8.525 Collecting rich (from bandit>=1.7.0->-r requirements.txt (line 47))
2026-01-27T12:43:04.3374694Z #11 8.536   Downloading rich-14.3.1-py3-none-any.whl.metadata (18 kB)
2026-01-27T12:43:04.3375264Z #11 8.552 Collecting iniconfig>=1.0.1 (from pytest>=7.4.0->-r requirements.txt (line 50))
2026-01-27T12:43:04.3375864Z #11 8.562   Downloading iniconfig-2.3.0-py3-none-any.whl.metadata (2.5 kB)
2026-01-27T12:43:04.3376436Z #11 8.580 Collecting packaging>=22 (from pytest>=7.4.0->-r requirements.txt (line 50))
2026-01-27T12:43:04.5543527Z #11 8.590   Downloading packaging-26.0-py3-none-any.whl.metadata (3.3 kB)
2026-01-27T12:43:04.5544994Z #11 8.605 Collecting pluggy<2,>=1.5 (from pytest>=7.4.0->-r requirements.txt (line 50))
2026-01-27T12:43:04.5546344Z #11 8.615   Downloading pluggy-1.6.0-py3-none-any.whl.metadata (4.8 kB)
2026-01-27T12:43:04.5547673Z #11 8.636 Collecting pygments>=2.7.2 (from pytest>=7.4.0->-r requirements.txt (line 50))
2026-01-27T12:43:04.5549090Z #11 8.646   Downloading pygments-2.19.2-py3-none-any.whl.metadata (2.5 kB)
2026-01-27T12:43:04.8148027Z #11 9.057 Collecting coverage>=7.10.6 (from coverage[toml]>=7.10.6->pytest-cov>=4.1.0->-r requirements.txt (line 52))
2026-01-27T12:43:04.9237019Z #11 9.067   Downloading coverage-7.13.2-cp311-cp311-manylinux1_x86_64.manylinux_2_28_x86_64.manylinux_2_5_x86_64.whl.metadata (8.5 kB)
2026-01-27T12:43:04.9238380Z #11 9.099 Collecting mypy-extensions>=0.4.3 (from black>=23.0.0->-r requirements.txt (line 57))
2026-01-27T12:43:04.9239372Z #11 9.109   Downloading mypy_extensions-1.1.0-py3-none-any.whl.metadata (1.1 kB)
2026-01-27T12:43:04.9240345Z #11 9.123 Collecting pathspec>=1.0.0 (from black>=23.0.0->-r requirements.txt (line 57))
2026-01-27T12:43:04.9241284Z #11 9.134   Downloading pathspec-1.0.4-py3-none-any.whl.metadata (13 kB)
2026-01-27T12:43:04.9242206Z #11 9.156 Collecting pytokens>=0.3.0 (from black>=23.0.0->-r requirements.txt (line 57))
2026-01-27T12:43:04.9243583Z #11 9.166   Downloading pytokens-0.4.0-cp311-cp311-manylinux2014_x86_64.manylinux_2_17_x86_64.manylinux_2_28_x86_64.whl.metadata (3.8 kB)
2026-01-27T12:43:05.0370340Z #11 9.247 Collecting librt>=0.6.2 (from mypy>=1.7.0->-r requirements.txt (line 59))
2026-01-27T12:43:05.0371499Z #11 9.257   Downloading librt-0.7.8-cp311-cp311-manylinux2014_x86_64.manylinux_2_17_x86_64.manylinux_2_28_x86_64.whl.metadata (1.3 kB)
2026-01-27T12:43:05.0372646Z #11 9.279 Collecting ecdsa!=0.15 (from python-jose>=3.3.0->python-jose[cryptography]>=3.3.0->-r requirements.txt (line 69))
2026-01-27T12:43:05.1915750Z #11 9.290   Downloading ecdsa-0.19.1-py2.py3-none-any.whl.metadata (29 kB)
2026-01-27T12:43:05.1917158Z #11 9.310 Collecting rsa!=4.1.1,!=4.4,<5.0,>=4.0 (from python-jose>=3.3.0->python-jose[cryptography]>=3.3.0->-r requirements.txt (line 69))
2026-01-27T12:43:05.1918069Z #11 9.320   Downloading rsa-4.9.1-py3-none-any.whl.metadata (5.6 kB)
2026-01-27T12:43:05.1919005Z #11 9.342 Collecting pyasn1>=0.5.0 (from python-jose>=3.3.0->python-jose[cryptography]>=3.3.0->-r requirements.txt (line 69))
2026-01-27T12:43:05.1919793Z #11 9.352   Downloading pyasn1-0.6.2-py3-none-any.whl.metadata (8.4 kB)
2026-01-27T12:43:05.1920454Z #11 9.434 Collecting bcrypt>=3.1.0 (from passlib[bcrypt]>=1.7.0->-r requirements.txt (line 70))
2026-01-27T12:43:05.3522684Z #11 9.444   Downloading bcrypt-5.0.0-cp39-abi3-manylinux_2_34_x86_64.whl.metadata (10 kB)
2026-01-27T12:43:05.3637097Z #11 9.606 Collecting cryptography>=3.4.0 (from python-jose[cryptography]>=3.3.0->-r requirements.txt (line 69))
2026-01-27T12:43:05.4757973Z #11 9.616   Downloading cryptography-46.0.3-cp311-abi3-manylinux_2_34_x86_64.whl.metadata (5.7 kB)
2026-01-27T12:43:05.4759137Z #11 9.705 Collecting cffi>=2.0.0 (from cryptography>=3.4.0->python-jose[cryptography]>=3.3.0->-r requirements.txt (line 69))
2026-01-27T12:43:05.4760002Z #11 9.718   Downloading cffi-2.0.0-cp311-cp311-manylinux2014_x86_64.manylinux_2_17_x86_64.whl.metadata (2.6 kB)
2026-01-27T12:43:05.5808924Z #11 9.734 Collecting pycparser (from cffi>=2.0.0->cryptography>=3.4.0->python-jose[cryptography]>=3.3.0->-r requirements.txt (line 69))
2026-01-27T12:43:05.5810332Z #11 9.744   Downloading pycparser-3.0-py3-none-any.whl.metadata (8.2 kB)
2026-01-27T12:43:05.5811534Z #11 9.823 Collecting charset_normalizer<4,>=2 (from requests>=2.26.0->tiktoken>=0.5.0->-r requirements.txt (line 31))
2026-01-27T12:43:05.6875671Z #11 9.833   Downloading charset_normalizer-3.4.4-cp311-cp311-manylinux2014_x86_64.manylinux_2_17_x86_64.manylinux_2_28_x86_64.whl.metadata (37 kB)
2026-01-27T12:43:05.6877268Z #11 9.866 Collecting urllib3<3,>=1.21.1 (from requests>=2.26.0->tiktoken>=0.5.0->-r requirements.txt (line 31))
2026-01-27T12:43:05.6877933Z #11 9.876   Downloading urllib3-2.6.3-py3-none-any.whl.metadata (6.9 kB)
2026-01-27T12:43:05.6878554Z #11 9.930 Collecting httptools>=0.6.3 (from uvicorn[standard]>=0.24.0->-r requirements.txt (line 7))
2026-01-27T12:43:05.8171631Z #11 9.940   Downloading httptools-0.7.1-cp311-cp311-manylinux1_x86_64.manylinux_2_28_x86_64.manylinux_2_5_x86_64.whl.metadata (3.5 kB)
2026-01-27T12:43:05.8173023Z #11 9.983 Collecting uvloop>=0.15.1 (from uvicorn[standard]>=0.24.0->-r requirements.txt (line 7))
2026-01-27T12:43:05.8173857Z #11 9.994   Downloading uvloop-0.22.1-cp311-cp311-manylinux2014_x86_64.manylinux_2_17_x86_64.manylinux_2_28_x86_64.whl.metadata (4.9 kB)
2026-01-27T12:43:05.8174552Z #11 10.06 Collecting watchfiles>=0.13 (from uvicorn[standard]>=0.24.0->-r requirements.txt (line 7))
2026-01-27T12:43:05.9758081Z #11 10.07   Downloading watchfiles-1.1.1-cp311-cp311-manylinux_2_17_x86_64.manylinux2014_x86_64.whl.metadata (4.9 kB)
2026-01-27T12:43:05.9759455Z #11 10.14 Collecting websockets>=10.4 (from uvicorn[standard]>=0.24.0->-r requirements.txt (line 7))
2026-01-27T12:43:05.9760309Z #11 10.15   Downloading websockets-16.0-cp311-cp311-manylinux1_x86_64.manylinux_2_28_x86_64.manylinux_2_5_x86_64.whl.metadata (6.8 kB)
2026-01-27T12:43:05.9761152Z #11 10.22 Collecting MarkupSafe>=0.9.2 (from Mako->alembic>=1.13.0->-r requirements.txt (line 27))
2026-01-27T12:43:06.0861186Z #11 10.23   Downloading markupsafe-3.0.3-cp311-cp311-manylinux2014_x86_64.manylinux_2_17_x86_64.manylinux_2_28_x86_64.whl.metadata (2.7 kB)
2026-01-27T12:43:06.0862668Z #11 10.25 Collecting markdown-it-py>=2.2.0 (from rich->bandit>=1.7.0->-r requirements.txt (line 47))
2026-01-27T12:43:06.0874893Z #11 10.26   Downloading markdown_it_py-4.0.0-py3-none-any.whl.metadata (7.3 kB)
2026-01-27T12:43:06.0875770Z #11 10.29 Collecting mdurl~=0.1 (from markdown-it-py>=2.2.0->rich->bandit>=1.7.0->-r requirements.txt (line 47))
2026-01-27T12:43:06.0876861Z #11 10.30   Downloading mdurl-0.1.2-py3-none-any.whl.metadata (1.6 kB)
2026-01-27T12:43:06.0877455Z #11 10.32 Downloading fastapi-0.128.0-py3-none-any.whl (103 kB)
2026-01-27T12:43:06.0878013Z #11 10.33 Downloading starlette-0.50.0-py3-none-any.whl (74 kB)
2026-01-27T12:43:06.1948011Z #11 10.34 Downloading anyio-4.12.1-py3-none-any.whl (113 kB)
2026-01-27T12:43:06.1949257Z #11 10.35 Downloading uvicorn-0.40.0-py3-none-any.whl (68 kB)
2026-01-27T12:43:06.1950095Z #11 10.36 Downloading python_multipart-0.0.22-py3-none-any.whl (24 kB)
2026-01-27T12:43:06.1950917Z #11 10.37 Downloading pydantic-2.12.5-py3-none-any.whl (463 kB)
2026-01-27T12:43:06.1951708Z #11 10.39 Downloading pydantic_core-2.41.5-cp311-cp311-manylinux_2_17_x86_64.manylinux2014_x86_64.whl (2.1 MB)
2026-01-27T12:43:06.1952658Z #11 10.41    ━━━━━━━━━━━━━━━━━━━━━━━━━━━━━━━━━━━━━━━━ 2.1/2.1 MB 173.9 MB/s  0:00:00
2026-01-27T12:43:06.1953159Z #11 10.42 Downloading pydantic_settings-2.12.0-py3-none-any.whl (51 kB)
2026-01-27T12:43:06.1953932Z #11 10.43 Downloading email_validator-2.3.0-py3-none-any.whl (35 kB)
2026-01-27T12:43:06.1954399Z #11 10.44 Downloading httpx-0.28.1-py3-none-any.whl (73 kB)
2026-01-27T12:43:06.2955214Z #11 10.45 Downloading httpcore-1.0.9-py3-none-any.whl (78 kB)
2026-01-27T12:43:06.2956178Z #11 10.46 Downloading aiohttp-3.13.3-cp311-cp311-manylinux2014_x86_64.manylinux_2_17_x86_64.manylinux_2_28_x86_64.whl (1.7 MB)
2026-01-27T12:43:06.2957317Z #11 10.46    ━━━━━━━━━━━━━━━━━━━━━━━━━━━━━━━━━━━━━━━━ 1.7/1.7 MB 546.3 MB/s  0:00:00
2026-01-27T12:43:06.2958268Z #11 10.47 Downloading multidict-6.7.1-cp311-cp311-manylinux2014_x86_64.manylinux_2_17_x86_64.manylinux_2_28_x86_64.whl (246 kB)
2026-01-27T12:43:06.2959537Z #11 10.49 Downloading yarl-1.22.0-cp311-cp311-manylinux2014_x86_64.manylinux_2_17_x86_64.manylinux_2_28_x86_64.whl (365 kB)
2026-01-27T12:43:06.2960535Z #11 10.50 Downloading aiofiles-25.1.0-py3-none-any.whl (14 kB)
2026-01-27T12:43:06.2961576Z #11 10.51 Downloading sqlalchemy-2.0.46-cp311-cp311-manylinux2014_x86_64.manylinux_2_17_x86_64.manylinux_2_28_x86_64.whl (3.3 MB)
2026-01-27T12:43:06.2962803Z #11 10.52    ━━━━━━━━━━━━━━━━━━━━━━━━━━━━━━━━━━━━━━━━ 3.3/3.3 MB 411.9 MB/s  0:00:00
2026-01-27T12:43:06.2963676Z #11 10.53 Downloading aiosqlite-0.22.1-py3-none-any.whl (17 kB)
2026-01-27T12:43:06.2964640Z #11 10.54 Downloading asyncpg-0.31.0-cp311-cp311-manylinux2014_x86_64.manylinux_2_17_x86_64.manylinux_2_28_x86_64.whl (3.0 MB)
2026-01-27T12:43:06.3956587Z #11 10.54    ━━━━━━━━━━━━━━━━━━━━━━━━━━━━━━━━━━━━━━━━ 3.0/3.0 MB 746.9 MB/s  0:00:00
2026-01-27T12:43:06.3957593Z #11 10.55 Downloading psycopg2_binary-2.9.11-cp311-cp311-manylinux2014_x86_64.manylinux_2_17_x86_64.whl (4.2 MB)
2026-01-27T12:43:06.3958382Z #11 10.56    ━━━━━━━━━━━━━━━━━━━━━━━━━━━━━━━━━━━━━━━━ 4.2/4.2 MB 627.2 MB/s  0:00:00
2026-01-27T12:43:06.3958819Z #11 10.57 Downloading alembic-1.18.1-py3-none-any.whl (260 kB)
2026-01-27T12:43:06.3959218Z #11 10.59 Downloading openai-2.15.0-py3-none-any.whl (1.1 MB)
2026-01-27T12:43:06.3959704Z #11 10.59    ━━━━━━━━━━━━━━━━━━━━━━━━━━━━━━━━━━━━━━━━ 1.1/1.1 MB 764.6 MB/s  0:00:00
2026-01-27T12:43:06.3960182Z #11 10.60 Downloading distro-1.9.0-py3-none-any.whl (20 kB)
2026-01-27T12:43:06.3960661Z #11 10.61 Downloading jiter-0.12.0-cp311-cp311-manylinux_2_17_x86_64.manylinux2014_x86_64.whl (364 kB)
2026-01-27T12:43:06.3961240Z #11 10.62 Downloading typing_extensions-4.15.0-py3-none-any.whl (44 kB)
2026-01-27T12:43:06.3961722Z #11 10.63 Downloading tiktoken-0.12.0-cp311-cp311-manylinux_2_28_x86_64.whl (1.2 MB)
2026-01-27T12:43:06.3962243Z #11 10.64    ━━━━━━━━━━━━━━━━━━━━━━━━━━━━━━━━━━━━━━━━ 1.2/1.2 MB 586.3 MB/s  0:00:00
2026-01-27T12:43:06.5033544Z #11 10.65 Downloading python_docx-1.2.0-py3-none-any.whl (252 kB)
2026-01-27T12:43:06.5034374Z #11 10.66 Downloading pypdf2-3.0.1-py3-none-any.whl (232 kB)
2026-01-27T12:43:06.5034854Z #11 10.67 Downloading pycodestyle-2.14.0-py2.py3-none-any.whl (31 kB)
2026-01-27T12:43:06.5035327Z #11 10.68 Downloading radon-6.0.1-py2.py3-none-any.whl (52 kB)
2026-01-27T12:43:06.5035977Z #11 10.69 Downloading mando-0.7.1-py2.py3-none-any.whl (28 kB)
2026-01-27T12:43:06.5036389Z #11 10.70 Downloading pylint-4.0.4-py3-none-any.whl (536 kB)
2026-01-27T12:43:06.5037124Z #11 10.70    ━━━━━━━━━━━━━━━━━━━━━━━━━━━━━━━━━━━━━━━━ 536.4/536.4 kB 480.0 MB/s  0:00:00
2026-01-27T12:43:06.5037576Z #11 10.71 Downloading isort-7.0.0-py3-none-any.whl (94 kB)
2026-01-27T12:43:06.5038104Z #11 10.72 Downloading astroid-4.0.3-py3-none-any.whl (276 kB)
2026-01-27T12:43:06.5038527Z #11 10.74 Downloading mccabe-0.7.0-py2.py3-none-any.whl (7.3 kB)
2026-01-27T12:43:06.5038942Z #11 10.75 Downloading bandit-1.9.3-py3-none-any.whl (134 kB)
2026-01-27T12:43:06.6139467Z #11 10.76 Downloading pytest-9.0.2-py3-none-any.whl (374 kB)
2026-01-27T12:43:06.6139967Z #11 10.77 Downloading pluggy-1.6.0-py3-none-any.whl (20 kB)
2026-01-27T12:43:06.6140358Z #11 10.78 Downloading pytest_asyncio-1.3.0-py3-none-any.whl (15 kB)
2026-01-27T12:43:06.6140757Z #11 10.79 Downloading pytest_cov-7.0.0-py3-none-any.whl (22 kB)
2026-01-27T12:43:06.6141179Z #11 10.80 Downloading python_dotenv-1.2.1-py3-none-any.whl (21 kB)
2026-01-27T12:43:06.6141756Z #11 10.81 Downloading black-26.1.0-cp311-cp311-manylinux2014_x86_64.manylinux_2_17_x86_64.manylinux_2_28_x86_64.whl (1.7 MB)
2026-01-27T12:43:06.6142586Z #11 10.82    ━━━━━━━━━━━━━━━━━━━━━━━━━━━━━━━━━━━━━━━━ 1.7/1.7 MB 775.8 MB/s  0:00:00
2026-01-27T12:43:06.6143160Z #11 10.83 Downloading mypy-1.19.1-cp311-cp311-manylinux2014_x86_64.manylinux_2_17_x86_64.manylinux_2_28_x86_64.whl (13.4 MB)
2026-01-27T12:43:06.7164505Z #11 10.86    ━━━━━━━━━━━━━━━━━━━━━━━━━━━━━━━━━━━━━━━━ 13.4/13.4 MB 510.8 MB/s  0:00:00
2026-01-27T12:43:06.7165208Z #11 10.87 Downloading ruff-0.14.14-py3-none-manylinux_2_17_x86_64.manylinux2014_x86_64.whl (11.2 MB)
2026-01-27T12:43:06.7165900Z #11 10.89    ━━━━━━━━━━━━━━━━━━━━━━━━━━━━━━━━━━━━━━━━ 11.2/11.2 MB 518.0 MB/s  0:00:00
2026-01-27T12:43:06.7166313Z #11 10.90 Downloading cachetools-6.2.5-py3-none-any.whl (11 kB)
2026-01-27T12:43:06.7166706Z #11 10.91 Downloading loguru-0.7.3-py3-none-any.whl (61 kB)
2026-01-27T12:43:06.7167143Z #11 10.92 Downloading python_jose-3.5.0-py2.py3-none-any.whl (34 kB)
2026-01-27T12:43:06.7167507Z #11 10.93 Downloading rsa-4.9.1-py3-none-any.whl (34 kB)
2026-01-27T12:43:06.7167872Z #11 10.94 Downloading passlib-1.7.4-py2.py3-none-any.whl (525 kB)
2026-01-27T12:43:06.7168366Z #11 10.95    ━━━━━━━━━━━━━━━━━━━━━━━━━━━━━━━━━━━━━━━━ 525.6/525.6 kB 172.3 MB/s  0:00:00
2026-01-27T12:43:06.7168783Z #11 10.96 Downloading aiohappyeyeballs-2.6.1-py3-none-any.whl (15 kB)
2026-01-27T12:43:06.8226646Z #11 10.97 Downloading aiosignal-1.4.0-py3-none-any.whl (7.5 kB)
2026-01-27T12:43:06.8227204Z #11 10.98 Downloading annotated_doc-0.0.4-py3-none-any.whl (5.3 kB)
2026-01-27T12:43:06.8227714Z #11 10.99 Downloading annotated_types-0.7.0-py3-none-any.whl (13 kB)
2026-01-27T12:43:06.8228184Z #11 11.00 Downloading attrs-25.4.0-py3-none-any.whl (67 kB)
2026-01-27T12:43:06.8228613Z #11 11.01 Downloading click-8.3.1-py3-none-any.whl (108 kB)
2026-01-27T12:43:06.8229359Z #11 11.02 Downloading colorama-0.4.6-py2.py3-none-any.whl (25 kB)
2026-01-27T12:43:06.8230076Z #11 11.03 Downloading coverage-7.13.2-cp311-cp311-manylinux1_x86_64.manylinux_2_28_x86_64.manylinux_2_5_x86_64.whl (251 kB)
2026-01-27T12:43:06.8230757Z #11 11.04 Downloading dill-0.4.1-py3-none-any.whl (120 kB)
2026-01-27T12:43:06.8231190Z #11 11.05 Downloading dnspython-2.8.0-py3-none-any.whl (331 kB)
2026-01-27T12:43:06.8231752Z #11 11.06 Downloading ecdsa-0.19.1-py2.py3-none-any.whl (150 kB)
2026-01-27T12:43:06.9324525Z #11 11.08 Downloading frozenlist-1.8.0-cp311-cp311-manylinux1_x86_64.manylinux_2_28_x86_64.manylinux_2_5_x86_64.whl (231 kB)
2026-01-27T12:43:06.9325480Z #11 11.09 Downloading greenlet-3.3.1-cp311-cp311-manylinux_2_24_x86_64.manylinux_2_28_x86_64.whl (590 kB)
2026-01-27T12:43:06.9326422Z #11 11.09    ━━━━━━━━━━━━━━━━━━━━━━━━━━━━━━━━━━━━━━━━ 590.3/590.3 kB 824.1 MB/s  0:00:00
2026-01-27T12:43:06.9326885Z #11 11.10 Downloading h11-0.16.0-py3-none-any.whl (37 kB)
2026-01-27T12:43:06.9327338Z #11 11.11 Downloading idna-3.11-py3-none-any.whl (71 kB)
2026-01-27T12:43:06.9327772Z #11 11.12 Downloading iniconfig-2.3.0-py3-none-any.whl (7.5 kB)
2026-01-27T12:43:06.9328485Z #11 11.13 Downloading librt-0.7.8-cp311-cp311-manylinux2014_x86_64.manylinux_2_17_x86_64.manylinux_2_28_x86_64.whl (188 kB)
2026-01-27T12:43:06.9329283Z #11 11.14 Downloading lxml-6.0.2-cp311-cp311-manylinux_2_26_x86_64.manylinux_2_28_x86_64.whl (5.2 MB)
2026-01-27T12:43:06.9329998Z #11 11.15    ━━━━━━━━━━━━━━━━━━━━━━━━━━━━━━━━━━━━━━━━ 5.2/5.2 MB 495.6 MB/s  0:00:00
2026-01-27T12:43:06.9330482Z #11 11.16 Downloading mypy_extensions-1.1.0-py3-none-any.whl (5.0 kB)
2026-01-27T12:43:06.9330948Z #11 11.17 Downloading packaging-26.0-py3-none-any.whl (74 kB)
2026-01-27T12:43:07.0419889Z #11 11.19 Downloading bcrypt-5.0.0-cp39-abi3-manylinux_2_34_x86_64.whl (278 kB)
2026-01-27T12:43:07.0420722Z #11 11.20 Downloading pathspec-1.0.4-py3-none-any.whl (55 kB)
2026-01-27T12:43:07.0421197Z #11 11.21 Downloading platformdirs-4.5.1-py3-none-any.whl (18 kB)
2026-01-27T12:43:07.0421954Z #11 11.22 Downloading propcache-0.4.1-cp311-cp311-manylinux2014_x86_64.manylinux_2_17_x86_64.manylinux_2_28_x86_64.whl (210 kB)
2026-01-27T12:43:07.0422654Z #11 11.23 Downloading pyasn1-0.6.2-py3-none-any.whl (83 kB)
2026-01-27T12:43:07.0423099Z #11 11.24 Downloading pygments-2.19.2-py3-none-any.whl (1.2 MB)
2026-01-27T12:43:07.0424044Z #11 11.24    ━━━━━━━━━━━━━━━━━━━━━━━━━━━━━━━━━━━━━━━━ 1.2/1.2 MB 893.4 MB/s  0:00:00
2026-01-27T12:43:07.0424608Z #11 11.25 Downloading cryptography-46.0.3-cp311-abi3-manylinux_2_34_x86_64.whl (4.5 MB)
2026-01-27T12:43:07.0425248Z #11 11.26    ━━━━━━━━━━━━━━━━━━━━━━━━━━━━━━━━━━━━━━━━ 4.5/4.5 MB 499.6 MB/s  0:00:00
2026-01-27T12:43:07.0425828Z #11 11.27 Downloading cffi-2.0.0-cp311-cp311-manylinux2014_x86_64.manylinux_2_17_x86_64.whl (215 kB)
2026-01-27T12:43:07.0426642Z #11 11.28 Downloading pytokens-0.4.0-cp311-cp311-manylinux2014_x86_64.manylinux_2_17_x86_64.manylinux_2_28_x86_64.whl (259 kB)
2026-01-27T12:43:07.1420266Z #11 11.29 Downloading pyyaml-6.0.3-cp311-cp311-manylinux2014_x86_64.manylinux_2_17_x86_64.manylinux_2_28_x86_64.whl (806 kB)
2026-01-27T12:43:07.1422033Z #11 11.30    ━━━━━━━━━━━━━━━━━━━━━━━━━━━━━━━━━━━━━━━━ 806.6/806.6 kB 794.6 MB/s  0:00:00
2026-01-27T12:43:07.1423700Z #11 11.31 Downloading regex-2026.1.15-cp311-cp311-manylinux2014_x86_64.manylinux_2_17_x86_64.manylinux_2_28_x86_64.whl (800 kB)
2026-01-27T12:43:07.1425191Z #11 11.31    ━━━━━━━━━━━━━━━━━━━━━━━━━━━━━━━━━━━━━━━━ 800.5/800.5 kB 392.1 MB/s  0:00:00
2026-01-27T12:43:07.1425906Z #11 11.32 Downloading requests-2.32.5-py3-none-any.whl (64 kB)
2026-01-27T12:43:07.1426851Z #11 11.33 Downloading charset_normalizer-3.4.4-cp311-cp311-manylinux2014_x86_64.manylinux_2_17_x86_64.manylinux_2_28_x86_64.whl (151 kB)
2026-01-27T12:43:07.1427586Z #11 11.34 Downloading urllib3-2.6.3-py3-none-any.whl (131 kB)
2026-01-27T12:43:07.1428045Z #11 11.35 Downloading certifi-2026.1.4-py3-none-any.whl (152 kB)
2026-01-27T12:43:07.1428493Z #11 11.36 Downloading six-1.17.0-py2.py3-none-any.whl (11 kB)
2026-01-27T12:43:07.1429250Z #11 11.37 Downloading stevedore-5.6.0-py3-none-any.whl (54 kB)
2026-01-27T12:43:07.1429690Z #11 11.38 Downloading tomlkit-0.14.0-py3-none-any.whl (39 kB)
2026-01-27T12:43:07.2457992Z #11 11.39 Downloading tqdm-4.67.1-py3-none-any.whl (78 kB)
2026-01-27T12:43:07.2458869Z #11 11.41 Downloading typing_inspection-0.4.2-py3-none-any.whl (14 kB)
2026-01-27T12:43:07.2460591Z #11 11.42 Downloading httptools-0.7.1-cp311-cp311-manylinux1_x86_64.manylinux_2_28_x86_64.manylinux_2_5_x86_64.whl (456 kB)
2026-01-27T12:43:07.2462129Z #11 11.43 Downloading uvloop-0.22.1-cp311-cp311-manylinux2014_x86_64.manylinux_2_17_x86_64.manylinux_2_28_x86_64.whl (3.8 MB)
2026-01-27T12:43:07.2463833Z #11 11.43    ━━━━━━━━━━━━━━━━━━━━━━━━━━━━━━━━━━━━━━━━ 3.8/3.8 MB 666.6 MB/s  0:00:00
2026-01-27T12:43:07.2464521Z #11 11.44 Downloading watchfiles-1.1.1-cp311-cp311-manylinux_2_17_x86_64.manylinux2014_x86_64.whl (456 kB)
2026-01-27T12:43:07.2465392Z #11 11.46 Downloading websockets-16.0-cp311-cp311-manylinux1_x86_64.manylinux_2_28_x86_64.manylinux_2_5_x86_64.whl (184 kB)
2026-01-27T12:43:07.2465946Z #11 11.47 Downloading mako-1.3.10-py3-none-any.whl (78 kB)
2026-01-27T12:43:07.2466497Z #11 11.48 Downloading markupsafe-3.0.3-cp311-cp311-manylinux2014_x86_64.manylinux_2_17_x86_64.manylinux_2_28_x86_64.whl (22 kB)
2026-01-27T12:43:07.2467083Z #11 11.49 Downloading pycparser-3.0-py3-none-any.whl (48 kB)
2026-01-27T12:43:07.4410928Z #11 11.50 Downloading rich-14.3.1-py3-none-any.whl (309 kB)
2026-01-27T12:43:07.4411783Z #11 11.51 Downloading markdown_it_py-4.0.0-py3-none-any.whl (87 kB)
2026-01-27T12:43:07.4412600Z #11 11.52 Downloading mdurl-0.1.2-py3-none-any.whl (10.0 kB)
2026-01-27T12:43:07.4413545Z #11 11.53 Downloading sniffio-1.3.1-py3-none-any.whl (10 kB)
2026-01-27T12:43:07.5624230Z #11 11.80 Installing collected packages: passlib, websockets, uvloop, urllib3, typing-extensions, tqdm, tomlkit, stevedore, sniffio, six, ruff, regex, PyYAML, pytokens, python-multipart, python-dotenv, PyPDF2, pygments, pycparser, pycodestyle, pyasn1, psycopg2-binary, propcache, pluggy, platformdirs, pathspec, packaging, mypy-extensions, multidict, mdurl, mccabe, MarkupSafe, lxml, loguru, librt, jiter, isort, iniconfig, idna, httptools, h11, greenlet, frozenlist, dnspython, distro, dill, coverage, colorama, click, charset_normalizer, certifi, cachetools, bcrypt, attrs, asyncpg, astroid, annotated-types, annotated-doc, aiosqlite, aiohappyeyeballs, aiofiles, yarl, uvicorn, typing-inspection, sqlalchemy, rsa, requests, python-docx, pytest, pylint, pydantic-core, mypy, markdown-it-py, mando, Mako, httpcore, email-validator, ecdsa, cffi, black, anyio, aiosignal, watchfiles, tiktoken, starlette, rich, radon, python-jose, pytest-cov, pytest-asyncio, pydantic, httpx, cryptography, alembic, aiohttp, pydantic-settings, openai, fastapi, bandit
2026-01-27T12:43:15.3306979Z #11 19.57 
2026-01-27T12:43:15.4865432Z #11 19.58 Successfully installed Mako-1.3.10 MarkupSafe-3.0.3 PyPDF2-3.0.1 PyYAML-6.0.3 aiofiles-25.1.0 aiohappyeyeballs-2.6.1 aiohttp-3.13.3 aiosignal-1.4.0 aiosqlite-0.22.1 alembic-1.18.1 annotated-doc-0.0.4 annotated-types-0.7.0 anyio-4.12.1 astroid-4.0.3 asyncpg-0.31.0 attrs-25.4.0 bandit-1.9.3 bcrypt-5.0.0 black-26.1.0 cachetools-6.2.5 certifi-2026.1.4 cffi-2.0.0 charset_normalizer-3.4.4 click-8.3.1 colorama-0.4.6 coverage-7.13.2 cryptography-46.0.3 dill-0.4.1 distro-1.9.0 dnspython-2.8.0 ecdsa-0.19.1 email-validator-2.3.0 fastapi-0.128.0 frozenlist-1.8.0 greenlet-3.3.1 h11-0.16.0 httpcore-1.0.9 httptools-0.7.1 httpx-0.28.1 idna-3.11 iniconfig-2.3.0 isort-7.0.0 jiter-0.12.0 librt-0.7.8 loguru-0.7.3 lxml-6.0.2 mando-0.7.1 markdown-it-py-4.0.0 mccabe-0.7.0 mdurl-0.1.2 multidict-6.7.1 mypy-1.19.1 mypy-extensions-1.1.0 openai-2.15.0 packaging-26.0 passlib-1.7.4 pathspec-1.0.4 platformdirs-4.5.1 pluggy-1.6.0 propcache-0.4.1 psycopg2-binary-2.9.11 pyasn1-0.6.2 pycodestyle-2.14.0 pycparser-3.0 pydantic-2.12.5 pydantic-core-2.41.5 pydantic-settings-2.12.0 pygments-2.19.2 pylint-4.0.4 pytest-9.0.2 pytest-asyncio-1.3.0 pytest-cov-7.0.0 python-docx-1.2.0 python-dotenv-1.2.1 python-jose-3.5.0 python-multipart-0.0.22 pytokens-0.4.0 radon-6.0.1 regex-2026.1.15 requests-2.32.5 rich-14.3.1 rsa-4.9.1 ruff-0.14.14 six-1.17.0 sniffio-1.3.1 sqlalchemy-2.0.46 starlette-0.50.0 stevedore-5.6.0 tiktoken-0.12.0 tomlkit-0.14.0 tqdm-4.67.1 typing-extensions-4.15.0 typing-inspection-0.4.2 urllib3-2.6.3 uvicorn-0.40.0 uvloop-0.22.1 watchfiles-1.1.1 websockets-16.0 yarl-1.22.0
2026-01-27T12:43:15.4872380Z #11 19.58 WARNING: Running pip as the 'root' user can result in broken permissions and conflicting behaviour with the system package manager, possibly rendering your system unusable. It is recommended to use a virtual environment instead: https://pip.pypa.io/warnings/venv. Use the --root-user-action option if you know what you are doing and want to suppress this warning.
2026-01-27T12:43:16.7525097Z #11 DONE 21.0s
2026-01-27T12:43:16.9774625Z 
2026-01-27T12:43:16.9775516Z #12 [6/6] COPY . .
2026-01-27T12:43:16.9776314Z #12 DONE 0.1s
2026-01-27T12:43:16.9776719Z 
2026-01-27T12:43:16.9777043Z #13 exporting to image
2026-01-27T12:43:16.9777679Z #13 exporting layers
2026-01-27T12:43:26.6802557Z #13 exporting layers 9.9s done
2026-01-27T12:43:26.9049535Z #13 ...
2026-01-27T12:43:26.9049750Z 
2026-01-27T12:43:26.9050410Z #14 [auth] ***/ai-teaching-assistant-backend:pull,push token for registry-1.docker.io
2026-01-27T12:43:26.9050846Z #14 DONE 0.0s
2026-01-27T12:43:26.9050967Z 
2026-01-27T12:43:26.9051048Z #13 exporting to image
2026-01-27T12:43:26.9051456Z #13 exporting manifest sha256:917e93d198672b550c2cad9a4ea083bfeab2d19d5e773b453ef60358bfbdc890 done
2026-01-27T12:43:26.9052088Z #13 exporting config sha256:1f4989a6d721cc1d146cdccde93884731cd9ccfe90db6ee8e63ce73a6e256582 done
2026-01-27T12:43:26.9052743Z #13 exporting attestation manifest sha256:7f18da4eeb53788942e9556412f883a14f26cdbab5302f0c9c9c231edfdc1069 done
2026-01-27T12:43:26.9053605Z #13 exporting manifest list sha256:1fc0b57164b2bf7aecc7465c5ba11885455a89556a5d6bda698c85b1a1498291 done
2026-01-27T12:43:26.9054057Z #13 pushing layers
2026-01-27T12:43:32.0781355Z #13 pushing layers 5.4s done
2026-01-27T12:43:32.0782486Z #13 pushing manifest for docker.io/***/ai-teaching-assistant-backend:main@sha256:1fc0b57164b2bf7aecc7465c5ba11885455a89556a5d6bda698c85b1a1498291
2026-01-27T12:43:34.6820958Z #13 pushing manifest for docker.io/***/ai-teaching-assistant-backend:main@sha256:1fc0b57164b2bf7aecc7465c5ba11885455a89556a5d6bda698c85b1a1498291 2.6s done
2026-01-27T12:43:34.6821716Z #13 DONE 17.9s
2026-01-27T12:43:34.6821958Z 
2026-01-27T12:43:34.6822066Z #15 exporting to GitHub Actions Cache
2026-01-27T12:43:34.6822336Z #15 preparing build cache for export
2026-01-27T12:43:35.1286598Z #15 writing layer sha256:8a30a93acc23e03f8a082754145cd7e118c8469afda32dd6a71f54bd041c0785
2026-01-27T12:43:35.6467794Z #15 writing layer sha256:8a30a93acc23e03f8a082754145cd7e118c8469afda32dd6a71f54bd041c0785 0.5s done
2026-01-27T12:43:35.8682444Z #15 writing layer sha256:9cf3b575b421750d33b166d5f68a9486f04554e8f3da578e410a1908e90e01e7
2026-01-27T12:43:42.9774888Z #15 writing layer sha256:9cf3b575b421750d33b166d5f68a9486f04554e8f3da578e410a1908e90e01e7 7.3s done
2026-01-27T12:43:43.2027543Z #15 writing layer sha256:a75d1e16269380286769ba897747fbcc0108872b9ec2ca29d59e3c6f9f5e0450
2026-01-27T12:43:43.6700889Z #15 writing layer sha256:a75d1e16269380286769ba897747fbcc0108872b9ec2ca29d59e3c6f9f5e0450 0.6s done
2026-01-27T12:43:43.9086774Z #15 writing layer sha256:b2e47cfddcfdfcf06976b3759f38ad283972117973f401c58bea08bdd7c04a2a
2026-01-27T12:43:44.1801684Z #15 writing layer sha256:b2e47cfddcfdfcf06976b3759f38ad283972117973f401c58bea08bdd7c04a2a 0.4s done
2026-01-27T12:43:44.3963418Z #15 writing layer sha256:ef28d4eb8b2ea91fb2f8ca3259fd292196380fd999895e7c25c63ef3399def3e
2026-01-27T12:43:52.9564772Z #15 writing layer sha256:ef28d4eb8b2ea91fb2f8ca3259fd292196380fd999895e7c25c63ef3399def3e 8.7s done
2026-01-27T12:43:53.3979229Z #15 preparing build cache for export 18.7s done
2026-01-27T12:43:53.3979965Z #15 DONE 18.7s
2026-01-27T12:43:53.4212272Z 
2026-01-27T12:43:53.4213373Z #16 resolving provenance for metadata file
2026-01-27T12:43:53.4213849Z #16 DONE 0.0s
2026-01-27T12:43:53.4271947Z ##[group]ImageID
2026-01-27T12:43:53.4272469Z sha256:1fc0b57164b2bf7aecc7465c5ba11885455a89556a5d6bda698c85b1a1498291
2026-01-27T12:43:53.4273317Z ##[endgroup]
2026-01-27T12:43:53.4273697Z ##[group]Digest
2026-01-27T12:43:53.4274373Z sha256:1fc0b57164b2bf7aecc7465c5ba11885455a89556a5d6bda698c85b1a1498291
2026-01-27T12:43:53.4274850Z ##[endgroup]
2026-01-27T12:43:53.4275150Z ##[group]Metadata
2026-01-27T12:43:53.4276139Z {
2026-01-27T12:43:53.4276498Z   "buildx.build.provenance": {
2026-01-27T12:43:53.4276897Z     "builder": {
2026-01-27T12:43:53.4277576Z       "id": "https://github.com/sst2020/ai-teaching-assistant/actions/runs/21397608717"
2026-01-27T12:43:53.4278151Z     },
2026-01-27T12:43:53.4278508Z     "buildType": "https://mobyproject.org/buildkit@v1",
2026-01-27T12:43:53.4278972Z     "materials": [
2026-01-27T12:43:53.4279225Z       {
2026-01-27T12:43:53.4279624Z         "uri": "pkg:docker/python@3.11-slim?platform=linux%2Famd64",
2026-01-27T12:43:53.4280092Z         "digest": {
2026-01-27T12:43:53.4280620Z           "sha256": "5be45dbade29bebd6886af6b438fd7e0b4eb7b611f39ba62b430263f82de36d2"
2026-01-27T12:43:53.4281222Z         }
2026-01-27T12:43:53.4281461Z       }
2026-01-27T12:43:53.4281709Z     ],
2026-01-27T12:43:53.4281980Z     "invocation": {
2026-01-27T12:43:53.4282294Z       "configSource": {
2026-01-27T12:43:53.4282631Z         "entryPoint": "Dockerfile"
2026-01-27T12:43:53.4283029Z       },
2026-01-27T12:43:53.4283474Z       "parameters": {
2026-01-27T12:43:53.4283820Z         "frontend": "dockerfile.v0",
2026-01-27T12:43:53.4284224Z         "args": {
2026-01-27T12:43:53.4284721Z           "label:org.opencontainers.image.created": "2026-01-27T12:42:46.009Z",
2026-01-27T12:43:53.4285691Z           "label:org.opencontainers.image.description": "A web application for AI-based question judging.",
2026-01-27T12:43:53.4286581Z           "label:org.opencontainers.image.licenses": "MIT",
2026-01-27T12:43:53.4287390Z           "label:org.opencontainers.image.revision": "c92fed8adc260732accc9cf8fb7f577bdf6c7f27",
2026-01-27T12:43:53.4288452Z           "label:org.opencontainers.image.source": "https://github.com/sst2020/ai-teaching-assistant",
2026-01-27T12:43:53.4289374Z           "label:org.opencontainers.image.title": "ai-teaching-assistant",
2026-01-27T12:43:53.4290255Z           "label:org.opencontainers.image.url": "https://github.com/sst2020/ai-teaching-assistant",
2026-01-27T12:43:53.4291078Z           "label:org.opencontainers.image.version": "main"
2026-01-27T12:43:53.4291548Z         },
2026-01-27T12:43:53.4291827Z         "locals": [
2026-01-27T12:43:53.4292137Z           {
2026-01-27T12:43:53.4292423Z             "name": "context"
2026-01-27T12:43:53.4292754Z           },
2026-01-27T12:43:53.4293024Z           {
2026-01-27T12:43:53.4293452Z             "name": "dockerfile"
2026-01-27T12:43:53.4293895Z           }
2026-01-27T12:43:53.4294177Z         ]
2026-01-27T12:43:53.4294434Z       },
2026-01-27T12:43:53.4294729Z       "environment": {
2026-01-27T12:43:53.4295081Z         "github_actor": "sst2020",
2026-01-27T12:43:53.4295466Z         "github_actor_id": "77180679",
2026-01-27T12:43:53.4295877Z         "github_event_name": "push",
2026-01-27T12:43:53.4296283Z         "github_event_payload": {
2026-01-27T12:43:53.4296771Z           "after": "c92fed8adc260732accc9cf8fb7f577bdf6c7f27",
2026-01-27T12:43:53.4297254Z           "base_ref": null,
2026-01-27T12:43:53.4297724Z           "before": "27ec4e2e160bfcf97da2be74f1b1d16421e93d0d",
2026-01-27T12:43:53.4298248Z           "commits": [
2026-01-27T12:43:53.4298549Z             {
2026-01-27T12:43:53.4298826Z               "author": {
2026-01-27T12:43:53.4299176Z                 "email": "2024040340@buct.edu.cn",
2026-01-27T12:43:53.4299643Z                 "name": "sst2020",
2026-01-27T12:43:53.4300031Z                 "username": "sst2020"
2026-01-27T12:43:53.4300408Z               },
2026-01-27T12:43:53.4300704Z               "committer": {
2026-01-27T12:43:53.4301301Z                 "email": "2024040340@buct.edu.cn",
2026-01-27T12:43:53.4301722Z                 "name": "sst2020",
2026-01-27T12:43:53.4302107Z                 "username": "sst2020"
2026-01-27T12:43:53.4302499Z               },
2026-01-27T12:43:53.4302803Z               "distinct": true,
2026-01-27T12:43:53.4303555Z               "id": "c92fed8adc260732accc9cf8fb7f577bdf6c7f27",
2026-01-27T12:43:53.4304107Z               "message": "update ci.yml",
2026-01-27T12:43:53.4304586Z               "timestamp": "2026-01-27T20:42:18+08:00",
2026-01-27T12:43:53.4305086Z               "tree_id": "c4b1333d637f4513d447b38f34ec0da6bc00ab5b",
2026-01-27T12:43:53.4306092Z               "url": "https://github.com/sst2020/ai-teaching-assistant/commit/c92fed8adc260732accc9cf8fb7f577bdf6c7f27"
2026-01-27T12:43:53.4306920Z             }
2026-01-27T12:43:53.4307175Z           ],
2026-01-27T12:43:53.4307759Z           "compare": "https://github.com/sst2020/ai-teaching-assistant/compare/27ec4e2e160b...c92fed8adc26",
2026-01-27T12:43:53.4308608Z           "created": false,
2026-01-27T12:43:53.4308987Z           "deleted": false,
2026-01-27T12:43:53.4309368Z           "forced": false,
2026-01-27T12:43:53.4309705Z           "head_commit": {
2026-01-27T12:43:53.4309998Z             "author": {
2026-01-27T12:43:53.4310338Z               "email": "2024040340@buct.edu.cn",
2026-01-27T12:43:53.4310744Z               "name": "sst2020",
2026-01-27T12:43:53.4311094Z               "username": "sst2020"
2026-01-27T12:43:53.4311430Z             },
2026-01-27T12:43:53.4311714Z             "committer": {
2026-01-27T12:43:53.4312046Z               "email": "2024040340@buct.edu.cn",
2026-01-27T12:43:53.4312419Z               "name": "sst2020",
2026-01-27T12:43:53.4312770Z               "username": "sst2020"
2026-01-27T12:43:53.4313118Z             },
2026-01-27T12:43:53.4313507Z             "distinct": true,
2026-01-27T12:43:53.4313922Z             "id": "c92fed8adc260732accc9cf8fb7f577bdf6c7f27",
2026-01-27T12:43:53.4314373Z             "message": "update ci.yml",
2026-01-27T12:43:53.4314776Z             "timestamp": "2026-01-27T20:42:18+08:00",
2026-01-27T12:43:53.4315250Z             "tree_id": "c4b1333d637f4513d447b38f34ec0da6bc00ab5b",
2026-01-27T12:43:53.4316193Z             "url": "https://github.com/sst2020/ai-teaching-assistant/commit/c92fed8adc260732accc9cf8fb7f577bdf6c7f27"
2026-01-27T12:43:53.4317031Z           },
2026-01-27T12:43:53.4317325Z           "pusher": {
2026-01-27T12:43:53.4317731Z             "email": "77180679+sst2020@users.noreply.github.com",
2026-01-27T12:43:53.4318226Z             "name": "sst2020"
2026-01-27T12:43:53.4318539Z           },
2026-01-27T12:43:53.4318807Z           "ref": "refs/heads/main",
2026-01-27T12:43:53.4319158Z           "repository": {
2026-01-27T12:43:53.4319479Z             "allow_forking": true,
2026-01-27T12:43:53.4320164Z             "archive_url": "https://api.github.com/repos/sst2020/ai-teaching-assistant/{archive_format}{/ref}",
2026-01-27T12:43:53.4320865Z             "archived": false,
2026-01-27T12:43:53.4321543Z             "assignees_url": "https://api.github.com/repos/sst2020/ai-teaching-assistant/assignees{/user}",
2026-01-27T12:43:53.4322442Z             "blobs_url": "https://api.github.com/repos/sst2020/ai-teaching-assistant/git/blobs{/sha}",
2026-01-27T12:43:53.4323013Z             "branches_url": "https://api.github.com/repos/sst2020/ai-teaching-assistant/branches{/branch}",
2026-01-27T12:43:53.4324172Z             "clone_url": "https://github.com/sst2020/ai-teaching-assistant.git",
2026-01-27T12:43:53.4324762Z             "collaborators_url": "https://api.github.com/repos/sst2020/ai-teaching-assistant/collaborators{/collaborator}",
2026-01-27T12:43:53.4325418Z             "comments_url": "https://api.github.com/repos/sst2020/ai-teaching-assistant/comments{/number}",
2026-01-27T12:43:53.4325999Z             "commits_url": "https://api.github.com/repos/sst2020/ai-teaching-assistant/commits{/sha}",
2026-01-27T12:43:53.4326745Z             "compare_url": "https://api.github.com/repos/sst2020/ai-teaching-assistant/compare/{base}...{head}",
2026-01-27T12:43:53.4327357Z             "contents_url": "https://api.github.com/repos/sst2020/ai-teaching-assistant/contents/{+path}",
2026-01-27T12:43:53.4327947Z             "contributors_url": "https://api.github.com/repos/sst2020/ai-teaching-assistant/contributors",
2026-01-27T12:43:53.4328437Z             "created_at": 1764340901,
2026-01-27T12:43:53.4328683Z             "default_branch": "main",
2026-01-27T12:43:53.4329090Z             "deployments_url": "https://api.github.com/repos/sst2020/ai-teaching-assistant/deployments",
2026-01-27T12:43:53.4329591Z             "description": "A web application for AI-based question judging.",
2026-01-27T12:43:53.4329928Z             "disabled": false,
2026-01-27T12:43:53.4330302Z             "downloads_url": "https://api.github.com/repos/sst2020/ai-teaching-assistant/downloads",
2026-01-27T12:43:53.4330827Z             "events_url": "https://api.github.com/repos/sst2020/ai-teaching-assistant/events",
2026-01-27T12:43:53.4331208Z             "fork": false,
2026-01-27T12:43:53.4331419Z             "forks": 1,
2026-01-27T12:43:53.4331622Z             "forks_count": 1,
2026-01-27T12:43:53.4332116Z             "forks_url": "https://api.github.com/repos/sst2020/ai-teaching-assistant/forks",
2026-01-27T12:43:53.4332806Z             "full_name": "sst2020/ai-teaching-assistant",
2026-01-27T12:43:53.4333781Z             "git_commits_url": "https://api.github.com/repos/sst2020/ai-teaching-assistant/git/commits{/sha}",
2026-01-27T12:43:53.4334379Z             "git_refs_url": "https://api.github.com/repos/sst2020/ai-teaching-assistant/git/refs{/sha}",
2026-01-27T12:43:53.4334945Z             "git_tags_url": "https://api.github.com/repos/sst2020/ai-teaching-assistant/git/tags{/sha}",
2026-01-27T12:43:53.4335440Z             "git_url": "git://github.com/sst2020/ai-teaching-assistant.git",
2026-01-27T12:43:53.4335790Z             "has_discussions": false,
2026-01-27T12:43:53.4336051Z             "has_downloads": true,
2026-01-27T12:43:53.4336288Z             "has_issues": true,
2026-01-27T12:43:53.4336520Z             "has_pages": false,
2026-01-27T12:43:53.4336746Z             "has_projects": true,
2026-01-27T12:43:53.4336972Z             "has_wiki": true,
2026-01-27T12:43:53.4337183Z             "homepage": null,
2026-01-27T12:43:53.4337528Z             "hooks_url": "https://api.github.com/repos/sst2020/ai-teaching-assistant/hooks",
2026-01-27T12:43:53.4337977Z             "html_url": "https://github.com/sst2020/ai-teaching-assistant",
2026-01-27T12:43:53.4338289Z             "id": 1106045712,
2026-01-27T12:43:53.4338506Z             "is_template": false,
2026-01-27T12:43:53.4338948Z             "issue_comment_url": "https://api.github.com/repos/sst2020/ai-teaching-assistant/issues/comments{/number}",
2026-01-27T12:43:53.4339609Z             "issue_events_url": "https://api.github.com/repos/sst2020/ai-teaching-assistant/issues/events{/number}",
2026-01-27T12:43:53.4340229Z             "issues_url": "https://api.github.com/repos/sst2020/ai-teaching-assistant/issues{/number}",
2026-01-27T12:43:53.4340776Z             "keys_url": "https://api.github.com/repos/sst2020/ai-teaching-assistant/keys{/key_id}",
2026-01-27T12:43:53.4341312Z             "labels_url": "https://api.github.com/repos/sst2020/ai-teaching-assistant/labels{/name}",
2026-01-27T12:43:53.4341717Z             "language": "Python",
2026-01-27T12:43:53.4342090Z             "languages_url": "https://api.github.com/repos/sst2020/ai-teaching-assistant/languages",
2026-01-27T12:43:53.4342475Z             "license": {
2026-01-27T12:43:53.4342681Z               "key": "mit",
2026-01-27T12:43:53.4342899Z               "name": "MIT License",
2026-01-27T12:43:53.4343152Z               "node_id": "MDc6TGljZW5zZTEz",
2026-01-27T12:43:53.4343536Z               "spdx_id": "MIT",
2026-01-27T12:43:53.4343807Z               "url": "https://api.github.com/licenses/mit"
2026-01-27T12:43:53.4344071Z             },
2026-01-27T12:43:53.4344260Z             "master_branch": "main",
2026-01-27T12:43:53.4344746Z             "merges_url": "https://api.github.com/repos/sst2020/ai-teaching-assistant/merges",
2026-01-27T12:43:53.4345333Z             "milestones_url": "https://api.github.com/repos/sst2020/ai-teaching-assistant/milestones{/number}",
2026-01-27T12:43:53.4345775Z             "mirror_url": null,
2026-01-27T12:43:53.4346088Z             "name": "ai-teaching-assistant",
2026-01-27T12:43:53.4346347Z             "node_id": "R_kgDOQezrEA",
2026-01-27T12:43:53.4346896Z             "notifications_url": "https://api.github.com/repos/sst2020/ai-teaching-assistant/notifications{?since,all,participating}",
2026-01-27T12:43:53.4347422Z             "open_issues": 1,
2026-01-27T12:43:53.4347644Z             "open_issues_count": 1,
2026-01-27T12:43:53.4347870Z             "owner": {
2026-01-27T12:43:53.4348177Z               "avatar_url": "https://avatars.githubusercontent.com/u/77180679?v=4",
2026-01-27T12:43:53.4348597Z               "email": "77180679+sst2020@users.noreply.github.com",
2026-01-27T12:43:53.4348999Z               "events_url": "https://api.github.com/users/sst2020/events{/privacy}",
2026-01-27T12:43:53.4349437Z               "followers_url": "https://api.github.com/users/sst2020/followers",
2026-01-27T12:43:53.4349906Z               "following_url": "https://api.github.com/users/sst2020/following{/other_user}",
2026-01-27T12:43:53.4350381Z               "gists_url": "https://api.github.com/users/sst2020/gists{/gist_id}",
2026-01-27T12:43:53.4350722Z               "gravatar_id": "",
2026-01-27T12:43:53.4350985Z               "html_url": "https://github.com/sst2020",
2026-01-27T12:43:53.4351254Z               "id": 77180679,
2026-01-27T12:43:53.4351474Z               "login": "sst2020",
2026-01-27T12:43:53.4351704Z               "name": "sst2020",
2026-01-27T12:43:53.4351950Z               "node_id": "MDQ6VXNlcjc3MTgwNjc5",
2026-01-27T12:43:53.4352302Z               "organizations_url": "https://api.github.com/users/sst2020/orgs",
2026-01-27T12:43:53.4352769Z               "received_events_url": "https://api.github.com/users/sst2020/received_events",
2026-01-27T12:43:53.4353716Z               "repos_url": "https://api.github.com/users/sst2020/repos",
2026-01-27T12:43:53.4354207Z               "site_admin": false,
2026-01-27T12:43:53.4354745Z               "starred_url": "https://api.github.com/users/sst2020/starred{/owner}{/repo}",
2026-01-27T12:43:53.4355501Z               "subscriptions_url": "https://api.github.com/users/sst2020/subscriptions",
2026-01-27T12:43:53.4355971Z               "type": "User",
2026-01-27T12:43:53.4356231Z               "url": "https://api.github.com/users/sst2020",
2026-01-27T12:43:53.4356524Z               "user_view_type": "public"
2026-01-27T12:43:53.4356762Z             },
2026-01-27T12:43:53.4356947Z             "private": false,
2026-01-27T12:43:53.4357331Z             "pulls_url": "https://api.github.com/repos/sst2020/ai-teaching-assistant/pulls{/number}",
2026-01-27T12:43:53.4357738Z             "pushed_at": 1769517742,
2026-01-27T12:43:53.4358135Z             "releases_url": "https://api.github.com/repos/sst2020/ai-teaching-assistant/releases{/id}",
2026-01-27T12:43:53.4358544Z             "size": 5879,
2026-01-27T12:43:53.4358836Z             "ssh_url": "git@github.com:sst2020/ai-teaching-assistant.git",
2026-01-27T12:43:53.4359161Z             "stargazers": 0,
2026-01-27T12:43:53.4359388Z             "stargazers_count": 0,
2026-01-27T12:43:53.4359775Z             "stargazers_url": "https://api.github.com/repos/sst2020/ai-teaching-assistant/stargazers",
2026-01-27T12:43:53.4360345Z             "statuses_url": "https://api.github.com/repos/sst2020/ai-teaching-assistant/statuses/{sha}",
2026-01-27T12:43:53.4360919Z             "subscribers_url": "https://api.github.com/repos/sst2020/ai-teaching-assistant/subscribers",
2026-01-27T12:43:53.4361510Z             "subscription_url": "https://api.github.com/repos/sst2020/ai-teaching-assistant/subscription",
2026-01-27T12:43:53.4362007Z             "svn_url": "https://github.com/sst2020/ai-teaching-assistant",
2026-01-27T12:43:53.4362591Z             "tags_url": "https://api.github.com/repos/sst2020/ai-teaching-assistant/tags",
2026-01-27T12:43:53.4363083Z             "teams_url": "https://api.github.com/repos/sst2020/ai-teaching-assistant/teams",
2026-01-27T12:43:53.4363700Z             "topics": [],
2026-01-27T12:43:53.4364152Z             "trees_url": "https://api.github.com/repos/sst2020/ai-teaching-assistant/git/trees{/sha}",
2026-01-27T12:43:53.4364572Z             "updated_at": "2026-01-27T12:27:50Z",
2026-01-27T12:43:53.4364923Z             "url": "https://api.github.com/repos/sst2020/ai-teaching-assistant",
2026-01-27T12:43:53.4365274Z             "visibility": "public",
2026-01-27T12:43:53.4365511Z             "watchers": 0,
2026-01-27T12:43:53.4365720Z             "watchers_count": 0,
2026-01-27T12:43:53.4365969Z             "web_commit_signoff_required": false
2026-01-27T12:43:53.4366216Z           },
2026-01-27T12:43:53.4366387Z           "sender": {
2026-01-27T12:43:53.4366697Z             "avatar_url": "https://avatars.githubusercontent.com/u/77180679?v=4",
2026-01-27T12:43:53.4367140Z             "events_url": "https://api.github.com/users/sst2020/events{/privacy}",
2026-01-27T12:43:53.4367578Z             "followers_url": "https://api.github.com/users/sst2020/followers",
2026-01-27T12:43:53.4368034Z             "following_url": "https://api.github.com/users/sst2020/following{/other_user}",
2026-01-27T12:43:53.4368495Z             "gists_url": "https://api.github.com/users/sst2020/gists{/gist_id}",
2026-01-27T12:43:53.4368832Z             "gravatar_id": "",
2026-01-27T12:43:53.4369089Z             "html_url": "https://github.com/sst2020",
2026-01-27T12:43:53.4369344Z             "id": 77180679,
2026-01-27T12:43:53.4369558Z             "login": "sst2020",
2026-01-27T12:43:53.4369804Z             "node_id": "MDQ6VXNlcjc3MTgwNjc5",
2026-01-27T12:43:53.4370149Z             "organizations_url": "https://api.github.com/users/sst2020/orgs",
2026-01-27T12:43:53.4370608Z             "received_events_url": "https://api.github.com/users/sst2020/received_events",
2026-01-27T12:43:53.4371047Z             "repos_url": "https://api.github.com/users/sst2020/repos",
2026-01-27T12:43:53.4371351Z             "site_admin": false,
2026-01-27T12:43:53.4371693Z             "starred_url": "https://api.github.com/users/sst2020/starred{/owner}{/repo}",
2026-01-27T12:43:53.4372174Z             "subscriptions_url": "https://api.github.com/users/sst2020/subscriptions",
2026-01-27T12:43:53.4372536Z             "type": "User",
2026-01-27T12:43:53.4372791Z             "url": "https://api.github.com/users/sst2020",
2026-01-27T12:43:53.4373083Z             "user_view_type": "public"
2026-01-27T12:43:53.4373437Z           }
2026-01-27T12:43:53.4373608Z         },
2026-01-27T12:43:53.4373803Z         "github_job": "docker-build",
2026-01-27T12:43:53.4374078Z         "github_ref": "refs/heads/main",
2026-01-27T12:43:53.4374343Z         "github_ref_name": "main",
2026-01-27T12:43:53.4374583Z         "github_ref_protected": "false",
2026-01-27T12:43:53.4374855Z         "github_ref_type": "branch",
2026-01-27T12:43:53.4375167Z         "github_repository": "sst2020/ai-teaching-assistant",
2026-01-27T12:43:53.4375481Z         "github_repository_id": "1106045712",
2026-01-27T12:43:53.4375746Z         "github_repository_owner": "sst2020",
2026-01-27T12:43:53.4376022Z         "github_repository_owner_id": "77180679",
2026-01-27T12:43:53.4376277Z         "github_run_attempt": "1",
2026-01-27T12:43:53.4376513Z         "github_run_id": "21397608717",
2026-01-27T12:43:53.4376754Z         "github_run_number": "23",
2026-01-27T12:43:53.4376984Z         "github_runner_arch": "X64",
2026-01-27T12:43:53.4377258Z         "github_runner_environment": "github-hosted",
2026-01-27T12:43:53.4377535Z         "github_runner_image_os": "ubuntu24",
2026-01-27T12:43:53.4377814Z         "github_runner_image_version": "20260119.4.1",
2026-01-27T12:43:53.4378120Z         "github_runner_name": "GitHub Actions 1000001445",
2026-01-27T12:43:53.4378396Z         "github_runner_os": "Linux",
2026-01-27T12:43:53.4378845Z         "github_runner_tracking_id": "github_f4eabdb3-39db-4c8a-8ae3-b7ecda84cef4",
2026-01-27T12:43:53.4379291Z         "github_server_url": "https://github.com",
2026-01-27T12:43:53.4379570Z         "github_triggering_actor": "sst2020",
2026-01-27T12:43:53.4379842Z         "github_workflow": "CI/CD Pipeline",
2026-01-27T12:43:53.4380345Z         "github_workflow_ref": "sst2020/ai-teaching-assistant/.github/workflows/ci.yml@refs/heads/main",
2026-01-27T12:43:53.4380867Z         "github_workflow_sha": "c92fed8adc260732accc9cf8fb7f577bdf6c7f27",
2026-01-27T12:43:53.4381214Z         "platform": "linux/amd64"
2026-01-27T12:43:53.4381435Z       }
2026-01-27T12:43:53.4381590Z     }
2026-01-27T12:43:53.4381753Z   },
2026-01-27T12:43:53.4382274Z   "buildx.build.ref": "builder-6dbc98c4-02f5-4875-9db6-d6e25693aa70/builder-6dbc98c4-02f5-4875-9db6-d6e25693aa700/5rg350u9kx28tenytagtpzxt4",
2026-01-27T12:43:53.4382895Z   "containerimage.descriptor": {
2026-01-27T12:43:53.4383316Z     "mediaType": "application/vnd.oci.image.index.v1+json",
2026-01-27T12:43:53.4383775Z     "digest": "sha256:1fc0b57164b2bf7aecc7465c5ba11885455a89556a5d6bda698c85b1a1498291",
2026-01-27T12:43:53.4384153Z     "size": 856
2026-01-27T12:43:53.4384330Z   },
2026-01-27T12:43:53.4384697Z   "containerimage.digest": "sha256:1fc0b57164b2bf7aecc7465c5ba11885455a89556a5d6bda698c85b1a1498291",
2026-01-27T12:43:53.4385525Z   "image.name": "***/ai-teaching-assistant-backend:main"
2026-01-27T12:43:53.4385819Z }
2026-01-27T12:43:53.4386228Z ##[endgroup]
2026-01-27T12:43:53.4460229Z Post job cleanup.
2026-01-27T12:43:53.6505609Z ##[group]Removing temp folder /home/runner/work/_temp/docker-actions-toolkit-IpTkJI
2026-01-27T12:43:53.6518788Z ##[endgroup]
2026-01-27T12:43:53.6519407Z ##[group]Post cache
2026-01-27T12:43:53.6520015Z State not set
2026-01-27T12:43:53.6520599Z ##[endgroup]
2026-01-27T12:43:53.6643148Z Post job cleanup.
2026-01-27T12:43:53.9453717Z [command]/usr/bin/docker logout docker.io
2026-01-27T12:43:53.9584945Z Removing login credentials for docker.io
2026-01-27T12:43:53.9608760Z ##[group]Post cache
2026-01-27T12:43:53.9609504Z State not set
2026-01-27T12:43:53.9611060Z ##[endgroup]
2026-01-27T12:43:53.9710600Z Post job cleanup.
2026-01-27T12:43:54.1998360Z ##[group]Removing builder
2026-01-27T12:43:54.3194447Z [command]/usr/bin/docker buildx rm builder-6dbc98c4-02f5-4875-9db6-d6e25693aa70
2026-01-27T12:43:54.7995280Z builder-6dbc98c4-02f5-4875-9db6-d6e25693aa70 removed
2026-01-27T12:43:54.8018634Z ##[endgroup]
2026-01-27T12:43:54.8019764Z ##[group]Cleaning up certificates
2026-01-27T12:43:54.8052378Z ##[endgroup]
2026-01-27T12:43:54.8052958Z ##[group]Post cache
2026-01-27T12:43:54.8054921Z State not set
2026-01-27T12:43:54.8055442Z ##[endgroup]
2026-01-27T12:43:54.8140391Z Post job cleanup.
2026-01-27T12:43:55.0336241Z ##[group]Post cache
2026-01-27T12:43:55.0339044Z Caching docker.io--tonistiigi--binfmt-latest-linux-x64 to GitHub Actions cache
2026-01-27T12:43:55.0508737Z [command]/usr/bin/tar --posix -cf cache.tzst --exclude cache.tzst -P -C /home/runner/work/ai-teaching-assistant/ai-teaching-assistant --files-from manifest.txt --use-compress-program zstdmt
2026-01-27T12:43:55.5384756Z Failed to save: Unable to reserve cache with key docker.io--tonistiigi--binfmt-latest-linux-x64, another job may be creating this cache.
2026-01-27T12:43:55.5431513Z ##[endgroup]
2026-01-27T12:43:55.5629567Z Post job cleanup.
2026-01-27T12:43:55.6526984Z [command]/usr/bin/git version
2026-01-27T12:43:55.6561218Z git version 2.52.0
2026-01-27T12:43:55.6600360Z Temporarily overriding HOME='/home/runner/work/_temp/daa0f68e-fc06-45ae-8bb1-64283712c738' before making global git config changes
2026-01-27T12:43:55.6601096Z Adding repository directory to the temporary git global config as a safe directory
2026-01-27T12:43:55.6606263Z [command]/usr/bin/git config --global --add safe.directory /home/runner/work/ai-teaching-assistant/ai-teaching-assistant
2026-01-27T12:43:55.6644795Z [command]/usr/bin/git config --local --name-only --get-regexp core\.sshCommand
2026-01-27T12:43:55.6673791Z [command]/usr/bin/git submodule foreach --recursive sh -c "git config --local --name-only --get-regexp 'core\.sshCommand' && git config --local --unset-all 'core.sshCommand' || :"
2026-01-27T12:43:55.6855599Z [command]/usr/bin/git config --local --name-only --get-regexp http\.https\:\/\/github\.com\/\.extraheader
2026-01-27T12:43:55.6875157Z http.https://github.com/.extraheader
2026-01-27T12:43:55.6886061Z [command]/usr/bin/git config --local --unset-all http.https://github.com/.extraheader
2026-01-27T12:43:55.6910926Z [command]/usr/bin/git submodule foreach --recursive sh -c "git config --local --name-only --get-regexp 'http\.https\:\/\/github\.com\/\.extraheader' && git config --local --unset-all 'http.https://github.com/.extraheader' || :"
2026-01-27T12:43:55.7094353Z [command]/usr/bin/git config --local --name-only --get-regexp ^includeIf\.gitdir:
2026-01-27T12:43:55.7122377Z [command]/usr/bin/git submodule foreach --recursive git config --local --show-origin --name-only --get-regexp remote.origin.url
2026-01-27T12:43:55.7395688Z Cleaning up orphan processes
