2026-01-27T12:42:28.4252996Z Current runner version: '2.331.0'
2026-01-27T12:42:28.4277946Z ##[group]Runner Image Provisioner
2026-01-27T12:42:28.4278709Z Hosted Compute Agent
2026-01-27T12:42:28.4279365Z Version: 20260115.477
2026-01-27T12:42:28.4280314Z Commit: 4b342d620503cbe250a3154040964899ea7c9b00
2026-01-27T12:42:28.4280969Z Build Date: 2026-01-15T22:32:41Z
2026-01-27T12:42:28.4281676Z Worker ID: {24166f8f-7965-487e-8900-e5f65476d755}
2026-01-27T12:42:28.4282342Z Azure Region: centralus
2026-01-27T12:42:28.4282872Z ##[endgroup]
2026-01-27T12:42:28.4284608Z ##[group]Operating System
2026-01-27T12:42:28.4285219Z Ubuntu
2026-01-27T12:42:28.4285649Z 24.04.3
2026-01-27T12:42:28.4286188Z LTS
2026-01-27T12:42:28.4286979Z ##[endgroup]
2026-01-27T12:42:28.4287442Z ##[group]Runner Image
2026-01-27T12:42:28.4288066Z Image: ubuntu-24.04
2026-01-27T12:42:28.4288578Z Version: 20260119.4.1
2026-01-27T12:42:28.4290483Z Included Software: https://github.com/actions/runner-images/blob/ubuntu24/20260119.4/images/ubuntu/Ubuntu2404-Readme.md
2026-01-27T12:42:28.4292032Z Image Release: https://github.com/actions/runner-images/releases/tag/ubuntu24%2F20260119.4
2026-01-27T12:42:28.4292975Z ##[endgroup]
2026-01-27T12:42:28.4294080Z ##[group]GITHUB_TOKEN Permissions
2026-01-27T12:42:28.4296201Z Contents: read
2026-01-27T12:42:28.4296874Z Metadata: read
2026-01-27T12:42:28.4297357Z Packages: read
2026-01-27T12:42:28.4297842Z ##[endgroup]
2026-01-27T12:42:28.4300458Z Secret source: Actions
2026-01-27T12:42:28.4301496Z Prepare workflow directory
2026-01-27T12:42:28.4647419Z Prepare all required actions
2026-01-27T12:42:28.4688193Z Getting action download info
2026-01-27T12:42:28.9403249Z Download action repository 'actions/checkout@v4' (SHA:34e114876b0b11c390a56381ad16ebd13914f8d5)
2026-01-27T12:42:29.0556836Z Download action repository 'docker/setup-qemu-action@v3' (SHA:c7c53464625b32c7a7e944ae62b3e17d2b600130)
2026-01-27T12:42:29.7037837Z Download action repository 'docker/setup-buildx-action@v3' (SHA:8d2750c68a42422c14e847fe6c8ac0403b4cbd6f)
2026-01-27T12:42:30.2944439Z Download action repository 'docker/login-action@v3' (SHA:5e57cd118135c172c3672efd75eb46360885c0ef)
2026-01-27T12:42:31.0034979Z Download action repository 'docker/metadata-action@v5' (SHA:c299e40c65443455700f0fdfc63efafe5b349051)
2026-01-27T12:42:31.6308370Z Download action repository 'docker/build-push-action@v5' (SHA:ca052bb54ab0790a636c9b5f226502c73d547a25)
2026-01-27T12:42:32.3207606Z Complete job name: docker-build (frontend)
2026-01-27T12:42:32.3932598Z ##[group]Run actions/checkout@v4
2026-01-27T12:42:32.3933184Z with:
2026-01-27T12:42:32.3933420Z   repository: sst2020/ai-teaching-assistant
2026-01-27T12:42:32.3933864Z   token: ***
2026-01-27T12:42:32.3934067Z   ssh-strict: true
2026-01-27T12:42:32.3934256Z   ssh-user: git
2026-01-27T12:42:32.3934455Z   persist-credentials: true
2026-01-27T12:42:32.3934683Z   clean: true
2026-01-27T12:42:32.3934888Z   sparse-checkout-cone-mode: true
2026-01-27T12:42:32.3935131Z   fetch-depth: 1
2026-01-27T12:42:32.3935319Z   fetch-tags: false
2026-01-27T12:42:32.3935538Z   show-progress: true
2026-01-27T12:42:32.3935737Z   lfs: false
2026-01-27T12:42:32.3935901Z   submodules: false
2026-01-27T12:42:32.3936097Z   set-safe-directory: true
2026-01-27T12:42:32.3936530Z ##[endgroup]
2026-01-27T12:42:32.5062424Z Syncing repository: sst2020/ai-teaching-assistant
2026-01-27T12:42:32.5063810Z ##[group]Getting Git version info
2026-01-27T12:42:32.5064353Z Working directory is '/home/runner/work/ai-teaching-assistant/ai-teaching-assistant'
2026-01-27T12:42:32.5064989Z [command]/usr/bin/git version
2026-01-27T12:42:32.5144621Z git version 2.52.0
2026-01-27T12:42:32.5170857Z ##[endgroup]
2026-01-27T12:42:32.5192074Z Temporarily overriding HOME='/home/runner/work/_temp/90365da2-085d-4efb-9345-9260bfb92b4c' before making global git config changes
2026-01-27T12:42:32.5192986Z Adding repository directory to the temporary git global config as a safe directory
2026-01-27T12:42:32.5197340Z [command]/usr/bin/git config --global --add safe.directory /home/runner/work/ai-teaching-assistant/ai-teaching-assistant
2026-01-27T12:42:32.5234172Z Deleting the contents of '/home/runner/work/ai-teaching-assistant/ai-teaching-assistant'
2026-01-27T12:42:32.5236859Z ##[group]Initializing the repository
2026-01-27T12:42:32.5241164Z [command]/usr/bin/git init /home/runner/work/ai-teaching-assistant/ai-teaching-assistant
2026-01-27T12:42:32.5317502Z hint: Using 'master' as the name for the initial branch. This default branch name
2026-01-27T12:42:32.5318151Z hint: will change to "main" in Git 3.0. To configure the initial branch name
2026-01-27T12:42:32.5319045Z hint: to use in all of your new repositories, which will suppress this warning,
2026-01-27T12:42:32.5320090Z hint: call:
2026-01-27T12:42:32.5320413Z hint:
2026-01-27T12:42:32.5320867Z hint: 	git config --global init.defaultBranch <name>
2026-01-27T12:42:32.5321423Z hint:
2026-01-27T12:42:32.5321946Z hint: Names commonly chosen instead of 'master' are 'main', 'trunk' and
2026-01-27T12:42:32.5322796Z hint: 'development'. The just-created branch can be renamed via this command:
2026-01-27T12:42:32.5323475Z hint:
2026-01-27T12:42:32.5323815Z hint: 	git branch -m <name>
2026-01-27T12:42:32.5324051Z hint:
2026-01-27T12:42:32.5324369Z hint: Disable this message with "git config set advice.defaultBranchName false"
2026-01-27T12:42:32.5325029Z Initialized empty Git repository in /home/runner/work/ai-teaching-assistant/ai-teaching-assistant/.git/
2026-01-27T12:42:32.5333350Z [command]/usr/bin/git remote add origin https://github.com/sst2020/ai-teaching-assistant
2026-01-27T12:42:32.5364294Z ##[endgroup]
2026-01-27T12:42:32.5364733Z ##[group]Disabling automatic garbage collection
2026-01-27T12:42:32.5368474Z [command]/usr/bin/git config --local gc.auto 0
2026-01-27T12:42:32.5395694Z ##[endgroup]
2026-01-27T12:42:32.5402593Z ##[group]Setting up auth
2026-01-27T12:42:32.5403026Z [command]/usr/bin/git config --local --name-only --get-regexp core\.sshCommand
2026-01-27T12:42:32.5433102Z [command]/usr/bin/git submodule foreach --recursive sh -c "git config --local --name-only --get-regexp 'core\.sshCommand' && git config --local --unset-all 'core.sshCommand' || :"
2026-01-27T12:42:32.5747087Z [command]/usr/bin/git config --local --name-only --get-regexp http\.https\:\/\/github\.com\/\.extraheader
2026-01-27T12:42:32.5776559Z [command]/usr/bin/git submodule foreach --recursive sh -c "git config --local --name-only --get-regexp 'http\.https\:\/\/github\.com\/\.extraheader' && git config --local --unset-all 'http.https://github.com/.extraheader' || :"
2026-01-27T12:42:32.5994564Z [command]/usr/bin/git config --local --name-only --get-regexp ^includeIf\.gitdir:
2026-01-27T12:42:32.6027494Z [command]/usr/bin/git submodule foreach --recursive git config --local --show-origin --name-only --get-regexp remote.origin.url
2026-01-27T12:42:32.6256899Z [command]/usr/bin/git config --local http.https://github.com/.extraheader AUTHORIZATION: basic ***
2026-01-27T12:42:32.6290107Z ##[endgroup]
2026-01-27T12:42:32.6290687Z ##[group]Fetching the repository
2026-01-27T12:42:32.6298159Z [command]/usr/bin/git -c protocol.version=2 fetch --no-tags --prune --no-recurse-submodules --depth=1 origin +c92fed8adc260732accc9cf8fb7f577bdf6c7f27:refs/remotes/origin/main
2026-01-27T12:42:33.1540277Z From https://github.com/sst2020/ai-teaching-assistant
2026-01-27T12:42:33.1542404Z  * [new ref]         c92fed8adc260732accc9cf8fb7f577bdf6c7f27 -> origin/main
2026-01-27T12:42:33.1627264Z ##[endgroup]
2026-01-27T12:42:33.1628231Z ##[group]Determining the checkout info
2026-01-27T12:42:33.1629182Z ##[endgroup]
2026-01-27T12:42:33.1635350Z [command]/usr/bin/git sparse-checkout disable
2026-01-27T12:42:33.1677125Z [command]/usr/bin/git config --local --unset-all extensions.worktreeConfig
2026-01-27T12:42:33.1704517Z ##[group]Checking out the ref
2026-01-27T12:42:33.1709281Z [command]/usr/bin/git checkout --progress --force -B main refs/remotes/origin/main
2026-01-27T12:42:33.2041718Z Switched to a new branch 'main'
2026-01-27T12:42:33.2043306Z branch 'main' set up to track 'origin/main'.
2026-01-27T12:42:33.2051816Z ##[endgroup]
2026-01-27T12:42:33.2093381Z [command]/usr/bin/git log -1 --format=%H
2026-01-27T12:42:33.2117340Z c92fed8adc260732accc9cf8fb7f577bdf6c7f27
2026-01-27T12:42:33.2328515Z ##[group]Run docker/setup-qemu-action@v3
2026-01-27T12:42:33.2328842Z with:
2026-01-27T12:42:33.2329052Z   image: docker.io/tonistiigi/binfmt:latest
2026-01-27T12:42:33.2329320Z   platforms: all
2026-01-27T12:42:33.2329772Z   cache-image: true
2026-01-27T12:42:33.2329977Z ##[endgroup]
2026-01-27T12:42:33.4829204Z ##[group]Docker info
2026-01-27T12:42:33.4881646Z [command]/usr/bin/docker version
2026-01-27T12:42:33.5620800Z Client: Docker Engine - Community
2026-01-27T12:42:33.5621338Z  Version:           28.0.4
2026-01-27T12:42:33.5621715Z  API version:       1.48
2026-01-27T12:42:33.5621958Z  Go version:        go1.23.7
2026-01-27T12:42:33.5622211Z  Git commit:        b8034c0
2026-01-27T12:42:33.5622462Z  Built:             Tue Mar 25 15:07:16 2025
2026-01-27T12:42:33.5622727Z  OS/Arch:           linux/amd64
2026-01-27T12:42:33.5622991Z  Context:           default
2026-01-27T12:42:33.5623131Z 
2026-01-27T12:42:33.5623238Z Server: Docker Engine - Community
2026-01-27T12:42:33.5623545Z  Engine:
2026-01-27T12:42:33.5623720Z   Version:          28.0.4
2026-01-27T12:42:33.5623973Z   API version:      1.48 (minimum version 1.24)
2026-01-27T12:42:33.5624290Z   Go version:       go1.23.7
2026-01-27T12:42:33.5624516Z   Git commit:       6430e49
2026-01-27T12:42:33.5624746Z   Built:            Tue Mar 25 15:07:16 2025
2026-01-27T12:42:33.5625006Z   OS/Arch:          linux/amd64
2026-01-27T12:42:33.5625226Z   Experimental:     false
2026-01-27T12:42:33.5625438Z  containerd:
2026-01-27T12:42:33.5625649Z   Version:          v2.2.1
2026-01-27T12:42:33.5625927Z   GitCommit:        dea7da592f5d1d2b7755e3a161be07f43fad8f75
2026-01-27T12:42:33.5626235Z  runc:
2026-01-27T12:42:33.5626412Z   Version:          1.3.4
2026-01-27T12:42:33.5626627Z   GitCommit:        v1.3.4-0-gd6d73eb8
2026-01-27T12:42:33.5626879Z  docker-init:
2026-01-27T12:42:33.5627070Z   Version:          0.19.0
2026-01-27T12:42:33.5627277Z   GitCommit:        de40ad0
2026-01-27T12:42:33.5677186Z [command]/usr/bin/docker info
2026-01-27T12:42:35.3948423Z Client: Docker Engine - Community
2026-01-27T12:42:35.3949028Z  Version:    28.0.4
2026-01-27T12:42:35.3949619Z  Context:    default
2026-01-27T12:42:35.3950032Z  Debug Mode: false
2026-01-27T12:42:35.3950410Z  Plugins:
2026-01-27T12:42:35.3950787Z   buildx: Docker Buildx (Docker Inc.)
2026-01-27T12:42:35.3951311Z     Version:  v0.30.1
2026-01-27T12:42:35.3951841Z     Path:     /usr/libexec/docker/cli-plugins/docker-buildx
2026-01-27T12:42:35.3952520Z   compose: Docker Compose (Docker Inc.)
2026-01-27T12:42:35.3953050Z     Version:  v2.38.2
2026-01-27T12:42:35.3953579Z     Path:     /usr/libexec/docker/cli-plugins/docker-compose
2026-01-27T12:42:35.3954083Z 
2026-01-27T12:42:35.3954223Z Server:
2026-01-27T12:42:35.3954562Z  Containers: 0
2026-01-27T12:42:35.3954945Z   Running: 0
2026-01-27T12:42:35.3955327Z   Paused: 0
2026-01-27T12:42:35.3955695Z   Stopped: 0
2026-01-27T12:42:35.3956039Z  Images: 1
2026-01-27T12:42:35.3956389Z  Server Version: 28.0.4
2026-01-27T12:42:35.3956812Z  Storage Driver: overlay2
2026-01-27T12:42:35.3957262Z   Backing Filesystem: extfs
2026-01-27T12:42:35.3957721Z   Supports d_type: true
2026-01-27T12:42:35.3958128Z   Using metacopy: false
2026-01-27T12:42:35.3958528Z   Native Overlay Diff: false
2026-01-27T12:42:35.3958972Z   userxattr: false
2026-01-27T12:42:35.3959378Z  Logging Driver: json-file
2026-01-27T12:42:35.3959982Z  Cgroup Driver: systemd
2026-01-27T12:42:35.3960342Z  Cgroup Version: 2
2026-01-27T12:42:35.3960676Z  Plugins:
2026-01-27T12:42:35.3961018Z   Volume: local
2026-01-27T12:42:35.3961632Z   Network: bridge host ipvlan macvlan null overlay
2026-01-27T12:42:35.3962353Z   Log: awslogs fluentd gcplogs gelf journald json-file local splunk syslog
2026-01-27T12:42:35.3962963Z  Swarm: inactive
2026-01-27T12:42:35.3963313Z  Runtimes: io.containerd.runc.v2 runc
2026-01-27T12:42:35.3963752Z  Default Runtime: runc
2026-01-27T12:42:35.3964464Z  Init Binary: docker-init
2026-01-27T12:42:35.3964963Z  containerd version: dea7da592f5d1d2b7755e3a161be07f43fad8f75
2026-01-27T12:42:35.3965845Z  runc version: v1.3.4-0-gd6d73eb8
2026-01-27T12:42:35.3966306Z  init version: de40ad0
2026-01-27T12:42:35.3966682Z  Security Options:
2026-01-27T12:42:35.3967033Z   apparmor
2026-01-27T12:42:35.3967334Z   seccomp
2026-01-27T12:42:35.3967656Z    Profile: builtin
2026-01-27T12:42:35.3968011Z   cgroupns
2026-01-27T12:42:35.3968387Z  Kernel Version: 6.11.0-1018-azure
2026-01-27T12:42:35.3968876Z  Operating System: Ubuntu 24.04.3 LTS
2026-01-27T12:42:35.3969296Z  OSType: linux
2026-01-27T12:42:35.3969813Z  Architecture: x86_64
2026-01-27T12:42:35.3970140Z  CPUs: 4
2026-01-27T12:42:35.3970433Z  Total Memory: 15.62GiB
2026-01-27T12:42:35.3970787Z  Name: runnervmymu0l
2026-01-27T12:42:35.3971170Z  ID: 6d647f4b-a064-4489-8a08-7cb8635b8d79
2026-01-27T12:42:35.3971642Z  Docker Root Dir: /var/lib/docker
2026-01-27T12:42:35.3972055Z  Debug Mode: false
2026-01-27T12:42:35.3972404Z  Username: githubactions
2026-01-27T12:42:35.3972799Z  Experimental: false
2026-01-27T12:42:35.3973140Z  Insecure Registries:
2026-01-27T12:42:35.3978357Z   ::1/128
2026-01-27T12:42:35.3978696Z   127.0.0.0/8
2026-01-27T12:42:35.3979046Z  Live Restore Enabled: false
2026-01-27T12:42:35.3979347Z 
2026-01-27T12:42:35.3980186Z ##[endgroup]
2026-01-27T12:42:35.3980822Z ##[group]Pulling binfmt Docker image
2026-01-27T12:42:35.5739249Z Cache hit for: docker.io--tonistiigi--binfmt-latest-linux-x64
2026-01-27T12:42:36.4869246Z Received 31670949 of 31670949 (100.0%), 39.0 MBs/sec
2026-01-27T12:42:36.4871579Z Cache Size: ~30 MB (31670949 B)
2026-01-27T12:42:36.4926933Z [command]/usr/bin/tar -xf /home/runner/work/_temp/50f6827b-c025-4b5c-80bd-3ce9d8044345/cache.tzst -P -C /home/runner/work/ai-teaching-assistant/ai-teaching-assistant --use-compress-program unzstd
2026-01-27T12:42:36.6425249Z Cache restored successfully
2026-01-27T12:42:36.6493308Z Restored docker.io--tonistiigi--binfmt-latest-linux-x64 from GitHub Actions cache
2026-01-27T12:42:36.7225494Z Cached to hosted tool cache /opt/hostedtoolcache/docker.io--tonistiigi--binfmt/latest/linux-x64
2026-01-27T12:42:36.7227220Z Copying /opt/hostedtoolcache/docker.io--tonistiigi--binfmt/latest/linux-x64/image.tar to /home/runner/.docker/.cache/images/docker.io--tonistiigi--binfmt/latest/linux-x64/image.tar
2026-01-27T12:42:36.8081966Z Image found from cache in /home/runner/.docker/.cache/images/docker.io--tonistiigi--binfmt/latest/linux-x64/image.tar
2026-01-27T12:42:36.8105223Z [command]/usr/bin/docker load -i /home/runner/.docker/.cache/images/docker.io--tonistiigi--binfmt/latest/linux-x64/image.tar
2026-01-27T12:42:38.3048177Z Loaded image: tonistiigi/binfmt:latest
2026-01-27T12:42:38.3219010Z [command]/usr/bin/docker pull docker.io/tonistiigi/binfmt:latest
2026-01-27T12:42:38.9416922Z latest: Pulling from tonistiigi/binfmt
2026-01-27T12:42:39.1140110Z Digest: sha256:30cc9a4d03765acac9be2ed0afc23af1ad018aed2c28ea4be8c2eb9afe03fbd1
2026-01-27T12:42:39.1146716Z Status: Image is up to date for tonistiigi/binfmt:latest
2026-01-27T12:42:39.1157488Z docker.io/tonistiigi/binfmt:latest
2026-01-27T12:42:39.1196331Z [command]/usr/bin/docker save -o /home/runner/work/_temp/docker-actions-toolkit-G3IBcj/749e64100d3fa0c09bdbc8a02e4fb9cb3ee64266f7f661c98371040689abacb3.tar docker.io/tonistiigi/binfmt:latest
2026-01-27T12:42:39.5326598Z Copying /home/runner/work/_temp/docker-actions-toolkit-G3IBcj/749e64100d3fa0c09bdbc8a02e4fb9cb3ee64266f7f661c98371040689abacb3.tar to /home/runner/.docker/.cache/images/docker.io--tonistiigi--binfmt/latest/linux-x64/image.tar
2026-01-27T12:42:39.6951020Z Image cached to /home/runner/.docker/.cache/images/docker.io--tonistiigi--binfmt/latest/linux-x64/image.tar
2026-01-27T12:42:39.6952353Z ##[endgroup]
2026-01-27T12:42:39.6953055Z ##[group]Image info
2026-01-27T12:42:39.6968975Z [command]/usr/bin/docker image inspect docker.io/tonistiigi/binfmt:latest
2026-01-27T12:42:39.7354847Z [
2026-01-27T12:42:39.7355333Z     {
2026-01-27T12:42:39.7356319Z         "Id": "sha256:c97f15e717f7eb99d237e46f0a3553da8cfdf470a15bba459c056d90d0e398f5",
2026-01-27T12:42:39.7357260Z         "RepoTags": [
2026-01-27T12:42:39.7357524Z             "tonistiigi/binfmt:latest"
2026-01-27T12:42:39.7357773Z         ],
2026-01-27T12:42:39.7357959Z         "RepoDigests": [
2026-01-27T12:42:39.7358403Z             "tonistiigi/binfmt@sha256:30cc9a4d03765acac9be2ed0afc23af1ad018aed2c28ea4be8c2eb9afe03fbd1"
2026-01-27T12:42:39.7358871Z         ],
2026-01-27T12:42:39.7359046Z         "Parent": "",
2026-01-27T12:42:39.7359272Z         "Comment": "buildkit.dockerfile.v0",
2026-01-27T12:42:39.7359812Z         "Created": "2025-09-11T09:43:57.050886711Z",
2026-01-27T12:42:39.7360093Z         "DockerVersion": "",
2026-01-27T12:42:39.7360312Z         "Author": "",
2026-01-27T12:42:39.7360503Z         "Config": {
2026-01-27T12:42:39.7360694Z             "Hostname": "",
2026-01-27T12:42:39.7360907Z             "Domainname": "",
2026-01-27T12:42:39.7361123Z             "User": "",
2026-01-27T12:42:39.7361333Z             "AttachStdin": false,
2026-01-27T12:42:39.7361577Z             "AttachStdout": false,
2026-01-27T12:42:39.7361826Z             "AttachStderr": false,
2026-01-27T12:42:39.7362045Z             "Tty": false,
2026-01-27T12:42:39.7362258Z             "OpenStdin": false,
2026-01-27T12:42:39.7362480Z             "StdinOnce": false,
2026-01-27T12:42:39.7362691Z             "Env": [
2026-01-27T12:42:39.7363038Z                 "PATH=/usr/local/sbin:/usr/local/bin:/usr/sbin:/usr/bin:/sbin:/bin",
2026-01-27T12:42:39.7363411Z                 "QEMU_PRESERVE_ARGV0=1"
2026-01-27T12:42:39.7363640Z             ],
2026-01-27T12:42:39.7363817Z             "Cmd": null,
2026-01-27T12:42:39.7364020Z             "Image": "",
2026-01-27T12:42:39.7364216Z             "Volumes": {
2026-01-27T12:42:39.7364412Z                 "/tmp": {}
2026-01-27T12:42:39.7364604Z             },
2026-01-27T12:42:39.7364786Z             "WorkingDir": "/",
2026-01-27T12:42:39.7365008Z             "Entrypoint": [
2026-01-27T12:42:39.7365229Z                 "/usr/bin/binfmt"
2026-01-27T12:42:39.7365445Z             ],
2026-01-27T12:42:39.7365759Z             "OnBuild": null,
2026-01-27T12:42:39.7365979Z             "Labels": {
2026-01-27T12:42:39.7366285Z                 "org.opencontainers.image.created": "2025-09-11T09:13:47.128Z",
2026-01-27T12:42:39.7367022Z                 "org.opencontainers.image.description": "Cross-platform emulator collection distributed with Docker images",
2026-01-27T12:42:39.7367592Z                 "org.opencontainers.image.licenses": "MIT",
2026-01-27T12:42:39.7368049Z                 "org.opencontainers.image.revision": "8bf932dba1f67bb274320e7cebece2807e4b99e1",
2026-01-27T12:42:39.7368717Z                 "org.opencontainers.image.source": "https://github.com/tonistiigi/binfmt",
2026-01-27T12:42:39.7369207Z                 "org.opencontainers.image.title": "Binfmt",
2026-01-27T12:42:39.7369863Z                 "org.opencontainers.image.url": "https://github.com/tonistiigi/binfmt",
2026-01-27T12:42:39.7370414Z                 "org.opencontainers.image.version": "qemu-v10.0.4-56"
2026-01-27T12:42:39.7370963Z             }
2026-01-27T12:42:39.7371283Z         },
2026-01-27T12:42:39.7371576Z         "Architecture": "amd64",
2026-01-27T12:42:39.7371955Z         "Os": "linux",
2026-01-27T12:42:39.7372281Z         "Size": 83325873,
2026-01-27T12:42:39.7372625Z         "GraphDriver": {
2026-01-27T12:42:39.7372963Z             "Data": {
2026-01-27T12:42:39.7373756Z                 "LowerDir": "/var/lib/docker/overlay2/37a8fba6ed7e8262ac56f37d6a8bd2cfe41598a2d2caf5425cebd0af908fc49a/diff",
2026-01-27T12:42:39.7374739Z                 "MergedDir": "/var/lib/docker/overlay2/8b3f2694144e1abe3f6b12293707883e4a8625261c6c1828c5ce7abced4109f4/merged",
2026-01-27T12:42:39.7375497Z                 "UpperDir": "/var/lib/docker/overlay2/8b3f2694144e1abe3f6b12293707883e4a8625261c6c1828c5ce7abced4109f4/diff",
2026-01-27T12:42:39.7376490Z                 "WorkDir": "/var/lib/docker/overlay2/8b3f2694144e1abe3f6b12293707883e4a8625261c6c1828c5ce7abced4109f4/work"
2026-01-27T12:42:39.7377181Z             },
2026-01-27T12:42:39.7377470Z             "Name": "overlay2"
2026-01-27T12:42:39.7377688Z         },
2026-01-27T12:42:39.7377967Z         "RootFS": {
2026-01-27T12:42:39.7378351Z             "Type": "layers",
2026-01-27T12:42:39.7378776Z             "Layers": [
2026-01-27T12:42:39.7379534Z                 "sha256:ba63059928005ec5a66585f9353d2f4e14eaede3da6a25acac0a4f44d809cb64",
2026-01-27T12:42:39.7380419Z                 "sha256:66aa431c2e5b0cb36e6f7fde44ab8195fab52d6c93b407c720212e28337ac745"
2026-01-27T12:42:39.7381134Z             ]
2026-01-27T12:42:39.7381411Z         },
2026-01-27T12:42:39.7381745Z         "Metadata": {
2026-01-27T12:42:39.7382240Z             "LastTagTime": "0001-01-01T00:00:00Z"
2026-01-27T12:42:39.7382671Z         }
2026-01-27T12:42:39.7383126Z     }
2026-01-27T12:42:39.7383502Z ]
2026-01-27T12:42:39.7384222Z ##[endgroup]
2026-01-27T12:42:39.7384938Z ##[group]Binfmt version
2026-01-27T12:42:39.7389650Z [command]/usr/bin/docker run --rm --privileged docker.io/tonistiigi/binfmt:latest --version
2026-01-27T12:42:40.0948522Z binfmt/8bf932d qemu/v10.0.4 go/1.23.12
2026-01-27T12:42:40.1588153Z ##[endgroup]
2026-01-27T12:42:40.1588861Z ##[group]Installing QEMU static binaries
2026-01-27T12:42:40.1604395Z [command]/usr/bin/docker run --rm --privileged docker.io/tonistiigi/binfmt:latest --install all
2026-01-27T12:42:40.2932958Z installing: mips64le OK
2026-01-27T12:42:40.2933575Z installing: loong64 OK
2026-01-27T12:42:40.2934086Z installing: ppc64le OK
2026-01-27T12:42:40.2934447Z installing: riscv64 OK
2026-01-27T12:42:40.2934750Z installing: s390x OK
2026-01-27T12:42:40.2935144Z installing: mips64 OK
2026-01-27T12:42:40.2935526Z installing: arm64 OK
2026-01-27T12:42:40.2935852Z installing: arm OK
2026-01-27T12:42:40.3163362Z {
2026-01-27T12:42:40.3163894Z   "supported": [
2026-01-27T12:42:40.3164469Z     "linux/amd64",
2026-01-27T12:42:40.3165219Z     "linux/amd64/v2",
2026-01-27T12:42:40.3165905Z     "linux/amd64/v3",
2026-01-27T12:42:40.3166360Z     "linux/arm64",
2026-01-27T12:42:40.3166685Z     "linux/riscv64",
2026-01-27T12:42:40.3167325Z     "linux/ppc64le",
2026-01-27T12:42:40.3168091Z     "linux/s390x",
2026-01-27T12:42:40.3168591Z     "linux/386",
2026-01-27T12:42:40.3169278Z     "linux/mips64le",
2026-01-27T12:42:40.3170260Z     "linux/mips64",
2026-01-27T12:42:40.3170965Z     "linux/loong64",
2026-01-27T12:42:40.3171551Z     "linux/arm/v7",
2026-01-27T12:42:40.3172281Z     "linux/arm/v6"
2026-01-27T12:42:40.3172758Z   ],
2026-01-27T12:42:40.3210339Z   "emulators": [
2026-01-27T12:42:40.3210712Z     "llvm-16-runtime.binfmt",
2026-01-27T12:42:40.3211121Z     "llvm-17-runtime.binfmt",
2026-01-27T12:42:40.3211552Z     "llvm-18-runtime.binfmt",
2026-01-27T12:42:40.3211920Z     "python3.12",
2026-01-27T12:42:40.3212235Z     "qemu-aarch64",
2026-01-27T12:42:40.3212551Z     "qemu-arm",
2026-01-27T12:42:40.3212880Z     "qemu-loongarch64",
2026-01-27T12:42:40.3213225Z     "qemu-mips64",
2026-01-27T12:42:40.3213586Z     "qemu-mips64el",
2026-01-27T12:42:40.3213922Z     "qemu-ppc64le",
2026-01-27T12:42:40.3214264Z     "qemu-riscv64",
2026-01-27T12:42:40.3214598Z     "qemu-s390x"
2026-01-27T12:42:40.3214897Z   ]
2026-01-27T12:42:40.3215176Z }
2026-01-27T12:42:40.3788917Z ##[endgroup]
2026-01-27T12:42:40.3789341Z ##[group]Extracting available platforms
2026-01-27T12:42:40.6265720Z linux/amd64,linux/amd64/v2,linux/amd64/v3,linux/arm64,linux/riscv64,linux/ppc64le,linux/s390x,linux/386,linux/mips64le,linux/mips64,linux/loong64,linux/arm/v7,linux/arm/v6
2026-01-27T12:42:40.6267413Z ##[endgroup]
2026-01-27T12:42:40.6453527Z ##[group]Run docker/setup-buildx-action@v3
2026-01-27T12:42:40.6453814Z with:
2026-01-27T12:42:40.6454005Z   driver: docker-container
2026-01-27T12:42:40.6454227Z   use: true
2026-01-27T12:42:40.6454404Z   keep-state: false
2026-01-27T12:42:40.6454596Z   cache-binary: true
2026-01-27T12:42:40.6454788Z   cleanup: true
2026-01-27T12:42:40.6454974Z   install: false
2026-01-27T12:42:40.6455365Z ##[endgroup]
2026-01-27T12:42:40.8976691Z ##[group]Docker info
2026-01-27T12:42:40.9009842Z [command]/usr/bin/docker version
2026-01-27T12:42:40.9221533Z Client: Docker Engine - Community
2026-01-27T12:42:40.9224171Z  Version:           28.0.4
2026-01-27T12:42:40.9225564Z  API version:       1.48
2026-01-27T12:42:40.9226038Z  Go version:        go1.23.7
2026-01-27T12:42:40.9226476Z  Git commit:        b8034c0
2026-01-27T12:42:40.9226900Z  Built:             Tue Mar 25 15:07:16 2025
2026-01-27T12:42:40.9227360Z  OS/Arch:           linux/amd64
2026-01-27T12:42:40.9227825Z  Context:           default
2026-01-27T12:42:40.9228069Z 
2026-01-27T12:42:40.9228240Z Server: Docker Engine - Community
2026-01-27T12:42:40.9228651Z  Engine:
2026-01-27T12:42:40.9228958Z   Version:          28.0.4
2026-01-27T12:42:40.9229599Z   API version:      1.48 (minimum version 1.24)
2026-01-27T12:42:40.9230114Z   Go version:       go1.23.7
2026-01-27T12:42:40.9230522Z   Git commit:       6430e49
2026-01-27T12:42:40.9230921Z   Built:            Tue Mar 25 15:07:16 2025
2026-01-27T12:42:40.9231407Z   OS/Arch:          linux/amd64
2026-01-27T12:42:40.9231817Z   Experimental:     false
2026-01-27T12:42:40.9232192Z  containerd:
2026-01-27T12:42:40.9232506Z   Version:          v2.2.1
2026-01-27T12:42:40.9232998Z   GitCommit:        dea7da592f5d1d2b7755e3a161be07f43fad8f75
2026-01-27T12:42:40.9233528Z  runc:
2026-01-27T12:42:40.9233865Z   Version:          1.3.4
2026-01-27T12:42:40.9234253Z   GitCommit:        v1.3.4-0-gd6d73eb8
2026-01-27T12:42:40.9234694Z  docker-init:
2026-01-27T12:42:40.9235010Z   Version:          0.19.0
2026-01-27T12:42:40.9235397Z   GitCommit:        de40ad0
2026-01-27T12:42:40.9296007Z [command]/usr/bin/docker info
2026-01-27T12:42:40.9830997Z Client: Docker Engine - Community
2026-01-27T12:42:40.9831509Z  Version:    28.0.4
2026-01-27T12:42:40.9831855Z  Context:    default
2026-01-27T12:42:40.9832197Z  Debug Mode: false
2026-01-27T12:42:40.9832515Z  Plugins:
2026-01-27T12:42:40.9832834Z   buildx: Docker Buildx (Docker Inc.)
2026-01-27T12:42:40.9833289Z     Version:  v0.30.1
2026-01-27T12:42:40.9833736Z     Path:     /usr/libexec/docker/cli-plugins/docker-buildx
2026-01-27T12:42:40.9834301Z   compose: Docker Compose (Docker Inc.)
2026-01-27T12:42:40.9834734Z     Version:  v2.38.2
2026-01-27T12:42:40.9835184Z     Path:     /usr/libexec/docker/cli-plugins/docker-compose
2026-01-27T12:42:40.9835579Z 
2026-01-27T12:42:40.9835702Z Server:
2026-01-27T12:42:40.9835976Z  Containers: 0
2026-01-27T12:42:40.9836278Z   Running: 0
2026-01-27T12:42:40.9836569Z   Paused: 0
2026-01-27T12:42:40.9836856Z   Stopped: 0
2026-01-27T12:42:40.9837159Z  Images: 2
2026-01-27T12:42:40.9837447Z  Server Version: 28.0.4
2026-01-27T12:42:40.9837805Z  Storage Driver: overlay2
2026-01-27T12:42:40.9838171Z   Backing Filesystem: extfs
2026-01-27T12:42:40.9838535Z   Supports d_type: true
2026-01-27T12:42:40.9838882Z   Using metacopy: false
2026-01-27T12:42:40.9839230Z   Native Overlay Diff: false
2026-01-27T12:42:40.9839855Z   userxattr: false
2026-01-27T12:42:40.9840245Z  Logging Driver: json-file
2026-01-27T12:42:40.9840647Z  Cgroup Driver: systemd
2026-01-27T12:42:40.9840969Z  Cgroup Version: 2
2026-01-27T12:42:40.9841270Z  Plugins:
2026-01-27T12:42:40.9841543Z   Volume: local
2026-01-27T12:42:40.9841928Z   Network: bridge host ipvlan macvlan null overlay
2026-01-27T12:42:40.9842613Z   Log: awslogs fluentd gcplogs gelf journald json-file local splunk syslog
2026-01-27T12:42:40.9843223Z  Swarm: inactive
2026-01-27T12:42:40.9843577Z  Runtimes: io.containerd.runc.v2 runc
2026-01-27T12:42:40.9844023Z  Default Runtime: runc
2026-01-27T12:42:40.9844793Z  Init Binary: docker-init
2026-01-27T12:42:40.9845331Z  containerd version: dea7da592f5d1d2b7755e3a161be07f43fad8f75
2026-01-27T12:42:40.9845910Z  runc version: v1.3.4-0-gd6d73eb8
2026-01-27T12:42:40.9846316Z  init version: de40ad0
2026-01-27T12:42:40.9846635Z  Security Options:
2026-01-27T12:42:40.9846967Z   apparmor
2026-01-27T12:42:40.9847257Z   seccomp
2026-01-27T12:42:40.9847451Z    Profile: builtin
2026-01-27T12:42:40.9847838Z   cgroupns
2026-01-27T12:42:40.9848030Z  Kernel Version: 6.11.0-1018-azure
2026-01-27T12:42:40.9848301Z  Operating System: Ubuntu 24.04.3 LTS
2026-01-27T12:42:40.9848545Z  OSType: linux
2026-01-27T12:42:40.9848733Z  Architecture: x86_64
2026-01-27T12:42:40.9848927Z  CPUs: 4
2026-01-27T12:42:40.9849098Z  Total Memory: 15.62GiB
2026-01-27T12:42:40.9849298Z  Name: runnervmymu0l
2026-01-27T12:42:40.9849857Z  ID: 6d647f4b-a064-4489-8a08-7cb8635b8d79
2026-01-27T12:42:40.9850140Z  Docker Root Dir: /var/lib/docker
2026-01-27T12:42:40.9850379Z  Debug Mode: false
2026-01-27T12:42:40.9850586Z  Username: githubactions
2026-01-27T12:42:40.9850798Z  Experimental: false
2026-01-27T12:42:40.9851014Z  Insecure Registries:
2026-01-27T12:42:40.9851237Z   ::1/128
2026-01-27T12:42:40.9851400Z   127.0.0.0/8
2026-01-27T12:42:40.9851586Z  Live Restore Enabled: false
2026-01-27T12:42:40.9851733Z 
2026-01-27T12:42:40.9853375Z ##[endgroup]
2026-01-27T12:42:41.1044629Z ##[group]Buildx version
2026-01-27T12:42:41.1067819Z [command]/usr/bin/docker buildx version
2026-01-27T12:42:41.1682173Z github.com/docker/buildx v0.30.1 9e66234aa13328a5e75b75aa5574e1ca6d6d9c01
2026-01-27T12:42:41.1715912Z ##[endgroup]
2026-01-27T12:42:41.1869967Z ##[group]Inspecting default docker context
2026-01-27T12:42:41.2012168Z [
2026-01-27T12:42:41.2012480Z   {
2026-01-27T12:42:41.2012677Z     "Name": "default",
2026-01-27T12:42:41.2012931Z     "Metadata": {},
2026-01-27T12:42:41.2013144Z     "Endpoints": {
2026-01-27T12:42:41.2013345Z       "docker": {
2026-01-27T12:42:41.2013586Z         "Host": "unix:///var/run/docker.sock",
2026-01-27T12:42:41.2013903Z         "SkipTLSVerify": false
2026-01-27T12:42:41.2014125Z       }
2026-01-27T12:42:41.2014285Z     },
2026-01-27T12:42:41.2014459Z     "TLSMaterial": {},
2026-01-27T12:42:41.2014664Z     "Storage": {
2026-01-27T12:42:41.2014865Z       "MetadataPath": "<IN MEMORY>",
2026-01-27T12:42:41.2015251Z       "TLSPath": "<IN MEMORY>"
2026-01-27T12:42:41.2015526Z     }
2026-01-27T12:42:41.2015682Z   }
2026-01-27T12:42:41.2015846Z ]
2026-01-27T12:42:41.2016214Z ##[endgroup]
2026-01-27T12:42:41.2016563Z ##[group]Creating a new builder instance
2026-01-27T12:42:41.3617926Z [command]/usr/bin/docker buildx create --name builder-b273128d-8ab1-4167-a5f5-ab03ffad476a --driver docker-container --buildkitd-flags --allow-insecure-entitlement security.insecure --allow-insecure-entitlement network.host --use
2026-01-27T12:42:41.4315440Z builder-b273128d-8ab1-4167-a5f5-ab03ffad476a
2026-01-27T12:42:41.4350110Z ##[endgroup]
2026-01-27T12:42:41.4350730Z ##[group]Booting builder
2026-01-27T12:42:41.4380755Z [command]/usr/bin/docker buildx inspect --bootstrap --builder builder-b273128d-8ab1-4167-a5f5-ab03ffad476a
2026-01-27T12:42:41.4917760Z #1 [internal] booting buildkit
2026-01-27T12:42:41.6424498Z #1 pulling image moby/buildkit:buildx-stable-1
2026-01-27T12:42:44.0650437Z #1 pulling image moby/buildkit:buildx-stable-1 2.6s done
2026-01-27T12:42:44.2158070Z #1 creating container buildx_buildkit_builder-b273128d-8ab1-4167-a5f5-ab03ffad476a0
2026-01-27T12:42:44.3936331Z #1 creating container buildx_buildkit_builder-b273128d-8ab1-4167-a5f5-ab03ffad476a0 0.3s done
2026-01-27T12:42:44.3990197Z #1 DONE 2.9s
2026-01-27T12:42:44.4279023Z Name:          builder-b273128d-8ab1-4167-a5f5-ab03ffad476a
2026-01-27T12:42:44.4279883Z Driver:        docker-container
2026-01-27T12:42:44.4280333Z Last Activity: 2026-01-27 12:42:41 +0000 UTC
2026-01-27T12:42:44.4280671Z 
2026-01-27T12:42:44.4280786Z Nodes:
2026-01-27T12:42:44.4281190Z Name:                  builder-b273128d-8ab1-4167-a5f5-ab03ffad476a0
2026-01-27T12:42:44.4282249Z Endpoint:              unix:///var/run/docker.sock
2026-01-27T12:42:44.4283050Z Status:                running
2026-01-27T12:42:44.4283937Z BuildKit daemon flags: --allow-insecure-entitlement security.insecure --allow-insecure-entitlement network.host
2026-01-27T12:42:44.4284858Z BuildKit version:      v0.26.3
2026-01-27T12:42:44.4285693Z Platforms:             linux/amd64, linux/amd64/v2, linux/amd64/v3, linux/arm64, linux/riscv64, linux/ppc64le, linux/s390x, linux/386, linux/mips64le, linux/mips64, linux/loong64, linux/arm/v7, linux/arm/v6
2026-01-27T12:42:44.4286688Z Labels:
2026-01-27T12:42:44.4286946Z  org.mobyproject.buildkit.worker.executor:         oci
2026-01-27T12:42:44.4287371Z  org.mobyproject.buildkit.worker.hostname:         28fc1b5bf92e
2026-01-27T12:42:44.4287782Z  org.mobyproject.buildkit.worker.network:          host
2026-01-27T12:42:44.4288173Z  org.mobyproject.buildkit.worker.oci.process-mode: sandbox
2026-01-27T12:42:44.4288580Z  org.mobyproject.buildkit.worker.selinux.enabled:  false
2026-01-27T12:42:44.4288985Z  org.mobyproject.buildkit.worker.snapshotter:      overlayfs
2026-01-27T12:42:44.4289315Z GC Policy rule#0:
2026-01-27T12:42:44.4289783Z  All:            false
2026-01-27T12:42:44.4290157Z  Filters:        type==source.local,type==exec.cachemount,type==source.git.checkout
2026-01-27T12:42:44.4290546Z  Keep Duration:  48h0m0s
2026-01-27T12:42:44.4290763Z  Max Used Space: 488.3MiB
2026-01-27T12:42:44.4290985Z GC Policy rule#1:
2026-01-27T12:42:44.4291193Z  All:            false
2026-01-27T12:42:44.4291393Z  Keep Duration:  1440h0m0s
2026-01-27T12:42:44.4291605Z  Reserved Space: 7.451GiB
2026-01-27T12:42:44.4291817Z  Max Used Space: 54.02GiB
2026-01-27T12:42:44.4292021Z  Min Free Space: 13.97GiB
2026-01-27T12:42:44.4292219Z GC Policy rule#2:
2026-01-27T12:42:44.4292400Z  All:            false
2026-01-27T12:42:44.4292586Z  Reserved Space: 7.451GiB
2026-01-27T12:42:44.4292786Z  Max Used Space: 54.02GiB
2026-01-27T12:42:44.4292989Z  Min Free Space: 13.97GiB
2026-01-27T12:42:44.4293195Z GC Policy rule#3:
2026-01-27T12:42:44.4293375Z  All:            true
2026-01-27T12:42:44.4293563Z  Reserved Space: 7.451GiB
2026-01-27T12:42:44.4293767Z  Max Used Space: 54.02GiB
2026-01-27T12:42:44.4293967Z  Min Free Space: 13.97GiB
2026-01-27T12:42:44.4333433Z ##[endgroup]
2026-01-27T12:42:44.5242803Z ##[group]Inspect builder
2026-01-27T12:42:44.5245483Z {
2026-01-27T12:42:44.5245763Z   "nodes": [
2026-01-27T12:42:44.5246100Z     {
2026-01-27T12:42:44.5246518Z       "name": "builder-b273128d-8ab1-4167-a5f5-ab03ffad476a0",
2026-01-27T12:42:44.5247156Z       "endpoint": "unix:///var/run/docker.sock",
2026-01-27T12:42:44.5247651Z       "status": "running",
2026-01-27T12:42:44.5248528Z       "buildkitd-flags": "--allow-insecure-entitlement security.insecure --allow-insecure-entitlement network.host",
2026-01-27T12:42:44.5249333Z       "buildkit": "v0.26.3",
2026-01-27T12:42:44.5250751Z       "platforms": "linux/amd64,linux/amd64/v2,linux/amd64/v3,linux/arm64,linux/riscv64,linux/ppc64le,linux/s390x,linux/386,linux/mips64le,linux/mips64,linux/loong64,linux/arm/v7,linux/arm/v6",
2026-01-27T12:42:44.5252062Z       "features": {
2026-01-27T12:42:44.5252481Z         "Automatically load images to the Docker Engine image store": true,
2026-01-27T12:42:44.5252876Z         "Cache export": true,
2026-01-27T12:42:44.5253266Z         "Direct push": true,
2026-01-27T12:42:44.5253610Z         "Docker exporter": true,
2026-01-27T12:42:44.5253890Z         "Multi-platform build": true,
2026-01-27T12:42:44.5254160Z         "OCI exporter": true
2026-01-27T12:42:44.5254383Z       },
2026-01-27T12:42:44.5254556Z       "labels": {
2026-01-27T12:42:44.5254813Z         "org.mobyproject.buildkit.worker.executor": "oci",
2026-01-27T12:42:44.5255220Z         "org.mobyproject.buildkit.worker.hostname": "28fc1b5bf92e",
2026-01-27T12:42:44.5255635Z         "org.mobyproject.buildkit.worker.network": "host",
2026-01-27T12:42:44.5256046Z         "org.mobyproject.buildkit.worker.oci.process-mode": "sandbox",
2026-01-27T12:42:44.5256759Z         "org.mobyproject.buildkit.worker.selinux.enabled": "false",
2026-01-27T12:42:44.5257243Z         "org.mobyproject.buildkit.worker.snapshotter": "overlayfs"
2026-01-27T12:42:44.5257588Z       },
2026-01-27T12:42:44.5257756Z       "gcPolicy": [
2026-01-27T12:42:44.5257946Z         {
2026-01-27T12:42:44.5258116Z           "all": false,
2026-01-27T12:42:44.5258319Z           "filter": [
2026-01-27T12:42:44.5258528Z             "type==source.local",
2026-01-27T12:42:44.5258918Z             "type==exec.cachemount",
2026-01-27T12:42:44.5259183Z             "type==source.git.checkout"
2026-01-27T12:42:44.5259743Z           ],
2026-01-27T12:42:44.5259962Z           "keepDuration": "48h0m0s",
2026-01-27T12:42:44.5260225Z           "maxUsedSpace": "488.3MiB"
2026-01-27T12:42:44.5260447Z         },
2026-01-27T12:42:44.5260615Z         {
2026-01-27T12:42:44.5260787Z           "all": false,
2026-01-27T12:42:44.5261008Z           "keepDuration": "1440h0m0s",
2026-01-27T12:42:44.5261259Z           "reservedSpace": "7.451GiB",
2026-01-27T12:42:44.5261515Z           "maxUsedSpace": "54.02GiB",
2026-01-27T12:42:44.5261753Z           "minFreeSpace": "13.97GiB"
2026-01-27T12:42:44.5261975Z         },
2026-01-27T12:42:44.5262137Z         {
2026-01-27T12:42:44.5262302Z           "all": false,
2026-01-27T12:42:44.5262514Z           "reservedSpace": "7.451GiB",
2026-01-27T12:42:44.5262752Z           "maxUsedSpace": "54.02GiB",
2026-01-27T12:42:44.5263028Z           "minFreeSpace": "13.97GiB"
2026-01-27T12:42:44.5263254Z         },
2026-01-27T12:42:44.5263413Z         {
2026-01-27T12:42:44.5263577Z           "all": true,
2026-01-27T12:42:44.5263778Z           "reservedSpace": "7.451GiB",
2026-01-27T12:42:44.5264020Z           "maxUsedSpace": "54.02GiB",
2026-01-27T12:42:44.5264260Z           "minFreeSpace": "13.97GiB"
2026-01-27T12:42:44.5264485Z         }
2026-01-27T12:42:44.5264647Z       ]
2026-01-27T12:42:44.5264799Z     }
2026-01-27T12:42:44.5264956Z   ],
2026-01-27T12:42:44.5265184Z   "name": "builder-b273128d-8ab1-4167-a5f5-ab03ffad476a",
2026-01-27T12:42:44.5265506Z   "driver": "docker-container",
2026-01-27T12:42:44.5265758Z   "lastActivity": "2026-01-27T12:42:41.000Z"
2026-01-27T12:42:44.5266000Z }
2026-01-27T12:42:44.5266355Z ##[endgroup]
2026-01-27T12:42:44.5266872Z ##[group]BuildKit version
2026-01-27T12:42:44.5267365Z builder-b273128d-8ab1-4167-a5f5-ab03ffad476a0: v0.26.3
2026-01-27T12:42:44.5268035Z ##[endgroup]
2026-01-27T12:42:44.5402372Z ##[group]Run docker/login-action@v3
2026-01-27T12:42:44.5402690Z with:
2026-01-27T12:42:44.5402981Z   username: ***
2026-01-27T12:42:44.5403246Z   password: ***
2026-01-27T12:42:44.5403494Z   logout: true
2026-01-27T12:42:44.5403684Z ##[endgroup]
2026-01-27T12:42:44.8463835Z Logging into docker.io...
2026-01-27T12:42:45.1287381Z Login Succeeded!
2026-01-27T12:42:45.1454909Z ##[group]Run docker/metadata-action@v5
2026-01-27T12:42:45.1455208Z with:
2026-01-27T12:42:45.1455460Z   images: ***/ai-teaching-assistant-frontend
2026-01-27T12:42:45.1455740Z   context: workflow
2026-01-27T12:42:45.1456037Z   github-token: ***
2026-01-27T12:42:45.1456234Z ##[endgroup]
2026-01-27T12:42:45.8240438Z ##[group]Context info
2026-01-27T12:42:45.8241099Z eventName: push
2026-01-27T12:42:45.8241627Z sha: c92fed8adc260732accc9cf8fb7f577bdf6c7f27
2026-01-27T12:42:45.8242256Z ref: refs/heads/main
2026-01-27T12:42:45.8257653Z workflow: CI/CD Pipeline
2026-01-27T12:42:45.8258109Z action: meta_frontend
2026-01-27T12:42:45.8258500Z actor: sst2020
2026-01-27T12:42:45.8258862Z runNumber: 23
2026-01-27T12:42:45.8259183Z runId: 21397608717
2026-01-27T12:42:45.8260025Z commitDate: Tue Jan 27 2026 12:42:18 GMT+0000 (Coordinated Universal Time)
2026-01-27T12:42:45.8261016Z ##[endgroup]
2026-01-27T12:42:45.8261677Z ##[group]Processing images input
2026-01-27T12:42:45.8262554Z name=***/ai-teaching-assistant-frontend,enable=true
2026-01-27T12:42:45.8263432Z ##[endgroup]
2026-01-27T12:42:45.8271387Z ##[group]Processing tags input
2026-01-27T12:42:45.8272934Z type=schedule,pattern=nightly,enable=true,priority=1000
2026-01-27T12:42:45.8273837Z type=ref,event=branch,enable=true,priority=600
2026-01-27T12:42:45.8274682Z type=ref,event=tag,enable=true,priority=600
2026-01-27T12:42:45.8283106Z type=ref,event=pr,prefix=pr-,enable=true,priority=600
2026-01-27T12:42:45.8283935Z ##[endgroup]
2026-01-27T12:42:45.8284542Z ##[group]Processing flavor input
2026-01-27T12:42:45.8284964Z latest=auto
2026-01-27T12:42:45.8285259Z prefix=
2026-01-27T12:42:45.8285566Z prefixLatest=false
2026-01-27T12:42:45.8286242Z suffix=
2026-01-27T12:42:45.8286541Z suffixLatest=false
2026-01-27T12:42:45.8287105Z ##[endgroup]
2026-01-27T12:42:45.8340446Z ##[group]Docker image version
2026-01-27T12:42:45.8341192Z main
2026-01-27T12:42:45.8341961Z ##[endgroup]
2026-01-27T12:42:45.8342539Z ##[group]Docker tags
2026-01-27T12:42:45.8343063Z ***/ai-teaching-assistant-frontend:main
2026-01-27T12:42:45.8343768Z ##[endgroup]
2026-01-27T12:42:45.8405890Z ##[group]Docker labels
2026-01-27T12:42:45.8408881Z org.opencontainers.image.created=2026-01-27T12:42:45.827Z
2026-01-27T12:42:45.8411523Z org.opencontainers.image.description=A web application for AI-based question judging.
2026-01-27T12:42:45.8413439Z org.opencontainers.image.licenses=MIT
2026-01-27T12:42:45.8414237Z org.opencontainers.image.revision=c92fed8adc260732accc9cf8fb7f577bdf6c7f27
2026-01-27T12:42:45.8415328Z org.opencontainers.image.source=https://github.com/sst2020/ai-teaching-assistant
2026-01-27T12:42:45.8416266Z org.opencontainers.image.title=ai-teaching-assistant
2026-01-27T12:42:45.8417132Z org.opencontainers.image.url=https://github.com/sst2020/ai-teaching-assistant
2026-01-27T12:42:45.8417941Z org.opencontainers.image.version=main
2026-01-27T12:42:45.8418739Z ##[endgroup]
2026-01-27T12:42:45.8419668Z ##[group]Annotations
2026-01-27T12:42:45.8420259Z manifest:org.opencontainers.image.created=2026-01-27T12:42:45.827Z
2026-01-27T12:42:45.8421292Z manifest:org.opencontainers.image.description=A web application for AI-based question judging.
2026-01-27T12:42:45.8422239Z manifest:org.opencontainers.image.licenses=MIT
2026-01-27T12:42:45.8423103Z manifest:org.opencontainers.image.revision=c92fed8adc260732accc9cf8fb7f577bdf6c7f27
2026-01-27T12:42:45.8424229Z manifest:org.opencontainers.image.source=https://github.com/sst2020/ai-teaching-assistant
2026-01-27T12:42:45.8425216Z manifest:org.opencontainers.image.title=ai-teaching-assistant
2026-01-27T12:42:45.8426108Z manifest:org.opencontainers.image.url=https://github.com/sst2020/ai-teaching-assistant
2026-01-27T12:42:45.8427023Z manifest:org.opencontainers.image.version=main
2026-01-27T12:42:45.8429633Z ##[endgroup]
2026-01-27T12:42:45.8431053Z ##[group]JSON output
2026-01-27T12:42:45.8432021Z {
2026-01-27T12:42:45.8432979Z   "tags": [
2026-01-27T12:42:45.8433769Z     "***/ai-teaching-assistant-frontend:main"
2026-01-27T12:42:45.8434574Z   ],
2026-01-27T12:42:45.8434884Z   "tag-names": [
2026-01-27T12:42:45.8435203Z     "main"
2026-01-27T12:42:45.8435488Z   ],
2026-01-27T12:42:45.8435756Z   "labels": {
2026-01-27T12:42:45.8436246Z     "org.opencontainers.image.created": "2026-01-27T12:42:45.827Z",
2026-01-27T12:42:45.8437222Z     "org.opencontainers.image.description": "A web application for AI-based question judging.",
2026-01-27T12:42:45.8438088Z     "org.opencontainers.image.licenses": "MIT",
2026-01-27T12:42:45.8438867Z     "org.opencontainers.image.revision": "c92fed8adc260732accc9cf8fb7f577bdf6c7f27",
2026-01-27T12:42:45.8440172Z     "org.opencontainers.image.source": "https://github.com/sst2020/ai-teaching-assistant",
2026-01-27T12:42:45.8441135Z     "org.opencontainers.image.title": "ai-teaching-assistant",
2026-01-27T12:42:45.8442003Z     "org.opencontainers.image.url": "https://github.com/sst2020/ai-teaching-assistant",
2026-01-27T12:42:45.8442806Z     "org.opencontainers.image.version": "main"
2026-01-27T12:42:45.8443285Z   },
2026-01-27T12:42:45.8443575Z   "annotations": [
2026-01-27T12:42:45.8444111Z     "manifest:org.opencontainers.image.created=2026-01-27T12:42:45.827Z",
2026-01-27T12:42:45.8445140Z     "manifest:org.opencontainers.image.description=A web application for AI-based question judging.",
2026-01-27T12:42:45.8460179Z     "manifest:org.opencontainers.image.licenses=MIT",
2026-01-27T12:42:45.8461053Z     "manifest:org.opencontainers.image.revision=c92fed8adc260732accc9cf8fb7f577bdf6c7f27",
2026-01-27T12:42:45.8462180Z     "manifest:org.opencontainers.image.source=https://github.com/sst2020/ai-teaching-assistant",
2026-01-27T12:42:45.8463190Z     "manifest:org.opencontainers.image.title=ai-teaching-assistant",
2026-01-27T12:42:45.8464451Z     "manifest:org.opencontainers.image.url=https://github.com/sst2020/ai-teaching-assistant",
2026-01-27T12:42:45.8465346Z     "manifest:org.opencontainers.image.version=main"
2026-01-27T12:42:45.8465855Z   ]
2026-01-27T12:42:45.8466132Z }
2026-01-27T12:42:45.8466690Z ##[endgroup]
2026-01-27T12:42:45.8467274Z ##[group]Bake file definition (tags)
2026-01-27T12:42:45.8467677Z {
2026-01-27T12:42:45.8467985Z   "target": {
2026-01-27T12:42:45.8468309Z     "docker-metadata-action": {
2026-01-27T12:42:45.8468697Z       "tags": [
2026-01-27T12:42:45.8469179Z         "***/ai-teaching-assistant-frontend:main"
2026-01-27T12:42:45.8469883Z       ],
2026-01-27T12:42:45.8470182Z       "args": {
2026-01-27T12:42:45.8470702Z         "DOCKER_META_IMAGES": "***/ai-teaching-assistant-frontend",
2026-01-27T12:42:45.8471320Z         "DOCKER_META_VERSION": "main"
2026-01-27T12:42:45.8471745Z       }
2026-01-27T12:42:45.8472011Z     }
2026-01-27T12:42:45.8472278Z   }
2026-01-27T12:42:45.8472549Z }
2026-01-27T12:42:45.8473060Z ##[endgroup]
2026-01-27T12:42:45.8473632Z ##[group]Bake file definition (labels)
2026-01-27T12:42:45.8474062Z {
2026-01-27T12:42:45.8474338Z   "target": {
2026-01-27T12:42:45.8474672Z     "docker-metadata-action": {
2026-01-27T12:42:45.8475075Z       "labels": {
2026-01-27T12:42:45.8475565Z         "org.opencontainers.image.created": "2026-01-27T12:42:45.827Z",
2026-01-27T12:42:45.8476535Z         "org.opencontainers.image.description": "A web application for AI-based question judging.",
2026-01-27T12:42:45.8477415Z         "org.opencontainers.image.licenses": "MIT",
2026-01-27T12:42:45.8478196Z         "org.opencontainers.image.revision": "c92fed8adc260732accc9cf8fb7f577bdf6c7f27",
2026-01-27T12:42:45.8479241Z         "org.opencontainers.image.source": "https://github.com/sst2020/ai-teaching-assistant",
2026-01-27T12:42:45.8480306Z         "org.opencontainers.image.title": "ai-teaching-assistant",
2026-01-27T12:42:45.8481170Z         "org.opencontainers.image.url": "https://github.com/sst2020/ai-teaching-assistant",
2026-01-27T12:42:45.8481988Z         "org.opencontainers.image.version": "main"
2026-01-27T12:42:45.8482474Z       }
2026-01-27T12:42:45.8482756Z     }
2026-01-27T12:42:45.8483026Z   }
2026-01-27T12:42:45.8483287Z }
2026-01-27T12:42:45.8483793Z ##[endgroup]
2026-01-27T12:42:45.8484569Z ##[group]Bake file definition (annotations)
2026-01-27T12:42:45.8485029Z {
2026-01-27T12:42:45.8485314Z   "target": {
2026-01-27T12:42:45.8485640Z     "docker-metadata-action": {
2026-01-27T12:42:45.8486055Z       "annotations": [
2026-01-27T12:42:45.8486619Z         "manifest:org.opencontainers.image.created=2026-01-27T12:42:45.827Z",
2026-01-27T12:42:45.8487672Z         "manifest:org.opencontainers.image.description=A web application for AI-based question judging.",
2026-01-27T12:42:45.8488635Z         "manifest:org.opencontainers.image.licenses=MIT",
2026-01-27T12:42:45.8489682Z         "manifest:org.opencontainers.image.revision=c92fed8adc260732accc9cf8fb7f577bdf6c7f27",
2026-01-27T12:42:45.8490848Z         "manifest:org.opencontainers.image.source=https://github.com/sst2020/ai-teaching-assistant",
2026-01-27T12:42:45.8491857Z         "manifest:org.opencontainers.image.title=ai-teaching-assistant",
2026-01-27T12:42:45.8492826Z         "manifest:org.opencontainers.image.url=https://github.com/sst2020/ai-teaching-assistant",
2026-01-27T12:42:45.8493724Z         "manifest:org.opencontainers.image.version=main"
2026-01-27T12:42:45.8494242Z       ]
2026-01-27T12:42:45.8494528Z     }
2026-01-27T12:42:45.8494806Z   }
2026-01-27T12:42:45.8495082Z }
2026-01-27T12:42:45.8495605Z ##[endgroup]
2026-01-27T12:42:45.9097730Z ##[group]Run docker/build-push-action@v5
2026-01-27T12:42:45.9098046Z with:
2026-01-27T12:42:45.9098230Z   context: ./frontend
2026-01-27T12:42:45.9098445Z   file: ./frontend/Dockerfile
2026-01-27T12:42:45.9098677Z   push: true
2026-01-27T12:42:45.9098958Z   tags: ***/ai-teaching-assistant-frontend:main
2026-01-27T12:42:45.9101243Z   labels: org.opencontainers.image.created=2026-01-27T12:42:45.827Z
org.opencontainers.image.description=A web application for AI-based question judging.
org.opencontainers.image.licenses=MIT
org.opencontainers.image.revision=c92fed8adc260732accc9cf8fb7f577bdf6c7f27
org.opencontainers.image.source=https://github.com/sst2020/ai-teaching-assistant
org.opencontainers.image.title=ai-teaching-assistant
org.opencontainers.image.url=https://github.com/sst2020/ai-teaching-assistant
org.opencontainers.image.version=main
2026-01-27T12:42:45.9103474Z   cache-from: type=gha
2026-01-27T12:42:45.9103705Z   cache-to: type=gha,mode=max
2026-01-27T12:42:45.9103970Z   load: false
2026-01-27T12:42:45.9104148Z   no-cache: false
2026-01-27T12:42:45.9104334Z   pull: false
2026-01-27T12:42:45.9104629Z   github-token: ***
2026-01-27T12:42:45.9104828Z env:
2026-01-27T12:42:45.9105024Z   DOCKER_METADATA_OUTPUT_VERSION: main
2026-01-27T12:42:45.9105418Z   DOCKER_METADATA_OUTPUT_TAGS: ***/ai-teaching-assistant-frontend:main
2026-01-27T12:42:45.9105796Z   DOCKER_METADATA_OUTPUT_TAG_NAMES: main
2026-01-27T12:42:45.9107885Z   DOCKER_METADATA_OUTPUT_LABELS: org.opencontainers.image.created=2026-01-27T12:42:45.827Z
org.opencontainers.image.description=A web application for AI-based question judging.
org.opencontainers.image.licenses=MIT
org.opencontainers.image.revision=c92fed8adc260732accc9cf8fb7f577bdf6c7f27
org.opencontainers.image.source=https://github.com/sst2020/ai-teaching-assistant
org.opencontainers.image.title=ai-teaching-assistant
org.opencontainers.image.url=https://github.com/sst2020/ai-teaching-assistant
org.opencontainers.image.version=main
2026-01-27T12:42:45.9112319Z   DOCKER_METADATA_OUTPUT_ANNOTATIONS: manifest:org.opencontainers.image.created=2026-01-27T12:42:45.827Z
manifest:org.opencontainers.image.description=A web application for AI-based question judging.
manifest:org.opencontainers.image.licenses=MIT
manifest:org.opencontainers.image.revision=c92fed8adc260732accc9cf8fb7f577bdf6c7f27
manifest:org.opencontainers.image.source=https://github.com/sst2020/ai-teaching-assistant
manifest:org.opencontainers.image.title=ai-teaching-assistant
manifest:org.opencontainers.image.url=https://github.com/sst2020/ai-teaching-assistant
manifest:org.opencontainers.image.version=main
2026-01-27T12:42:45.9119657Z   DOCKER_METADATA_OUTPUT_JSON: {"tags":["***/ai-teaching-assistant-frontend:main"],"tag-names":["main"],"labels":{"org.opencontainers.image.created":"2026-01-27T12:42:45.827Z","org.opencontainers.image.description":"A web application for AI-based question judging.","org.opencontainers.image.licenses":"MIT","org.opencontainers.image.revision":"c92fed8adc260732accc9cf8fb7f577bdf6c7f27","org.opencontainers.image.source":"https://github.com/sst2020/ai-teaching-assistant","org.opencontainers.image.title":"ai-teaching-assistant","org.opencontainers.image.url":"https://github.com/sst2020/ai-teaching-assistant","org.opencontainers.image.version":"main"},"annotations":["manifest:org.opencontainers.image.created=2026-01-27T12:42:45.827Z","manifest:org.opencontainers.image.description=A web application for AI-based question judging.","manifest:org.opencontainers.image.licenses=MIT","manifest:org.opencontainers.image.revision=c92fed8adc260732accc9cf8fb7f577bdf6c7f27","manifest:org.opencontainers.image.source=https://github.com/sst2020/ai-teaching-assistant","manifest:org.opencontainers.image.title=ai-teaching-assistant","manifest:org.opencontainers.image.url=https://github.com/sst2020/ai-teaching-assistant","manifest:org.opencontainers.image.version=main"]}
2026-01-27T12:42:45.9124922Z   DOCKER_METADATA_OUTPUT_BAKE_FILE_TAGS: /home/runner/work/_temp/docker-actions-toolkit-HViHlT/docker-metadata-action-bake-tags.json
2026-01-27T12:42:45.9125893Z   DOCKER_METADATA_OUTPUT_BAKE_FILE_LABELS: /home/runner/work/_temp/docker-actions-toolkit-HViHlT/docker-metadata-action-bake-labels.json
2026-01-27T12:42:45.9126872Z   DOCKER_METADATA_OUTPUT_BAKE_FILE_ANNOTATIONS: /home/runner/work/_temp/docker-actions-toolkit-HViHlT/docker-metadata-action-bake-annotations.json
2026-01-27T12:42:45.9127910Z   DOCKER_METADATA_OUTPUT_BAKE_FILE: /home/runner/work/_temp/docker-actions-toolkit-HViHlT/docker-metadata-action-bake.json
2026-01-27T12:42:45.9128446Z ##[endgroup]
2026-01-27T12:42:46.1447733Z ##[group]GitHub Actions runtime token ACs
2026-01-27T12:42:46.1458527Z refs/heads/main: read/write
2026-01-27T12:42:46.1459861Z ##[endgroup]
2026-01-27T12:42:46.1460445Z ##[group]Docker info
2026-01-27T12:42:46.1517042Z [command]/usr/bin/docker version
2026-01-27T12:42:46.1710710Z Client: Docker Engine - Community
2026-01-27T12:42:46.1713590Z  Version:           28.0.4
2026-01-27T12:42:46.1713991Z  API version:       1.48
2026-01-27T12:42:46.1714406Z  Go version:        go1.23.7
2026-01-27T12:42:46.1714789Z  Git commit:        b8034c0
2026-01-27T12:42:46.1715205Z  Built:             Tue Mar 25 15:07:16 2025
2026-01-27T12:42:46.1715562Z  OS/Arch:           linux/amd64
2026-01-27T12:42:46.1715802Z  Context:           default
2026-01-27T12:42:46.1715957Z 
2026-01-27T12:42:46.1716060Z Server: Docker Engine - Community
2026-01-27T12:42:46.1716324Z  Engine:
2026-01-27T12:42:46.1716504Z   Version:          28.0.4
2026-01-27T12:42:46.1716753Z   API version:      1.48 (minimum version 1.24)
2026-01-27T12:42:46.1717037Z   Go version:       go1.23.7
2026-01-27T12:42:46.1717263Z   Git commit:       6430e49
2026-01-27T12:42:46.1717485Z   Built:            Tue Mar 25 15:07:16 2025
2026-01-27T12:42:46.1717738Z   OS/Arch:          linux/amd64
2026-01-27T12:42:46.1717961Z   Experimental:     false
2026-01-27T12:42:46.1718209Z  containerd:
2026-01-27T12:42:46.1718399Z   Version:          v2.2.1
2026-01-27T12:42:46.1718682Z   GitCommit:        dea7da592f5d1d2b7755e3a161be07f43fad8f75
2026-01-27T12:42:46.1718987Z  runc:
2026-01-27T12:42:46.1719155Z   Version:          1.3.4
2026-01-27T12:42:46.1719391Z   GitCommit:        v1.3.4-0-gd6d73eb8
2026-01-27T12:42:46.1719905Z  docker-init:
2026-01-27T12:42:46.1720091Z   Version:          0.19.0
2026-01-27T12:42:46.1720310Z   GitCommit:        de40ad0
2026-01-27T12:42:46.1760284Z [command]/usr/bin/docker info
2026-01-27T12:42:46.2208212Z Client: Docker Engine - Community
2026-01-27T12:42:46.2208731Z  Version:    28.0.4
2026-01-27T12:42:46.2209077Z  Context:    default
2026-01-27T12:42:46.2210101Z  Debug Mode: false
2026-01-27T12:42:46.2210449Z  Plugins:
2026-01-27T12:42:46.2210772Z   buildx: Docker Buildx (Docker Inc.)
2026-01-27T12:42:46.2211207Z     Version:  v0.30.1
2026-01-27T12:42:46.2211662Z     Path:     /usr/libexec/docker/cli-plugins/docker-buildx
2026-01-27T12:42:46.2212229Z   compose: Docker Compose (Docker Inc.)
2026-01-27T12:42:46.2212663Z     Version:  v2.38.2
2026-01-27T12:42:46.2213135Z     Path:     /usr/libexec/docker/cli-plugins/docker-compose
2026-01-27T12:42:46.2213535Z 
2026-01-27T12:42:46.2213648Z Server:
2026-01-27T12:42:46.2213925Z  Containers: 1
2026-01-27T12:42:46.2214227Z   Running: 1
2026-01-27T12:42:46.2214518Z   Paused: 0
2026-01-27T12:42:46.2214798Z   Stopped: 0
2026-01-27T12:42:46.2215080Z  Images: 3
2026-01-27T12:42:46.2215380Z  Server Version: 28.0.4
2026-01-27T12:42:46.2215764Z  Storage Driver: overlay2
2026-01-27T12:42:46.2216136Z   Backing Filesystem: extfs
2026-01-27T12:42:46.2216500Z   Supports d_type: true
2026-01-27T12:42:46.2216846Z   Using metacopy: false
2026-01-27T12:42:46.2217188Z   Native Overlay Diff: false
2026-01-27T12:42:46.2217560Z   userxattr: false
2026-01-27T12:42:46.2217886Z  Logging Driver: json-file
2026-01-27T12:42:46.2218231Z  Cgroup Driver: systemd
2026-01-27T12:42:46.2218579Z  Cgroup Version: 2
2026-01-27T12:42:46.2218895Z  Plugins:
2026-01-27T12:42:46.2219189Z   Volume: local
2026-01-27T12:42:46.2219735Z   Network: bridge host ipvlan macvlan null overlay
2026-01-27T12:42:46.2220949Z   Log: awslogs fluentd gcplogs gelf journald json-file local splunk syslog
2026-01-27T12:42:46.2221602Z  Swarm: inactive
2026-01-27T12:42:46.2221937Z  Runtimes: runc io.containerd.runc.v2
2026-01-27T12:42:46.2222384Z  Default Runtime: runc
2026-01-27T12:42:46.2222766Z  Init Binary: docker-init
2026-01-27T12:42:46.2223134Z  containerd version: dea7da592f5d1d2b7755e3a161be07f43fad8f75
2026-01-27T12:42:46.2223848Z  runc version: v1.3.4-0-gd6d73eb8
2026-01-27T12:42:46.2224132Z  init version: de40ad0
2026-01-27T12:42:46.2224353Z  Security Options:
2026-01-27T12:42:46.2224559Z   apparmor
2026-01-27T12:42:46.2224741Z   seccomp
2026-01-27T12:42:46.2224915Z    Profile: builtin
2026-01-27T12:42:46.2225101Z   cgroupns
2026-01-27T12:42:46.2225297Z  Kernel Version: 6.11.0-1018-azure
2026-01-27T12:42:46.2225554Z  Operating System: Ubuntu 24.04.3 LTS
2026-01-27T12:42:46.2225802Z  OSType: linux
2026-01-27T12:42:46.2225991Z  Architecture: x86_64
2026-01-27T12:42:46.2226178Z  CPUs: 4
2026-01-27T12:42:46.2226354Z  Total Memory: 15.62GiB
2026-01-27T12:42:46.2226661Z  Name: runnervmymu0l
2026-01-27T12:42:46.2227019Z  ID: 6d647f4b-a064-4489-8a08-7cb8635b8d79
2026-01-27T12:42:46.2227453Z  Docker Root Dir: /var/lib/docker
2026-01-27T12:42:46.2227838Z  Debug Mode: false
2026-01-27T12:42:46.2228177Z  Username: ***
2026-01-27T12:42:46.2228380Z  Experimental: false
2026-01-27T12:42:46.2228601Z  Insecure Registries:
2026-01-27T12:42:46.2228822Z   ::1/128
2026-01-27T12:42:46.2228979Z   127.0.0.0/8
2026-01-27T12:42:46.2229165Z  Live Restore Enabled: false
2026-01-27T12:42:46.2229318Z 
2026-01-27T12:42:46.2230050Z ##[endgroup]
2026-01-27T12:42:46.2230415Z ##[group]Proxy configuration
2026-01-27T12:42:46.2231249Z No proxy configuration found
2026-01-27T12:42:46.2231868Z ##[endgroup]
2026-01-27T12:42:46.2764672Z ##[group]Buildx version
2026-01-27T12:42:46.2786041Z [command]/usr/bin/docker buildx version
2026-01-27T12:42:46.3253925Z github.com/docker/buildx v0.30.1 9e66234aa13328a5e75b75aa5574e1ca6d6d9c01
2026-01-27T12:42:46.3285900Z ##[endgroup]
2026-01-27T12:42:46.3286307Z ##[group]Builder info
2026-01-27T12:42:46.4123841Z {
2026-01-27T12:42:46.4124335Z   "nodes": [
2026-01-27T12:42:46.4124699Z     {
2026-01-27T12:42:46.4125154Z       "name": "builder-b273128d-8ab1-4167-a5f5-ab03ffad476a0",
2026-01-27T12:42:46.4125793Z       "endpoint": "unix:///var/run/docker.sock",
2026-01-27T12:42:46.4126300Z       "status": "running",
2026-01-27T12:42:46.4127226Z       "buildkitd-flags": "--allow-insecure-entitlement security.insecure --allow-insecure-entitlement network.host",
2026-01-27T12:42:46.4128149Z       "buildkit": "v0.26.3",
2026-01-27T12:42:46.4129642Z       "platforms": "linux/amd64,linux/amd64/v2,linux/amd64/v3,linux/arm64,linux/riscv64,linux/ppc64le,linux/s390x,linux/386,linux/mips64le,linux/mips64,linux/loong64,linux/arm/v7,linux/arm/v6",
2026-01-27T12:42:46.4130985Z       "features": {
2026-01-27T12:42:46.4131506Z         "Automatically load images to the Docker Engine image store": true,
2026-01-27T12:42:46.4132163Z         "Cache export": true,
2026-01-27T12:42:46.4132574Z         "Direct push": true,
2026-01-27T12:42:46.4132975Z         "Docker exporter": true,
2026-01-27T12:42:46.4133417Z         "Multi-platform build": true,
2026-01-27T12:42:46.4133860Z         "OCI exporter": true
2026-01-27T12:42:46.4134223Z       },
2026-01-27T12:42:46.4134502Z       "labels": {
2026-01-27T12:42:46.4134945Z         "org.mobyproject.buildkit.worker.executor": "oci",
2026-01-27T12:42:46.4135656Z         "org.mobyproject.buildkit.worker.hostname": "28fc1b5bf92e",
2026-01-27T12:42:46.4136359Z         "org.mobyproject.buildkit.worker.network": "host",
2026-01-27T12:42:46.4137137Z         "org.mobyproject.buildkit.worker.oci.process-mode": "sandbox",
2026-01-27T12:42:46.4137927Z         "org.mobyproject.buildkit.worker.selinux.enabled": "false",
2026-01-27T12:42:46.4138700Z         "org.mobyproject.buildkit.worker.snapshotter": "overlayfs"
2026-01-27T12:42:46.4139286Z       },
2026-01-27T12:42:46.4139957Z       "gcPolicy": [
2026-01-27T12:42:46.4140654Z         {
2026-01-27T12:42:46.4141027Z           "all": false,
2026-01-27T12:42:46.4141375Z           "filter": [
2026-01-27T12:42:46.4141713Z             "type==source.local",
2026-01-27T12:42:46.4142140Z             "type==exec.cachemount",
2026-01-27T12:42:46.4142627Z             "type==source.git.checkout"
2026-01-27T12:42:46.4143089Z           ],
2026-01-27T12:42:46.4143706Z           "keepDuration": "48h0m0s"
2026-01-27T12:42:46.4144131Z         },
2026-01-27T12:42:46.4144427Z         {
2026-01-27T12:42:46.4144729Z           "all": false,
2026-01-27T12:42:46.4145173Z           "keepDuration": "1440h0m0s"
2026-01-27T12:42:46.4145602Z         },
2026-01-27T12:42:46.4145890Z         {
2026-01-27T12:42:46.4146204Z           "all": false
2026-01-27T12:42:46.4146567Z         },
2026-01-27T12:42:46.4146861Z         {
2026-01-27T12:42:46.4147152Z           "all": true
2026-01-27T12:42:46.4147475Z         }
2026-01-27T12:42:46.4147762Z       ]
2026-01-27T12:42:46.4148046Z     }
2026-01-27T12:42:46.4148361Z   ],
2026-01-27T12:42:46.4148780Z   "name": "builder-b273128d-8ab1-4167-a5f5-ab03ffad476a",
2026-01-27T12:42:46.4149358Z   "driver": "docker-container",
2026-01-27T12:42:46.4150019Z   "lastActivity": "2026-01-27T12:42:41.000Z"
2026-01-27T12:42:46.4150471Z }
2026-01-27T12:42:46.4151099Z ##[endgroup]
2026-01-27T12:42:46.5693045Z [command]/usr/bin/docker buildx build --cache-from type=gha --cache-to type=gha,mode=max --file ./frontend/Dockerfile --iidfile /home/runner/work/_temp/docker-actions-toolkit-XoWdK2/build-iidfile-e92c2fc572.txt --label org.opencontainers.image.created=2026-01-27T12:42:45.827Z --label org.opencontainers.image.description=A web application for AI-based question judging. --label org.opencontainers.image.licenses=MIT --label org.opencontainers.image.revision=c92fed8adc260732accc9cf8fb7f577bdf6c7f27 --label org.opencontainers.image.source=https://github.com/sst2020/ai-teaching-assistant --label org.opencontainers.image.title=ai-teaching-assistant --label org.opencontainers.image.url=https://github.com/sst2020/ai-teaching-assistant --label org.opencontainers.image.version=main --attest type=provenance,mode=max,builder-id=https://github.com/sst2020/ai-teaching-assistant/actions/runs/21397608717 --tag ***/ai-teaching-assistant-frontend:main --metadata-file /home/runner/work/_temp/docker-actions-toolkit-XoWdK2/build-metadata-271c1fb7f8.json --push ./frontend
2026-01-27T12:42:46.8262478Z #0 building with "builder-b273128d-8ab1-4167-a5f5-ab03ffad476a" instance using docker-container driver
2026-01-27T12:42:46.8263090Z 
2026-01-27T12:42:46.8263255Z #1 [internal] load build definition from Dockerfile
2026-01-27T12:42:46.8263645Z #1 transferring dockerfile: 1.37kB done
2026-01-27T12:42:46.8263956Z #1 DONE 0.0s
2026-01-27T12:42:46.8264082Z 
2026-01-27T12:42:46.8264268Z #2 [auth] library/node:pull token for registry-1.docker.io
2026-01-27T12:42:46.9770226Z #2 DONE 0.0s
2026-01-27T12:42:46.9770487Z 
2026-01-27T12:42:46.9770711Z #3 [auth] library/nginx:pull token for registry-1.docker.io
2026-01-27T12:42:46.9771134Z #3 DONE 0.0s
2026-01-27T12:42:46.9771273Z 
2026-01-27T12:42:46.9771474Z #4 [internal] load metadata for docker.io/library/nginx:alpine
2026-01-27T12:42:47.3680390Z #4 ...
2026-01-27T12:42:47.3680661Z 
2026-01-27T12:42:47.3680969Z #5 [internal] load metadata for docker.io/library/node:18-alpine
2026-01-27T12:42:47.3681349Z #5 DONE 0.7s
2026-01-27T12:42:47.5481380Z 
2026-01-27T12:42:47.5481857Z #4 [internal] load metadata for docker.io/library/nginx:alpine
2026-01-27T12:42:47.5482404Z #4 DONE 0.7s
2026-01-27T12:42:47.5482539Z 
2026-01-27T12:42:47.5482640Z #6 [internal] load .dockerignore
2026-01-27T12:42:47.5482918Z #6 transferring context: 2B done
2026-01-27T12:42:47.5483173Z #6 DONE 0.0s
2026-01-27T12:42:47.5483284Z 
2026-01-27T12:42:47.5483393Z #7 [internal] load build context
2026-01-27T12:42:47.5483635Z #7 DONE 0.0s
2026-01-27T12:42:47.5483749Z 
2026-01-27T12:42:47.5484517Z #8 [stage-1 1/3] FROM docker.io/library/nginx:alpine@sha256:b0f7830b6bfaa1258f45d94c240ab668ced1b3651c8a222aefe6683447c7bf55
2026-01-27T12:42:47.5485484Z #8 resolve docker.io/library/nginx:alpine@sha256:b0f7830b6bfaa1258f45d94c240ab668ced1b3651c8a222aefe6683447c7bf55 done
2026-01-27T12:42:47.5486094Z #8 DONE 0.0s
2026-01-27T12:42:47.5486212Z 
2026-01-27T12:42:47.5486629Z #9 [builder 1/6] FROM docker.io/library/node:18-alpine@sha256:8d6421d663b4c28fd3ebc498332f249011d118945588d0a35cb9bc4b8ca09d9e
2026-01-27T12:42:47.5487732Z #9 resolve docker.io/library/node:18-alpine@sha256:8d6421d663b4c28fd3ebc498332f249011d118945588d0a35cb9bc4b8ca09d9e done
2026-01-27T12:42:47.5488320Z #9 DONE 0.0s
2026-01-27T12:42:47.5488427Z 
2026-01-27T12:42:47.5488580Z #10 importing cache manifest from gha:17032680525519774255
2026-01-27T12:42:47.6159340Z #10 DONE 0.2s
2026-01-27T12:42:47.7642717Z 
2026-01-27T12:42:47.7643185Z #7 [internal] load build context
2026-01-27T12:42:47.7644969Z #7 transferring context: 1.39MB 0.0s done
2026-01-27T12:42:47.7645487Z #7 DONE 0.0s
2026-01-27T12:42:47.7646011Z 
2026-01-27T12:42:47.7646211Z #11 [builder 2/6] WORKDIR /app
2026-01-27T12:42:47.7646615Z #11 CACHED
2026-01-27T12:42:47.7646798Z 
2026-01-27T12:42:47.7647002Z #12 [builder 3/6] COPY package*.json ./
2026-01-27T12:42:47.7647452Z #12 CACHED
2026-01-27T12:42:47.7647932Z 
2026-01-27T12:42:47.7649009Z #13 [builder 4/6] RUN npm ci --legacy-peer-deps
2026-01-27T12:42:47.7650240Z #13 CACHED
2026-01-27T12:42:47.7650439Z 
2026-01-27T12:42:47.7650632Z #14 [builder 5/6] COPY . .
2026-01-27T12:42:47.7650972Z #14 CACHED
2026-01-27T12:42:47.7651082Z 
2026-01-27T12:42:47.7651191Z #15 [builder 6/6] RUN npm run build
2026-01-27T12:42:47.7651690Z #15 CACHED
2026-01-27T12:42:47.7651880Z 
2026-01-27T12:42:47.7652204Z #16 [stage-1 2/3] COPY --from=builder /app/build /usr/share/nginx/html
2026-01-27T12:42:47.7652897Z #16 CACHED
2026-01-27T12:42:47.7653085Z 
2026-01-27T12:42:47.7656568Z #17 [stage-1 3/3] RUN echo 'server {     listen 80;     server_name localhost;     root /usr/share/nginx/html;     index index.html;     location / {         try_files $uri $uri/ /index.html;     }     location /api {         proxy_pass http://backend:8000;         proxy_http_version 1.1;         proxy_set_header Upgrade $http_upgrade;         proxy_set_header Connection "upgrade";         proxy_set_header Host $host;         proxy_set_header X-Real-IP $remote_addr;         proxy_set_header X-Forwarded-For $proxy_add_x_forwarded_for;         proxy_set_header X-Forwarded-Proto $scheme;     } }' > /etc/nginx/conf.d/default.conf
2026-01-27T12:42:47.7658688Z #17 CACHED
2026-01-27T12:42:47.9786293Z 
2026-01-27T12:42:47.9787164Z #18 [auth] ***/ai-teaching-assistant-frontend:pull,push token for registry-1.docker.io
2026-01-27T12:42:47.9787941Z #18 DONE 0.0s
2026-01-27T12:42:47.9788132Z 
2026-01-27T12:42:47.9788270Z #19 exporting to image
2026-01-27T12:42:47.9788548Z #19 exporting layers done
2026-01-27T12:42:47.9789046Z #19 exporting manifest sha256:874c1a20c4031b5d8cba53c44c8b371909cc9cd59f8b52af7d1b97c3c6488ef3 done
2026-01-27T12:42:47.9790025Z #19 exporting config sha256:c34e2d1152013c31ad115ec2f1b68b530c9346d11338e527f296c36678c3838d done
2026-01-27T12:42:47.9790849Z #19 exporting attestation manifest sha256:0a8ff2f11412aacb4ea77ff55df8a51f70c966bb375c0e2ef34a1f8b1a95f9aa done
2026-01-27T12:42:47.9791693Z #19 exporting manifest list sha256:28fed731ab37e3e5a2a6bdcd0c36ac795a405cae217004ef9ab8c1dbdbc453de done
2026-01-27T12:42:47.9792285Z #19 pushing layers
2026-01-27T12:42:48.7953828Z #19 pushing layers 1.0s done
2026-01-27T12:42:48.7955030Z #19 pushing manifest for docker.io/***/ai-teaching-assistant-frontend:main@sha256:28fed731ab37e3e5a2a6bdcd0c36ac795a405cae217004ef9ab8c1dbdbc453de
2026-01-27T12:42:51.2561814Z #19 pushing manifest for docker.io/***/ai-teaching-assistant-frontend:main@sha256:28fed731ab37e3e5a2a6bdcd0c36ac795a405cae217004ef9ab8c1dbdbc453de 2.5s done
2026-01-27T12:42:51.2562897Z #19 DONE 3.5s
2026-01-27T12:42:51.2563148Z 
2026-01-27T12:42:51.2563354Z #20 exporting to GitHub Actions Cache
2026-01-27T12:42:51.2563826Z #20 preparing build cache for export
2026-01-27T12:42:52.7570774Z #20 preparing build cache for export 1.5s done
2026-01-27T12:42:52.7571404Z #20 DONE 1.5s
2026-01-27T12:42:52.7793415Z 
2026-01-27T12:42:52.7793895Z #21 resolving provenance for metadata file
2026-01-27T12:42:52.7794429Z #21 DONE 0.0s
2026-01-27T12:42:52.7881069Z ##[group]ImageID
2026-01-27T12:42:52.7881466Z sha256:28fed731ab37e3e5a2a6bdcd0c36ac795a405cae217004ef9ab8c1dbdbc453de
2026-01-27T12:42:52.7883494Z ##[endgroup]
2026-01-27T12:42:52.7884332Z ##[group]Digest
2026-01-27T12:42:52.7885079Z sha256:28fed731ab37e3e5a2a6bdcd0c36ac795a405cae217004ef9ab8c1dbdbc453de
2026-01-27T12:42:52.7886204Z ##[endgroup]
2026-01-27T12:42:52.7886877Z ##[group]Metadata
2026-01-27T12:42:52.7887906Z {
2026-01-27T12:42:52.7888339Z   "buildx.build.provenance": {
2026-01-27T12:42:52.7891272Z     "builder": {
2026-01-27T12:42:52.7891857Z       "id": "https://github.com/sst2020/ai-teaching-assistant/actions/runs/21397608717"
2026-01-27T12:42:52.7892486Z     },
2026-01-27T12:42:52.7892878Z     "buildType": "https://mobyproject.org/buildkit@v1",
2026-01-27T12:42:52.7893425Z     "materials": [
2026-01-27T12:42:52.7893732Z       {
2026-01-27T12:42:52.7894141Z         "uri": "pkg:docker/nginx@alpine?platform=linux%2Famd64",
2026-01-27T12:42:52.7894651Z         "digest": {
2026-01-27T12:42:52.7895192Z           "sha256": "b0f7830b6bfaa1258f45d94c240ab668ced1b3651c8a222aefe6683447c7bf55"
2026-01-27T12:42:52.7895812Z         }
2026-01-27T12:42:52.7896086Z       },
2026-01-27T12:42:52.7896343Z       {
2026-01-27T12:42:52.7896732Z         "uri": "pkg:docker/node@18-alpine?platform=linux%2Famd64",
2026-01-27T12:42:52.7897253Z         "digest": {
2026-01-27T12:42:52.7897789Z           "sha256": "8d6421d663b4c28fd3ebc498332f249011d118945588d0a35cb9bc4b8ca09d9e"
2026-01-27T12:42:52.7898421Z         }
2026-01-27T12:42:52.7898679Z       }
2026-01-27T12:42:52.7898934Z     ],
2026-01-27T12:42:52.7899209Z     "invocation": {
2026-01-27T12:42:52.7899763Z       "configSource": {
2026-01-27T12:42:52.7900133Z         "entryPoint": "Dockerfile"
2026-01-27T12:42:52.7900538Z       },
2026-01-27T12:42:52.7900812Z       "parameters": {
2026-01-27T12:42:52.7901166Z         "frontend": "dockerfile.v0",
2026-01-27T12:42:52.7901566Z         "args": {
2026-01-27T12:42:52.7902074Z           "label:org.opencontainers.image.created": "2026-01-27T12:42:45.827Z",
2026-01-27T12:42:52.7903066Z           "label:org.opencontainers.image.description": "A web application for AI-based question judging.",
2026-01-27T12:42:52.7903981Z           "label:org.opencontainers.image.licenses": "MIT",
2026-01-27T12:42:52.7904799Z           "label:org.opencontainers.image.revision": "c92fed8adc260732accc9cf8fb7f577bdf6c7f27",
2026-01-27T12:42:52.7905892Z           "label:org.opencontainers.image.source": "https://github.com/sst2020/ai-teaching-assistant",
2026-01-27T12:42:52.7906844Z           "label:org.opencontainers.image.title": "ai-teaching-assistant",
2026-01-27T12:42:52.7907774Z           "label:org.opencontainers.image.url": "https://github.com/sst2020/ai-teaching-assistant",
2026-01-27T12:42:52.7908627Z           "label:org.opencontainers.image.version": "main"
2026-01-27T12:42:52.7909121Z         },
2026-01-27T12:42:52.7910030Z         "locals": [
2026-01-27T12:42:52.7910372Z           {
2026-01-27T12:42:52.7910671Z             "name": "context"
2026-01-27T12:42:52.7911045Z           },
2026-01-27T12:42:52.7911329Z           {
2026-01-27T12:42:52.7911615Z             "name": "dockerfile"
2026-01-27T12:42:52.7911984Z           }
2026-01-27T12:42:52.7912249Z         ]
2026-01-27T12:42:52.7912513Z       },
2026-01-27T12:42:52.7912795Z       "environment": {
2026-01-27T12:42:52.7913135Z         "github_actor": "sst2020",
2026-01-27T12:42:52.7913538Z         "github_actor_id": "77180679",
2026-01-27T12:42:52.7913959Z         "github_event_name": "push",
2026-01-27T12:42:52.7914379Z         "github_event_payload": {
2026-01-27T12:42:52.7914872Z           "after": "c92fed8adc260732accc9cf8fb7f577bdf6c7f27",
2026-01-27T12:42:52.7915374Z           "base_ref": null,
2026-01-27T12:42:52.7916048Z           "before": "27ec4e2e160bfcf97da2be74f1b1d16421e93d0d",
2026-01-27T12:42:52.7916573Z           "commits": [
2026-01-27T12:42:52.7916901Z             {
2026-01-27T12:42:52.7917193Z               "author": {
2026-01-27T12:42:52.7917575Z                 "email": "2024040340@buct.edu.cn",
2026-01-27T12:42:52.7918021Z                 "name": "sst2020",
2026-01-27T12:42:52.7918424Z                 "username": "sst2020"
2026-01-27T12:42:52.7919004Z               },
2026-01-27T12:42:52.7948903Z               "committer": {
2026-01-27T12:42:52.7949393Z                 "email": "2024040340@buct.edu.cn",
2026-01-27T12:42:52.7950029Z                 "name": "sst2020",
2026-01-27T12:42:52.7950492Z                 "username": "sst2020"
2026-01-27T12:42:52.7950950Z               },
2026-01-27T12:42:52.7951334Z               "distinct": true,
2026-01-27T12:42:52.7951818Z               "id": "c92fed8adc260732accc9cf8fb7f577bdf6c7f27",
2026-01-27T12:42:52.7952344Z               "message": "update ci.yml",
2026-01-27T12:42:52.7952844Z               "timestamp": "2026-01-27T20:42:18+08:00",
2026-01-27T12:42:52.7953491Z               "tree_id": "c4b1333d637f4513d447b38f34ec0da6bc00ab5b",
2026-01-27T12:42:52.7954519Z               "url": "https://github.com/sst2020/ai-teaching-assistant/commit/c92fed8adc260732accc9cf8fb7f577bdf6c7f27"
2026-01-27T12:42:52.7955369Z             }
2026-01-27T12:42:52.7955645Z           ],
2026-01-27T12:42:52.7956271Z           "compare": "https://github.com/sst2020/ai-teaching-assistant/compare/27ec4e2e160b...c92fed8adc26",
2026-01-27T12:42:52.7957084Z           "created": false,
2026-01-27T12:42:52.7957411Z           "deleted": false,
2026-01-27T12:42:52.7957748Z           "forced": false,
2026-01-27T12:42:52.7958104Z           "head_commit": {
2026-01-27T12:42:52.7958453Z             "author": {
2026-01-27T12:42:52.7958790Z               "email": "2024040340@buct.edu.cn",
2026-01-27T12:42:52.7959219Z               "name": "sst2020",
2026-01-27T12:42:52.7959772Z               "username": "sst2020"
2026-01-27T12:42:52.7960150Z             },
2026-01-27T12:42:52.7960432Z             "committer": {
2026-01-27T12:42:52.7960774Z               "email": "2024040340@buct.edu.cn",
2026-01-27T12:42:52.7961174Z               "name": "sst2020",
2026-01-27T12:42:52.7961522Z               "username": "sst2020"
2026-01-27T12:42:52.7961894Z             },
2026-01-27T12:42:52.7962165Z             "distinct": true,
2026-01-27T12:42:52.7962686Z             "id": "c92fed8adc260732accc9cf8fb7f577bdf6c7f27",
2026-01-27T12:42:52.7963249Z             "message": "update ci.yml",
2026-01-27T12:42:52.7963713Z             "timestamp": "2026-01-27T20:42:18+08:00",
2026-01-27T12:42:52.7964261Z             "tree_id": "c4b1333d637f4513d447b38f34ec0da6bc00ab5b",
2026-01-27T12:42:52.7964864Z             "url": "https://github.com/sst2020/ai-teaching-assistant/commit/c92fed8adc260732accc9cf8fb7f577bdf6c7f27"
2026-01-27T12:42:52.7965385Z           },
2026-01-27T12:42:52.7965562Z           "pusher": {
2026-01-27T12:42:52.7965836Z             "email": "77180679+sst2020@users.noreply.github.com",
2026-01-27T12:42:52.7966150Z             "name": "sst2020"
2026-01-27T12:42:52.7966359Z           },
2026-01-27T12:42:52.7966543Z           "ref": "refs/heads/main",
2026-01-27T12:42:52.7966780Z           "repository": {
2026-01-27T12:42:52.7967012Z             "allow_forking": true,
2026-01-27T12:42:52.7967487Z             "archive_url": "https://api.github.com/repos/sst2020/ai-teaching-assistant/{archive_format}{/ref}",
2026-01-27T12:42:52.7967966Z             "archived": false,
2026-01-27T12:42:52.7968405Z             "assignees_url": "https://api.github.com/repos/sst2020/ai-teaching-assistant/assignees{/user}",
2026-01-27T12:42:52.7969045Z             "blobs_url": "https://api.github.com/repos/sst2020/ai-teaching-assistant/git/blobs{/sha}",
2026-01-27T12:42:52.7970087Z             "branches_url": "https://api.github.com/repos/sst2020/ai-teaching-assistant/branches{/branch}",
2026-01-27T12:42:52.7971243Z             "clone_url": "https://github.com/sst2020/ai-teaching-assistant.git",
2026-01-27T12:42:52.7971957Z             "collaborators_url": "https://api.github.com/repos/sst2020/ai-teaching-assistant/collaborators{/collaborator}",
2026-01-27T12:42:52.7972681Z             "comments_url": "https://api.github.com/repos/sst2020/ai-teaching-assistant/comments{/number}",
2026-01-27T12:42:52.7973298Z             "commits_url": "https://api.github.com/repos/sst2020/ai-teaching-assistant/commits{/sha}",
2026-01-27T12:42:52.7974041Z             "compare_url": "https://api.github.com/repos/sst2020/ai-teaching-assistant/compare/{base}...{head}",
2026-01-27T12:42:52.7974700Z             "contents_url": "https://api.github.com/repos/sst2020/ai-teaching-assistant/contents/{+path}",
2026-01-27T12:42:52.7975340Z             "contributors_url": "https://api.github.com/repos/sst2020/ai-teaching-assistant/contributors",
2026-01-27T12:42:52.7975789Z             "created_at": 1764340901,
2026-01-27T12:42:52.7976037Z             "default_branch": "main",
2026-01-27T12:42:52.7976460Z             "deployments_url": "https://api.github.com/repos/sst2020/ai-teaching-assistant/deployments",
2026-01-27T12:42:52.7976992Z             "description": "A web application for AI-based question judging.",
2026-01-27T12:42:52.7977339Z             "disabled": false,
2026-01-27T12:42:52.7977728Z             "downloads_url": "https://api.github.com/repos/sst2020/ai-teaching-assistant/downloads",
2026-01-27T12:42:52.7978295Z             "events_url": "https://api.github.com/repos/sst2020/ai-teaching-assistant/events",
2026-01-27T12:42:52.7978689Z             "fork": false,
2026-01-27T12:42:52.7978895Z             "forks": 1,
2026-01-27T12:42:52.7979099Z             "forks_count": 1,
2026-01-27T12:42:52.7979641Z             "forks_url": "https://api.github.com/repos/sst2020/ai-teaching-assistant/forks",
2026-01-27T12:42:52.7980082Z             "full_name": "sst2020/ai-teaching-assistant",
2026-01-27T12:42:52.7980576Z             "git_commits_url": "https://api.github.com/repos/sst2020/ai-teaching-assistant/git/commits{/sha}",
2026-01-27T12:42:52.7981205Z             "git_refs_url": "https://api.github.com/repos/sst2020/ai-teaching-assistant/git/refs{/sha}",
2026-01-27T12:42:52.7981801Z             "git_tags_url": "https://api.github.com/repos/sst2020/ai-teaching-assistant/git/tags{/sha}",
2026-01-27T12:42:52.7982314Z             "git_url": "git://github.com/sst2020/ai-teaching-assistant.git",
2026-01-27T12:42:52.7982663Z             "has_discussions": false,
2026-01-27T12:42:52.7982913Z             "has_downloads": true,
2026-01-27T12:42:52.7983143Z             "has_issues": true,
2026-01-27T12:42:52.7983368Z             "has_pages": false,
2026-01-27T12:42:52.7983589Z             "has_projects": true,
2026-01-27T12:42:52.7983820Z             "has_wiki": true,
2026-01-27T12:42:52.7984035Z             "homepage": null,
2026-01-27T12:42:52.7984385Z             "hooks_url": "https://api.github.com/repos/sst2020/ai-teaching-assistant/hooks",
2026-01-27T12:42:52.7984869Z             "html_url": "https://github.com/sst2020/ai-teaching-assistant",
2026-01-27T12:42:52.7985200Z             "id": 1106045712,
2026-01-27T12:42:52.7985414Z             "is_template": false,
2026-01-27T12:42:52.7985885Z             "issue_comment_url": "https://api.github.com/repos/sst2020/ai-teaching-assistant/issues/comments{/number}",
2026-01-27T12:42:52.7986589Z             "issue_events_url": "https://api.github.com/repos/sst2020/ai-teaching-assistant/issues/events{/number}",
2026-01-27T12:42:52.7987236Z             "issues_url": "https://api.github.com/repos/sst2020/ai-teaching-assistant/issues{/number}",
2026-01-27T12:42:52.7987819Z             "keys_url": "https://api.github.com/repos/sst2020/ai-teaching-assistant/keys{/key_id}",
2026-01-27T12:42:52.7988392Z             "labels_url": "https://api.github.com/repos/sst2020/ai-teaching-assistant/labels{/name}",
2026-01-27T12:42:52.7988935Z             "language": "Python",
2026-01-27T12:42:52.7989947Z             "languages_url": "https://api.github.com/repos/sst2020/ai-teaching-assistant/languages",
2026-01-27T12:42:52.7990885Z             "license": {
2026-01-27T12:42:52.7991241Z               "key": "mit",
2026-01-27T12:42:52.7991640Z               "name": "MIT License",
2026-01-27T12:42:52.7992081Z               "node_id": "MDc6TGljZW5zZTEz",
2026-01-27T12:42:52.7992526Z               "spdx_id": "MIT",
2026-01-27T12:42:52.7992857Z               "url": "https://api.github.com/licenses/mit"
2026-01-27T12:42:52.7993329Z             },
2026-01-27T12:42:52.7993519Z             "master_branch": "main",
2026-01-27T12:42:52.7993929Z             "merges_url": "https://api.github.com/repos/sst2020/ai-teaching-assistant/merges",
2026-01-27T12:42:52.7994565Z             "milestones_url": "https://api.github.com/repos/sst2020/ai-teaching-assistant/milestones{/number}",
2026-01-27T12:42:52.7995039Z             "mirror_url": null,
2026-01-27T12:42:52.7995290Z             "name": "ai-teaching-assistant",
2026-01-27T12:42:52.7995562Z             "node_id": "R_kgDOQezrEA",
2026-01-27T12:42:52.7996122Z             "notifications_url": "https://api.github.com/repos/sst2020/ai-teaching-assistant/notifications{?since,all,participating}",
2026-01-27T12:42:52.7996674Z             "open_issues": 1,
2026-01-27T12:42:52.7996903Z             "open_issues_count": 1,
2026-01-27T12:42:52.7997138Z             "owner": {
2026-01-27T12:42:52.7997458Z               "avatar_url": "https://avatars.githubusercontent.com/u/77180679?v=4",
2026-01-27T12:42:52.7997895Z               "email": "77180679+sst2020@users.noreply.github.com",
2026-01-27T12:42:52.7998314Z               "events_url": "https://api.github.com/users/sst2020/events{/privacy}",
2026-01-27T12:42:52.7998782Z               "followers_url": "https://api.github.com/users/sst2020/followers",
2026-01-27T12:42:52.7999266Z               "following_url": "https://api.github.com/users/sst2020/following{/other_user}",
2026-01-27T12:42:52.8000297Z               "gists_url": "https://api.github.com/users/sst2020/gists{/gist_id}",
2026-01-27T12:42:52.8000860Z               "gravatar_id": "",
2026-01-27T12:42:52.8001139Z               "html_url": "https://github.com/sst2020",
2026-01-27T12:42:52.8001417Z               "id": 77180679,
2026-01-27T12:42:52.8001658Z               "login": "sst2020",
2026-01-27T12:42:52.8001891Z               "name": "sst2020",
2026-01-27T12:42:52.8002139Z               "node_id": "MDQ6VXNlcjc3MTgwNjc5",
2026-01-27T12:42:52.8002509Z               "organizations_url": "https://api.github.com/users/sst2020/orgs",
2026-01-27T12:42:52.8003018Z               "received_events_url": "https://api.github.com/users/sst2020/received_events",
2026-01-27T12:42:52.8003491Z               "repos_url": "https://api.github.com/users/sst2020/repos",
2026-01-27T12:42:52.8003820Z               "site_admin": false,
2026-01-27T12:42:52.8004187Z               "starred_url": "https://api.github.com/users/sst2020/starred{/owner}{/repo}",
2026-01-27T12:42:52.8004699Z               "subscriptions_url": "https://api.github.com/users/sst2020/subscriptions",
2026-01-27T12:42:52.8005088Z               "type": "User",
2026-01-27T12:42:52.8005355Z               "url": "https://api.github.com/users/sst2020",
2026-01-27T12:42:52.8005650Z               "user_view_type": "public"
2026-01-27T12:42:52.8005891Z             },
2026-01-27T12:42:52.8006078Z             "private": false,
2026-01-27T12:42:52.8006473Z             "pulls_url": "https://api.github.com/repos/sst2020/ai-teaching-assistant/pulls{/number}",
2026-01-27T12:42:52.8006910Z             "pushed_at": 1769517742,
2026-01-27T12:42:52.8007324Z             "releases_url": "https://api.github.com/repos/sst2020/ai-teaching-assistant/releases{/id}",
2026-01-27T12:42:52.8007748Z             "size": 5879,
2026-01-27T12:42:52.8008040Z             "ssh_url": "git@github.com:sst2020/ai-teaching-assistant.git",
2026-01-27T12:42:52.8008377Z             "stargazers": 0,
2026-01-27T12:42:52.8008603Z             "stargazers_count": 0,
2026-01-27T12:42:52.8009252Z             "stargazers_url": "https://api.github.com/repos/sst2020/ai-teaching-assistant/stargazers",
2026-01-27T12:42:52.8010150Z             "statuses_url": "https://api.github.com/repos/sst2020/ai-teaching-assistant/statuses/{sha}",
2026-01-27T12:42:52.8010760Z             "subscribers_url": "https://api.github.com/repos/sst2020/ai-teaching-assistant/subscribers",
2026-01-27T12:42:52.8011388Z             "subscription_url": "https://api.github.com/repos/sst2020/ai-teaching-assistant/subscription",
2026-01-27T12:42:52.8012054Z             "svn_url": "https://github.com/sst2020/ai-teaching-assistant",
2026-01-27T12:42:52.8012517Z             "tags_url": "https://api.github.com/repos/sst2020/ai-teaching-assistant/tags",
2026-01-27T12:42:52.8013039Z             "teams_url": "https://api.github.com/repos/sst2020/ai-teaching-assistant/teams",
2026-01-27T12:42:52.8013427Z             "topics": [],
2026-01-27T12:42:52.8013805Z             "trees_url": "https://api.github.com/repos/sst2020/ai-teaching-assistant/git/trees{/sha}",
2026-01-27T12:42:52.8014242Z             "updated_at": "2026-01-27T12:27:50Z",
2026-01-27T12:42:52.8014605Z             "url": "https://api.github.com/repos/sst2020/ai-teaching-assistant",
2026-01-27T12:42:52.8014970Z             "visibility": "public",
2026-01-27T12:42:52.8015222Z             "watchers": 0,
2026-01-27T12:42:52.8015438Z             "watchers_count": 0,
2026-01-27T12:42:52.8015691Z             "web_commit_signoff_required": false
2026-01-27T12:42:52.8015947Z           },
2026-01-27T12:42:52.8016120Z           "sender": {
2026-01-27T12:42:52.8016436Z             "avatar_url": "https://avatars.githubusercontent.com/u/77180679?v=4",
2026-01-27T12:42:52.8016919Z             "events_url": "https://api.github.com/users/sst2020/events{/privacy}",
2026-01-27T12:42:52.8017374Z             "followers_url": "https://api.github.com/users/sst2020/followers",
2026-01-27T12:42:52.8017852Z             "following_url": "https://api.github.com/users/sst2020/following{/other_user}",
2026-01-27T12:42:52.8018339Z             "gists_url": "https://api.github.com/users/sst2020/gists{/gist_id}",
2026-01-27T12:42:52.8018691Z             "gravatar_id": "",
2026-01-27T12:42:52.8018952Z             "html_url": "https://github.com/sst2020",
2026-01-27T12:42:52.8019227Z             "id": 77180679,
2026-01-27T12:42:52.8019621Z             "login": "sst2020",
2026-01-27T12:42:52.8019998Z             "node_id": "MDQ6VXNlcjc3MTgwNjc5",
2026-01-27T12:42:52.8020361Z             "organizations_url": "https://api.github.com/users/sst2020/orgs",
2026-01-27T12:42:52.8020848Z             "received_events_url": "https://api.github.com/users/sst2020/received_events",
2026-01-27T12:42:52.8021306Z             "repos_url": "https://api.github.com/users/sst2020/repos",
2026-01-27T12:42:52.8021628Z             "site_admin": false,
2026-01-27T12:42:52.8021982Z             "starred_url": "https://api.github.com/users/sst2020/starred{/owner}{/repo}",
2026-01-27T12:42:52.8022477Z             "subscriptions_url": "https://api.github.com/users/sst2020/subscriptions",
2026-01-27T12:42:52.8022858Z             "type": "User",
2026-01-27T12:42:52.8023120Z             "url": "https://api.github.com/users/sst2020",
2026-01-27T12:42:52.8023419Z             "user_view_type": "public"
2026-01-27T12:42:52.8023656Z           }
2026-01-27T12:42:52.8023822Z         },
2026-01-27T12:42:52.8024005Z         "github_job": "docker-build",
2026-01-27T12:42:52.8024264Z         "github_ref": "refs/heads/main",
2026-01-27T12:42:52.8024524Z         "github_ref_name": "main",
2026-01-27T12:42:52.8024772Z         "github_ref_protected": "false",
2026-01-27T12:42:52.8025026Z         "github_ref_type": "branch",
2026-01-27T12:42:52.8025322Z         "github_repository": "sst2020/ai-teaching-assistant",
2026-01-27T12:42:52.8025651Z         "github_repository_id": "1106045712",
2026-01-27T12:42:52.8025935Z         "github_repository_owner": "sst2020",
2026-01-27T12:42:52.8026216Z         "github_repository_owner_id": "77180679",
2026-01-27T12:42:52.8026490Z         "github_run_attempt": "1",
2026-01-27T12:42:52.8026731Z         "github_run_id": "21397608717",
2026-01-27T12:42:52.8027106Z         "github_run_number": "23",
2026-01-27T12:42:52.8027360Z         "github_runner_arch": "X64",
2026-01-27T12:42:52.8027662Z         "github_runner_environment": "github-hosted",
2026-01-27T12:42:52.8027966Z         "github_runner_image_os": "ubuntu24",
2026-01-27T12:42:52.8028260Z         "github_runner_image_version": "20260119.4.1",
2026-01-27T12:42:52.8028686Z         "github_runner_name": "GitHub Actions 1000001444",
2026-01-27T12:42:52.8028973Z         "github_runner_os": "Linux",
2026-01-27T12:42:52.8029325Z         "github_runner_tracking_id": "github_01f57a83-e325-4b16-914c-2a58fe61289b",
2026-01-27T12:42:52.8029950Z         "github_server_url": "https://github.com",
2026-01-27T12:42:52.8030245Z         "github_triggering_actor": "sst2020",
2026-01-27T12:42:52.8030521Z         "github_workflow": "CI/CD Pipeline",
2026-01-27T12:42:52.8030978Z         "github_workflow_ref": "sst2020/ai-teaching-assistant/.github/workflows/ci.yml@refs/heads/main",
2026-01-27T12:42:52.8031522Z         "github_workflow_sha": "c92fed8adc260732accc9cf8fb7f577bdf6c7f27",
2026-01-27T12:42:52.8031872Z         "platform": "linux/amd64"
2026-01-27T12:42:52.8032099Z       }
2026-01-27T12:42:52.8032259Z     }
2026-01-27T12:42:52.8032419Z   },
2026-01-27T12:42:52.8032943Z   "buildx.build.ref": "builder-b273128d-8ab1-4167-a5f5-ab03ffad476a/builder-b273128d-8ab1-4167-a5f5-ab03ffad476a0/vhgga9a4hk7tr3kaclkj0j29p",
2026-01-27T12:42:52.8033589Z   "containerimage.descriptor": {
2026-01-27T12:42:52.8033900Z     "mediaType": "application/vnd.oci.image.index.v1+json",
2026-01-27T12:42:52.8034375Z     "digest": "sha256:28fed731ab37e3e5a2a6bdcd0c36ac795a405cae217004ef9ab8c1dbdbc453de",
2026-01-27T12:42:52.8034785Z     "size": 856
2026-01-27T12:42:52.8034959Z   },
2026-01-27T12:42:52.8035337Z   "containerimage.digest": "sha256:28fed731ab37e3e5a2a6bdcd0c36ac795a405cae217004ef9ab8c1dbdbc453de",
2026-01-27T12:42:52.8036185Z   "image.name": "***/ai-teaching-assistant-frontend:main"
2026-01-27T12:42:52.8036509Z }
2026-01-27T12:42:52.8036855Z ##[endgroup]
2026-01-27T12:42:52.8107033Z Post job cleanup.
2026-01-27T12:42:53.0387449Z ##[group]Removing temp folder /home/runner/work/_temp/docker-actions-toolkit-XoWdK2
2026-01-27T12:42:53.0401788Z ##[endgroup]
2026-01-27T12:42:53.0402459Z ##[group]Post cache
2026-01-27T12:42:53.0403781Z State not set
2026-01-27T12:42:53.0404559Z ##[endgroup]
2026-01-27T12:42:53.0537584Z Post job cleanup.
2026-01-27T12:42:53.3563664Z [command]/usr/bin/docker logout docker.io
2026-01-27T12:42:53.3690210Z Removing login credentials for docker.io
2026-01-27T12:42:53.3722685Z ##[group]Post cache
2026-01-27T12:42:53.3724135Z State not set
2026-01-27T12:42:53.3725306Z ##[endgroup]
2026-01-27T12:42:53.3860582Z Post job cleanup.
2026-01-27T12:42:53.6353679Z ##[group]Removing builder
2026-01-27T12:42:53.7284669Z [command]/usr/bin/docker buildx rm builder-b273128d-8ab1-4167-a5f5-ab03ffad476a
2026-01-27T12:42:53.8668351Z builder-b273128d-8ab1-4167-a5f5-ab03ffad476a removed
2026-01-27T12:42:53.8703195Z ##[endgroup]
2026-01-27T12:42:53.8705031Z ##[group]Cleaning up certificates
2026-01-27T12:42:53.8713156Z ##[endgroup]
2026-01-27T12:42:53.8714575Z ##[group]Post cache
2026-01-27T12:42:53.8716430Z State not set
2026-01-27T12:42:53.8717265Z ##[endgroup]
2026-01-27T12:42:53.8825602Z Post job cleanup.
2026-01-27T12:42:54.1142168Z ##[group]Post cache
2026-01-27T12:42:54.1144894Z Caching docker.io--tonistiigi--binfmt-latest-linux-x64 to GitHub Actions cache
2026-01-27T12:42:54.1331069Z [command]/usr/bin/tar --posix -cf cache.tzst --exclude cache.tzst -P -C /home/runner/work/ai-teaching-assistant/ai-teaching-assistant --files-from manifest.txt --use-compress-program zstdmt
2026-01-27T12:42:54.5385716Z Failed to save: Unable to reserve cache with key docker.io--tonistiigi--binfmt-latest-linux-x64, another job may be creating this cache.
2026-01-27T12:42:54.5449539Z ##[endgroup]
2026-01-27T12:42:54.5579010Z Post job cleanup.
2026-01-27T12:42:54.6522150Z [command]/usr/bin/git version
2026-01-27T12:42:54.6558083Z git version 2.52.0
2026-01-27T12:42:54.6608067Z Temporarily overriding HOME='/home/runner/work/_temp/f1e07048-fea9-438b-841c-b3e2af7b5759' before making global git config changes
2026-01-27T12:42:54.6609164Z Adding repository directory to the temporary git global config as a safe directory
2026-01-27T12:42:54.6616604Z [command]/usr/bin/git config --global --add safe.directory /home/runner/work/ai-teaching-assistant/ai-teaching-assistant
2026-01-27T12:42:54.6659149Z [command]/usr/bin/git config --local --name-only --get-regexp core\.sshCommand
2026-01-27T12:42:54.6690990Z [command]/usr/bin/git submodule foreach --recursive sh -c "git config --local --name-only --get-regexp 'core\.sshCommand' && git config --local --unset-all 'core.sshCommand' || :"
2026-01-27T12:42:54.6916458Z [command]/usr/bin/git config --local --name-only --get-regexp http\.https\:\/\/github\.com\/\.extraheader
2026-01-27T12:42:54.6936389Z http.https://github.com/.extraheader
2026-01-27T12:42:54.6949999Z [command]/usr/bin/git config --local --unset-all http.https://github.com/.extraheader
2026-01-27T12:42:54.6980826Z [command]/usr/bin/git submodule foreach --recursive sh -c "git config --local --name-only --get-regexp 'http\.https\:\/\/github\.com\/\.extraheader' && git config --local --unset-all 'http.https://github.com/.extraheader' || :"
2026-01-27T12:42:54.7201873Z [command]/usr/bin/git config --local --name-only --get-regexp ^includeIf\.gitdir:
2026-01-27T12:42:54.7232289Z [command]/usr/bin/git submodule foreach --recursive git config --local --show-origin --name-only --get-regexp remote.origin.url
2026-01-27T12:42:54.7558561Z Cleaning up orphan processes
