2026-01-27T13:12:49.8814583Z Current runner version: '2.331.0'
2026-01-27T13:12:49.8838503Z ##[group]Runner Image Provisioner
2026-01-27T13:12:49.8839331Z Hosted Compute Agent
2026-01-27T13:12:49.8839848Z Version: 20260115.477
2026-01-27T13:12:49.8840501Z Commit: 4b342d620503cbe250a3154040964899ea7c9b00
2026-01-27T13:12:49.8841154Z Build Date: 2026-01-15T22:32:41Z
2026-01-27T13:12:49.8842288Z Worker ID: {d04a131c-d934-4ef0-996b-bb596185129c}
2026-01-27T13:12:49.8842954Z Azure Region: westcentralus
2026-01-27T13:12:49.8843603Z ##[endgroup]
2026-01-27T13:12:49.8844992Z ##[group]Operating System
2026-01-27T13:12:49.8845571Z Ubuntu
2026-01-27T13:12:49.8846091Z 24.04.3
2026-01-27T13:12:49.8846536Z LTS
2026-01-27T13:12:49.8847003Z ##[endgroup]
2026-01-27T13:12:49.8847511Z ##[group]Runner Image
2026-01-27T13:12:49.8848041Z Image: ubuntu-24.04
2026-01-27T13:12:49.8848510Z Version: 20260119.4.1
2026-01-27T13:12:49.8849700Z Included Software: https://github.com/actions/runner-images/blob/ubuntu24/20260119.4/images/ubuntu/Ubuntu2404-Readme.md
2026-01-27T13:12:49.8851098Z Image Release: https://github.com/actions/runner-images/releases/tag/ubuntu24%2F20260119.4
2026-01-27T13:12:49.8852518Z ##[endgroup]
2026-01-27T13:12:49.8853552Z ##[group]GITHUB_TOKEN Permissions
2026-01-27T13:12:49.8855432Z Contents: read
2026-01-27T13:12:49.8855994Z Metadata: read
2026-01-27T13:12:49.8856488Z Packages: read
2026-01-27T13:12:49.8857027Z ##[endgroup]
2026-01-27T13:12:49.8859194Z Secret source: Actions
2026-01-27T13:12:49.8859872Z Prepare workflow directory
2026-01-27T13:12:49.9334445Z Prepare all required actions
2026-01-27T13:12:49.9371996Z Getting action download info
2026-01-27T13:12:50.3577719Z Download action repository 'actions/checkout@v4' (SHA:34e114876b0b11c390a56381ad16ebd13914f8d5)
2026-01-27T13:12:50.4748915Z Download action repository 'actions/setup-python@v4' (SHA:7f4fc3e22c37d6ff65e88745f38bd3157c663f7c)
2026-01-27T13:12:50.5560110Z Download action repository 'actions/cache@v3' (SHA:6f8efc29b200d32929f49075959781ed54ec270c)
2026-01-27T13:12:50.8224274Z Complete job name: backend-test (3.11)
2026-01-27T13:12:50.8921063Z ##[group]Run actions/checkout@v4
2026-01-27T13:12:50.8922446Z with:
2026-01-27T13:12:50.8922915Z   repository: sst2020/ai-teaching-assistant
2026-01-27T13:12:50.8923739Z   token: ***
2026-01-27T13:12:50.8924115Z   ssh-strict: true
2026-01-27T13:12:50.8924505Z   ssh-user: git
2026-01-27T13:12:50.8924905Z   persist-credentials: true
2026-01-27T13:12:50.8925350Z   clean: true
2026-01-27T13:12:50.8925742Z   sparse-checkout-cone-mode: true
2026-01-27T13:12:50.8926229Z   fetch-depth: 1
2026-01-27T13:12:50.8926609Z   fetch-tags: false
2026-01-27T13:12:50.8927014Z   show-progress: true
2026-01-27T13:12:50.8927411Z   lfs: false
2026-01-27T13:12:50.8927789Z   submodules: false
2026-01-27T13:12:50.8928209Z   set-safe-directory: true
2026-01-27T13:12:50.8928912Z ##[endgroup]
2026-01-27T13:12:51.0035112Z Syncing repository: sst2020/ai-teaching-assistant
2026-01-27T13:12:51.0037576Z ##[group]Getting Git version info
2026-01-27T13:12:51.0038529Z Working directory is '/home/runner/work/ai-teaching-assistant/ai-teaching-assistant'
2026-01-27T13:12:51.0039775Z [command]/usr/bin/git version
2026-01-27T13:12:51.0093545Z git version 2.52.0
2026-01-27T13:12:51.0122623Z ##[endgroup]
2026-01-27T13:12:51.0138644Z Temporarily overriding HOME='/home/runner/work/_temp/5f2fc0c6-65f6-4f5f-9e99-a625a6e0539a' before making global git config changes
2026-01-27T13:12:51.0141040Z Adding repository directory to the temporary git global config as a safe directory
2026-01-27T13:12:51.0154446Z [command]/usr/bin/git config --global --add safe.directory /home/runner/work/ai-teaching-assistant/ai-teaching-assistant
2026-01-27T13:12:51.0199497Z Deleting the contents of '/home/runner/work/ai-teaching-assistant/ai-teaching-assistant'
2026-01-27T13:12:51.0202823Z ##[group]Initializing the repository
2026-01-27T13:12:51.0208161Z [command]/usr/bin/git init /home/runner/work/ai-teaching-assistant/ai-teaching-assistant
2026-01-27T13:12:51.0300158Z hint: Using 'master' as the name for the initial branch. This default branch name
2026-01-27T13:12:51.0302813Z hint: will change to "main" in Git 3.0. To configure the initial branch name
2026-01-27T13:12:51.0304426Z hint: to use in all of your new repositories, which will suppress this warning,
2026-01-27T13:12:51.0305744Z hint: call:
2026-01-27T13:12:51.0306458Z hint:
2026-01-27T13:12:51.0307343Z hint: 	git config --global init.defaultBranch <name>
2026-01-27T13:12:51.0308398Z hint:
2026-01-27T13:12:51.0309450Z hint: Names commonly chosen instead of 'master' are 'main', 'trunk' and
2026-01-27T13:12:51.0311081Z hint: 'development'. The just-created branch can be renamed via this command:
2026-01-27T13:12:51.0312559Z hint:
2026-01-27T13:12:51.0313213Z hint: 	git branch -m <name>
2026-01-27T13:12:51.0313954Z hint:
2026-01-27T13:12:51.0314935Z hint: Disable this message with "git config set advice.defaultBranchName false"
2026-01-27T13:12:51.0317058Z Initialized empty Git repository in /home/runner/work/ai-teaching-assistant/ai-teaching-assistant/.git/
2026-01-27T13:12:51.0320502Z [command]/usr/bin/git remote add origin https://github.com/sst2020/ai-teaching-assistant
2026-01-27T13:12:51.0356132Z ##[endgroup]
2026-01-27T13:12:51.0357345Z ##[group]Disabling automatic garbage collection
2026-01-27T13:12:51.0361445Z [command]/usr/bin/git config --local gc.auto 0
2026-01-27T13:12:51.0393500Z ##[endgroup]
2026-01-27T13:12:51.0394837Z ##[group]Setting up auth
2026-01-27T13:12:51.0401923Z [command]/usr/bin/git config --local --name-only --get-regexp core\.sshCommand
2026-01-27T13:12:51.0435419Z [command]/usr/bin/git submodule foreach --recursive sh -c "git config --local --name-only --get-regexp 'core\.sshCommand' && git config --local --unset-all 'core.sshCommand' || :"
2026-01-27T13:12:51.0769167Z [command]/usr/bin/git config --local --name-only --get-regexp http\.https\:\/\/github\.com\/\.extraheader
2026-01-27T13:12:51.0804080Z [command]/usr/bin/git submodule foreach --recursive sh -c "git config --local --name-only --get-regexp 'http\.https\:\/\/github\.com\/\.extraheader' && git config --local --unset-all 'http.https://github.com/.extraheader' || :"
2026-01-27T13:12:51.1039331Z [command]/usr/bin/git config --local --name-only --get-regexp ^includeIf\.gitdir:
2026-01-27T13:12:51.1072331Z [command]/usr/bin/git submodule foreach --recursive git config --local --show-origin --name-only --get-regexp remote.origin.url
2026-01-27T13:12:51.1318534Z [command]/usr/bin/git config --local http.https://github.com/.extraheader AUTHORIZATION: basic ***
2026-01-27T13:12:51.1355719Z ##[endgroup]
2026-01-27T13:12:51.1357094Z ##[group]Fetching the repository
2026-01-27T13:12:51.1365854Z [command]/usr/bin/git -c protocol.version=2 fetch --no-tags --prune --no-recurse-submodules --depth=1 origin +b4e648f94f58393d116f448f9b0e181d7e407144:refs/remotes/origin/main
2026-01-27T13:12:51.7230396Z From https://github.com/sst2020/ai-teaching-assistant
2026-01-27T13:12:51.7234344Z  * [new ref]         b4e648f94f58393d116f448f9b0e181d7e407144 -> origin/main
2026-01-27T13:12:51.7265626Z ##[endgroup]
2026-01-27T13:12:51.7267170Z ##[group]Determining the checkout info
2026-01-27T13:12:51.7268475Z ##[endgroup]
2026-01-27T13:12:51.7272421Z [command]/usr/bin/git sparse-checkout disable
2026-01-27T13:12:51.7315175Z [command]/usr/bin/git config --local --unset-all extensions.worktreeConfig
2026-01-27T13:12:51.7345330Z ##[group]Checking out the ref
2026-01-27T13:12:51.7348191Z [command]/usr/bin/git checkout --progress --force -B main refs/remotes/origin/main
2026-01-27T13:12:51.7644241Z Switched to a new branch 'main'
2026-01-27T13:12:51.7645949Z branch 'main' set up to track 'origin/main'.
2026-01-27T13:12:51.7654015Z ##[endgroup]
2026-01-27T13:12:51.7693015Z [command]/usr/bin/git log -1 --format=%H
2026-01-27T13:12:51.7716135Z b4e648f94f58393d116f448f9b0e181d7e407144
2026-01-27T13:12:51.8041020Z ##[group]Run actions/setup-python@v4
2026-01-27T13:12:51.8042676Z with:
2026-01-27T13:12:51.8043514Z   python-version: 3.11
2026-01-27T13:12:51.8044484Z   check-latest: false
2026-01-27T13:12:51.8045727Z   token: ***
2026-01-27T13:12:51.8046921Z   update-environment: true
2026-01-27T13:12:51.8047958Z   allow-prereleases: false
2026-01-27T13:12:51.8048965Z ##[endgroup]
2026-01-27T13:12:51.9851180Z ##[group]Installed versions
2026-01-27T13:12:51.9953144Z Successfully set up CPython (3.11.14)
2026-01-27T13:12:51.9955633Z ##[endgroup]
2026-01-27T13:12:52.1132528Z ##[group]Run actions/cache@v3
2026-01-27T13:12:52.1133577Z with:
2026-01-27T13:12:52.1134316Z   path: ~/.cache/pip
2026-01-27T13:12:52.1135819Z   key: Linux-pip-f4e97e6f7633a41b8f0d5f5f4959c7ff93e194c73bd0134573d2fdf632fe88b2
2026-01-27T13:12:52.1137613Z   restore-keys: Linux-pip-

2026-01-27T13:12:52.1138597Z   enableCrossOsArchive: false
2026-01-27T13:12:52.1139610Z   fail-on-cache-miss: false
2026-01-27T13:12:52.1140560Z   lookup-only: false
2026-01-27T13:12:52.1141379Z env:
2026-01-27T13:12:52.1142617Z   pythonLocation: /opt/hostedtoolcache/Python/3.11.14/x64
2026-01-27T13:12:52.1144422Z   PKG_CONFIG_PATH: /opt/hostedtoolcache/Python/3.11.14/x64/lib/pkgconfig
2026-01-27T13:12:52.1146224Z   Python_ROOT_DIR: /opt/hostedtoolcache/Python/3.11.14/x64
2026-01-27T13:12:52.1147816Z   Python2_ROOT_DIR: /opt/hostedtoolcache/Python/3.11.14/x64
2026-01-27T13:12:52.1149411Z   Python3_ROOT_DIR: /opt/hostedtoolcache/Python/3.11.14/x64
2026-01-27T13:12:52.1151079Z   LD_LIBRARY_PATH: /opt/hostedtoolcache/Python/3.11.14/x64/lib
2026-01-27T13:12:52.1152670Z ##[endgroup]
2026-01-27T13:12:52.5058527Z Cache not found for input keys: Linux-pip-f4e97e6f7633a41b8f0d5f5f4959c7ff93e194c73bd0134573d2fdf632fe88b2, Linux-pip-
2026-01-27T13:12:52.5255627Z ##[group]Run python -m pip install --upgrade pip
2026-01-27T13:12:52.5257040Z [36;1mpython -m pip install --upgrade pip[0m
2026-01-27T13:12:52.5258259Z [36;1mpip install -r requirements.txt[0m
2026-01-27T13:12:52.5259466Z [36;1mpip install pytest pytest-cov ruff mypy[0m
2026-01-27T13:12:52.5301866Z shell: /usr/bin/bash -e {0}
2026-01-27T13:12:52.5302872Z env:
2026-01-27T13:12:52.5303816Z   pythonLocation: /opt/hostedtoolcache/Python/3.11.14/x64
2026-01-27T13:12:52.5305528Z   PKG_CONFIG_PATH: /opt/hostedtoolcache/Python/3.11.14/x64/lib/pkgconfig
2026-01-27T13:12:52.5307193Z   Python_ROOT_DIR: /opt/hostedtoolcache/Python/3.11.14/x64
2026-01-27T13:12:52.5308674Z   Python2_ROOT_DIR: /opt/hostedtoolcache/Python/3.11.14/x64
2026-01-27T13:12:52.5310168Z   Python3_ROOT_DIR: /opt/hostedtoolcache/Python/3.11.14/x64
2026-01-27T13:12:52.5311943Z   LD_LIBRARY_PATH: /opt/hostedtoolcache/Python/3.11.14/x64/lib
2026-01-27T13:12:52.5313225Z ##[endgroup]
2026-01-27T13:12:53.1970361Z Requirement already satisfied: pip in /opt/hostedtoolcache/Python/3.11.14/x64/lib/python3.11/site-packages (25.3)
2026-01-27T13:12:54.4779124Z Collecting fastapi>=0.104.0 (from -r requirements.txt (line 6))
2026-01-27T13:12:54.5980481Z   Downloading fastapi-0.128.0-py3-none-any.whl.metadata (30 kB)
2026-01-27T13:12:54.6799289Z Collecting uvicorn>=0.24.0 (from uvicorn[standard]>=0.24.0->-r requirements.txt (line 7))
2026-01-27T13:12:54.6999055Z   Downloading uvicorn-0.40.0-py3-none-any.whl.metadata (6.7 kB)
2026-01-27T13:12:54.7314286Z Collecting python-multipart>=0.0.6 (from -r requirements.txt (line 8))
2026-01-27T13:12:54.7511820Z   Downloading python_multipart-0.0.22-py3-none-any.whl.metadata (1.8 kB)
2026-01-27T13:12:54.9221450Z Collecting pydantic>=2.5.0 (from pydantic[email]>=2.5.0->-r requirements.txt (line 11))
2026-01-27T13:12:54.9418450Z   Downloading pydantic-2.12.5-py3-none-any.whl.metadata (90 kB)
2026-01-27T13:12:54.9983564Z Collecting pydantic-settings>=2.1.0 (from -r requirements.txt (line 12))
2026-01-27T13:12:55.0177925Z   Downloading pydantic_settings-2.12.0-py3-none-any.whl.metadata (3.4 kB)
2026-01-27T13:12:55.0494786Z Collecting email-validator>=2.0.0 (from -r requirements.txt (line 13))
2026-01-27T13:12:55.0688642Z   Downloading email_validator-2.3.0-py3-none-any.whl.metadata (26 kB)
2026-01-27T13:12:55.1080290Z Collecting httpx>=0.25.0 (from -r requirements.txt (line 16))
2026-01-27T13:12:55.1272665Z   Downloading httpx-0.28.1-py3-none-any.whl.metadata (7.1 kB)
2026-01-27T13:12:55.7762457Z Collecting aiohttp>=3.9.0 (from -r requirements.txt (line 17))
2026-01-27T13:12:55.7960540Z   Downloading aiohttp-3.13.3-cp311-cp311-manylinux2014_x86_64.manylinux_2_17_x86_64.manylinux_2_28_x86_64.whl.metadata (8.1 kB)
2026-01-27T13:12:55.8265295Z Collecting aiofiles>=23.2.0 (from -r requirements.txt (line 20))
2026-01-27T13:12:55.8458713Z   Downloading aiofiles-25.1.0-py3-none-any.whl.metadata (6.3 kB)
2026-01-27T13:12:56.2068547Z Collecting sqlalchemy>=2.0.0 (from -r requirements.txt (line 23))
2026-01-27T13:12:56.2263014Z   Downloading sqlalchemy-2.0.46-cp311-cp311-manylinux2014_x86_64.manylinux_2_17_x86_64.manylinux_2_28_x86_64.whl.metadata (9.5 kB)
2026-01-27T13:12:56.2654376Z Collecting aiosqlite>=0.19.0 (from -r requirements.txt (line 24))
2026-01-27T13:12:56.2852255Z   Downloading aiosqlite-0.22.1-py3-none-any.whl.metadata (4.3 kB)
2026-01-27T13:12:56.3489089Z Collecting asyncpg>=0.29.0 (from -r requirements.txt (line 25))
2026-01-27T13:12:56.3706935Z   Downloading asyncpg-0.31.0-cp311-cp311-manylinux2014_x86_64.manylinux_2_17_x86_64.manylinux_2_28_x86_64.whl.metadata (4.4 kB)
2026-01-27T13:12:56.4581084Z Collecting psycopg2-binary>=2.9.0 (from -r requirements.txt (line 26))
2026-01-27T13:12:56.4778431Z   Downloading psycopg2_binary-2.9.11-cp311-cp311-manylinux2014_x86_64.manylinux_2_17_x86_64.whl.metadata (4.9 kB)
2026-01-27T13:12:56.5190424Z Collecting alembic>=1.13.0 (from -r requirements.txt (line 27))
2026-01-27T13:12:56.5384497Z   Downloading alembic-1.18.1-py3-none-any.whl.metadata (7.2 kB)
2026-01-27T13:12:56.6273235Z Collecting openai>=1.3.0 (from -r requirements.txt (line 30))
2026-01-27T13:12:56.6466369Z   Downloading openai-2.15.0-py3-none-any.whl.metadata (29 kB)
2026-01-27T13:12:56.7092563Z Collecting tiktoken>=0.5.0 (from -r requirements.txt (line 31))
2026-01-27T13:12:56.7282935Z   Downloading tiktoken-0.12.0-cp311-cp311-manylinux_2_28_x86_64.whl.metadata (6.7 kB)
2026-01-27T13:12:56.7572241Z Collecting python-docx>=1.0.0 (from -r requirements.txt (line 40))
2026-01-27T13:12:56.7764874Z   Downloading python_docx-1.2.0-py3-none-any.whl.metadata (2.0 kB)
2026-01-27T13:12:56.8106624Z Collecting PyPDF2>=3.0.0 (from -r requirements.txt (line 41))
2026-01-27T13:12:56.8298118Z   Downloading pypdf2-3.0.1-py3-none-any.whl.metadata (6.8 kB)
2026-01-27T13:12:56.8619679Z Collecting pycodestyle>=2.11.0 (from -r requirements.txt (line 44))
2026-01-27T13:12:56.8812594Z   Downloading pycodestyle-2.14.0-py2.py3-none-any.whl.metadata (4.5 kB)
2026-01-27T13:12:56.9157988Z Collecting radon>=6.0.0 (from -r requirements.txt (line 45))
2026-01-27T13:12:56.9357824Z   Downloading radon-6.0.1-py2.py3-none-any.whl.metadata (8.2 kB)
2026-01-27T13:12:56.9942373Z Collecting pylint>=3.0.0 (from -r requirements.txt (line 46))
2026-01-27T13:12:57.0136452Z   Downloading pylint-4.0.4-py3-none-any.whl.metadata (12 kB)
2026-01-27T13:12:57.0515185Z Collecting bandit>=1.7.0 (from -r requirements.txt (line 47))
2026-01-27T13:12:57.0710976Z   Downloading bandit-1.9.3-py3-none-any.whl.metadata (7.1 kB)
2026-01-27T13:12:57.1264676Z Collecting pytest>=7.4.0 (from -r requirements.txt (line 50))
2026-01-27T13:12:57.1462970Z   Downloading pytest-9.0.2-py3-none-any.whl.metadata (7.6 kB)
2026-01-27T13:12:57.1855842Z Collecting pytest-asyncio>=0.21.0 (from -r requirements.txt (line 51))
2026-01-27T13:12:57.2060966Z   Downloading pytest_asyncio-1.3.0-py3-none-any.whl.metadata (4.1 kB)
2026-01-27T13:12:57.2395809Z Collecting pytest-cov>=4.1.0 (from -r requirements.txt (line 52))
2026-01-27T13:12:57.2589618Z   Downloading pytest_cov-7.0.0-py3-none-any.whl.metadata (31 kB)
2026-01-27T13:12:57.2940591Z Collecting python-dotenv>=1.0.0 (from -r requirements.txt (line 56))
2026-01-27T13:12:57.3139424Z   Downloading python_dotenv-1.2.1-py3-none-any.whl.metadata (25 kB)
2026-01-27T13:12:57.3888389Z Collecting black>=23.0.0 (from -r requirements.txt (line 57))
2026-01-27T13:12:57.4082583Z   Downloading black-26.1.0-cp311-cp311-manylinux2014_x86_64.manylinux_2_17_x86_64.manylinux_2_28_x86_64.whl.metadata (88 kB)
2026-01-27T13:12:57.4657871Z Collecting isort>=5.12.0 (from -r requirements.txt (line 58))
2026-01-27T13:12:57.4849432Z   Downloading isort-7.0.0-py3-none-any.whl.metadata (11 kB)
2026-01-27T13:12:57.6579517Z Collecting mypy>=1.7.0 (from -r requirements.txt (line 59))
2026-01-27T13:12:57.6774971Z   Downloading mypy-1.19.1-cp311-cp311-manylinux2014_x86_64.manylinux_2_17_x86_64.manylinux_2_28_x86_64.whl.metadata (2.2 kB)
2026-01-27T13:12:58.1365434Z Collecting ruff>=0.1.0 (from -r requirements.txt (line 60))
2026-01-27T13:12:58.1559485Z   Downloading ruff-0.14.14-py3-none-manylinux_2_17_x86_64.manylinux2014_x86_64.whl.metadata (26 kB)
2026-01-27T13:12:58.1919421Z Collecting cachetools>=5.3.0 (from -r requirements.txt (line 63))
2026-01-27T13:12:58.2114798Z   Downloading cachetools-6.2.5-py3-none-any.whl.metadata (5.6 kB)
2026-01-27T13:12:58.2400982Z Collecting loguru>=0.7.0 (from -r requirements.txt (line 66))
2026-01-27T13:12:58.2592122Z   Downloading loguru-0.7.3-py3-none-any.whl.metadata (22 kB)
2026-01-27T13:12:58.2956410Z Collecting python-jose>=3.3.0 (from python-jose[cryptography]>=3.3.0->-r requirements.txt (line 69))
2026-01-27T13:12:58.3150331Z   Downloading python_jose-3.5.0-py2.py3-none-any.whl.metadata (5.5 kB)
2026-01-27T13:12:58.3455643Z Collecting passlib>=1.7.0 (from passlib[bcrypt]>=1.7.0->-r requirements.txt (line 70))
2026-01-27T13:12:58.3652794Z   Downloading passlib-1.7.4-py2.py3-none-any.whl.metadata (1.7 kB)
2026-01-27T13:12:58.4136545Z Collecting starlette<0.51.0,>=0.40.0 (from fastapi>=0.104.0->-r requirements.txt (line 6))
2026-01-27T13:12:58.4330725Z   Downloading starlette-0.50.0-py3-none-any.whl.metadata (6.3 kB)
2026-01-27T13:12:58.4805928Z Collecting typing-extensions>=4.8.0 (from fastapi>=0.104.0->-r requirements.txt (line 6))
2026-01-27T13:12:58.5000576Z   Downloading typing_extensions-4.15.0-py3-none-any.whl.metadata (3.3 kB)
2026-01-27T13:12:58.5265544Z Collecting annotated-doc>=0.0.2 (from fastapi>=0.104.0->-r requirements.txt (line 6))
2026-01-27T13:12:58.5458613Z   Downloading annotated_doc-0.0.4-py3-none-any.whl.metadata (6.6 kB)
2026-01-27T13:12:58.5854041Z Collecting anyio<5,>=3.6.2 (from starlette<0.51.0,>=0.40.0->fastapi>=0.104.0->-r requirements.txt (line 6))
2026-01-27T13:12:58.6047803Z   Downloading anyio-4.12.1-py3-none-any.whl.metadata (4.3 kB)
2026-01-27T13:12:58.6400352Z Collecting idna>=2.8 (from anyio<5,>=3.6.2->starlette<0.51.0,>=0.40.0->fastapi>=0.104.0->-r requirements.txt (line 6))
2026-01-27T13:12:58.6592714Z   Downloading idna-3.11-py3-none-any.whl.metadata (8.4 kB)
2026-01-27T13:12:58.6996262Z Collecting click>=7.0 (from uvicorn>=0.24.0->uvicorn[standard]>=0.24.0->-r requirements.txt (line 7))
2026-01-27T13:12:58.7192977Z   Downloading click-8.3.1-py3-none-any.whl.metadata (2.6 kB)
2026-01-27T13:12:58.7476712Z Collecting h11>=0.8 (from uvicorn>=0.24.0->uvicorn[standard]>=0.24.0->-r requirements.txt (line 7))
2026-01-27T13:12:58.7669524Z   Downloading h11-0.16.0-py3-none-any.whl.metadata (8.3 kB)
2026-01-27T13:12:58.7979994Z Collecting annotated-types>=0.6.0 (from pydantic>=2.5.0->pydantic[email]>=2.5.0->-r requirements.txt (line 11))
2026-01-27T13:12:58.8171806Z   Downloading annotated_types-0.7.0-py3-none-any.whl.metadata (15 kB)
2026-01-27T13:12:59.6057918Z Collecting pydantic-core==2.41.5 (from pydantic>=2.5.0->pydantic[email]>=2.5.0->-r requirements.txt (line 11))
2026-01-27T13:12:59.6260842Z   Downloading pydantic_core-2.41.5-cp311-cp311-manylinux_2_17_x86_64.manylinux2014_x86_64.whl.metadata (7.3 kB)
2026-01-27T13:12:59.6578583Z Collecting typing-inspection>=0.4.2 (from pydantic>=2.5.0->pydantic[email]>=2.5.0->-r requirements.txt (line 11))
2026-01-27T13:12:59.6771761Z   Downloading typing_inspection-0.4.2-py3-none-any.whl.metadata (2.6 kB)
2026-01-27T13:12:59.7168395Z Collecting dnspython>=2.0.0 (from email-validator>=2.0.0->-r requirements.txt (line 13))
2026-01-27T13:12:59.7366957Z   Downloading dnspython-2.8.0-py3-none-any.whl.metadata (5.7 kB)
2026-01-27T13:12:59.7806410Z Collecting certifi (from httpx>=0.25.0->-r requirements.txt (line 16))
2026-01-27T13:12:59.8000139Z   Downloading certifi-2026.1.4-py3-none-any.whl.metadata (2.5 kB)
2026-01-27T13:12:59.8350206Z Collecting httpcore==1.* (from httpx>=0.25.0->-r requirements.txt (line 16))
2026-01-27T13:12:59.8542739Z   Downloading httpcore-1.0.9-py3-none-any.whl.metadata (21 kB)
2026-01-27T13:12:59.8908548Z Collecting aiohappyeyeballs>=2.5.0 (from aiohttp>=3.9.0->-r requirements.txt (line 17))
2026-01-27T13:12:59.9099698Z   Downloading aiohappyeyeballs-2.6.1-py3-none-any.whl.metadata (5.9 kB)
2026-01-27T13:12:59.9371763Z Collecting aiosignal>=1.4.0 (from aiohttp>=3.9.0->-r requirements.txt (line 17))
2026-01-27T13:12:59.9564120Z   Downloading aiosignal-1.4.0-py3-none-any.whl.metadata (3.7 kB)
2026-01-27T13:12:59.9896314Z Collecting attrs>=17.3.0 (from aiohttp>=3.9.0->-r requirements.txt (line 17))
2026-01-27T13:13:00.0088611Z   Downloading attrs-25.4.0-py3-none-any.whl.metadata (10 kB)
2026-01-27T13:13:00.0978823Z Collecting frozenlist>=1.1.1 (from aiohttp>=3.9.0->-r requirements.txt (line 17))
2026-01-27T13:13:00.1173867Z   Downloading frozenlist-1.8.0-cp311-cp311-manylinux1_x86_64.manylinux_2_28_x86_64.manylinux_2_5_x86_64.whl.metadata (20 kB)
2026-01-27T13:13:00.3825132Z Collecting multidict<7.0,>=4.5 (from aiohttp>=3.9.0->-r requirements.txt (line 17))
2026-01-27T13:13:00.4025334Z   Downloading multidict-6.7.1-cp311-cp311-manylinux2014_x86_64.manylinux_2_17_x86_64.manylinux_2_28_x86_64.whl.metadata (5.3 kB)
2026-01-27T13:13:00.5603710Z Collecting propcache>=0.2.0 (from aiohttp>=3.9.0->-r requirements.txt (line 17))
2026-01-27T13:13:00.5820094Z   Downloading propcache-0.4.1-cp311-cp311-manylinux2014_x86_64.manylinux_2_17_x86_64.manylinux_2_28_x86_64.whl.metadata (13 kB)
2026-01-27T13:13:00.8640343Z Collecting yarl<2.0,>=1.17.0 (from aiohttp>=3.9.0->-r requirements.txt (line 17))
2026-01-27T13:13:00.8838233Z   Downloading yarl-1.22.0-cp311-cp311-manylinux2014_x86_64.manylinux_2_17_x86_64.manylinux_2_28_x86_64.whl.metadata (75 kB)
2026-01-27T13:13:01.0510232Z Collecting greenlet>=1 (from sqlalchemy>=2.0.0->-r requirements.txt (line 23))
2026-01-27T13:13:01.0705668Z   Downloading greenlet-3.3.1-cp311-cp311-manylinux_2_24_x86_64.manylinux_2_28_x86_64.whl.metadata (3.7 kB)
2026-01-27T13:13:01.1307793Z Collecting Mako (from alembic>=1.13.0->-r requirements.txt (line 27))
2026-01-27T13:13:01.1500953Z   Downloading mako-1.3.10-py3-none-any.whl.metadata (2.9 kB)
2026-01-27T13:13:01.1899034Z Collecting distro<2,>=1.7.0 (from openai>=1.3.0->-r requirements.txt (line 30))
2026-01-27T13:13:01.2092715Z   Downloading distro-1.9.0-py3-none-any.whl.metadata (6.8 kB)
2026-01-27T13:13:01.3064484Z Collecting jiter<1,>=0.10.0 (from openai>=1.3.0->-r requirements.txt (line 30))
2026-01-27T13:13:01.3261190Z   Downloading jiter-0.12.0-cp311-cp311-manylinux_2_17_x86_64.manylinux2014_x86_64.whl.metadata (5.2 kB)
2026-01-27T13:13:01.3720329Z Collecting sniffio (from openai>=1.3.0->-r requirements.txt (line 30))
2026-01-27T13:13:01.3913517Z   Downloading sniffio-1.3.1-py3-none-any.whl.metadata (3.9 kB)
2026-01-27T13:13:01.4441387Z Collecting tqdm>4 (from openai>=1.3.0->-r requirements.txt (line 30))
2026-01-27T13:13:01.4636087Z   Downloading tqdm-4.67.1-py3-none-any.whl.metadata (57 kB)
2026-01-27T13:13:01.9663049Z Collecting regex>=2022.1.18 (from tiktoken>=0.5.0->-r requirements.txt (line 31))
2026-01-27T13:13:01.9860999Z   Downloading regex-2026.1.15-cp311-cp311-manylinux2014_x86_64.manylinux_2_17_x86_64.manylinux_2_28_x86_64.whl.metadata (40 kB)
2026-01-27T13:13:02.0308835Z Collecting requests>=2.26.0 (from tiktoken>=0.5.0->-r requirements.txt (line 31))
2026-01-27T13:13:02.0503105Z   Downloading requests-2.32.5-py3-none-any.whl.metadata (4.9 kB)
2026-01-27T13:13:02.2680670Z Collecting lxml>=3.1.0 (from python-docx>=1.0.0->-r requirements.txt (line 40))
2026-01-27T13:13:02.2879065Z   Downloading lxml-6.0.2-cp311-cp311-manylinux_2_26_x86_64.manylinux_2_28_x86_64.whl.metadata (3.6 kB)
2026-01-27T13:13:02.3255730Z Collecting mando<0.8,>=0.6 (from radon>=6.0.0->-r requirements.txt (line 45))
2026-01-27T13:13:02.3463649Z   Downloading mando-0.7.1-py2.py3-none-any.whl.metadata (7.4 kB)
2026-01-27T13:13:02.3799564Z Collecting colorama>=0.4.1 (from radon>=6.0.0->-r requirements.txt (line 45))
2026-01-27T13:13:02.4010564Z   Downloading colorama-0.4.6-py2.py3-none-any.whl.metadata (17 kB)
2026-01-27T13:13:02.4319551Z Collecting six (from mando<0.8,>=0.6->radon>=6.0.0->-r requirements.txt (line 45))
2026-01-27T13:13:02.4514424Z   Downloading six-1.17.0-py2.py3-none-any.whl.metadata (1.7 kB)
2026-01-27T13:13:02.5043968Z Collecting astroid<=4.1.dev0,>=4.0.2 (from pylint>=3.0.0->-r requirements.txt (line 46))
2026-01-27T13:13:02.5238834Z   Downloading astroid-4.0.3-py3-none-any.whl.metadata (4.4 kB)
2026-01-27T13:13:02.5540203Z Collecting dill>=0.3.6 (from pylint>=3.0.0->-r requirements.txt (line 46))
2026-01-27T13:13:02.5732748Z   Downloading dill-0.4.1-py3-none-any.whl.metadata (10 kB)
2026-01-27T13:13:02.6114940Z Collecting mccabe<0.8,>=0.6 (from pylint>=3.0.0->-r requirements.txt (line 46))
2026-01-27T13:13:02.6308016Z   Downloading mccabe-0.7.0-py2.py3-none-any.whl.metadata (5.0 kB)
2026-01-27T13:13:02.6674303Z Collecting platformdirs>=2.2 (from pylint>=3.0.0->-r requirements.txt (line 46))
2026-01-27T13:13:02.6867343Z   Downloading platformdirs-4.5.1-py3-none-any.whl.metadata (12 kB)
2026-01-27T13:13:02.7232340Z Collecting tomlkit>=0.10.1 (from pylint>=3.0.0->-r requirements.txt (line 46))
2026-01-27T13:13:02.7428243Z   Downloading tomlkit-0.14.0-py3-none-any.whl.metadata (2.8 kB)
2026-01-27T13:13:02.8038047Z Collecting PyYAML>=5.3.1 (from bandit>=1.7.0->-r requirements.txt (line 47))
2026-01-27T13:13:02.8234101Z   Downloading pyyaml-6.0.3-cp311-cp311-manylinux2014_x86_64.manylinux_2_17_x86_64.manylinux_2_28_x86_64.whl.metadata (2.4 kB)
2026-01-27T13:13:02.8648063Z Collecting stevedore>=1.20.0 (from bandit>=1.7.0->-r requirements.txt (line 47))
2026-01-27T13:13:02.8842316Z   Downloading stevedore-5.6.0-py3-none-any.whl.metadata (2.3 kB)
2026-01-27T13:13:02.9443177Z Collecting rich (from bandit>=1.7.0->-r requirements.txt (line 47))
2026-01-27T13:13:02.9637559Z   Downloading rich-14.3.1-py3-none-any.whl.metadata (18 kB)
2026-01-27T13:13:02.9947460Z Collecting iniconfig>=1.0.1 (from pytest>=7.4.0->-r requirements.txt (line 50))
2026-01-27T13:13:03.0149802Z   Downloading iniconfig-2.3.0-py3-none-any.whl.metadata (2.5 kB)
2026-01-27T13:13:03.0489572Z Collecting packaging>=22 (from pytest>=7.4.0->-r requirements.txt (line 50))
2026-01-27T13:13:03.0682384Z   Downloading packaging-26.0-py3-none-any.whl.metadata (3.3 kB)
2026-01-27T13:13:03.0979462Z Collecting pluggy<2,>=1.5 (from pytest>=7.4.0->-r requirements.txt (line 50))
2026-01-27T13:13:03.1173436Z   Downloading pluggy-1.6.0-py3-none-any.whl.metadata (4.8 kB)
2026-01-27T13:13:03.1541700Z Collecting pygments>=2.7.2 (from pytest>=7.4.0->-r requirements.txt (line 50))
2026-01-27T13:13:03.1735376Z   Downloading pygments-2.19.2-py3-none-any.whl.metadata (2.5 kB)
2026-01-27T13:13:03.5696613Z Collecting coverage>=7.10.6 (from coverage[toml]>=7.10.6->pytest-cov>=4.1.0->-r requirements.txt (line 52))
2026-01-27T13:13:03.5889913Z   Downloading coverage-7.13.2-cp311-cp311-manylinux1_x86_64.manylinux_2_28_x86_64.manylinux_2_5_x86_64.whl.metadata (8.5 kB)
2026-01-27T13:13:03.6374146Z Collecting mypy-extensions>=0.4.3 (from black>=23.0.0->-r requirements.txt (line 57))
2026-01-27T13:13:03.6566895Z   Downloading mypy_extensions-1.1.0-py3-none-any.whl.metadata (1.1 kB)
2026-01-27T13:13:03.6887011Z Collecting pathspec>=1.0.0 (from black>=23.0.0->-r requirements.txt (line 57))
2026-01-27T13:13:03.7079760Z   Downloading pathspec-1.0.4-py3-none-any.whl.metadata (13 kB)
2026-01-27T13:13:03.8755487Z Collecting pytokens>=0.3.0 (from black>=23.0.0->-r requirements.txt (line 57))
2026-01-27T13:13:03.8950820Z   Downloading pytokens-0.4.0-cp311-cp311-manylinux2014_x86_64.manylinux_2_17_x86_64.manylinux_2_28_x86_64.whl.metadata (3.8 kB)
2026-01-27T13:13:04.0088673Z Collecting librt>=0.6.2 (from mypy>=1.7.0->-r requirements.txt (line 59))
2026-01-27T13:13:04.0284580Z   Downloading librt-0.7.8-cp311-cp311-manylinux2014_x86_64.manylinux_2_17_x86_64.manylinux_2_28_x86_64.whl.metadata (1.3 kB)
2026-01-27T13:13:04.0659615Z Collecting ecdsa!=0.15 (from python-jose>=3.3.0->python-jose[cryptography]>=3.3.0->-r requirements.txt (line 69))
2026-01-27T13:13:04.0853482Z   Downloading ecdsa-0.19.1-py2.py3-none-any.whl.metadata (29 kB)
2026-01-27T13:13:04.1203573Z Collecting rsa!=4.1.1,!=4.4,<5.0,>=4.0 (from python-jose>=3.3.0->python-jose[cryptography]>=3.3.0->-r requirements.txt (line 69))
2026-01-27T13:13:04.1402129Z   Downloading rsa-4.9.1-py3-none-any.whl.metadata (5.6 kB)
2026-01-27T13:13:04.1798037Z Collecting pyasn1>=0.5.0 (from python-jose>=3.3.0->python-jose[cryptography]>=3.3.0->-r requirements.txt (line 69))
2026-01-27T13:13:04.1992702Z   Downloading pyasn1-0.6.2-py3-none-any.whl.metadata (8.4 kB)
2026-01-27T13:13:04.3135363Z Collecting bcrypt>=3.1.0 (from passlib[bcrypt]>=1.7.0->-r requirements.txt (line 70))
2026-01-27T13:13:04.3328186Z   Downloading bcrypt-5.0.0-cp39-abi3-manylinux_2_34_x86_64.whl.metadata (10 kB)
2026-01-27T13:13:04.5583741Z Collecting cryptography>=3.4.0 (from python-jose[cryptography]>=3.3.0->-r requirements.txt (line 69))
2026-01-27T13:13:04.5776558Z   Downloading cryptography-46.0.3-cp311-abi3-manylinux_2_34_x86_64.whl.metadata (5.7 kB)
2026-01-27T13:13:04.7072114Z Collecting cffi>=2.0.0 (from cryptography>=3.4.0->python-jose[cryptography]>=3.3.0->-r requirements.txt (line 69))
2026-01-27T13:13:04.7268284Z   Downloading cffi-2.0.0-cp311-cp311-manylinux2014_x86_64.manylinux_2_17_x86_64.whl.metadata (2.6 kB)
2026-01-27T13:13:04.7582129Z Collecting pycparser (from cffi>=2.0.0->cryptography>=3.4.0->python-jose[cryptography]>=3.3.0->-r requirements.txt (line 69))
2026-01-27T13:13:04.7773982Z   Downloading pycparser-3.0-py3-none-any.whl.metadata (8.2 kB)
2026-01-27T13:13:04.8885153Z Collecting charset_normalizer<4,>=2 (from requests>=2.26.0->tiktoken>=0.5.0->-r requirements.txt (line 31))
2026-01-27T13:13:04.9082958Z   Downloading charset_normalizer-3.4.4-cp311-cp311-manylinux2014_x86_64.manylinux_2_17_x86_64.manylinux_2_28_x86_64.whl.metadata (37 kB)
2026-01-27T13:13:04.9580445Z Collecting urllib3<3,>=1.21.1 (from requests>=2.26.0->tiktoken>=0.5.0->-r requirements.txt (line 31))
2026-01-27T13:13:04.9773807Z   Downloading urllib3-2.6.3-py3-none-any.whl.metadata (6.9 kB)
2026-01-27T13:13:05.0524174Z Collecting httptools>=0.6.3 (from uvicorn[standard]>=0.24.0->-r requirements.txt (line 7))
2026-01-27T13:13:05.0716925Z   Downloading httptools-0.7.1-cp311-cp311-manylinux1_x86_64.manylinux_2_28_x86_64.manylinux_2_5_x86_64.whl.metadata (3.5 kB)
2026-01-27T13:13:05.1338193Z Collecting uvloop>=0.15.1 (from uvicorn[standard]>=0.24.0->-r requirements.txt (line 7))
2026-01-27T13:13:05.1533185Z   Downloading uvloop-0.22.1-cp311-cp311-manylinux2014_x86_64.manylinux_2_17_x86_64.manylinux_2_28_x86_64.whl.metadata (4.9 kB)
2026-01-27T13:13:05.2482772Z Collecting watchfiles>=0.13 (from uvicorn[standard]>=0.24.0->-r requirements.txt (line 7))
2026-01-27T13:13:05.2678648Z   Downloading watchfiles-1.1.1-cp311-cp311-manylinux_2_17_x86_64.manylinux2014_x86_64.whl.metadata (4.9 kB)
2026-01-27T13:13:05.3751250Z Collecting websockets>=10.4 (from uvicorn[standard]>=0.24.0->-r requirements.txt (line 7))
2026-01-27T13:13:05.3945445Z   Downloading websockets-16.0-cp311-cp311-manylinux1_x86_64.manylinux_2_28_x86_64.manylinux_2_5_x86_64.whl.metadata (6.8 kB)
2026-01-27T13:13:05.4854032Z Collecting MarkupSafe>=0.9.2 (from Mako->alembic>=1.13.0->-r requirements.txt (line 27))
2026-01-27T13:13:05.5048419Z   Downloading markupsafe-3.0.3-cp311-cp311-manylinux2014_x86_64.manylinux_2_17_x86_64.manylinux_2_28_x86_64.whl.metadata (2.7 kB)
2026-01-27T13:13:05.5451313Z Collecting markdown-it-py>=2.2.0 (from rich->bandit>=1.7.0->-r requirements.txt (line 47))
2026-01-27T13:13:05.5641448Z   Downloading markdown_it_py-4.0.0-py3-none-any.whl.metadata (7.3 kB)
2026-01-27T13:13:05.6021394Z Collecting mdurl~=0.1 (from markdown-it-py>=2.2.0->rich->bandit>=1.7.0->-r requirements.txt (line 47))
2026-01-27T13:13:05.6215132Z   Downloading mdurl-0.1.2-py3-none-any.whl.metadata (1.6 kB)
2026-01-27T13:13:05.6529143Z Downloading fastapi-0.128.0-py3-none-any.whl (103 kB)
2026-01-27T13:13:05.6782045Z Downloading starlette-0.50.0-py3-none-any.whl (74 kB)
2026-01-27T13:13:05.7012005Z Downloading anyio-4.12.1-py3-none-any.whl (113 kB)
2026-01-27T13:13:05.7257977Z Downloading uvicorn-0.40.0-py3-none-any.whl (68 kB)
2026-01-27T13:13:05.7484775Z Downloading python_multipart-0.0.22-py3-none-any.whl (24 kB)
2026-01-27T13:13:05.7714675Z Downloading pydantic-2.12.5-py3-none-any.whl (463 kB)
2026-01-27T13:13:05.8159926Z Downloading pydantic_core-2.41.5-cp311-cp311-manylinux_2_17_x86_64.manylinux2014_x86_64.whl (2.1 MB)
2026-01-27T13:13:05.8555685Z    ━━━━━━━━━━━━━━━━━━━━━━━━━━━━━━━━━━━━━━━━ 2.1/2.1 MB 51.0 MB/s  0:00:00
2026-01-27T13:13:05.8749439Z Downloading pydantic_settings-2.12.0-py3-none-any.whl (51 kB)
2026-01-27T13:13:05.8969424Z Downloading email_validator-2.3.0-py3-none-any.whl (35 kB)
2026-01-27T13:13:05.9186536Z Downloading httpx-0.28.1-py3-none-any.whl (73 kB)
2026-01-27T13:13:05.9403067Z Downloading httpcore-1.0.9-py3-none-any.whl (78 kB)
2026-01-27T13:13:05.9625149Z Downloading aiohttp-3.13.3-cp311-cp311-manylinux2014_x86_64.manylinux_2_17_x86_64.manylinux_2_28_x86_64.whl (1.7 MB)
2026-01-27T13:13:05.9751964Z    ━━━━━━━━━━━━━━━━━━━━━━━━━━━━━━━━━━━━━━━━ 1.7/1.7 MB 158.2 MB/s  0:00:00
2026-01-27T13:13:05.9946356Z Downloading multidict-6.7.1-cp311-cp311-manylinux2014_x86_64.manylinux_2_17_x86_64.manylinux_2_28_x86_64.whl (246 kB)
2026-01-27T13:13:06.0175011Z Downloading yarl-1.22.0-cp311-cp311-manylinux2014_x86_64.manylinux_2_17_x86_64.manylinux_2_28_x86_64.whl (365 kB)
2026-01-27T13:13:06.0403566Z Downloading aiofiles-25.1.0-py3-none-any.whl (14 kB)
2026-01-27T13:13:06.0624516Z Downloading sqlalchemy-2.0.46-cp311-cp311-manylinux2014_x86_64.manylinux_2_17_x86_64.manylinux_2_28_x86_64.whl (3.3 MB)
2026-01-27T13:13:06.0912560Z    ━━━━━━━━━━━━━━━━━━━━━━━━━━━━━━━━━━━━━━━━ 3.3/3.3 MB 123.5 MB/s  0:00:00
2026-01-27T13:13:06.1107821Z Downloading aiosqlite-0.22.1-py3-none-any.whl (17 kB)
2026-01-27T13:13:06.1337865Z Downloading asyncpg-0.31.0-cp311-cp311-manylinux2014_x86_64.manylinux_2_17_x86_64.manylinux_2_28_x86_64.whl (3.0 MB)
2026-01-27T13:13:06.1510126Z    ━━━━━━━━━━━━━━━━━━━━━━━━━━━━━━━━━━━━━━━━ 3.0/3.0 MB 206.7 MB/s  0:00:00
2026-01-27T13:13:06.1737416Z Downloading psycopg2_binary-2.9.11-cp311-cp311-manylinux2014_x86_64.manylinux_2_17_x86_64.whl (4.2 MB)
2026-01-27T13:13:06.1980336Z    ━━━━━━━━━━━━━━━━━━━━━━━━━━━━━━━━━━━━━━━━ 4.2/4.2 MB 183.9 MB/s  0:00:00
2026-01-27T13:13:06.2176367Z Downloading alembic-1.18.1-py3-none-any.whl (260 kB)
2026-01-27T13:13:06.2410754Z Downloading openai-2.15.0-py3-none-any.whl (1.1 MB)
2026-01-27T13:13:06.2496003Z    ━━━━━━━━━━━━━━━━━━━━━━━━━━━━━━━━━━━━━━━━ 1.1/1.1 MB 139.0 MB/s  0:00:00
2026-01-27T13:13:06.2691396Z Downloading distro-1.9.0-py3-none-any.whl (20 kB)
2026-01-27T13:13:06.2912887Z Downloading jiter-0.12.0-cp311-cp311-manylinux_2_17_x86_64.manylinux2014_x86_64.whl (364 kB)
2026-01-27T13:13:06.3142780Z Downloading typing_extensions-4.15.0-py3-none-any.whl (44 kB)
2026-01-27T13:13:06.3360867Z Downloading tiktoken-0.12.0-cp311-cp311-manylinux_2_28_x86_64.whl (1.2 MB)
2026-01-27T13:13:06.3465164Z    ━━━━━━━━━━━━━━━━━━━━━━━━━━━━━━━━━━━━━━━━ 1.2/1.2 MB 144.6 MB/s  0:00:00
2026-01-27T13:13:06.3660535Z Downloading python_docx-1.2.0-py3-none-any.whl (252 kB)
2026-01-27T13:13:06.3922067Z Downloading pypdf2-3.0.1-py3-none-any.whl (232 kB)
2026-01-27T13:13:06.4154173Z Downloading pycodestyle-2.14.0-py2.py3-none-any.whl (31 kB)
2026-01-27T13:13:06.4368564Z Downloading radon-6.0.1-py2.py3-none-any.whl (52 kB)
2026-01-27T13:13:06.4587850Z Downloading mando-0.7.1-py2.py3-none-any.whl (28 kB)
2026-01-27T13:13:06.4812165Z Downloading pylint-4.0.4-py3-none-any.whl (536 kB)
2026-01-27T13:13:06.4877594Z    ━━━━━━━━━━━━━━━━━━━━━━━━━━━━━━━━━━━━━━━━ 536.4/536.4 kB 73.4 MB/s  0:00:00
2026-01-27T13:13:06.5074704Z Downloading isort-7.0.0-py3-none-any.whl (94 kB)
2026-01-27T13:13:06.5300572Z Downloading astroid-4.0.3-py3-none-any.whl (276 kB)
2026-01-27T13:13:06.5530446Z Downloading mccabe-0.7.0-py2.py3-none-any.whl (7.3 kB)
2026-01-27T13:13:06.5749279Z Downloading bandit-1.9.3-py3-none-any.whl (134 kB)
2026-01-27T13:13:06.5975166Z Downloading pytest-9.0.2-py3-none-any.whl (374 kB)
2026-01-27T13:13:06.6210293Z Downloading pluggy-1.6.0-py3-none-any.whl (20 kB)
2026-01-27T13:13:06.6424329Z Downloading pytest_asyncio-1.3.0-py3-none-any.whl (15 kB)
2026-01-27T13:13:06.6640084Z Downloading pytest_cov-7.0.0-py3-none-any.whl (22 kB)
2026-01-27T13:13:06.6857390Z Downloading python_dotenv-1.2.1-py3-none-any.whl (21 kB)
2026-01-27T13:13:06.7074532Z Downloading black-26.1.0-cp311-cp311-manylinux2014_x86_64.manylinux_2_17_x86_64.manylinux_2_28_x86_64.whl (1.7 MB)
2026-01-27T13:13:06.7180791Z    ━━━━━━━━━━━━━━━━━━━━━━━━━━━━━━━━━━━━━━━━ 1.7/1.7 MB 181.9 MB/s  0:00:00
2026-01-27T13:13:06.7376926Z Downloading mypy-1.19.1-cp311-cp311-manylinux2014_x86_64.manylinux_2_17_x86_64.manylinux_2_28_x86_64.whl (13.4 MB)
2026-01-27T13:13:06.8173097Z    ━━━━━━━━━━━━━━━━━━━━━━━━━━━━━━━━━━━━━━━━ 13.4/13.4 MB 171.9 MB/s  0:00:00
2026-01-27T13:13:06.8365469Z Downloading ruff-0.14.14-py3-none-manylinux_2_17_x86_64.manylinux2014_x86_64.whl (11.2 MB)
2026-01-27T13:13:06.9109808Z    ━━━━━━━━━━━━━━━━━━━━━━━━━━━━━━━━━━━━━━━━ 11.2/11.2 MB 152.8 MB/s  0:00:00
2026-01-27T13:13:06.9304629Z Downloading cachetools-6.2.5-py3-none-any.whl (11 kB)
2026-01-27T13:13:06.9518815Z Downloading loguru-0.7.3-py3-none-any.whl (61 kB)
2026-01-27T13:13:06.9735230Z Downloading python_jose-3.5.0-py2.py3-none-any.whl (34 kB)
2026-01-27T13:13:06.9954054Z Downloading rsa-4.9.1-py3-none-any.whl (34 kB)
2026-01-27T13:13:07.0172373Z Downloading passlib-1.7.4-py2.py3-none-any.whl (525 kB)
2026-01-27T13:13:07.0234840Z    ━━━━━━━━━━━━━━━━━━━━━━━━━━━━━━━━━━━━━━━━ 525.6/525.6 kB 70.4 MB/s  0:00:00
2026-01-27T13:13:07.0431477Z Downloading aiohappyeyeballs-2.6.1-py3-none-any.whl (15 kB)
2026-01-27T13:13:07.0647446Z Downloading aiosignal-1.4.0-py3-none-any.whl (7.5 kB)
2026-01-27T13:13:07.0862615Z Downloading annotated_doc-0.0.4-py3-none-any.whl (5.3 kB)
2026-01-27T13:13:07.1076657Z Downloading annotated_types-0.7.0-py3-none-any.whl (13 kB)
2026-01-27T13:13:07.1290370Z Downloading attrs-25.4.0-py3-none-any.whl (67 kB)
2026-01-27T13:13:07.1506806Z Downloading click-8.3.1-py3-none-any.whl (108 kB)
2026-01-27T13:13:07.1726890Z Downloading colorama-0.4.6-py2.py3-none-any.whl (25 kB)
2026-01-27T13:13:07.1942064Z Downloading coverage-7.13.2-cp311-cp311-manylinux1_x86_64.manylinux_2_28_x86_64.manylinux_2_5_x86_64.whl (251 kB)
2026-01-27T13:13:07.2165637Z Downloading dill-0.4.1-py3-none-any.whl (120 kB)
2026-01-27T13:13:07.2402657Z Downloading dnspython-2.8.0-py3-none-any.whl (331 kB)
2026-01-27T13:13:07.2632179Z Downloading ecdsa-0.19.1-py2.py3-none-any.whl (150 kB)
2026-01-27T13:13:07.2856007Z Downloading frozenlist-1.8.0-cp311-cp311-manylinux1_x86_64.manylinux_2_28_x86_64.manylinux_2_5_x86_64.whl (231 kB)
2026-01-27T13:13:07.3080762Z Downloading greenlet-3.3.1-cp311-cp311-manylinux_2_24_x86_64.manylinux_2_28_x86_64.whl (590 kB)
2026-01-27T13:13:07.3149167Z    ━━━━━━━━━━━━━━━━━━━━━━━━━━━━━━━━━━━━━━━━ 590.3/590.3 kB 83.3 MB/s  0:00:00
2026-01-27T13:13:07.3341224Z Downloading h11-0.16.0-py3-none-any.whl (37 kB)
2026-01-27T13:13:07.3557266Z Downloading idna-3.11-py3-none-any.whl (71 kB)
2026-01-27T13:13:07.3774976Z Downloading iniconfig-2.3.0-py3-none-any.whl (7.5 kB)
2026-01-27T13:13:07.3994425Z Downloading librt-0.7.8-cp311-cp311-manylinux2014_x86_64.manylinux_2_17_x86_64.manylinux_2_28_x86_64.whl (188 kB)
2026-01-27T13:13:07.4229369Z Downloading lxml-6.0.2-cp311-cp311-manylinux_2_26_x86_64.manylinux_2_28_x86_64.whl (5.2 MB)
2026-01-27T13:13:07.4559406Z    ━━━━━━━━━━━━━━━━━━━━━━━━━━━━━━━━━━━━━━━━ 5.2/5.2 MB 170.2 MB/s  0:00:00
2026-01-27T13:13:07.4755297Z Downloading mypy_extensions-1.1.0-py3-none-any.whl (5.0 kB)
2026-01-27T13:13:07.4973515Z Downloading packaging-26.0-py3-none-any.whl (74 kB)
2026-01-27T13:13:07.5195224Z Downloading bcrypt-5.0.0-cp39-abi3-manylinux_2_34_x86_64.whl (278 kB)
2026-01-27T13:13:07.5425451Z Downloading pathspec-1.0.4-py3-none-any.whl (55 kB)
2026-01-27T13:13:07.5641018Z Downloading platformdirs-4.5.1-py3-none-any.whl (18 kB)
2026-01-27T13:13:07.5861278Z Downloading propcache-0.4.1-cp311-cp311-manylinux2014_x86_64.manylinux_2_17_x86_64.manylinux_2_28_x86_64.whl (210 kB)
2026-01-27T13:13:07.6086438Z Downloading pyasn1-0.6.2-py3-none-any.whl (83 kB)
2026-01-27T13:13:07.6316386Z Downloading pygments-2.19.2-py3-none-any.whl (1.2 MB)
2026-01-27T13:13:07.6409491Z    ━━━━━━━━━━━━━━━━━━━━━━━━━━━━━━━━━━━━━━━━ 1.2/1.2 MB 147.4 MB/s  0:00:00
2026-01-27T13:13:07.6614774Z Downloading cryptography-46.0.3-cp311-abi3-manylinux_2_34_x86_64.whl (4.5 MB)
2026-01-27T13:13:07.6904213Z    ━━━━━━━━━━━━━━━━━━━━━━━━━━━━━━━━━━━━━━━━ 4.5/4.5 MB 172.0 MB/s  0:00:00
2026-01-27T13:13:07.7100592Z Downloading cffi-2.0.0-cp311-cp311-manylinux2014_x86_64.manylinux_2_17_x86_64.whl (215 kB)
2026-01-27T13:13:07.7322457Z Downloading pytokens-0.4.0-cp311-cp311-manylinux2014_x86_64.manylinux_2_17_x86_64.manylinux_2_28_x86_64.whl (259 kB)
2026-01-27T13:13:07.7544316Z Downloading pyyaml-6.0.3-cp311-cp311-manylinux2014_x86_64.manylinux_2_17_x86_64.manylinux_2_28_x86_64.whl (806 kB)
2026-01-27T13:13:07.7614467Z    ━━━━━━━━━━━━━━━━━━━━━━━━━━━━━━━━━━━━━━━━ 806.6/806.6 kB 119.7 MB/s  0:00:00
2026-01-27T13:13:07.7816151Z Downloading regex-2026.1.15-cp311-cp311-manylinux2014_x86_64.manylinux_2_17_x86_64.manylinux_2_28_x86_64.whl (800 kB)
2026-01-27T13:13:07.7886353Z    ━━━━━━━━━━━━━━━━━━━━━━━━━━━━━━━━━━━━━━━━ 800.5/800.5 kB 116.6 MB/s  0:00:00
2026-01-27T13:13:07.8077083Z Downloading requests-2.32.5-py3-none-any.whl (64 kB)
2026-01-27T13:13:07.8295287Z Downloading charset_normalizer-3.4.4-cp311-cp311-manylinux2014_x86_64.manylinux_2_17_x86_64.manylinux_2_28_x86_64.whl (151 kB)
2026-01-27T13:13:07.8514577Z Downloading urllib3-2.6.3-py3-none-any.whl (131 kB)
2026-01-27T13:13:07.8733590Z Downloading certifi-2026.1.4-py3-none-any.whl (152 kB)
2026-01-27T13:13:07.8954489Z Downloading six-1.17.0-py2.py3-none-any.whl (11 kB)
2026-01-27T13:13:07.9170487Z Downloading stevedore-5.6.0-py3-none-any.whl (54 kB)
2026-01-27T13:13:07.9386674Z Downloading tomlkit-0.14.0-py3-none-any.whl (39 kB)
2026-01-27T13:13:07.9611829Z Downloading tqdm-4.67.1-py3-none-any.whl (78 kB)
2026-01-27T13:13:07.9832122Z Downloading typing_inspection-0.4.2-py3-none-any.whl (14 kB)
2026-01-27T13:13:08.0059086Z Downloading httptools-0.7.1-cp311-cp311-manylinux1_x86_64.manylinux_2_28_x86_64.manylinux_2_5_x86_64.whl (456 kB)
2026-01-27T13:13:08.0295347Z Downloading uvloop-0.22.1-cp311-cp311-manylinux2014_x86_64.manylinux_2_17_x86_64.manylinux_2_28_x86_64.whl (3.8 MB)
2026-01-27T13:13:08.0512890Z    ━━━━━━━━━━━━━━━━━━━━━━━━━━━━━━━━━━━━━━━━ 3.8/3.8 MB 193.4 MB/s  0:00:00
2026-01-27T13:13:08.0718599Z Downloading watchfiles-1.1.1-cp311-cp311-manylinux_2_17_x86_64.manylinux2014_x86_64.whl (456 kB)
2026-01-27T13:13:08.0954278Z Downloading websockets-16.0-cp311-cp311-manylinux1_x86_64.manylinux_2_28_x86_64.manylinux_2_5_x86_64.whl (184 kB)
2026-01-27T13:13:08.1177093Z Downloading mako-1.3.10-py3-none-any.whl (78 kB)
2026-01-27T13:13:08.1406192Z Downloading markupsafe-3.0.3-cp311-cp311-manylinux2014_x86_64.manylinux_2_17_x86_64.manylinux_2_28_x86_64.whl (22 kB)
2026-01-27T13:13:08.1623993Z Downloading pycparser-3.0-py3-none-any.whl (48 kB)
2026-01-27T13:13:08.1842833Z Downloading rich-14.3.1-py3-none-any.whl (309 kB)
2026-01-27T13:13:08.2072570Z Downloading markdown_it_py-4.0.0-py3-none-any.whl (87 kB)
2026-01-27T13:13:08.2303405Z Downloading mdurl-0.1.2-py3-none-any.whl (10.0 kB)
2026-01-27T13:13:08.2518326Z Downloading sniffio-1.3.1-py3-none-any.whl (10 kB)
2026-01-27T13:13:08.5395139Z Installing collected packages: passlib, websockets, uvloop, urllib3, typing-extensions, tqdm, tomlkit, stevedore, sniffio, six, ruff, regex, PyYAML, pytokens, python-multipart, python-dotenv, PyPDF2, pygments, pycparser, pycodestyle, pyasn1, psycopg2-binary, propcache, pluggy, platformdirs, pathspec, packaging, mypy-extensions, multidict, mdurl, mccabe, MarkupSafe, lxml, loguru, librt, jiter, isort, iniconfig, idna, httptools, h11, greenlet, frozenlist, dnspython, distro, dill, coverage, colorama, click, charset_normalizer, certifi, cachetools, bcrypt, attrs, asyncpg, astroid, annotated-types, annotated-doc, aiosqlite, aiohappyeyeballs, aiofiles, yarl, uvicorn, typing-inspection, sqlalchemy, rsa, requests, python-docx, pytest, pylint, pydantic-core, mypy, markdown-it-py, mando, Mako, httpcore, email-validator, ecdsa, cffi, black, anyio, aiosignal, watchfiles, tiktoken, starlette, rich, radon, python-jose, pytest-cov, pytest-asyncio, pydantic, httpx, cryptography, alembic, aiohttp, pydantic-settings, openai, fastapi, bandit
2026-01-27T13:13:17.7442277Z 
2026-01-27T13:13:17.7492258Z Successfully installed Mako-1.3.10 MarkupSafe-3.0.3 PyPDF2-3.0.1 PyYAML-6.0.3 aiofiles-25.1.0 aiohappyeyeballs-2.6.1 aiohttp-3.13.3 aiosignal-1.4.0 aiosqlite-0.22.1 alembic-1.18.1 annotated-doc-0.0.4 annotated-types-0.7.0 anyio-4.12.1 astroid-4.0.3 asyncpg-0.31.0 attrs-25.4.0 bandit-1.9.3 bcrypt-5.0.0 black-26.1.0 cachetools-6.2.5 certifi-2026.1.4 cffi-2.0.0 charset_normalizer-3.4.4 click-8.3.1 colorama-0.4.6 coverage-7.13.2 cryptography-46.0.3 dill-0.4.1 distro-1.9.0 dnspython-2.8.0 ecdsa-0.19.1 email-validator-2.3.0 fastapi-0.128.0 frozenlist-1.8.0 greenlet-3.3.1 h11-0.16.0 httpcore-1.0.9 httptools-0.7.1 httpx-0.28.1 idna-3.11 iniconfig-2.3.0 isort-7.0.0 jiter-0.12.0 librt-0.7.8 loguru-0.7.3 lxml-6.0.2 mando-0.7.1 markdown-it-py-4.0.0 mccabe-0.7.0 mdurl-0.1.2 multidict-6.7.1 mypy-1.19.1 mypy-extensions-1.1.0 openai-2.15.0 packaging-26.0 passlib-1.7.4 pathspec-1.0.4 platformdirs-4.5.1 pluggy-1.6.0 propcache-0.4.1 psycopg2-binary-2.9.11 pyasn1-0.6.2 pycodestyle-2.14.0 pycparser-3.0 pydantic-2.12.5 pydantic-core-2.41.5 pydantic-settings-2.12.0 pygments-2.19.2 pylint-4.0.4 pytest-9.0.2 pytest-asyncio-1.3.0 pytest-cov-7.0.0 python-docx-1.2.0 python-dotenv-1.2.1 python-jose-3.5.0 python-multipart-0.0.22 pytokens-0.4.0 radon-6.0.1 regex-2026.1.15 requests-2.32.5 rich-14.3.1 rsa-4.9.1 ruff-0.14.14 six-1.17.0 sniffio-1.3.1 sqlalchemy-2.0.46 starlette-0.50.0 stevedore-5.6.0 tiktoken-0.12.0 tomlkit-0.14.0 tqdm-4.67.1 typing-extensions-4.15.0 typing-inspection-0.4.2 urllib3-2.6.3 uvicorn-0.40.0 uvloop-0.22.1 watchfiles-1.1.1 websockets-16.0 yarl-1.22.0
2026-01-27T13:13:19.2652196Z Requirement already satisfied: pytest in /opt/hostedtoolcache/Python/3.11.14/x64/lib/python3.11/site-packages (9.0.2)
2026-01-27T13:13:19.2656311Z Requirement already satisfied: pytest-cov in /opt/hostedtoolcache/Python/3.11.14/x64/lib/python3.11/site-packages (7.0.0)
2026-01-27T13:13:19.2660610Z Requirement already satisfied: ruff in /opt/hostedtoolcache/Python/3.11.14/x64/lib/python3.11/site-packages (0.14.14)
2026-01-27T13:13:19.2665069Z Requirement already satisfied: mypy in /opt/hostedtoolcache/Python/3.11.14/x64/lib/python3.11/site-packages (1.19.1)
2026-01-27T13:13:19.2680685Z Requirement already satisfied: iniconfig>=1.0.1 in /opt/hostedtoolcache/Python/3.11.14/x64/lib/python3.11/site-packages (from pytest) (2.3.0)
2026-01-27T13:13:19.2686658Z Requirement already satisfied: packaging>=22 in /opt/hostedtoolcache/Python/3.11.14/x64/lib/python3.11/site-packages (from pytest) (26.0)
2026-01-27T13:13:19.2692745Z Requirement already satisfied: pluggy<2,>=1.5 in /opt/hostedtoolcache/Python/3.11.14/x64/lib/python3.11/site-packages (from pytest) (1.6.0)
2026-01-27T13:13:19.2698968Z Requirement already satisfied: pygments>=2.7.2 in /opt/hostedtoolcache/Python/3.11.14/x64/lib/python3.11/site-packages (from pytest) (2.19.2)
2026-01-27T13:13:19.2733101Z Requirement already satisfied: coverage>=7.10.6 in /opt/hostedtoolcache/Python/3.11.14/x64/lib/python3.11/site-packages (from coverage[toml]>=7.10.6->pytest-cov) (7.13.2)
2026-01-27T13:13:19.2760521Z Requirement already satisfied: typing_extensions>=4.6.0 in /opt/hostedtoolcache/Python/3.11.14/x64/lib/python3.11/site-packages (from mypy) (4.15.0)
2026-01-27T13:13:19.2766175Z Requirement already satisfied: mypy_extensions>=1.0.0 in /opt/hostedtoolcache/Python/3.11.14/x64/lib/python3.11/site-packages (from mypy) (1.1.0)
2026-01-27T13:13:19.2771227Z Requirement already satisfied: pathspec>=0.9.0 in /opt/hostedtoolcache/Python/3.11.14/x64/lib/python3.11/site-packages (from mypy) (1.0.4)
2026-01-27T13:13:19.2779921Z Requirement already satisfied: librt>=0.6.2 in /opt/hostedtoolcache/Python/3.11.14/x64/lib/python3.11/site-packages (from mypy) (0.7.8)
2026-01-27T13:13:19.4279278Z ##[group]Run pytest tests/ --cov=app --cov-report=xml --cov-report=html
2026-01-27T13:13:19.4279804Z [36;1mpytest tests/ --cov=app --cov-report=xml --cov-report=html[0m
2026-01-27T13:13:19.4312061Z shell: /usr/bin/bash -e {0}
2026-01-27T13:13:19.4312282Z env:
2026-01-27T13:13:19.4312526Z   pythonLocation: /opt/hostedtoolcache/Python/3.11.14/x64
2026-01-27T13:13:19.4312943Z   PKG_CONFIG_PATH: /opt/hostedtoolcache/Python/3.11.14/x64/lib/pkgconfig
2026-01-27T13:13:19.4313340Z   Python_ROOT_DIR: /opt/hostedtoolcache/Python/3.11.14/x64
2026-01-27T13:13:19.4313711Z   Python2_ROOT_DIR: /opt/hostedtoolcache/Python/3.11.14/x64
2026-01-27T13:13:19.4314077Z   Python3_ROOT_DIR: /opt/hostedtoolcache/Python/3.11.14/x64
2026-01-27T13:13:19.4314438Z   LD_LIBRARY_PATH: /opt/hostedtoolcache/Python/3.11.14/x64/lib
2026-01-27T13:13:19.4314741Z ##[endgroup]
2026-01-27T13:13:23.2271190Z ============================= test session starts ==============================
2026-01-27T13:13:23.2272813Z platform linux -- Python 3.11.14, pytest-9.0.2, pluggy-1.6.0 -- /opt/hostedtoolcache/Python/3.11.14/x64/bin/python
2026-01-27T13:13:23.2273690Z cachedir: .pytest_cache
2026-01-27T13:13:23.2274329Z rootdir: /home/runner/work/ai-teaching-assistant/ai-teaching-assistant/backend
2026-01-27T13:13:23.2275019Z configfile: pyproject.toml
2026-01-27T13:13:23.2275453Z plugins: cov-7.0.0, asyncio-1.3.0, anyio-4.12.1
2026-01-27T13:13:23.2276384Z asyncio: mode=Mode.AUTO, debug=False, asyncio_default_fixture_loop_scope=None, asyncio_default_test_loop_scope=function
2026-01-27T13:13:24.1916955Z collecting ... collected 244 items
2026-01-27T13:13:24.1917359Z 
2026-01-27T13:13:24.1981167Z tests/test_advanced_analysis.py::TestCodeQualityAnalyzer::test_simple_code_analysis PASSED [  0%]
2026-01-27T13:13:24.2030520Z tests/test_advanced_analysis.py::TestCodeQualityAnalyzer::test_complex_function_detection PASSED [  0%]
2026-01-27T13:13:24.2069084Z tests/test_advanced_analysis.py::TestCodeQualityAnalyzer::test_maintainability_index PASSED [  1%]
2026-01-27T13:13:24.2093367Z tests/test_advanced_analysis.py::TestCodeQualityAnalyzer::test_syntax_error_handling PASSED [  1%]
2026-01-27T13:13:24.2106343Z tests/test_advanced_analysis.py::TestComplexityGrading::test_complexity_grade_a PASSED [  2%]
2026-01-27T13:13:24.2118761Z tests/test_advanced_analysis.py::TestComplexityGrading::test_complexity_grade_b PASSED [  2%]
2026-01-27T13:13:24.2131240Z tests/test_advanced_analysis.py::TestComplexityGrading::test_complexity_grade_c PASSED [  2%]
2026-01-27T13:13:24.2143815Z tests/test_advanced_analysis.py::TestComplexityGrading::test_complexity_grade_f PASSED [  3%]
2026-01-27T13:13:24.2156189Z tests/test_advanced_analysis.py::TestComplexityGrading::test_maintainability_excellent PASSED [  3%]
2026-01-27T13:13:24.2168597Z tests/test_advanced_analysis.py::TestComplexityGrading::test_maintainability_poor PASSED [  4%]
2026-01-27T13:13:24.2185844Z tests/test_advanced_analysis.py::TestDuplicateDetector::test_detect_duplicates PASSED [  4%]
2026-01-27T13:13:24.2199344Z tests/test_advanced_analysis.py::TestDuplicateDetector::test_no_duplicates PASSED [  4%]
2026-01-27T13:13:24.6934156Z tests/test_advanced_analysis.py::TestLinterService::test_lint_clean_code PASSED [  5%]
2026-01-27T13:13:25.2799461Z tests/test_advanced_analysis.py::TestLinterService::test_lint_with_issues PASSED [  5%]
2026-01-27T13:13:25.2822637Z tests/test_advanced_analysis.py::TestLinterService::test_unsupported_language PASSED [  6%]
2026-01-27T13:13:25.4644041Z tests/test_advanced_analysis.py::TestSecurityAnalyzer::test_detect_hardcoded_password PASSED [  6%]
2026-01-27T13:13:25.6354440Z tests/test_advanced_analysis.py::TestSecurityAnalyzer::test_detect_eval_usage PASSED [  6%]
2026-01-27T13:13:25.8052144Z tests/test_advanced_analysis.py::TestSecurityAnalyzer::test_detect_shell_injection PASSED [  7%]
2026-01-27T13:13:25.9761037Z tests/test_advanced_analysis.py::TestSecurityAnalyzer::test_clean_code_security PASSED [  7%]
2026-01-27T13:13:25.9814745Z tests/test_advanced_analysis.py::TestPerformanceAnalyzer::test_detect_nested_loops PASSED [  8%]
2026-01-27T13:13:25.9839610Z tests/test_advanced_analysis.py::TestPerformanceAnalyzer::test_detect_range_len_pattern PASSED [  8%]
2026-01-27T13:13:25.9862581Z tests/test_advanced_analysis.py::TestPerformanceAnalyzer::test_detect_bare_except PASSED [  9%]
2026-01-27T13:13:25.9885723Z tests/test_advanced_analysis.py::TestPerformanceAnalyzer::test_detect_print_statements PASSED [  9%]
2026-01-27T13:13:25.9908518Z tests/test_advanced_analysis.py::TestPerformanceAnalyzer::test_clean_code_performance PASSED [  9%]
2026-01-27T13:13:26.5680011Z tests/test_advanced_analysis.py::TestAnalysisIntegration::test_all_analyzers_work_together PASSED [ 10%]
2026-01-27T13:13:26.8900748Z tests/test_analysis_api.py::TestAnalyzeEndpoint::test_analyze_python_code PASSED [ 10%]
2026-01-27T13:13:27.1069650Z tests/test_analysis_api.py::TestAnalyzeEndpoint::test_analyze_javascript_code PASSED [ 11%]
2026-01-27T13:13:27.3265189Z tests/test_analysis_api.py::TestAnalyzeEndpoint::test_analyze_with_rule_overrides PASSED [ 11%]
2026-01-27T13:13:27.5438124Z tests/test_analysis_api.py::TestAnalyzeEndpoint::test_analyze_empty_code PASSED [ 11%]
2026-01-27T13:13:27.7652424Z tests/test_analysis_api.py::TestAnalyzeEndpoint::test_analyze_invalid_language PASSED [ 12%]
2026-01-27T13:13:27.9826506Z tests/test_analysis_api.py::TestRulesEndpoint::test_get_all_rules PASSED [ 12%]
2026-01-27T13:13:28.3525033Z tests/test_analysis_api.py::TestRulesEndpoint::test_get_specific_rule PASSED [ 13%]
2026-01-27T13:13:28.5660112Z tests/test_analysis_api.py::TestRulesEndpoint::test_get_nonexistent_rule PASSED [ 13%]
2026-01-27T13:13:30.3707145Z tests/test_analysis_api.py::TestSummaryEndpoint::test_get_analysis_summary FAILED [ 13%]
2026-01-27T13:13:30.8303161Z tests/test_assignments.py::test_grade_assignment PASSED                  [ 14%]
2026-01-27T13:13:31.1259704Z tests/test_assignments.py::test_grade_assignment_missing_fields PASSED   [ 14%]
2026-01-27T13:13:31.5605366Z tests/test_assignments.py::test_analyze_code PASSED                      [ 15%]
2026-01-27T13:13:31.8608231Z tests/test_assignments.py::test_analyze_code_with_issues PASSED          [ 15%]
2026-01-27T13:13:32.1582751Z tests/test_assignments.py::test_plagiarism_check PASSED                  [ 15%]
2026-01-27T13:13:32.4652824Z tests/test_assignments.py::test_batch_grading PASSED                     [ 16%]
2026-01-27T13:13:32.4686366Z tests/test_code_analysis.py::TestLineMetrics::test_basic_line_count PASSED [ 16%]
2026-01-27T13:13:32.4714616Z tests/test_code_analysis.py::TestLineMetrics::test_comment_detection_python PASSED [ 17%]
2026-01-27T13:13:32.4742741Z tests/test_code_analysis.py::TestLineMetrics::test_docstring_detection PASSED [ 17%]
2026-01-27T13:13:32.4768751Z tests/test_code_analysis.py::TestComplexity::test_simple_function_complexity PASSED [ 18%]
2026-01-27T13:13:32.4802095Z tests/test_code_analysis.py::TestComplexity::test_complex_function_detection PASSED [ 18%]
2026-01-27T13:13:32.4831975Z tests/test_code_analysis.py::TestComplexity::test_cognitive_complexity PASSED [ 18%]
2026-01-27T13:13:32.4859223Z tests/test_code_analysis.py::TestNamingConventions::test_valid_python_names PASSED [ 19%]
2026-01-27T13:13:32.4884990Z tests/test_code_analysis.py::TestNamingConventions::test_invalid_function_name PASSED [ 19%]
2026-01-27T13:13:32.4907977Z tests/test_code_analysis.py::TestNamingConventions::test_invalid_class_name PASSED [ 20%]
2026-01-27T13:13:32.4932430Z tests/test_code_analysis.py::TestSecurityChecks::test_hardcoded_password_detection PASSED [ 20%]
2026-01-27T13:13:32.4957330Z tests/test_code_analysis.py::TestSecurityChecks::test_eval_usage_detection PASSED [ 20%]
2026-01-27T13:13:32.4983601Z tests/test_code_analysis.py::TestSecurityChecks::test_sql_injection_detection PASSED [ 21%]
2026-01-27T13:13:32.5009337Z tests/test_code_analysis.py::TestStyleChecks::test_long_line_detection PASSED [ 21%]
2026-01-27T13:13:32.5034138Z tests/test_code_analysis.py::TestStyleChecks::test_trailing_whitespace_detection PASSED [ 22%]
2026-01-27T13:13:32.5064271Z tests/test_code_analysis.py::TestStructureAnalysis::test_class_and_function_count PASSED [ 22%]
2026-01-27T13:13:32.5090632Z tests/test_code_analysis.py::TestStructureAnalysis::test_unused_import_detection PASSED [ 22%]
2026-01-27T13:13:32.5121965Z tests/test_code_analysis.py::TestScoring::test_perfect_code_score PASSED [ 23%]
2026-01-27T13:13:32.5157449Z tests/test_code_analysis.py::TestScoring::test_poor_code_score PASSED    [ 23%]
2026-01-27T13:13:32.5180251Z tests/test_code_analysis.py::TestMultiLanguage::test_javascript_analysis PASSED [ 24%]
2026-01-27T13:13:32.5208142Z tests/test_code_analysis.py::TestMultiLanguage::test_java_analysis PASSED [ 24%]
2026-01-27T13:13:32.5233477Z tests/test_code_analysis.py::TestRecommendations::test_recommendations_generated PASSED [ 25%]
2026-01-27T13:13:32.5257320Z tests/test_code_analysis.py::TestRecommendations::test_security_recommendation PASSED [ 25%]
2026-01-27T13:13:32.5270833Z tests/test_feedback_system.py::TestFeedbackGenerationService::test_service_initialization PASSED [ 25%]
2026-01-27T13:13:32.5282841Z tests/test_feedback_system.py::TestFeedbackGenerationService::test_singleton_instance PASSED [ 26%]
2026-01-27T13:13:32.5336095Z tests/test_feedback_system.py::TestFeedbackGenerationService::test_generate_feedback_basic PASSED [ 26%]
2026-01-27T13:13:32.5389167Z tests/test_feedback_system.py::TestFeedbackGenerationService::test_generate_feedback_encouraging_tone PASSED [ 27%]
2026-01-27T13:13:32.5440702Z tests/test_feedback_system.py::TestFeedbackGenerationService::test_generate_feedback_strict_tone PASSED [ 27%]
2026-01-27T13:13:32.5464212Z tests/test_feedback_system.py::TestFeedbackGenerationService::test_generate_feedback_with_assignment_context PASSED [ 27%]
2026-01-27T13:13:32.5484301Z tests/test_feedback_system.py::TestAIService::test_explain_code PASSED   [ 28%]
2026-01-27T13:13:32.5506346Z tests/test_feedback_system.py::TestAIService::test_suggest_improvements PASSED [ 28%]
2026-01-27T13:13:32.5526375Z tests/test_feedback_system.py::TestAIService::test_answer_student_question PASSED [ 29%]
2026-01-27T13:13:32.5538851Z tests/test_feedback_system.py::TestAIService::test_get_interaction_stats PASSED [ 29%]
2026-01-27T13:13:32.5551265Z tests/test_feedback_system.py::TestFeedbackTemplates::test_template_category_enum PASSED [ 29%]
2026-01-27T13:13:32.5563781Z tests/test_feedback_system.py::TestFeedbackTemplates::test_feedback_tone_enum PASSED [ 30%]
2026-01-27T13:13:32.5576101Z tests/test_feedback_system.py::TestFeedbackTemplates::test_feedback_category_enum PASSED [ 30%]
2026-01-27T13:13:32.5673572Z tests/test_feedback_system.py::TestFeedbackAPIEndpoints::test_generate_feedback_endpoint PASSED [ 31%]
2026-01-27T13:13:32.5734272Z tests/test_feedback_system.py::TestFeedbackAPIEndpoints::test_explain_code_endpoint PASSED [ 31%]
2026-01-27T13:13:32.5793214Z tests/test_feedback_system.py::TestFeedbackAPIEndpoints::test_suggest_improvements_endpoint PASSED [ 31%]
2026-01-27T13:13:32.5857657Z tests/test_feedback_system.py::TestFeedbackAPIEndpoints::test_answer_question_endpoint PASSED [ 32%]
2026-01-27T13:13:32.5909007Z tests/test_feedback_system.py::TestFeedbackAPIEndpoints::test_ai_config_endpoint PASSED [ 32%]
2026-01-27T13:13:32.5960259Z tests/test_feedback_system.py::TestFeedbackAPIEndpoints::test_ai_health_endpoint PASSED [ 33%]
2026-01-27T13:13:32.6125894Z tests/test_feedback_system.py::TestFeedbackTemplatesAPI::test_list_templates_endpoint PASSED [ 33%]
2026-01-27T13:13:32.6178296Z tests/test_feedback_system.py::TestFeedbackTemplatesAPI::test_list_categories_endpoint PASSED [ 34%]
2026-01-27T13:13:32.6331083Z tests/test_feedback_system.py::TestFeedbackTemplatesAPI::test_create_template_endpoint PASSED [ 34%]
2026-01-27T13:13:32.6438199Z tests/test_file_api.py::TestFileUploadAPI::test_list_files_empty PASSED  [ 34%]
2026-01-27T13:13:32.6835595Z tests/test_file_api.py::TestFileUploadAPI::test_upload_python_file PASSED [ 35%]
2026-01-27T13:13:32.7045384Z tests/test_file_api.py::TestFileUploadAPI::test_upload_javascript_file PASSED [ 35%]
2026-01-27T13:13:32.7107096Z tests/test_file_api.py::TestFileUploadAPI::test_upload_invalid_file_type PASSED [ 36%]
2026-01-27T13:13:32.7370884Z tests/test_file_api.py::TestFileUploadAPI::test_get_file_metadata PASSED [ 36%]
2026-01-27T13:13:32.7654859Z tests/test_file_api.py::TestFileUploadAPI::test_get_file_content PASSED  [ 36%]
2026-01-27T13:13:32.8004436Z tests/test_file_api.py::TestFileUploadAPI::test_parse_file PASSED        [ 37%]
2026-01-27T13:13:32.8027715Z tests/test_file_upload.py::TestFileParsingService::test_detect_language_python PASSED [ 37%]
2026-01-27T13:13:32.8049027Z tests/test_file_upload.py::TestFileParsingService::test_detect_language_javascript PASSED [ 38%]
2026-01-27T13:13:32.8069563Z tests/test_file_upload.py::TestFileParsingService::test_detect_language_java PASSED [ 38%]
2026-01-27T13:13:32.8089936Z tests/test_file_upload.py::TestFileParsingService::test_detect_language_c_cpp PASSED [ 38%]
2026-01-27T13:13:32.8115547Z tests/test_file_upload.py::TestFileParsingService::test_parse_python_file PASSED [ 39%]
2026-01-27T13:13:32.8166668Z tests/test_file_upload.py::TestFileParsingService::test_parse_javascript_file PASSED [ 39%]
2026-01-27T13:13:32.8215778Z tests/test_file_upload.py::TestFileParsingService::test_parse_java_file PASSED [ 40%]
2026-01-27T13:13:32.8251111Z tests/test_file_upload.py::TestFileParsingService::test_parse_c_file PASSED [ 40%]
2026-01-27T13:13:32.8278101Z tests/test_file_upload.py::TestFileParsingService::test_basic_metrics PASSED [ 40%]
2026-01-27T13:13:33.1186747Z tests/test_health.py::test_root_endpoint PASSED                          [ 41%]
2026-01-27T13:13:33.5719540Z tests/test_health.py::test_health_endpoint PASSED                        [ 41%]
2026-01-27T13:13:33.8766682Z tests/test_health.py::test_docs_endpoint PASSED                          [ 42%]
2026-01-27T13:13:36.2238912Z tests/test_health.py::test_openapi_schema PASSED                         [ 42%]
2026-01-27T13:13:36.2251360Z tests/test_multi_dimensional_evaluation.py::TestEvaluationDimension::test_dimension_values PASSED [ 43%]
2026-01-27T13:13:36.2263234Z tests/test_multi_dimensional_evaluation.py::TestEvaluationDimension::test_dimension_count PASSED [ 43%]
2026-01-27T13:13:36.2275346Z tests/test_multi_dimensional_evaluation.py::TestDimensionMetadata::test_all_dimensions_have_metadata PASSED [ 43%]
2026-01-27T13:13:36.2287733Z tests/test_multi_dimensional_evaluation.py::TestDimensionMetadata::test_metadata_has_required_fields PASSED [ 44%]
2026-01-27T13:13:36.2299420Z tests/test_multi_dimensional_evaluation.py::TestDimensionMetadata::test_weights_sum_to_one PASSED [ 44%]
2026-01-27T13:13:36.2311441Z tests/test_multi_dimensional_evaluation.py::TestDimensionScore::test_create_dimension_score PASSED [ 45%]
2026-01-27T13:13:36.2325591Z tests/test_multi_dimensional_evaluation.py::TestDimensionScore::test_score_validation PASSED [ 45%]
2026-01-27T13:13:36.2337669Z tests/test_multi_dimensional_evaluation.py::TestRadarChartData::test_create_radar_chart_data PASSED [ 45%]
2026-01-27T13:13:36.2350926Z tests/test_multi_dimensional_evaluation.py::TestMultiDimensionalEvaluator::test_score_to_grade PASSED [ 46%]
2026-01-27T13:13:36.2382991Z tests/test_multi_dimensional_evaluation.py::TestMultiDimensionalEvaluator::test_calculate_technical_ability PASSED [ 46%]
2026-01-27T13:13:36.2409935Z tests/test_multi_dimensional_evaluation.py::TestMultiDimensionalEvaluator::test_calculate_code_quality PASSED [ 47%]
2026-01-27T13:13:36.2436814Z tests/test_multi_dimensional_evaluation.py::TestMultiDimensionalEvaluator::test_calculate_innovation PASSED [ 47%]
2026-01-27T13:13:36.2463736Z tests/test_multi_dimensional_evaluation.py::TestMultiDimensionalEvaluator::test_calculate_best_practices PASSED [ 47%]
2026-01-27T13:13:36.2489384Z tests/test_multi_dimensional_evaluation.py::TestMultiDimensionalEvaluator::test_calculate_efficiency PASSED [ 48%]
2026-01-27T13:13:36.2516391Z tests/test_multi_dimensional_evaluation.py::TestMultiDimensionalEvaluator::test_calculate_documentation PASSED [ 48%]
2026-01-27T13:13:36.2548791Z tests/test_multi_dimensional_evaluation.py::TestMultiDimensionalEvaluator::test_calculate_dimension_scores PASSED [ 49%]
2026-01-27T13:13:36.2579464Z tests/test_multi_dimensional_evaluation.py::TestMultiDimensionalEvaluator::test_generate_radar_chart_data PASSED [ 49%]
2026-01-27T13:13:36.2611212Z tests/test_multi_dimensional_evaluation.py::TestMultiDimensionalEvaluator::test_generate_overall_summary PASSED [ 50%]
2026-01-27T13:13:36.2647551Z tests/test_multi_dimensional_evaluation.py::TestMultiDimensionalEvaluator::test_identify_top_strengths PASSED [ 50%]
2026-01-27T13:13:36.2677844Z tests/test_multi_dimensional_evaluation.py::TestMultiDimensionalEvaluator::test_identify_priority_improvements PASSED [ 50%]
2026-01-27T13:13:36.2709003Z tests/test_multi_dimensional_evaluation.py::TestMultiDimensionalEvaluator::test_recommend_focus_areas PASSED [ 51%]
2026-01-27T13:13:36.2721267Z tests/test_multi_dimensional_evaluation.py::TestMultiDimensionalEvaluationRequest::test_create_request_with_defaults PASSED [ 51%]
2026-01-27T13:13:36.2733589Z tests/test_multi_dimensional_evaluation.py::TestMultiDimensionalEvaluationRequest::test_create_request_with_class_comparison PASSED [ 52%]
2026-01-27T13:13:36.2745457Z tests/test_multi_dimensional_evaluation.py::TestClassComparison::test_create_class_comparison PASSED [ 52%]
2026-01-27T13:13:36.2758430Z tests/test_multi_dimensional_evaluation.py::TestAbilityAnalysisReport::test_create_report PASSED [ 52%]
2026-01-27T13:13:36.2770258Z tests/test_personalized_feedback.py::TestFeedbackEnums::test_feedback_detail_level_values PASSED [ 53%]
2026-01-27T13:13:36.2782064Z tests/test_personalized_feedback.py::TestFeedbackEnums::test_suggestion_difficulty_values PASSED [ 53%]
2026-01-27T13:13:36.2794159Z tests/test_personalized_feedback.py::TestFeedbackEnums::test_student_level_values PASSED [ 54%]
2026-01-27T13:13:36.2806007Z tests/test_personalized_feedback.py::TestFeedbackEnums::test_performance_trend_values PASSED [ 54%]
2026-01-27T13:13:36.2817566Z tests/test_personalized_feedback.py::TestDetailLevelConfig::test_brief_config PASSED [ 54%]
2026-01-27T13:13:36.2829172Z tests/test_personalized_feedback.py::TestDetailLevelConfig::test_comprehensive_config PASSED [ 55%]
2026-01-27T13:13:36.2840894Z tests/test_personalized_feedback.py::TestLevelMessages::test_beginner_messages PASSED [ 55%]
2026-01-27T13:13:36.2852782Z tests/test_personalized_feedback.py::TestLevelMessages::test_advanced_messages PASSED [ 56%]
2026-01-27T13:13:36.2864420Z tests/test_personalized_feedback.py::TestTrendMessages::test_improving_trend PASSED [ 56%]
2026-01-27T13:13:36.2876098Z tests/test_personalized_feedback.py::TestTrendMessages::test_declining_trend PASSED [ 56%]
2026-01-27T13:13:36.2889734Z tests/test_personalized_feedback.py::TestFeedbackGenerationService::test_calculate_trend_improving PASSED [ 57%]
2026-01-27T13:13:36.2902890Z tests/test_personalized_feedback.py::TestFeedbackGenerationService::test_calculate_trend_declining PASSED [ 57%]
2026-01-27T13:13:36.2916633Z tests/test_personalized_feedback.py::TestFeedbackGenerationService::test_calculate_trend_stable PASSED [ 58%]
2026-01-27T13:13:36.2929634Z tests/test_personalized_feedback.py::TestFeedbackGenerationService::test_calculate_trend_insufficient_data PASSED [ 58%]
2026-01-27T13:13:36.2942564Z tests/test_personalized_feedback.py::TestFeedbackGenerationService::test_determine_level_beginner PASSED [ 59%]
2026-01-27T13:13:36.2955545Z tests/test_personalized_feedback.py::TestFeedbackGenerationService::test_determine_level_intermediate PASSED [ 59%]
2026-01-27T13:13:36.2968582Z tests/test_personalized_feedback.py::TestFeedbackGenerationService::test_determine_level_advanced PASSED [ 59%]
2026-01-27T13:13:36.2981438Z tests/test_personalized_feedback.py::TestFeedbackGenerationService::test_determine_level_new_student PASSED [ 60%]
2026-01-27T13:13:36.2995103Z tests/test_personalized_feedback.py::TestFeedbackGenerationService::test_calculate_improvement_rate_positive PASSED [ 60%]
2026-01-27T13:13:36.3008854Z tests/test_personalized_feedback.py::TestFeedbackGenerationService::test_calculate_improvement_rate_negative PASSED [ 61%]
2026-01-27T13:13:36.3024551Z tests/test_personalized_feedback.py::TestFeedbackGenerationService::test_translate_to_chinese PASSED [ 61%]
2026-01-27T13:13:36.3056476Z tests/test_personalized_feedback.py::TestProgressiveSuggestions::test_generate_progressive_suggestions PASSED [ 61%]
2026-01-27T13:13:36.3086368Z tests/test_personalized_feedback.py::TestProgressiveSuggestions::test_suggestions_have_difficulty_levels PASSED [ 62%]
2026-01-27T13:13:36.3115350Z tests/test_personalized_feedback.py::TestProgressiveSuggestions::test_suggestions_have_chinese_translations PASSED [ 62%]
2026-01-27T13:13:36.3130674Z tests/test_personalized_feedback.py::TestLearningPath::test_create_learning_path PASSED [ 63%]
2026-01-27T13:13:36.3146660Z tests/test_personalized_feedback.py::TestLearningPath::test_learning_path_sorts_by_difficulty PASSED [ 63%]
2026-01-27T13:13:36.3161474Z tests/test_personalized_feedback.py::TestLearningPath::test_learning_path_calculates_total_time PASSED [ 63%]
2026-01-27T13:13:36.3183423Z tests/test_personalized_feedback.py::TestPersonalizedMessage::test_first_submission_message PASSED [ 64%]
2026-01-27T13:13:36.3203821Z tests/test_personalized_feedback.py::TestPersonalizedMessage::test_above_average_message PASSED [ 64%]
2026-01-27T13:13:36.3224080Z tests/test_personalized_feedback.py::TestPersonalizedMessage::test_below_average_message PASSED [ 65%]
2026-01-27T13:13:36.3244240Z tests/test_personalized_feedback.py::TestEncouragement::test_encouragement_for_new_student_high_score PASSED [ 65%]
2026-01-27T13:13:36.3265731Z tests/test_personalized_feedback.py::TestEncouragement::test_encouragement_for_improving_student PASSED [ 65%]
2026-01-27T13:13:36.3286119Z tests/test_personalized_feedback.py::TestEncouragement::test_encouragement_for_declining_student PASSED [ 66%]
2026-01-27T13:13:36.3299460Z tests/test_personalized_feedback.py::TestStudentHistoryAnalysisSchema::test_create_history_analysis PASSED [ 66%]
2026-01-27T13:13:36.3311927Z tests/test_personalized_feedback.py::TestPersonalizedFeedbackRequest::test_create_request_with_defaults PASSED [ 67%]
2026-01-27T13:13:36.3325617Z tests/test_personalized_feedback.py::TestPersonalizedFeedbackRequest::test_create_request_with_custom_values PASSED [ 67%]
2026-01-27T13:13:36.6380087Z tests/test_qa.py::test_ask_question PASSED                               [ 68%]
2026-01-27T13:13:36.9307523Z tests/test_qa.py::test_ask_question_missing_fields PASSED                [ 68%]
2026-01-27T13:13:37.2232830Z tests/test_qa.py::test_escalate_question PASSED                          [ 68%]
2026-01-27T13:13:37.6903733Z tests/test_qa.py::test_qa_analytics PASSED                               [ 69%]
2026-01-27T13:13:37.9603112Z tests/test_report_analysis.py::TestReportAnalysisAPI::test_analyze_endpoint_basic PASSED [ 69%]
2026-01-27T13:13:38.1956251Z tests/test_report_analysis.py::TestReportAnalysisAPI::test_analyze_with_chinese_content PASSED [ 70%]
2026-01-27T13:13:38.4290382Z tests/test_report_analysis.py::TestReportAnalysisAPI::test_analyze_empty_content PASSED [ 70%]
2026-01-27T13:13:38.6650344Z tests/test_report_analysis.py::TestReportAnalysisAPI::test_analyze_file_upload_pdf_not_supported_yet PASSED [ 70%]
2026-01-27T13:13:39.0540929Z tests/test_report_analysis.py::TestReportAnalysisAPI::test_analyze_file_upload_txt PASSED [ 71%]
2026-01-27T13:13:39.0572754Z tests/test_report_analysis.py::TestReportAnalysisService::test_service_basic_analysis PASSED [ 71%]
2026-01-27T13:13:39.0609322Z tests/test_report_analysis.py::TestReportAnalysisService::test_section_detection PASSED [ 72%]
2026-01-27T13:13:39.0645730Z tests/test_report_analysis.py::TestReportAnalysisService::test_chinese_section_detection PASSED [ 72%]
2026-01-27T13:13:39.0660512Z tests/test_report_analysis.py::TestJSONParsers::test_parse_logic_analysis_valid_json PASSED [ 72%]
2026-01-27T13:13:39.0675332Z tests/test_report_analysis.py::TestJSONParsers::test_parse_logic_analysis_markdown_block PASSED [ 73%]
2026-01-27T13:13:39.0689924Z tests/test_report_analysis.py::TestJSONParsers::test_parse_logic_analysis_invalid_enum PASSED [ 73%]
2026-01-27T13:13:39.0705209Z tests/test_report_analysis.py::TestJSONParsers::test_parse_logic_analysis_invalid_json PASSED [ 74%]
2026-01-27T13:13:39.0719064Z tests/test_report_analysis.py::TestJSONParsers::test_parse_innovation_valid PASSED [ 74%]
2026-01-27T13:13:39.0732803Z tests/test_report_analysis.py::TestJSONParsers::test_parse_innovation_missing_required_fields PASSED [ 75%]
2026-01-27T13:13:39.0746639Z tests/test_report_analysis.py::TestJSONParsers::test_parse_suggestions_valid PASSED [ 75%]
2026-01-27T13:13:39.0760115Z tests/test_report_analysis.py::TestJSONParsers::test_parse_suggestions_invalid_category PASSED [ 75%]
2026-01-27T13:13:39.0773717Z tests/test_report_analysis.py::TestJSONParsers::test_parse_language_valid PASSED [ 76%]
2026-01-27T13:13:39.0787419Z tests/test_report_analysis.py::TestJSONParsers::test_parse_language_value_clamping PASSED [ 76%]
2026-01-27T13:13:39.0800089Z tests/test_report_analysis.py::TestDeepSeekIntegration::test_analyze_logic_with_real_ai SKIPPED [ 77%]
2026-01-27T13:13:39.0810745Z tests/test_report_analysis.py::TestDeepSeekIntegration::test_analyze_innovation_with_real_ai SKIPPED [ 77%]
2026-01-27T13:13:39.0821213Z tests/test_report_analysis.py::TestDeepSeekIntegration::test_generate_suggestions_with_real_ai SKIPPED [ 77%]
2026-01-27T13:13:39.0832217Z tests/test_report_analysis.py::TestDeepSeekIntegration::test_evaluate_language_with_real_ai SKIPPED [ 78%]
2026-01-27T13:13:39.4069647Z tests/test_rubrics.py::TestRubricCreate::test_create_success PASSED      [ 78%]
2026-01-27T13:13:39.7195676Z tests/test_rubrics.py::TestRubricCreate::test_create_with_criteria PASSED [ 79%]
2026-01-27T13:13:40.0479117Z tests/test_rubrics.py::TestRubricCreate::test_create_duplicate_rubric_id PASSED [ 79%]
2026-01-27T13:13:40.3554863Z tests/test_rubrics.py::TestRubricCreate::test_create_invalid_max_score PASSED [ 79%]
2026-01-27T13:13:40.8244498Z tests/test_rubrics.py::TestRubricCreate::test_create_missing_required_fields PASSED [ 80%]
2026-01-27T13:13:41.1421900Z tests/test_rubrics.py::TestRubricCreate::test_create_with_all_fields PASSED [ 80%]
2026-01-27T13:13:41.4510198Z tests/test_rubrics.py::TestRubricList::test_list_empty PASSED            [ 81%]
2026-01-27T13:13:41.9383546Z tests/test_rubrics.py::TestRubricList::test_list_with_data PASSED        [ 81%]
2026-01-27T13:13:42.4237832Z tests/test_rubrics.py::TestRubricList::test_list_pagination PASSED       [ 81%]
2026-01-27T13:13:43.0964539Z tests/test_rubrics.py::TestRubricList::test_list_pagination_last_page PASSED [ 82%]
2026-01-27T13:13:43.4014699Z tests/test_rubrics.py::TestRubricList::test_list_invalid_page PASSED     [ 82%]
2026-01-27T13:13:43.7555532Z tests/test_rubrics.py::TestRubricGet::test_get_success PASSED            [ 83%]
2026-01-27T13:13:44.0763075Z tests/test_rubrics.py::TestRubricGet::test_get_not_found PASSED          [ 83%]
2026-01-27T13:13:44.4092581Z tests/test_rubrics.py::TestRubricGet::test_get_with_criteria PASSED      [ 84%]
2026-01-27T13:13:44.8897474Z tests/test_rubrics.py::TestRubricUpdate::test_update_success PASSED      [ 84%]
2026-01-27T13:13:45.2210572Z tests/test_rubrics.py::TestRubricUpdate::test_update_partial_fields PASSED [ 84%]
2026-01-27T13:13:45.5492494Z tests/test_rubrics.py::TestRubricUpdate::test_update_criteria PASSED     [ 85%]
2026-01-27T13:13:45.8544804Z tests/test_rubrics.py::TestRubricUpdate::test_update_not_found PASSED    [ 85%]
2026-01-27T13:13:46.1874837Z tests/test_rubrics.py::TestRubricUpdate::test_update_invalid_max_score PASSED [ 86%]
2026-01-27T13:13:46.6962992Z tests/test_rubrics.py::TestRubricDelete::test_delete_success PASSED      [ 86%]
2026-01-27T13:13:47.0001204Z tests/test_rubrics.py::TestRubricDelete::test_delete_not_found PASSED    [ 86%]
2026-01-27T13:13:47.3384551Z tests/test_rubrics.py::TestRubricDelete::test_delete_with_assignments PASSED [ 87%]
2026-01-27T13:13:47.6671783Z tests/test_rubrics.py::TestRubricAssignments::test_get_assignments_success PASSED [ 87%]
2026-01-27T13:13:47.9939546Z tests/test_rubrics.py::TestRubricAssignments::test_get_assignments_empty PASSED [ 88%]
2026-01-27T13:13:48.4600120Z tests/test_rubrics.py::TestRubricAssignments::test_get_assignments_not_found PASSED [ 88%]
2026-01-27T13:13:48.7975657Z tests/test_students.py::TestStudentRegistration::test_register_success PASSED [ 88%]
2026-01-27T13:13:49.1119154Z tests/test_students.py::TestStudentRegistration::test_register_with_all_fields PASSED [ 89%]
2026-01-27T13:13:49.4397741Z tests/test_students.py::TestStudentRegistration::test_register_duplicate_student_id PASSED [ 89%]
2026-01-27T13:13:49.7713763Z tests/test_students.py::TestStudentRegistration::test_register_duplicate_email PASSED [ 90%]
2026-01-27T13:13:50.2451230Z tests/test_students.py::TestStudentRegistration::test_register_invalid_email_format PASSED [ 90%]
2026-01-27T13:13:50.5485189Z tests/test_students.py::TestStudentRegistration::test_register_missing_required_fields PASSED [ 90%]
2026-01-27T13:13:50.8759215Z tests/test_students.py::TestStudentLogin::test_login_success PASSED      [ 91%]
2026-01-27T13:13:51.2006023Z tests/test_students.py::TestStudentLogin::test_login_with_email_verification PASSED [ 91%]
2026-01-27T13:13:51.5074630Z tests/test_students.py::TestStudentLogin::test_login_student_not_found PASSED [ 92%]
2026-01-27T13:13:52.0040279Z tests/test_students.py::TestStudentLogin::test_login_email_mismatch PASSED [ 92%]
2026-01-27T13:13:52.6142315Z tests/test_students.py::TestStudentList::test_list_default_pagination PASSED [ 93%]
2026-01-27T13:13:53.2021285Z tests/test_students.py::TestStudentList::test_list_custom_pagination PASSED [ 93%]
2026-01-27T13:13:53.8135516Z tests/test_students.py::TestStudentList::test_list_second_page PASSED    [ 93%]
2026-01-27T13:13:54.5897134Z tests/test_students.py::TestStudentList::test_list_filter_by_course PASSED [ 94%]
2026-01-27T13:13:54.9027940Z tests/test_students.py::TestStudentList::test_list_empty_result PASSED   [ 94%]
2026-01-27T13:13:55.4859385Z tests/test_students.py::TestStudentList::test_list_page_size_boundary PASSED [ 95%]
2026-01-27T13:13:56.0677862Z tests/test_students.py::TestStudentList::test_list_filter_by_course_no_results PASSED [ 95%]
2026-01-27T13:13:56.6455955Z tests/test_students.py::TestStudentList::test_list_page_out_of_range PASSED [ 95%]
2026-01-27T13:13:57.1422598Z tests/test_students.py::TestStudentGet::test_get_success PASSED          [ 96%]
2026-01-27T13:13:57.4498796Z tests/test_students.py::TestStudentGet::test_get_not_found PASSED        [ 96%]
2026-01-27T13:13:57.7822809Z tests/test_students.py::TestStudentUpdate::test_update_success PASSED    [ 97%]
2026-01-27T13:13:58.1075675Z tests/test_students.py::TestStudentUpdate::test_update_partial_fields PASSED [ 97%]
2026-01-27T13:13:58.4352634Z tests/test_students.py::TestStudentUpdate::test_update_email PASSED      [ 97%]
2026-01-27T13:13:58.9403229Z tests/test_students.py::TestStudentUpdate::test_update_duplicate_email PASSED [ 98%]
2026-01-27T13:13:59.2747842Z tests/test_students.py::TestStudentUpdate::test_update_invalid_email PASSED [ 98%]
2026-01-27T13:13:59.5829788Z tests/test_students.py::TestStudentUpdate::test_update_not_found PASSED  [ 99%]
2026-01-27T13:13:59.9307660Z tests/test_students.py::TestStudentDelete::test_delete_success PASSED    [ 99%]
2026-01-27T13:14:00.4677623Z tests/test_students.py::TestStudentDelete::test_delete_not_found PASSED  [100%]
2026-01-27T13:14:00.4678389Z 
2026-01-27T13:14:00.4678646Z =================================== FAILURES ===================================
2026-01-27T13:14:00.4679544Z ________________ TestSummaryEndpoint.test_get_analysis_summary _________________
2026-01-27T13:14:00.4681055Z /opt/hostedtoolcache/Python/3.11.14/x64/lib/python3.11/site-packages/sqlalchemy/engine/base.py:1967: in _exec_single_context
2026-01-27T13:14:00.4682203Z     self.dialect.do_execute(
2026-01-27T13:14:00.4682765Z /opt/hostedtoolcache/Python/3.11.14/x64/lib/python3.11/site-packages/sqlalchemy/engine/default.py:952: in do_execute
2026-01-27T13:14:00.4683390Z     cursor.execute(statement, parameters)
2026-01-27T13:14:00.4684305Z /opt/hostedtoolcache/Python/3.11.14/x64/lib/python3.11/site-packages/sqlalchemy/dialects/sqlite/aiosqlite.py:182: in execute
2026-01-27T13:14:00.4684983Z     self._adapt_connection._handle_exception(error)
2026-01-27T13:14:00.4685688Z /opt/hostedtoolcache/Python/3.11.14/x64/lib/python3.11/site-packages/sqlalchemy/dialects/sqlite/aiosqlite.py:342: in _handle_exception
2026-01-27T13:14:00.4686328Z     raise error
2026-01-27T13:14:00.4686839Z /opt/hostedtoolcache/Python/3.11.14/x64/lib/python3.11/site-packages/sqlalchemy/dialects/sqlite/aiosqlite.py:164: in execute
2026-01-27T13:14:00.4687493Z     self.await_(_cursor.execute(operation, parameters))
2026-01-27T13:14:00.4688524Z /opt/hostedtoolcache/Python/3.11.14/x64/lib/python3.11/site-packages/sqlalchemy/util/_concurrency_py3k.py:132: in await_only
2026-01-27T13:14:00.4689489Z     return current.parent.switch(awaitable)  # type: ignore[no-any-return,attr-defined] # noqa: E501
2026-01-27T13:14:00.4689997Z            ^^^^^^^^^^^^^^^^^^^^^^^^^^^^^^^^
2026-01-27T13:14:00.4690599Z /opt/hostedtoolcache/Python/3.11.14/x64/lib/python3.11/site-packages/sqlalchemy/util/_concurrency_py3k.py:196: in greenlet_spawn
2026-01-27T13:14:00.4691213Z     value = await result
2026-01-27T13:14:00.4691430Z             ^^^^^^^^^^^^
2026-01-27T13:14:00.4692062Z /opt/hostedtoolcache/Python/3.11.14/x64/lib/python3.11/site-packages/aiosqlite/cursor.py:40: in execute
2026-01-27T13:14:00.4692581Z     await self._execute(self._cursor.execute, sql, parameters)
2026-01-27T13:14:00.4693083Z /opt/hostedtoolcache/Python/3.11.14/x64/lib/python3.11/site-packages/aiosqlite/cursor.py:32: in _execute
2026-01-27T13:14:00.4693582Z     return await self._conn._execute(fn, *args, **kwargs)
2026-01-27T13:14:00.4693870Z            ^^^^^^^^^^^^^^^^^^^^^^^^^^^^^^^^^^^^^^^^^^^^^^
2026-01-27T13:14:00.4694304Z /opt/hostedtoolcache/Python/3.11.14/x64/lib/python3.11/site-packages/aiosqlite/core.py:160: in _execute
2026-01-27T13:14:00.4694739Z     return await future
2026-01-27T13:14:00.4694923Z            ^^^^^^^^^^^^
2026-01-27T13:14:00.4695362Z /opt/hostedtoolcache/Python/3.11.14/x64/lib/python3.11/site-packages/aiosqlite/core.py:63: in _connection_worker_thread
2026-01-27T13:14:00.4695869Z     result = function()
2026-01-27T13:14:00.4696052Z              ^^^^^^^^^^
2026-01-27T13:14:00.4696279Z E   sqlite3.OperationalError: no such table: code_files
2026-01-27T13:14:00.4696498Z 
2026-01-27T13:14:00.4696668Z The above exception was the direct cause of the following exception:
2026-01-27T13:14:00.4697063Z tests/test_analysis_api.py:141: in test_get_analysis_summary
2026-01-27T13:14:00.4697407Z     response = client.get("/api/v1/analysis/summary")
2026-01-27T13:14:00.4697698Z                ^^^^^^^^^^^^^^^^^^^^^^^^^^^^^^^^^^^^^^
2026-01-27T13:14:00.4698144Z /opt/hostedtoolcache/Python/3.11.14/x64/lib/python3.11/site-packages/starlette/testclient.py:473: in get
2026-01-27T13:14:00.4698770Z     return super().get(
2026-01-27T13:14:00.4699148Z /opt/hostedtoolcache/Python/3.11.14/x64/lib/python3.11/site-packages/httpx/_client.py:1053: in get
2026-01-27T13:14:00.4699580Z     return self.request(
2026-01-27T13:14:00.4699995Z /opt/hostedtoolcache/Python/3.11.14/x64/lib/python3.11/site-packages/starlette/testclient.py:445: in request
2026-01-27T13:14:00.4700451Z     return super().request(
2026-01-27T13:14:00.4700851Z /opt/hostedtoolcache/Python/3.11.14/x64/lib/python3.11/site-packages/httpx/_client.py:825: in request
2026-01-27T13:14:00.4701387Z     return self.send(request, auth=auth, follow_redirects=follow_redirects)
2026-01-27T13:14:00.4701983Z            ^^^^^^^^^^^^^^^^^^^^^^^^^^^^^^^^^^^^^^^^^^^^^^^^^^^^^^^^^^^^^^^^
2026-01-27T13:14:00.4702431Z /opt/hostedtoolcache/Python/3.11.14/x64/lib/python3.11/site-packages/httpx/_client.py:914: in send
2026-01-27T13:14:00.4702870Z     response = self._send_handling_auth(
2026-01-27T13:14:00.4703338Z /opt/hostedtoolcache/Python/3.11.14/x64/lib/python3.11/site-packages/httpx/_client.py:942: in _send_handling_auth
2026-01-27T13:14:00.4703837Z     response = self._send_handling_redirects(
2026-01-27T13:14:00.4704464Z /opt/hostedtoolcache/Python/3.11.14/x64/lib/python3.11/site-packages/httpx/_client.py:979: in _send_handling_redirects
2026-01-27T13:14:00.4704995Z     response = self._send_single_request(request)
2026-01-27T13:14:00.4705257Z                ^^^^^^^^^^^^^^^^^^^^^^^^^^^^^^^^^^
2026-01-27T13:14:00.4705727Z /opt/hostedtoolcache/Python/3.11.14/x64/lib/python3.11/site-packages/httpx/_client.py:1014: in _send_single_request
2026-01-27T13:14:00.4706241Z     response = transport.handle_request(request)
2026-01-27T13:14:00.4706510Z                ^^^^^^^^^^^^^^^^^^^^^^^^^^^^^^^^^
2026-01-27T13:14:00.4706983Z /opt/hostedtoolcache/Python/3.11.14/x64/lib/python3.11/site-packages/starlette/testclient.py:348: in handle_request
2026-01-27T13:14:00.4707461Z     raise exc
2026-01-27T13:14:00.4707865Z /opt/hostedtoolcache/Python/3.11.14/x64/lib/python3.11/site-packages/starlette/testclient.py:345: in handle_request
2026-01-27T13:14:00.4708413Z     portal.call(self.app, scope, receive, send)
2026-01-27T13:14:00.4708865Z /opt/hostedtoolcache/Python/3.11.14/x64/lib/python3.11/site-packages/anyio/from_thread.py:334: in call
2026-01-27T13:14:00.4709384Z     return cast(T_Retval, self.start_task_soon(func, *args).result())
2026-01-27T13:14:00.4709719Z                           ^^^^^^^^^^^^^^^^^^^^^^^^^^^^^^^^^^^^^^^^^^
2026-01-27T13:14:00.4710150Z /opt/hostedtoolcache/Python/3.11.14/x64/lib/python3.11/concurrent/futures/_base.py:456: in result
2026-01-27T13:14:00.4710572Z     return self.__get_result()
2026-01-27T13:14:00.4710776Z            ^^^^^^^^^^^^^^^^^^^
2026-01-27T13:14:00.4711169Z /opt/hostedtoolcache/Python/3.11.14/x64/lib/python3.11/concurrent/futures/_base.py:401: in __get_result
2026-01-27T13:14:00.4711884Z     raise self._exception
2026-01-27T13:14:00.4712357Z /opt/hostedtoolcache/Python/3.11.14/x64/lib/python3.11/site-packages/anyio/from_thread.py:259: in _call_func
2026-01-27T13:14:00.4712845Z     retval = await retval_or_awaitable
2026-01-27T13:14:00.4713076Z              ^^^^^^^^^^^^^^^^^^^^^^^^^
2026-01-27T13:14:00.4713521Z /opt/hostedtoolcache/Python/3.11.14/x64/lib/python3.11/site-packages/fastapi/applications.py:1135: in __call__
2026-01-27T13:14:00.4714008Z     await super().__call__(scope, receive, send)
2026-01-27T13:14:00.4714497Z /opt/hostedtoolcache/Python/3.11.14/x64/lib/python3.11/site-packages/starlette/applications.py:107: in __call__
2026-01-27T13:14:00.4715016Z     await self.middleware_stack(scope, receive, send)
2026-01-27T13:14:00.4715535Z /opt/hostedtoolcache/Python/3.11.14/x64/lib/python3.11/site-packages/starlette/middleware/errors.py:186: in __call__
2026-01-27T13:14:00.4716012Z     raise exc
2026-01-27T13:14:00.4716454Z /opt/hostedtoolcache/Python/3.11.14/x64/lib/python3.11/site-packages/starlette/middleware/errors.py:164: in __call__
2026-01-27T13:14:00.4716955Z     await self.app(scope, receive, _send)
2026-01-27T13:14:00.4717570Z /opt/hostedtoolcache/Python/3.11.14/x64/lib/python3.11/site-packages/starlette/middleware/cors.py:85: in __call__
2026-01-27T13:14:00.4718055Z     await self.app(scope, receive, send)
2026-01-27T13:14:00.4718525Z /opt/hostedtoolcache/Python/3.11.14/x64/lib/python3.11/site-packages/starlette/middleware/base.py:191: in __call__
2026-01-27T13:14:00.4719129Z     with recv_stream, send_stream, collapse_excgroups():
2026-01-27T13:14:00.4719544Z /opt/hostedtoolcache/Python/3.11.14/x64/lib/python3.11/contextlib.py:158: in __exit__
2026-01-27T13:14:00.4719935Z     self.gen.throw(typ, value, traceback)
2026-01-27T13:14:00.4720407Z /opt/hostedtoolcache/Python/3.11.14/x64/lib/python3.11/site-packages/starlette/_utils.py:85: in collapse_excgroups
2026-01-27T13:14:00.4720873Z     raise exc
2026-01-27T13:14:00.4721266Z /opt/hostedtoolcache/Python/3.11.14/x64/lib/python3.11/site-packages/starlette/middleware/base.py:193: in __call__
2026-01-27T13:14:00.4722060Z     response = await self.dispatch_func(request, call_next)
2026-01-27T13:14:00.4722373Z                ^^^^^^^^^^^^^^^^^^^^^^^^^^^^^^^^^^^^^^^^^^^^
2026-01-27T13:14:00.4722643Z app/main.py:101: in log_requests_middleware
2026-01-27T13:14:00.4723051Z     response = await call_next(request)
2026-01-27T13:14:00.4723288Z                ^^^^^^^^^^^^^^^^^^^^^^^^
2026-01-27T13:14:00.4723748Z /opt/hostedtoolcache/Python/3.11.14/x64/lib/python3.11/site-packages/starlette/middleware/base.py:168: in call_next
2026-01-27T13:14:00.4724297Z     raise app_exc from app_exc.__cause__ or app_exc.__context__
2026-01-27T13:14:00.4724820Z /opt/hostedtoolcache/Python/3.11.14/x64/lib/python3.11/site-packages/starlette/middleware/base.py:144: in coro
2026-01-27T13:14:00.4725347Z     await self.app(scope, receive_or_disconnect, send_no_error)
2026-01-27T13:14:00.4725922Z /opt/hostedtoolcache/Python/3.11.14/x64/lib/python3.11/site-packages/starlette/middleware/exceptions.py:63: in __call__
2026-01-27T13:14:00.4726545Z     await wrap_app_handling_exceptions(self.app, conn)(scope, receive, send)
2026-01-27T13:14:00.4727154Z /opt/hostedtoolcache/Python/3.11.14/x64/lib/python3.11/site-packages/starlette/_exception_handler.py:53: in wrapped_app
2026-01-27T13:14:00.4727649Z     raise exc
2026-01-27T13:14:00.4728063Z /opt/hostedtoolcache/Python/3.11.14/x64/lib/python3.11/site-packages/starlette/_exception_handler.py:42: in wrapped_app
2026-01-27T13:14:00.4728572Z     await app(scope, receive, sender)
2026-01-27T13:14:00.4729064Z /opt/hostedtoolcache/Python/3.11.14/x64/lib/python3.11/site-packages/fastapi/middleware/asyncexitstack.py:18: in __call__
2026-01-27T13:14:00.4729589Z     await self.app(scope, receive, send)
2026-01-27T13:14:00.4730035Z /opt/hostedtoolcache/Python/3.11.14/x64/lib/python3.11/site-packages/starlette/routing.py:716: in __call__
2026-01-27T13:14:00.4730521Z     await self.middleware_stack(scope, receive, send)
2026-01-27T13:14:00.4730992Z /opt/hostedtoolcache/Python/3.11.14/x64/lib/python3.11/site-packages/starlette/routing.py:736: in app
2026-01-27T13:14:00.4731448Z     await route.handle(scope, receive, send)
2026-01-27T13:14:00.4732079Z /opt/hostedtoolcache/Python/3.11.14/x64/lib/python3.11/site-packages/starlette/routing.py:290: in handle
2026-01-27T13:14:00.4732541Z     await self.app(scope, receive, send)
2026-01-27T13:14:00.4732960Z /opt/hostedtoolcache/Python/3.11.14/x64/lib/python3.11/site-packages/fastapi/routing.py:115: in app
2026-01-27T13:14:00.4733489Z     await wrap_app_handling_exceptions(app, request)(scope, receive, send)
2026-01-27T13:14:00.4734082Z /opt/hostedtoolcache/Python/3.11.14/x64/lib/python3.11/site-packages/starlette/_exception_handler.py:53: in wrapped_app
2026-01-27T13:14:00.4734569Z     raise exc
2026-01-27T13:14:00.4734978Z /opt/hostedtoolcache/Python/3.11.14/x64/lib/python3.11/site-packages/starlette/_exception_handler.py:42: in wrapped_app
2026-01-27T13:14:00.4735482Z     await app(scope, receive, sender)
2026-01-27T13:14:00.4735900Z /opt/hostedtoolcache/Python/3.11.14/x64/lib/python3.11/site-packages/fastapi/routing.py:101: in app
2026-01-27T13:14:00.4736498Z     response = await f(request)
2026-01-27T13:14:00.4736730Z                ^^^^^^^^^^^^^^^^
2026-01-27T13:14:00.4737115Z /opt/hostedtoolcache/Python/3.11.14/x64/lib/python3.11/site-packages/fastapi/routing.py:355: in app
2026-01-27T13:14:00.4737569Z     raw_response = await run_endpoint_function(
2026-01-27T13:14:00.4738069Z /opt/hostedtoolcache/Python/3.11.14/x64/lib/python3.11/site-packages/fastapi/routing.py:243: in run_endpoint_function
2026-01-27T13:14:00.4738571Z     return await dependant.call(**values)
2026-01-27T13:14:00.4738813Z            ^^^^^^^^^^^^^^^^^^^^^^^^^^^^^^
2026-01-27T13:14:00.4739061Z api/analysis.py:289: in get_analysis_summary
2026-01-27T13:14:00.4739327Z     files = await crud_code_file.get_multi(
2026-01-27T13:14:00.4739573Z utils/crud.py:55: in get_multi
2026-01-27T13:14:00.4739798Z     result = await db.execute(query)
2026-01-27T13:14:00.4740019Z              ^^^^^^^^^^^^^^^^^^^^^^^
2026-01-27T13:14:00.4740484Z /opt/hostedtoolcache/Python/3.11.14/x64/lib/python3.11/site-packages/sqlalchemy/ext/asyncio/session.py:449: in execute
2026-01-27T13:14:00.4740994Z     result = await greenlet_spawn(
2026-01-27T13:14:00.4741721Z /opt/hostedtoolcache/Python/3.11.14/x64/lib/python3.11/site-packages/sqlalchemy/util/_concurrency_py3k.py:201: in greenlet_spawn
2026-01-27T13:14:00.4742274Z     result = context.throw(*sys.exc_info())
2026-01-27T13:14:00.4742509Z              ^^^^^^^^^^^^^^^^^^^^^^^^^^^^^^
2026-01-27T13:14:00.4742955Z /opt/hostedtoolcache/Python/3.11.14/x64/lib/python3.11/site-packages/sqlalchemy/orm/session.py:2351: in execute
2026-01-27T13:14:00.4743421Z     return self._execute_internal(
2026-01-27T13:14:00.4743909Z /opt/hostedtoolcache/Python/3.11.14/x64/lib/python3.11/site-packages/sqlalchemy/orm/session.py:2249: in _execute_internal
2026-01-27T13:14:00.4744489Z     result: Result[Any] = compile_state_cls.orm_execute_statement(
2026-01-27T13:14:00.4745074Z /opt/hostedtoolcache/Python/3.11.14/x64/lib/python3.11/site-packages/sqlalchemy/orm/context.py:306: in orm_execute_statement
2026-01-27T13:14:00.4745600Z     result = conn.execute(
2026-01-27T13:14:00.4746024Z /opt/hostedtoolcache/Python/3.11.14/x64/lib/python3.11/site-packages/sqlalchemy/engine/base.py:1419: in execute
2026-01-27T13:14:00.4746483Z     return meth(
2026-01-27T13:14:00.4746938Z /opt/hostedtoolcache/Python/3.11.14/x64/lib/python3.11/site-packages/sqlalchemy/sql/elements.py:527: in _execute_on_connection
2026-01-27T13:14:00.4747478Z     return connection._execute_clauseelement(
2026-01-27T13:14:00.4748006Z /opt/hostedtoolcache/Python/3.11.14/x64/lib/python3.11/site-packages/sqlalchemy/engine/base.py:1641: in _execute_clauseelement
2026-01-27T13:14:00.4748525Z     ret = self._execute_context(
2026-01-27T13:14:00.4748997Z /opt/hostedtoolcache/Python/3.11.14/x64/lib/python3.11/site-packages/sqlalchemy/engine/base.py:1846: in _execute_context
2026-01-27T13:14:00.4749498Z     return self._exec_single_context(
2026-01-27T13:14:00.4749996Z /opt/hostedtoolcache/Python/3.11.14/x64/lib/python3.11/site-packages/sqlalchemy/engine/base.py:1986: in _exec_single_context
2026-01-27T13:14:00.4750518Z     self._handle_dbapi_exception(
2026-01-27T13:14:00.4751019Z /opt/hostedtoolcache/Python/3.11.14/x64/lib/python3.11/site-packages/sqlalchemy/engine/base.py:2363: in _handle_dbapi_exception
2026-01-27T13:14:00.4751718Z     raise sqlalchemy_exception.with_traceback(exc_info[2]) from e
2026-01-27T13:14:00.4752295Z /opt/hostedtoolcache/Python/3.11.14/x64/lib/python3.11/site-packages/sqlalchemy/engine/base.py:1967: in _exec_single_context
2026-01-27T13:14:00.4752803Z     self.dialect.do_execute(
2026-01-27T13:14:00.4753256Z /opt/hostedtoolcache/Python/3.11.14/x64/lib/python3.11/site-packages/sqlalchemy/engine/default.py:952: in do_execute
2026-01-27T13:14:00.4753753Z     cursor.execute(statement, parameters)
2026-01-27T13:14:00.4754265Z /opt/hostedtoolcache/Python/3.11.14/x64/lib/python3.11/site-packages/sqlalchemy/dialects/sqlite/aiosqlite.py:182: in execute
2026-01-27T13:14:00.4754807Z     self._adapt_connection._handle_exception(error)
2026-01-27T13:14:00.4755515Z /opt/hostedtoolcache/Python/3.11.14/x64/lib/python3.11/site-packages/sqlalchemy/dialects/sqlite/aiosqlite.py:342: in _handle_exception
2026-01-27T13:14:00.4756056Z     raise error
2026-01-27T13:14:00.4756494Z /opt/hostedtoolcache/Python/3.11.14/x64/lib/python3.11/site-packages/sqlalchemy/dialects/sqlite/aiosqlite.py:164: in execute
2026-01-27T13:14:00.4757052Z     self.await_(_cursor.execute(operation, parameters))
2026-01-27T13:14:00.4757597Z /opt/hostedtoolcache/Python/3.11.14/x64/lib/python3.11/site-packages/sqlalchemy/util/_concurrency_py3k.py:132: in await_only
2026-01-27T13:14:00.4758301Z     return current.parent.switch(awaitable)  # type: ignore[no-any-return,attr-defined] # noqa: E501
2026-01-27T13:14:00.4758731Z            ^^^^^^^^^^^^^^^^^^^^^^^^^^^^^^^^
2026-01-27T13:14:00.4759244Z /opt/hostedtoolcache/Python/3.11.14/x64/lib/python3.11/site-packages/sqlalchemy/util/_concurrency_py3k.py:196: in greenlet_spawn
2026-01-27T13:14:00.4759779Z     value = await result
2026-01-27T13:14:00.4759964Z             ^^^^^^^^^^^^
2026-01-27T13:14:00.4760467Z /opt/hostedtoolcache/Python/3.11.14/x64/lib/python3.11/site-packages/aiosqlite/cursor.py:40: in execute
2026-01-27T13:14:00.4760982Z     await self._execute(self._cursor.execute, sql, parameters)
2026-01-27T13:14:00.4761599Z /opt/hostedtoolcache/Python/3.11.14/x64/lib/python3.11/site-packages/aiosqlite/cursor.py:32: in _execute
2026-01-27T13:14:00.4762099Z     return await self._conn._execute(fn, *args, **kwargs)
2026-01-27T13:14:00.4762388Z            ^^^^^^^^^^^^^^^^^^^^^^^^^^^^^^^^^^^^^^^^^^^^^^
2026-01-27T13:14:00.4762826Z /opt/hostedtoolcache/Python/3.11.14/x64/lib/python3.11/site-packages/aiosqlite/core.py:160: in _execute
2026-01-27T13:14:00.4763253Z     return await future
2026-01-27T13:14:00.4763440Z            ^^^^^^^^^^^^
2026-01-27T13:14:00.4763872Z /opt/hostedtoolcache/Python/3.11.14/x64/lib/python3.11/site-packages/aiosqlite/core.py:63: in _connection_worker_thread
2026-01-27T13:14:00.4764374Z     result = function()
2026-01-27T13:14:00.4764545Z              ^^^^^^^^^^
2026-01-27T13:14:00.4764895Z E   sqlalchemy.exc.OperationalError: (sqlite3.OperationalError) no such table: code_files
2026-01-27T13:14:00.4766518Z E   [SQL: SELECT code_files.id, code_files.file_id, code_files.original_filename, code_files.stored_filename, code_files.file_path, code_files.file_size, code_files.file_extension, code_files.mime_type, code_files.language, code_files.status, code_files.uploader_id, code_files.assignment_id, code_files.content_hash, code_files.line_count, code_files.analysis_result, code_files.created_at, code_files.updated_at 
2026-01-27T13:14:00.4768036Z E   FROM code_files
2026-01-27T13:14:00.4768210Z E    LIMIT ? OFFSET ?]
2026-01-27T13:14:00.4768406Z E   [parameters: (10, 0)]
2026-01-27T13:14:00.4768700Z E   (Background on this error at: https://sqlalche.me/e/20/e3q8)
2026-01-27T13:14:00.4769111Z ----------------------------- Captured stdout call -----------------------------
2026-01-27T13:14:00.4770369Z [31mERROR[0m | 13:13:28 | c2489852 | ai_teaching_assistant:125 | 💥 Request failed: GET http://testserver/api/v1/analysis/summary after 0.060s - (sqlite3.OperationalError) no such table: code_files
2026-01-27T13:14:00.4772524Z [SQL: SELECT code_files.id, code_files.file_id, code_files.original_filename, code_files.stored_filename, code_files.file_path, code_files.file_size, code_files.file_extension, code_files.mime_type, code_files.language, code_files.status, code_files.uploader_id, code_files.assignment_id, code_files.content_hash, code_files.line_count, code_files.analysis_result, code_files.created_at, code_files.updated_at 
2026-01-27T13:14:00.4773954Z FROM code_files
2026-01-27T13:14:00.4774120Z  LIMIT ? OFFSET ?]
2026-01-27T13:14:00.4774300Z [parameters: (10, 0)]
2026-01-27T13:14:00.4774569Z (Background on this error at: https://sqlalche.me/e/20/e3q8)
2026-01-27T13:14:00.4774960Z ------------------------------ Captured log call -------------------------------
2026-01-27T13:14:00.4776026Z ERROR    ai_teaching_assistant:main.py:125 💥 Request failed: GET http://testserver/api/v1/analysis/summary after 0.060s - (sqlite3.OperationalError) no such table: code_files
2026-01-27T13:14:00.4777920Z [SQL: SELECT code_files.id, code_files.file_id, code_files.original_filename, code_files.stored_filename, code_files.file_path, code_files.file_size, code_files.file_extension, code_files.mime_type, code_files.language, code_files.status, code_files.uploader_id, code_files.assignment_id, code_files.content_hash, code_files.line_count, code_files.analysis_result, code_files.created_at, code_files.updated_at 
2026-01-27T13:14:00.4779343Z FROM code_files
2026-01-27T13:14:00.4779506Z  LIMIT ? OFFSET ?]
2026-01-27T13:14:00.4779683Z [parameters: (10, 0)]
2026-01-27T13:14:00.4779936Z (Background on this error at: https://sqlalche.me/e/20/e3q8)
2026-01-27T13:14:00.4780287Z =============================== warnings summary ===============================
2026-01-27T13:14:00.4780576Z core/config.py:9
2026-01-27T13:14:00.4782018Z   /home/runner/work/ai-teaching-assistant/ai-teaching-assistant/backend/core/config.py:9: PydanticDeprecatedSince20: Support for class-based `config` is deprecated, use ConfigDict instead. Deprecated in Pydantic V2.0 to be removed in V3.0. See Pydantic V2 Migration Guide at https://errors.pydantic.dev/2.12/migration/
2026-01-27T13:14:00.4783229Z     class Settings(BaseSettings):
2026-01-27T13:14:00.4783386Z 
2026-01-27T13:14:00.4783462Z schemas/grading.py:67
2026-01-27T13:14:00.4784605Z   /home/runner/work/ai-teaching-assistant/ai-teaching-assistant/backend/schemas/grading.py:67: PydanticDeprecatedSince20: Support for class-based `config` is deprecated, use ConfigDict instead. Deprecated in Pydantic V2.0 to be removed in V3.0. See Pydantic V2 Migration Guide at https://errors.pydantic.dev/2.12/migration/
2026-01-27T13:14:00.4785842Z     class GradingResultResponse(GradingResultBase):
2026-01-27T13:14:00.4786052Z 
2026-01-27T13:14:00.4786122Z schemas/auth.py:55
2026-01-27T13:14:00.4787245Z   /home/runner/work/ai-teaching-assistant/ai-teaching-assistant/backend/schemas/auth.py:55: PydanticDeprecatedSince20: Support for class-based `config` is deprecated, use ConfigDict instead. Deprecated in Pydantic V2.0 to be removed in V3.0. See Pydantic V2 Migration Guide at https://errors.pydantic.dev/2.12/migration/
2026-01-27T13:14:00.4788431Z     class UserResponse(UserBase):
2026-01-27T13:14:00.4788580Z 
2026-01-27T13:14:00.4788660Z schemas/assignment_crud.py:45
2026-01-27T13:14:00.4789859Z   /home/runner/work/ai-teaching-assistant/ai-teaching-assistant/backend/schemas/assignment_crud.py:45: PydanticDeprecatedSince20: Support for class-based `config` is deprecated, use ConfigDict instead. Deprecated in Pydantic V2.0 to be removed in V3.0. See Pydantic V2 Migration Guide at https://errors.pydantic.dev/2.12/migration/
2026-01-27T13:14:01.0511018Z     class AssignmentResponse(AssignmentBase):
2026-01-27T13:14:01.0511784Z 
2026-01-27T13:14:01.0511979Z schemas/assignment_transfer.py:34
2026-01-27T13:14:01.0514738Z   /home/runner/work/ai-teaching-assistant/ai-teaching-assistant/backend/schemas/assignment_transfer.py:34: PydanticDeprecatedSince20: Support for class-based `config` is deprecated, use ConfigDict instead. Deprecated in Pydantic V2.0 to be removed in V3.0. See Pydantic V2 Migration Guide at https://errors.pydantic.dev/2.12/migration/
2026-01-27T13:14:01.0517488Z     class BatchUploadRequest(BaseModel):
2026-01-27T13:14:01.0517740Z 
2026-01-27T13:14:01.0518203Z ../../../../../../opt/hostedtoolcache/Python/3.11.14/x64/lib/python3.11/site-packages/pydantic/_internal/_config.py:383
2026-01-27T13:14:01.0519438Z   /opt/hostedtoolcache/Python/3.11.14/x64/lib/python3.11/site-packages/pydantic/_internal/_config.py:383: UserWarning: Valid config keys have changed in V2:
2026-01-27T13:14:01.0520397Z   * 'schema_extra' has been renamed to 'json_schema_extra'
2026-01-27T13:14:01.0520812Z     warnings.warn(message, UserWarning)
2026-01-27T13:14:01.0521052Z 
2026-01-27T13:14:01.0521151Z schemas/qa_log.py:54
2026-01-27T13:14:01.0523240Z   /home/runner/work/ai-teaching-assistant/ai-teaching-assistant/backend/schemas/qa_log.py:54: PydanticDeprecatedSince20: Support for class-based `config` is deprecated, use ConfigDict instead. Deprecated in Pydantic V2.0 to be removed in V3.0. See Pydantic V2 Migration Guide at https://errors.pydantic.dev/2.12/migration/
2026-01-27T13:14:01.0524541Z     class QALogResponse(BaseModel):
2026-01-27T13:14:01.0524707Z 
2026-01-27T13:14:01.0524797Z schemas/knowledge_base.py:72
2026-01-27T13:14:01.0526076Z   /home/runner/work/ai-teaching-assistant/ai-teaching-assistant/backend/schemas/knowledge_base.py:72: PydanticDeprecatedSince20: Support for class-based `config` is deprecated, use ConfigDict instead. Deprecated in Pydantic V2.0 to be removed in V3.0. See Pydantic V2 Migration Guide at https://errors.pydantic.dev/2.12/migration/
2026-01-27T13:14:01.0527408Z     class KnowledgeBaseResponse(BaseModel):
2026-01-27T13:14:01.0527600Z 
2026-01-27T13:14:01.0527683Z schemas/student.py:51
2026-01-27T13:14:01.0529066Z   /home/runner/work/ai-teaching-assistant/ai-teaching-assistant/backend/schemas/student.py:51: PydanticDeprecatedSince20: Support for class-based `config` is deprecated, use ConfigDict instead. Deprecated in Pydantic V2.0 to be removed in V3.0. See Pydantic V2 Migration Guide at https://errors.pydantic.dev/2.12/migration/
2026-01-27T13:14:01.0530386Z     class StudentResponse(StudentBase):
2026-01-27T13:14:01.0530567Z 
2026-01-27T13:14:01.0530654Z schemas/submission.py:42
2026-01-27T13:14:01.0532123Z   /home/runner/work/ai-teaching-assistant/ai-teaching-assistant/backend/schemas/submission.py:42: PydanticDeprecatedSince20: Support for class-based `config` is deprecated, use ConfigDict instead. Deprecated in Pydantic V2.0 to be removed in V3.0. See Pydantic V2 Migration Guide at https://errors.pydantic.dev/2.12/migration/
2026-01-27T13:14:01.0533415Z     class SubmissionResponse(SubmissionBase):
2026-01-27T13:14:01.0533603Z 
2026-01-27T13:14:01.0533691Z schemas/file_upload.py:122
2026-01-27T13:14:01.0534866Z   /home/runner/work/ai-teaching-assistant/ai-teaching-assistant/backend/schemas/file_upload.py:122: PydanticDeprecatedSince20: Support for class-based `config` is deprecated, use ConfigDict instead. Deprecated in Pydantic V2.0 to be removed in V3.0. See Pydantic V2 Migration Guide at https://errors.pydantic.dev/2.12/migration/
2026-01-27T13:14:01.0536085Z     class FileMetadataResponse(BaseModel):
2026-01-27T13:14:01.0536259Z 
2026-01-27T13:14:01.0536527Z ../../../../../../opt/hostedtoolcache/Python/3.11.14/x64/lib/python3.11/site-packages/PyPDF2/__init__.py:21
2026-01-27T13:14:01.0537444Z   /opt/hostedtoolcache/Python/3.11.14/x64/lib/python3.11/site-packages/PyPDF2/__init__.py:21: DeprecationWarning: PyPDF2 is deprecated. Please move to the pypdf library instead.
2026-01-27T13:14:01.0538130Z     warnings.warn(
2026-01-27T13:14:01.0538243Z 
2026-01-27T13:14:01.0538323Z schemas/feedback.py:375
2026-01-27T13:14:01.0539501Z   /home/runner/work/ai-teaching-assistant/ai-teaching-assistant/backend/schemas/feedback.py:375: PydanticDeprecatedSince20: Support for class-based `config` is deprecated, use ConfigDict instead. Deprecated in Pydantic V2.0 to be removed in V3.0. See Pydantic V2 Migration Guide at https://errors.pydantic.dev/2.12/migration/
2026-01-27T13:14:01.0540769Z     class FeedbackTemplateResponse(FeedbackTemplateBase):
2026-01-27T13:14:01.0540998Z 
2026-01-27T13:14:01.0541073Z schemas/feedback.py:430
2026-01-27T13:14:01.0542421Z   /home/runner/work/ai-teaching-assistant/ai-teaching-assistant/backend/schemas/feedback.py:430: PydanticDeprecatedSince20: Support for class-based `config` is deprecated, use ConfigDict instead. Deprecated in Pydantic V2.0 to be removed in V3.0. See Pydantic V2 Migration Guide at https://errors.pydantic.dev/2.12/migration/
2026-01-27T13:14:01.0543636Z     class AIInteractionResponse(BaseModel):
2026-01-27T13:14:01.0543816Z 
2026-01-27T13:14:01.0543888Z schemas/rubric.py:46
2026-01-27T13:14:01.0545020Z   /home/runner/work/ai-teaching-assistant/ai-teaching-assistant/backend/schemas/rubric.py:46: PydanticDeprecatedSince20: Support for class-based `config` is deprecated, use ConfigDict instead. Deprecated in Pydantic V2.0 to be removed in V3.0. See Pydantic V2 Migration Guide at https://errors.pydantic.dev/2.12/migration/
2026-01-27T13:14:01.0546339Z     class RubricResponse(RubricBase):
2026-01-27T13:14:01.0546508Z 
2026-01-27T13:14:01.0546685Z -- Docs: https://docs.pytest.org/en/stable/how-to/capture-warnings.html
2026-01-27T13:14:01.0547083Z ================================ tests coverage ================================
2026-01-27T13:14:01.0547500Z _______________ coverage: platform linux, python 3.11.14-final-0 _______________
2026-01-27T13:14:01.0547765Z 
2026-01-27T13:14:01.0547857Z Coverage HTML written to dir htmlcov
2026-01-27T13:14:01.0548105Z Coverage XML written to file coverage.xml
2026-01-27T13:14:01.0548402Z =========================== short test summary info ============================
2026-01-27T13:14:01.0549174Z FAILED tests/test_analysis_api.py::TestSummaryEndpoint::test_get_analysis_summary - sqlalchemy.exc.OperationalError: (sqlite3.OperationalError) no such table: code_files
2026-01-27T13:14:01.0551177Z [SQL: SELECT code_files.id, code_files.file_id, code_files.original_filename, code_files.stored_filename, code_files.file_path, code_files.file_size, code_files.file_extension, code_files.mime_type, code_files.language, code_files.status, code_files.uploader_id, code_files.assignment_id, code_files.content_hash, code_files.line_count, code_files.analysis_result, code_files.created_at, code_files.updated_at 
2026-01-27T13:14:01.0552826Z FROM code_files
2026-01-27T13:14:01.0552993Z  LIMIT ? OFFSET ?]
2026-01-27T13:14:01.0553171Z [parameters: (10, 0)]
2026-01-27T13:14:01.0553440Z (Background on this error at: https://sqlalche.me/e/20/e3q8)
2026-01-27T13:14:01.0553836Z ============ 1 failed, 239 passed, 4 skipped, 15 warnings in 37.25s ============
2026-01-27T13:14:01.5328332Z ##[error]Process completed with exit code 1.
2026-01-27T13:14:01.5443389Z Post job cleanup.
2026-01-27T13:14:01.6400839Z [command]/usr/bin/git version
2026-01-27T13:14:01.6439063Z git version 2.52.0
2026-01-27T13:14:01.6482446Z Temporarily overriding HOME='/home/runner/work/_temp/5c01192e-24e3-4c1a-9bc2-f1d7070957bc' before making global git config changes
2026-01-27T13:14:01.6483731Z Adding repository directory to the temporary git global config as a safe directory
2026-01-27T13:14:01.6488899Z [command]/usr/bin/git config --global --add safe.directory /home/runner/work/ai-teaching-assistant/ai-teaching-assistant
2026-01-27T13:14:01.6527327Z [command]/usr/bin/git config --local --name-only --get-regexp core\.sshCommand
2026-01-27T13:14:01.6560684Z [command]/usr/bin/git submodule foreach --recursive sh -c "git config --local --name-only --get-regexp 'core\.sshCommand' && git config --local --unset-all 'core.sshCommand' || :"
2026-01-27T13:14:01.6800391Z [command]/usr/bin/git config --local --name-only --get-regexp http\.https\:\/\/github\.com\/\.extraheader
2026-01-27T13:14:01.6822864Z http.https://github.com/.extraheader
2026-01-27T13:14:01.6835636Z [command]/usr/bin/git config --local --unset-all http.https://github.com/.extraheader
2026-01-27T13:14:01.6869729Z [command]/usr/bin/git submodule foreach --recursive sh -c "git config --local --name-only --get-regexp 'http\.https\:\/\/github\.com\/\.extraheader' && git config --local --unset-all 'http.https://github.com/.extraheader' || :"
2026-01-27T13:14:01.7105126Z [command]/usr/bin/git config --local --name-only --get-regexp ^includeIf\.gitdir:
2026-01-27T13:14:01.7137508Z [command]/usr/bin/git submodule foreach --recursive git config --local --show-origin --name-only --get-regexp remote.origin.url
2026-01-27T13:14:01.7493457Z Cleaning up orphan processes
