2026-01-27T12:27:53.5928334Z Current runner version: '2.331.0'
2026-01-27T12:27:53.5954768Z ##[group]Runner Image Provisioner
2026-01-27T12:27:53.5955591Z Hosted Compute Agent
2026-01-27T12:27:53.5956499Z Version: 20260115.477
2026-01-27T12:27:53.5957152Z Commit: 4b342d620503cbe250a3154040964899ea7c9b00
2026-01-27T12:27:53.5957843Z Build Date: 2026-01-15T22:32:41Z
2026-01-27T12:27:53.5958528Z Worker ID: {53eab804-e1b5-4080-874d-1abd3a4bb8e2}
2026-01-27T12:27:53.5959274Z Azure Region: eastus2
2026-01-27T12:27:53.5959811Z ##[endgroup]
2026-01-27T12:27:53.5961351Z ##[group]Operating System
2026-01-27T12:27:53.5961973Z Ubuntu
2026-01-27T12:27:53.5962446Z 24.04.3
2026-01-27T12:27:53.5962929Z LTS
2026-01-27T12:27:53.5963463Z ##[endgroup]
2026-01-27T12:27:53.5964022Z ##[group]Runner Image
2026-01-27T12:27:53.5964577Z Image: ubuntu-24.04
2026-01-27T12:27:53.5965118Z Version: 20260119.4.1
2026-01-27T12:27:53.5966988Z Included Software: https://github.com/actions/runner-images/blob/ubuntu24/20260119.4/images/ubuntu/Ubuntu2404-Readme.md
2026-01-27T12:27:53.5968513Z Image Release: https://github.com/actions/runner-images/releases/tag/ubuntu24%2F20260119.4
2026-01-27T12:27:53.5969439Z ##[endgroup]
2026-01-27T12:27:53.5970643Z ##[group]GITHUB_TOKEN Permissions
2026-01-27T12:27:53.5972920Z Contents: read
2026-01-27T12:27:53.5973575Z Metadata: read
2026-01-27T12:27:53.5974065Z Packages: read
2026-01-27T12:27:53.5974576Z ##[endgroup]
2026-01-27T12:27:53.5976982Z Secret source: Actions
2026-01-27T12:27:53.5978038Z Prepare workflow directory
2026-01-27T12:27:53.6319700Z Prepare all required actions
2026-01-27T12:27:53.6358800Z Getting action download info
2026-01-27T12:27:54.0577231Z Download action repository 'actions/checkout@v4' (SHA:34e114876b0b11c390a56381ad16ebd13914f8d5)
2026-01-27T12:27:54.1878704Z Download action repository 'docker/setup-qemu-action@v3' (SHA:c7c53464625b32c7a7e944ae62b3e17d2b600130)
2026-01-27T12:27:54.4921122Z Download action repository 'docker/setup-buildx-action@v3' (SHA:8d2750c68a42422c14e847fe6c8ac0403b4cbd6f)
2026-01-27T12:27:54.8096165Z Download action repository 'docker/login-action@v3' (SHA:5e57cd118135c172c3672efd75eb46360885c0ef)
2026-01-27T12:27:55.1613563Z Download action repository 'docker/metadata-action@v5' (SHA:c299e40c65443455700f0fdfc63efafe5b349051)
2026-01-27T12:27:55.5351017Z Download action repository 'docker/build-push-action@v5' (SHA:ca052bb54ab0790a636c9b5f226502c73d547a25)
2026-01-27T12:27:56.0556482Z Complete job name: docker-build (frontend)
2026-01-27T12:27:56.1503440Z ##[group]Run actions/checkout@v4
2026-01-27T12:27:56.1504797Z with:
2026-01-27T12:27:56.1505636Z   repository: sst2020/ai-teaching-assistant
2026-01-27T12:27:56.1507248Z   token: ***
2026-01-27T12:27:56.1507987Z   ssh-strict: true
2026-01-27T12:27:56.1508768Z   ssh-user: git
2026-01-27T12:27:56.1509567Z   persist-credentials: true
2026-01-27T12:27:56.1510453Z   clean: true
2026-01-27T12:27:56.1511286Z   sparse-checkout-cone-mode: true
2026-01-27T12:27:56.1512256Z   fetch-depth: 1
2026-01-27T12:27:56.1513017Z   fetch-tags: false
2026-01-27T12:27:56.1513843Z   show-progress: true
2026-01-27T12:27:56.1514648Z   lfs: false
2026-01-27T12:27:56.1515364Z   submodules: false
2026-01-27T12:27:56.1516442Z   set-safe-directory: true
2026-01-27T12:27:56.1517633Z ##[endgroup]
2026-01-27T12:27:56.2661954Z Syncing repository: sst2020/ai-teaching-assistant
2026-01-27T12:27:56.2664791Z ##[group]Getting Git version info
2026-01-27T12:27:56.2667176Z Working directory is '/home/runner/work/ai-teaching-assistant/ai-teaching-assistant'
2026-01-27T12:27:56.2669543Z [command]/usr/bin/git version
2026-01-27T12:27:56.2721765Z git version 2.52.0
2026-01-27T12:27:56.2749182Z ##[endgroup]
2026-01-27T12:27:56.2764860Z Temporarily overriding HOME='/home/runner/work/_temp/903da291-79bf-4338-bc1f-1722df9b915e' before making global git config changes
2026-01-27T12:27:56.2768194Z Adding repository directory to the temporary git global config as a safe directory
2026-01-27T12:27:56.2779355Z [command]/usr/bin/git config --global --add safe.directory /home/runner/work/ai-teaching-assistant/ai-teaching-assistant
2026-01-27T12:27:56.2820721Z Deleting the contents of '/home/runner/work/ai-teaching-assistant/ai-teaching-assistant'
2026-01-27T12:27:56.2824705Z ##[group]Initializing the repository
2026-01-27T12:27:56.2830045Z [command]/usr/bin/git init /home/runner/work/ai-teaching-assistant/ai-teaching-assistant
2026-01-27T12:27:56.2928530Z hint: Using 'master' as the name for the initial branch. This default branch name
2026-01-27T12:27:56.2931718Z hint: will change to "main" in Git 3.0. To configure the initial branch name
2026-01-27T12:27:56.2934080Z hint: to use in all of your new repositories, which will suppress this warning,
2026-01-27T12:27:56.2935436Z hint: call:
2026-01-27T12:27:56.2936413Z hint:
2026-01-27T12:27:56.2937815Z hint: 	git config --global init.defaultBranch <name>
2026-01-27T12:27:56.2939401Z hint:
2026-01-27T12:27:56.2940437Z hint: Names commonly chosen instead of 'master' are 'main', 'trunk' and
2026-01-27T12:27:56.2942379Z hint: 'development'. The just-created branch can be renamed via this command:
2026-01-27T12:27:56.2944181Z hint:
2026-01-27T12:27:56.2944956Z hint: 	git branch -m <name>
2026-01-27T12:27:56.2945786Z hint:
2026-01-27T12:27:56.2947131Z hint: Disable this message with "git config set advice.defaultBranchName false"
2026-01-27T12:27:56.2949303Z Initialized empty Git repository in /home/runner/work/ai-teaching-assistant/ai-teaching-assistant/.git/
2026-01-27T12:27:56.2952686Z [command]/usr/bin/git remote add origin https://github.com/sst2020/ai-teaching-assistant
2026-01-27T12:27:56.2983304Z ##[endgroup]
2026-01-27T12:27:56.2984786Z ##[group]Disabling automatic garbage collection
2026-01-27T12:27:56.2987329Z [command]/usr/bin/git config --local gc.auto 0
2026-01-27T12:27:56.3016681Z ##[endgroup]
2026-01-27T12:27:56.3017979Z ##[group]Setting up auth
2026-01-27T12:27:56.3024978Z [command]/usr/bin/git config --local --name-only --get-regexp core\.sshCommand
2026-01-27T12:27:56.3058117Z [command]/usr/bin/git submodule foreach --recursive sh -c "git config --local --name-only --get-regexp 'core\.sshCommand' && git config --local --unset-all 'core.sshCommand' || :"
2026-01-27T12:27:56.3390281Z [command]/usr/bin/git config --local --name-only --get-regexp http\.https\:\/\/github\.com\/\.extraheader
2026-01-27T12:27:56.3420865Z [command]/usr/bin/git submodule foreach --recursive sh -c "git config --local --name-only --get-regexp 'http\.https\:\/\/github\.com\/\.extraheader' && git config --local --unset-all 'http.https://github.com/.extraheader' || :"
2026-01-27T12:27:56.3646846Z [command]/usr/bin/git config --local --name-only --get-regexp ^includeIf\.gitdir:
2026-01-27T12:27:56.3682015Z [command]/usr/bin/git submodule foreach --recursive git config --local --show-origin --name-only --get-regexp remote.origin.url
2026-01-27T12:27:56.3926583Z [command]/usr/bin/git config --local http.https://github.com/.extraheader AUTHORIZATION: basic ***
2026-01-27T12:27:56.3964641Z ##[endgroup]
2026-01-27T12:27:56.3966355Z ##[group]Fetching the repository
2026-01-27T12:27:56.3974230Z [command]/usr/bin/git -c protocol.version=2 fetch --no-tags --prune --no-recurse-submodules --depth=1 origin +27ec4e2e160bfcf97da2be74f1b1d16421e93d0d:refs/remotes/origin/main
2026-01-27T12:27:56.7387932Z From https://github.com/sst2020/ai-teaching-assistant
2026-01-27T12:27:56.7389649Z  * [new ref]         27ec4e2e160bfcf97da2be74f1b1d16421e93d0d -> origin/main
2026-01-27T12:27:56.7420643Z ##[endgroup]
2026-01-27T12:27:56.7422151Z ##[group]Determining the checkout info
2026-01-27T12:27:56.7423672Z ##[endgroup]
2026-01-27T12:27:56.7428901Z [command]/usr/bin/git sparse-checkout disable
2026-01-27T12:27:56.7478496Z [command]/usr/bin/git config --local --unset-all extensions.worktreeConfig
2026-01-27T12:27:56.7505727Z ##[group]Checking out the ref
2026-01-27T12:27:56.7509273Z [command]/usr/bin/git checkout --progress --force -B main refs/remotes/origin/main
2026-01-27T12:27:56.7805483Z Switched to a new branch 'main'
2026-01-27T12:27:56.7807564Z branch 'main' set up to track 'origin/main'.
2026-01-27T12:27:56.7816262Z ##[endgroup]
2026-01-27T12:27:56.7854098Z [command]/usr/bin/git log -1 --format=%H
2026-01-27T12:27:56.7877453Z 27ec4e2e160bfcf97da2be74f1b1d16421e93d0d
2026-01-27T12:27:56.8147884Z ##[group]Run docker/setup-qemu-action@v3
2026-01-27T12:27:56.8148916Z with:
2026-01-27T12:27:56.8149680Z   image: docker.io/tonistiigi/binfmt:latest
2026-01-27T12:27:56.8150670Z   platforms: all
2026-01-27T12:27:56.8151426Z   cache-image: true
2026-01-27T12:27:56.8152178Z ##[endgroup]
2026-01-27T12:27:57.0608903Z ##[group]Docker info
2026-01-27T12:27:57.0696530Z [command]/usr/bin/docker version
2026-01-27T12:27:57.1844335Z Client: Docker Engine - Community
2026-01-27T12:27:57.1846300Z  Version:           28.0.4
2026-01-27T12:27:57.1847711Z  API version:       1.48
2026-01-27T12:27:57.1849052Z  Go version:        go1.23.7
2026-01-27T12:27:57.1850510Z  Git commit:        b8034c0
2026-01-27T12:27:57.1851990Z  Built:             Tue Mar 25 15:07:16 2025
2026-01-27T12:27:57.1853508Z  OS/Arch:           linux/amd64
2026-01-27T12:27:57.1854943Z  Context:           default
2026-01-27T12:27:57.1855811Z 
2026-01-27T12:27:57.1857165Z Server: Docker Engine - Community
2026-01-27T12:27:57.1858704Z  Engine:
2026-01-27T12:27:57.1859775Z   Version:          28.0.4
2026-01-27T12:27:57.1861250Z   API version:      1.48 (minimum version 1.24)
2026-01-27T12:27:57.1862916Z   Go version:       go1.23.7
2026-01-27T12:27:57.1864278Z   Git commit:       6430e49
2026-01-27T12:27:57.1865679Z   Built:            Tue Mar 25 15:07:16 2025
2026-01-27T12:27:57.1867796Z   OS/Arch:          linux/amd64
2026-01-27T12:27:57.1869247Z   Experimental:     false
2026-01-27T12:27:57.1870578Z  containerd:
2026-01-27T12:27:57.1871726Z   Version:          v2.2.1
2026-01-27T12:27:57.1873362Z   GitCommit:        dea7da592f5d1d2b7755e3a161be07f43fad8f75
2026-01-27T12:27:57.1875214Z  runc:
2026-01-27T12:27:57.1876493Z   Version:          1.3.4
2026-01-27T12:27:57.1877921Z   GitCommit:        v1.3.4-0-gd6d73eb8
2026-01-27T12:27:57.1879521Z  docker-init:
2026-01-27T12:27:57.1880767Z   Version:          0.19.0
2026-01-27T12:27:57.1882129Z   GitCommit:        de40ad0
2026-01-27T12:27:57.1901955Z [command]/usr/bin/docker info
2026-01-27T12:27:59.0994446Z Client: Docker Engine - Community
2026-01-27T12:27:59.0995311Z  Version:    28.0.4
2026-01-27T12:27:59.0995687Z  Context:    default
2026-01-27T12:27:59.0996286Z  Debug Mode: false
2026-01-27T12:27:59.0996686Z  Plugins:
2026-01-27T12:27:59.0997093Z   buildx: Docker Buildx (Docker Inc.)
2026-01-27T12:27:59.0997585Z     Version:  v0.30.1
2026-01-27T12:27:59.0998143Z     Path:     /usr/libexec/docker/cli-plugins/docker-buildx
2026-01-27T12:27:59.0998810Z   compose: Docker Compose (Docker Inc.)
2026-01-27T12:27:59.0999333Z     Version:  v2.38.2
2026-01-27T12:27:59.0999886Z     Path:     /usr/libexec/docker/cli-plugins/docker-compose
2026-01-27T12:27:59.1000403Z 
2026-01-27T12:27:59.1000563Z Server:
2026-01-27T12:27:59.1000909Z  Containers: 0
2026-01-27T12:27:59.1001210Z   Running: 0
2026-01-27T12:27:59.1001506Z   Paused: 0
2026-01-27T12:27:59.1001745Z   Stopped: 0
2026-01-27T12:27:59.1001976Z  Images: 1
2026-01-27T12:27:59.1002208Z  Server Version: 28.0.4
2026-01-27T12:27:59.1002493Z  Storage Driver: overlay2
2026-01-27T12:27:59.1002797Z   Backing Filesystem: extfs
2026-01-27T12:27:59.1003097Z   Supports d_type: true
2026-01-27T12:27:59.1003372Z   Using metacopy: false
2026-01-27T12:27:59.1003651Z   Native Overlay Diff: false
2026-01-27T12:27:59.1003943Z   userxattr: false
2026-01-27T12:27:59.1004199Z  Logging Driver: json-file
2026-01-27T12:27:59.1004492Z  Cgroup Driver: systemd
2026-01-27T12:27:59.1004798Z  Cgroup Version: 2
2026-01-27T12:27:59.1005043Z  Plugins:
2026-01-27T12:27:59.1005333Z   Volume: local
2026-01-27T12:27:59.1005646Z   Network: bridge host ipvlan macvlan null overlay
2026-01-27T12:27:59.1006515Z   Log: awslogs fluentd gcplogs gelf journald json-file local splunk syslog
2026-01-27T12:27:59.1006886Z  Swarm: inactive
2026-01-27T12:27:59.1007107Z  Runtimes: io.containerd.runc.v2 runc
2026-01-27T12:27:59.1007367Z  Default Runtime: runc
2026-01-27T12:27:59.1007939Z  Init Binary: docker-init
2026-01-27T12:27:59.1008239Z  containerd version: dea7da592f5d1d2b7755e3a161be07f43fad8f75
2026-01-27T12:27:59.1008888Z  runc version: v1.3.4-0-gd6d73eb8
2026-01-27T12:27:59.1009372Z  init version: de40ad0
2026-01-27T12:27:59.1009599Z  Security Options:
2026-01-27T12:27:59.1009802Z   apparmor
2026-01-27T12:27:59.1010083Z   seccomp
2026-01-27T12:27:59.1010294Z    Profile: builtin
2026-01-27T12:27:59.1010495Z   cgroupns
2026-01-27T12:27:59.1010680Z  Kernel Version: 6.11.0-1018-azure
2026-01-27T12:27:59.1010939Z  Operating System: Ubuntu 24.04.3 LTS
2026-01-27T12:27:59.1011190Z  OSType: linux
2026-01-27T12:27:59.1011378Z  Architecture: x86_64
2026-01-27T12:27:59.1011574Z  CPUs: 4
2026-01-27T12:27:59.1011754Z  Total Memory: 15.62GiB
2026-01-27T12:27:59.1011977Z  Name: runnervmymu0l
2026-01-27T12:27:59.1012199Z  ID: 6d647f4b-a064-4489-8a08-7cb8635b8d79
2026-01-27T12:27:59.1012477Z  Docker Root Dir: /var/lib/docker
2026-01-27T12:27:59.1012713Z  Debug Mode: false
2026-01-27T12:27:59.1012919Z  Username: githubactions
2026-01-27T12:27:59.1013139Z  Experimental: false
2026-01-27T12:27:59.1013353Z  Insecure Registries:
2026-01-27T12:27:59.1017582Z   ::1/128
2026-01-27T12:27:59.1017910Z   127.0.0.0/8
2026-01-27T12:27:59.1018244Z  Live Restore Enabled: false
2026-01-27T12:27:59.1018513Z 
2026-01-27T12:27:59.1019105Z ##[endgroup]
2026-01-27T12:27:59.1019702Z ##[group]Pulling binfmt Docker image
2026-01-27T12:27:59.2280146Z Cache hit for: docker.io--tonistiigi--binfmt-latest-linux-x64
2026-01-27T12:27:59.5209675Z Received 31670949 of 31670949 (100.0%), 131.9 MBs/sec
2026-01-27T12:27:59.5212546Z Cache Size: ~30 MB (31670949 B)
2026-01-27T12:27:59.5243631Z [command]/usr/bin/tar -xf /home/runner/work/_temp/5914cdd9-8913-4206-ab43-be37efa3ba68/cache.tzst -P -C /home/runner/work/ai-teaching-assistant/ai-teaching-assistant --use-compress-program unzstd
2026-01-27T12:27:59.6701504Z Cache restored successfully
2026-01-27T12:27:59.6764449Z Restored docker.io--tonistiigi--binfmt-latest-linux-x64 from GitHub Actions cache
2026-01-27T12:27:59.7522125Z Cached to hosted tool cache /opt/hostedtoolcache/docker.io--tonistiigi--binfmt/latest/linux-x64
2026-01-27T12:27:59.7523930Z Copying /opt/hostedtoolcache/docker.io--tonistiigi--binfmt/latest/linux-x64/image.tar to /home/runner/.docker/.cache/images/docker.io--tonistiigi--binfmt/latest/linux-x64/image.tar
2026-01-27T12:27:59.8412459Z Image found from cache in /home/runner/.docker/.cache/images/docker.io--tonistiigi--binfmt/latest/linux-x64/image.tar
2026-01-27T12:27:59.8434834Z [command]/usr/bin/docker load -i /home/runner/.docker/.cache/images/docker.io--tonistiigi--binfmt/latest/linux-x64/image.tar
2026-01-27T12:28:00.3570592Z Loaded image: tonistiigi/binfmt:latest
2026-01-27T12:28:00.3750665Z [command]/usr/bin/docker pull docker.io/tonistiigi/binfmt:latest
2026-01-27T12:28:00.6804721Z latest: Pulling from tonistiigi/binfmt
2026-01-27T12:28:00.7623836Z Digest: sha256:30cc9a4d03765acac9be2ed0afc23af1ad018aed2c28ea4be8c2eb9afe03fbd1
2026-01-27T12:28:00.7629379Z Status: Image is up to date for tonistiigi/binfmt:latest
2026-01-27T12:28:00.7637509Z docker.io/tonistiigi/binfmt:latest
2026-01-27T12:28:00.7673631Z [command]/usr/bin/docker save -o /home/runner/work/_temp/docker-actions-toolkit-VXn00F/749e64100d3fa0c09bdbc8a02e4fb9cb3ee64266f7f661c98371040689abacb3.tar docker.io/tonistiigi/binfmt:latest
2026-01-27T12:28:01.1730353Z Copying /home/runner/work/_temp/docker-actions-toolkit-VXn00F/749e64100d3fa0c09bdbc8a02e4fb9cb3ee64266f7f661c98371040689abacb3.tar to /home/runner/.docker/.cache/images/docker.io--tonistiigi--binfmt/latest/linux-x64/image.tar
2026-01-27T12:28:01.3360670Z Image cached to /home/runner/.docker/.cache/images/docker.io--tonistiigi--binfmt/latest/linux-x64/image.tar
2026-01-27T12:28:01.3361856Z ##[endgroup]
2026-01-27T12:28:01.3362508Z ##[group]Image info
2026-01-27T12:28:01.3380707Z [command]/usr/bin/docker image inspect docker.io/tonistiigi/binfmt:latest
2026-01-27T12:28:01.3521949Z [
2026-01-27T12:28:01.3522312Z     {
2026-01-27T12:28:01.3523456Z         "Id": "sha256:c97f15e717f7eb99d237e46f0a3553da8cfdf470a15bba459c056d90d0e398f5",
2026-01-27T12:28:01.3524254Z         "RepoTags": [
2026-01-27T12:28:01.3524523Z             "tonistiigi/binfmt:latest"
2026-01-27T12:28:01.3524809Z         ],
2026-01-27T12:28:01.3525014Z         "RepoDigests": [
2026-01-27T12:28:01.3525507Z             "tonistiigi/binfmt@sha256:30cc9a4d03765acac9be2ed0afc23af1ad018aed2c28ea4be8c2eb9afe03fbd1"
2026-01-27T12:28:01.3526242Z         ],
2026-01-27T12:28:01.3526442Z         "Parent": "",
2026-01-27T12:28:01.3526699Z         "Comment": "buildkit.dockerfile.v0",
2026-01-27T12:28:01.3527030Z         "Created": "2025-09-11T09:43:57.050886711Z",
2026-01-27T12:28:01.3527348Z         "DockerVersion": "",
2026-01-27T12:28:01.3527598Z         "Author": "",
2026-01-27T12:28:01.3527808Z         "Config": {
2026-01-27T12:28:01.3528024Z             "Hostname": "",
2026-01-27T12:28:01.3528264Z             "Domainname": "",
2026-01-27T12:28:01.3528495Z             "User": "",
2026-01-27T12:28:01.3528717Z             "AttachStdin": false,
2026-01-27T12:28:01.3528956Z             "AttachStdout": false,
2026-01-27T12:28:01.3529201Z             "AttachStderr": false,
2026-01-27T12:28:01.3529429Z             "Tty": false,
2026-01-27T12:28:01.3529647Z             "OpenStdin": false,
2026-01-27T12:28:01.3529870Z             "StdinOnce": false,
2026-01-27T12:28:01.3530076Z             "Env": [
2026-01-27T12:28:01.3530399Z                 "PATH=/usr/local/sbin:/usr/local/bin:/usr/sbin:/usr/bin:/sbin:/bin",
2026-01-27T12:28:01.3530772Z                 "QEMU_PRESERVE_ARGV0=1"
2026-01-27T12:28:01.3531012Z             ],
2026-01-27T12:28:01.3531197Z             "Cmd": null,
2026-01-27T12:28:01.3531398Z             "Image": "",
2026-01-27T12:28:01.3531597Z             "Volumes": {
2026-01-27T12:28:01.3531968Z                 "/tmp": {}
2026-01-27T12:28:01.3532289Z             },
2026-01-27T12:28:01.3532481Z             "WorkingDir": "/",
2026-01-27T12:28:01.3532707Z             "Entrypoint": [
2026-01-27T12:28:01.3532929Z                 "/usr/bin/binfmt"
2026-01-27T12:28:01.3533151Z             ],
2026-01-27T12:28:01.3533341Z             "OnBuild": null,
2026-01-27T12:28:01.3533556Z             "Labels": {
2026-01-27T12:28:01.3533864Z                 "org.opencontainers.image.created": "2025-09-11T09:13:47.128Z",
2026-01-27T12:28:01.3534475Z                 "org.opencontainers.image.description": "Cross-platform emulator collection distributed with Docker images",
2026-01-27T12:28:01.3535068Z                 "org.opencontainers.image.licenses": "MIT",
2026-01-27T12:28:01.3535532Z                 "org.opencontainers.image.revision": "8bf932dba1f67bb274320e7cebece2807e4b99e1",
2026-01-27T12:28:01.3536363Z                 "org.opencontainers.image.source": "https://github.com/tonistiigi/binfmt",
2026-01-27T12:28:01.3537151Z                 "org.opencontainers.image.title": "Binfmt",
2026-01-27T12:28:01.3537832Z                 "org.opencontainers.image.url": "https://github.com/tonistiigi/binfmt",
2026-01-27T12:28:01.3538596Z                 "org.opencontainers.image.version": "qemu-v10.0.4-56"
2026-01-27T12:28:01.3539120Z             }
2026-01-27T12:28:01.3539409Z         },
2026-01-27T12:28:01.3539696Z         "Architecture": "amd64",
2026-01-27T12:28:01.3540046Z         "Os": "linux",
2026-01-27T12:28:01.3540336Z         "Size": 83325873,
2026-01-27T12:28:01.3540546Z         "GraphDriver": {
2026-01-27T12:28:01.3540753Z             "Data": {
2026-01-27T12:28:01.3541228Z                 "LowerDir": "/var/lib/docker/overlay2/7604fadd810d866c9c8c1c0f2524380419b4e3dfae2a0e0fb628a57130aebf97/diff",
2026-01-27T12:28:01.3542454Z                 "MergedDir": "/var/lib/docker/overlay2/3d0526719c010d8778b0a3596aa017dcdcea0849874a0751361c65313c5426e9/merged",
2026-01-27T12:28:01.3543204Z                 "UpperDir": "/var/lib/docker/overlay2/3d0526719c010d8778b0a3596aa017dcdcea0849874a0751361c65313c5426e9/diff",
2026-01-27T12:28:01.3543932Z                 "WorkDir": "/var/lib/docker/overlay2/3d0526719c010d8778b0a3596aa017dcdcea0849874a0751361c65313c5426e9/work"
2026-01-27T12:28:01.3544624Z             },
2026-01-27T12:28:01.3544940Z             "Name": "overlay2"
2026-01-27T12:28:01.3545259Z         },
2026-01-27T12:28:01.3545602Z         "RootFS": {
2026-01-27T12:28:01.3546271Z             "Type": "layers",
2026-01-27T12:28:01.3546791Z             "Layers": [
2026-01-27T12:28:01.3547274Z                 "sha256:ba63059928005ec5a66585f9353d2f4e14eaede3da6a25acac0a4f44d809cb64",
2026-01-27T12:28:01.3547950Z                 "sha256:66aa431c2e5b0cb36e6f7fde44ab8195fab52d6c93b407c720212e28337ac745"
2026-01-27T12:28:01.3548388Z             ]
2026-01-27T12:28:01.3548653Z         },
2026-01-27T12:28:01.3548966Z         "Metadata": {
2026-01-27T12:28:01.3549320Z             "LastTagTime": "0001-01-01T00:00:00Z"
2026-01-27T12:28:01.3549787Z         }
2026-01-27T12:28:01.3550118Z     }
2026-01-27T12:28:01.3550335Z ]
2026-01-27T12:28:01.3551007Z ##[endgroup]
2026-01-27T12:28:01.3551505Z ##[group]Binfmt version
2026-01-27T12:28:01.3557343Z [command]/usr/bin/docker run --rm --privileged docker.io/tonistiigi/binfmt:latest --version
2026-01-27T12:28:01.7468443Z binfmt/8bf932d qemu/v10.0.4 go/1.23.12
2026-01-27T12:28:01.8154443Z ##[endgroup]
2026-01-27T12:28:01.8155050Z ##[group]Installing QEMU static binaries
2026-01-27T12:28:01.8172562Z [command]/usr/bin/docker run --rm --privileged docker.io/tonistiigi/binfmt:latest --install all
2026-01-27T12:28:01.9637978Z installing: mips64le OK
2026-01-27T12:28:01.9638754Z installing: mips64 OK
2026-01-27T12:28:01.9639187Z installing: arm OK
2026-01-27T12:28:01.9639479Z installing: s390x OK
2026-01-27T12:28:01.9639926Z installing: loong64 OK
2026-01-27T12:28:01.9640240Z installing: arm64 OK
2026-01-27T12:28:01.9640668Z installing: ppc64le OK
2026-01-27T12:28:01.9641072Z installing: riscv64 OK
2026-01-27T12:28:01.9875101Z {
2026-01-27T12:28:01.9875733Z   "supported": [
2026-01-27T12:28:01.9876467Z     "linux/amd64",
2026-01-27T12:28:01.9876919Z     "linux/amd64/v2",
2026-01-27T12:28:01.9877520Z     "linux/amd64/v3",
2026-01-27T12:28:01.9878140Z     "linux/arm64",
2026-01-27T12:28:01.9878677Z     "linux/riscv64",
2026-01-27T12:28:01.9879273Z     "linux/ppc64le",
2026-01-27T12:28:01.9879853Z     "linux/s390x",
2026-01-27T12:28:01.9880353Z     "linux/386",
2026-01-27T12:28:01.9880992Z     "linux/mips64le",
2026-01-27T12:28:01.9881511Z     "linux/mips64",
2026-01-27T12:28:01.9881954Z     "linux/loong64",
2026-01-27T12:28:01.9882527Z     "linux/arm/v7",
2026-01-27T12:28:01.9916666Z     "linux/arm/v6"
2026-01-27T12:28:01.9917030Z   ],
2026-01-27T12:28:01.9917336Z   "emulators": [
2026-01-27T12:28:01.9917696Z     "llvm-16-runtime.binfmt",
2026-01-27T12:28:01.9918146Z     "llvm-17-runtime.binfmt",
2026-01-27T12:28:01.9918533Z     "llvm-18-runtime.binfmt",
2026-01-27T12:28:01.9918938Z     "python3.12",
2026-01-27T12:28:01.9919268Z     "qemu-aarch64",
2026-01-27T12:28:01.9919595Z     "qemu-arm",
2026-01-27T12:28:01.9919948Z     "qemu-loongarch64",
2026-01-27T12:28:01.9920330Z     "qemu-mips64",
2026-01-27T12:28:01.9920698Z     "qemu-mips64el",
2026-01-27T12:28:01.9921064Z     "qemu-ppc64le",
2026-01-27T12:28:01.9921382Z     "qemu-riscv64",
2026-01-27T12:28:01.9921731Z     "qemu-s390x"
2026-01-27T12:28:01.9922061Z   ]
2026-01-27T12:28:01.9922353Z }
2026-01-27T12:28:02.0457175Z ##[endgroup]
2026-01-27T12:28:02.0457847Z ##[group]Extracting available platforms
2026-01-27T12:28:02.2731923Z linux/amd64,linux/amd64/v2,linux/amd64/v3,linux/arm64,linux/riscv64,linux/ppc64le,linux/s390x,linux/386,linux/mips64le,linux/mips64,linux/loong64,linux/arm/v7,linux/arm/v6
2026-01-27T12:28:02.2733482Z ##[endgroup]
2026-01-27T12:28:02.2947924Z ##[group]Run docker/setup-buildx-action@v3
2026-01-27T12:28:02.2948225Z with:
2026-01-27T12:28:02.2948422Z   driver: docker-container
2026-01-27T12:28:02.2948650Z   use: true
2026-01-27T12:28:02.2948835Z   keep-state: false
2026-01-27T12:28:02.2949040Z   cache-binary: true
2026-01-27T12:28:02.2949239Z   cleanup: true
2026-01-27T12:28:02.2949426Z   install: false
2026-01-27T12:28:02.2949801Z ##[endgroup]
2026-01-27T12:28:02.5552363Z ##[group]Docker info
2026-01-27T12:28:02.5581114Z [command]/usr/bin/docker version
2026-01-27T12:28:02.5791503Z Client: Docker Engine - Community
2026-01-27T12:28:02.5795335Z  Version:           28.0.4
2026-01-27T12:28:02.5795776Z  API version:       1.48
2026-01-27T12:28:02.5796404Z  Go version:        go1.23.7
2026-01-27T12:28:02.5796843Z  Git commit:        b8034c0
2026-01-27T12:28:02.5797270Z  Built:             Tue Mar 25 15:07:16 2025
2026-01-27T12:28:02.5797783Z  OS/Arch:           linux/amd64
2026-01-27T12:28:02.5798306Z  Context:           default
2026-01-27T12:28:02.5798593Z 
2026-01-27T12:28:02.5798783Z Server: Docker Engine - Community
2026-01-27T12:28:02.5799215Z  Engine:
2026-01-27T12:28:02.5799530Z   Version:          28.0.4
2026-01-27T12:28:02.5799964Z   API version:      1.48 (minimum version 1.24)
2026-01-27T12:28:02.5800470Z   Go version:       go1.23.7
2026-01-27T12:28:02.5800866Z   Git commit:       6430e49
2026-01-27T12:28:02.5801272Z   Built:            Tue Mar 25 15:07:16 2025
2026-01-27T12:28:02.5801772Z   OS/Arch:          linux/amd64
2026-01-27T12:28:02.5803720Z   Experimental:     false
2026-01-27T12:28:02.5804143Z  containerd:
2026-01-27T12:28:02.5804483Z   Version:          v2.2.1
2026-01-27T12:28:02.5805000Z   GitCommit:        dea7da592f5d1d2b7755e3a161be07f43fad8f75
2026-01-27T12:28:02.5805557Z  runc:
2026-01-27T12:28:02.5805856Z   Version:          1.3.4
2026-01-27T12:28:02.5811654Z   GitCommit:        v1.3.4-0-gd6d73eb8
2026-01-27T12:28:02.5812131Z  docker-init:
2026-01-27T12:28:02.5812490Z   Version:          0.19.0
2026-01-27T12:28:02.5812915Z   GitCommit:        de40ad0
2026-01-27T12:28:02.5847253Z [command]/usr/bin/docker info
2026-01-27T12:28:02.6548473Z Client: Docker Engine - Community
2026-01-27T12:28:02.6549045Z  Version:    28.0.4
2026-01-27T12:28:02.6549386Z  Context:    default
2026-01-27T12:28:02.6549731Z  Debug Mode: false
2026-01-27T12:28:02.6550064Z  Plugins:
2026-01-27T12:28:02.6550391Z   buildx: Docker Buildx (Docker Inc.)
2026-01-27T12:28:02.6550842Z     Version:  v0.30.1
2026-01-27T12:28:02.6551296Z     Path:     /usr/libexec/docker/cli-plugins/docker-buildx
2026-01-27T12:28:02.6551860Z   compose: Docker Compose (Docker Inc.)
2026-01-27T12:28:02.6552322Z     Version:  v2.38.2
2026-01-27T12:28:02.6552788Z     Path:     /usr/libexec/docker/cli-plugins/docker-compose
2026-01-27T12:28:02.6553197Z 
2026-01-27T12:28:02.6553325Z Server:
2026-01-27T12:28:02.6553613Z  Containers: 0
2026-01-27T12:28:02.6553922Z   Running: 0
2026-01-27T12:28:02.6554223Z   Paused: 0
2026-01-27T12:28:02.6554511Z   Stopped: 0
2026-01-27T12:28:02.6554822Z  Images: 2
2026-01-27T12:28:02.6555122Z  Server Version: 28.0.4
2026-01-27T12:28:02.6555500Z  Storage Driver: overlay2
2026-01-27T12:28:02.6556071Z   Backing Filesystem: extfs
2026-01-27T12:28:02.6556476Z   Supports d_type: true
2026-01-27T12:28:02.6556831Z   Using metacopy: false
2026-01-27T12:28:02.6557175Z   Native Overlay Diff: false
2026-01-27T12:28:02.6557561Z   userxattr: false
2026-01-27T12:28:02.6557911Z  Logging Driver: json-file
2026-01-27T12:28:02.6558294Z  Cgroup Driver: systemd
2026-01-27T12:28:02.6558636Z  Cgroup Version: 2
2026-01-27T12:28:02.6558954Z  Plugins:
2026-01-27T12:28:02.6559274Z   Volume: local
2026-01-27T12:28:02.6559702Z   Network: bridge host ipvlan macvlan null overlay
2026-01-27T12:28:02.6560419Z   Log: awslogs fluentd gcplogs gelf journald json-file local splunk syslog
2026-01-27T12:28:02.6561070Z  Swarm: inactive
2026-01-27T12:28:02.6561442Z  Runtimes: io.containerd.runc.v2 runc
2026-01-27T12:28:02.6561917Z  Default Runtime: runc
2026-01-27T12:28:02.6562696Z  Init Binary: docker-init
2026-01-27T12:28:02.6563235Z  containerd version: dea7da592f5d1d2b7755e3a161be07f43fad8f75
2026-01-27T12:28:02.6563789Z  runc version: v1.3.4-0-gd6d73eb8
2026-01-27T12:28:02.6564051Z  init version: de40ad0
2026-01-27T12:28:02.6564304Z  Security Options:
2026-01-27T12:28:02.6564558Z   apparmor
2026-01-27T12:28:02.6564731Z   seccomp
2026-01-27T12:28:02.6564905Z    Profile: builtin
2026-01-27T12:28:02.6565289Z   cgroupns
2026-01-27T12:28:02.6565464Z  Kernel Version: 6.11.0-1018-azure
2026-01-27T12:28:02.6565721Z  Operating System: Ubuntu 24.04.3 LTS
2026-01-27T12:28:02.6566454Z  OSType: linux
2026-01-27T12:28:02.6566665Z  Architecture: x86_64
2026-01-27T12:28:02.6566880Z  CPUs: 4
2026-01-27T12:28:02.6567055Z  Total Memory: 15.62GiB
2026-01-27T12:28:02.6567267Z  Name: runnervmymu0l
2026-01-27T12:28:02.6567488Z  ID: 6d647f4b-a064-4489-8a08-7cb8635b8d79
2026-01-27T12:28:02.6567761Z  Docker Root Dir: /var/lib/docker
2026-01-27T12:28:02.6568000Z  Debug Mode: false
2026-01-27T12:28:02.6568201Z  Username: githubactions
2026-01-27T12:28:02.6568421Z  Experimental: false
2026-01-27T12:28:02.6568624Z  Insecure Registries:
2026-01-27T12:28:02.6568850Z   ::1/128
2026-01-27T12:28:02.6569019Z   127.0.0.0/8
2026-01-27T12:28:02.6569205Z  Live Restore Enabled: false
2026-01-27T12:28:02.6569361Z 
2026-01-27T12:28:02.6571850Z ##[endgroup]
2026-01-27T12:28:02.7643695Z ##[group]Buildx version
2026-01-27T12:28:02.7665805Z [command]/usr/bin/docker buildx version
2026-01-27T12:28:02.8274625Z github.com/docker/buildx v0.30.1 9e66234aa13328a5e75b75aa5574e1ca6d6d9c01
2026-01-27T12:28:02.8308883Z ##[endgroup]
2026-01-27T12:28:02.8461624Z ##[group]Inspecting default docker context
2026-01-27T12:28:02.8603738Z [
2026-01-27T12:28:02.8604133Z   {
2026-01-27T12:28:02.8604468Z     "Name": "default",
2026-01-27T12:28:02.8604908Z     "Metadata": {},
2026-01-27T12:28:02.8605276Z     "Endpoints": {
2026-01-27T12:28:02.8605657Z       "docker": {
2026-01-27T12:28:02.8606333Z         "Host": "unix:///var/run/docker.sock",
2026-01-27T12:28:02.8606889Z         "SkipTLSVerify": false
2026-01-27T12:28:02.8607340Z       }
2026-01-27T12:28:02.8607687Z     },
2026-01-27T12:28:02.8608033Z     "TLSMaterial": {},
2026-01-27T12:28:02.8608441Z     "Storage": {
2026-01-27T12:28:02.8608835Z       "MetadataPath": "<IN MEMORY>",
2026-01-27T12:28:02.8609278Z       "TLSPath": "<IN MEMORY>"
2026-01-27T12:28:02.8609694Z     }
2026-01-27T12:28:02.8610007Z   }
2026-01-27T12:28:02.8610332Z ]
2026-01-27T12:28:02.8611082Z ##[endgroup]
2026-01-27T12:28:02.8611816Z ##[group]Creating a new builder instance
2026-01-27T12:28:02.9936338Z [command]/usr/bin/docker buildx create --name builder-a3d7eed4-2c83-46e9-8256-c12f688e0c1d --driver docker-container --buildkitd-flags --allow-insecure-entitlement security.insecure --allow-insecure-entitlement network.host --use
2026-01-27T12:28:03.0849654Z builder-a3d7eed4-2c83-46e9-8256-c12f688e0c1d
2026-01-27T12:28:03.0887425Z ##[endgroup]
2026-01-27T12:28:03.0888072Z ##[group]Booting builder
2026-01-27T12:28:03.0917331Z [command]/usr/bin/docker buildx inspect --bootstrap --builder builder-a3d7eed4-2c83-46e9-8256-c12f688e0c1d
2026-01-27T12:28:03.1466473Z #1 [internal] booting buildkit
2026-01-27T12:28:03.2969892Z #1 pulling image moby/buildkit:buildx-stable-1
2026-01-27T12:28:05.2095118Z #1 pulling image moby/buildkit:buildx-stable-1 2.1s done
2026-01-27T12:28:05.3604914Z #1 creating container buildx_buildkit_builder-a3d7eed4-2c83-46e9-8256-c12f688e0c1d0
2026-01-27T12:28:05.5367649Z #1 creating container buildx_buildkit_builder-a3d7eed4-2c83-46e9-8256-c12f688e0c1d0 0.3s done
2026-01-27T12:28:05.5428378Z #1 DONE 2.4s
2026-01-27T12:28:05.5753065Z Name:          builder-a3d7eed4-2c83-46e9-8256-c12f688e0c1d
2026-01-27T12:28:05.5754850Z Driver:        docker-container
2026-01-27T12:28:05.5755310Z Last Activity: 2026-01-27 12:28:03 +0000 UTC
2026-01-27T12:28:05.5756752Z 
2026-01-27T12:28:05.5756873Z Nodes:
2026-01-27T12:28:05.5757312Z Name:                  builder-a3d7eed4-2c83-46e9-8256-c12f688e0c1d0
2026-01-27T12:28:05.5758364Z Endpoint:              unix:///var/run/docker.sock
2026-01-27T12:28:05.5758866Z Status:                running
2026-01-27T12:28:05.5759735Z BuildKit daemon flags: --allow-insecure-entitlement security.insecure --allow-insecure-entitlement network.host
2026-01-27T12:28:05.5760646Z BuildKit version:      v0.26.3
2026-01-27T12:28:05.5761921Z Platforms:             linux/amd64, linux/amd64/v2, linux/amd64/v3, linux/arm64, linux/riscv64, linux/ppc64le, linux/s390x, linux/386, linux/mips64le, linux/mips64, linux/loong64, linux/arm/v7, linux/arm/v6
2026-01-27T12:28:05.5763478Z Labels:
2026-01-27T12:28:05.5763890Z  org.mobyproject.buildkit.worker.executor:         oci
2026-01-27T12:28:05.5764582Z  org.mobyproject.buildkit.worker.hostname:         91fa47b392a3
2026-01-27T12:28:05.5765272Z  org.mobyproject.buildkit.worker.network:          host
2026-01-27T12:28:05.5766137Z  org.mobyproject.buildkit.worker.oci.process-mode: sandbox
2026-01-27T12:28:05.5766841Z  org.mobyproject.buildkit.worker.selinux.enabled:  false
2026-01-27T12:28:05.5767532Z  org.mobyproject.buildkit.worker.snapshotter:      overlayfs
2026-01-27T12:28:05.5768097Z GC Policy rule#0:
2026-01-27T12:28:05.5768415Z  All:            false
2026-01-27T12:28:05.5768964Z  Filters:        type==source.local,type==exec.cachemount,type==source.git.checkout
2026-01-27T12:28:05.5769612Z  Keep Duration:  48h0m0s
2026-01-27T12:28:05.5769974Z  Max Used Space: 488.3MiB
2026-01-27T12:28:05.5770340Z GC Policy rule#1:
2026-01-27T12:28:05.5770669Z  All:            false
2026-01-27T12:28:05.5771004Z  Keep Duration:  1440h0m0s
2026-01-27T12:28:05.5771368Z  Reserved Space: 9.313GiB
2026-01-27T12:28:05.5771732Z  Max Used Space: 93.13GiB
2026-01-27T12:28:05.5772098Z  Min Free Space: 27.01GiB
2026-01-27T12:28:05.5772449Z GC Policy rule#2:
2026-01-27T12:28:05.5772769Z  All:            false
2026-01-27T12:28:05.5773103Z  Reserved Space: 9.313GiB
2026-01-27T12:28:05.5773452Z  Max Used Space: 93.13GiB
2026-01-27T12:28:05.5773793Z  Min Free Space: 27.01GiB
2026-01-27T12:28:05.5774125Z GC Policy rule#3:
2026-01-27T12:28:05.5774411Z  All:            true
2026-01-27T12:28:05.5774720Z  Reserved Space: 9.313GiB
2026-01-27T12:28:05.5775051Z  Max Used Space: 93.13GiB
2026-01-27T12:28:05.5775379Z  Min Free Space: 27.01GiB
2026-01-27T12:28:05.5807046Z ##[endgroup]
2026-01-27T12:28:05.6702335Z ##[group]Inspect builder
2026-01-27T12:28:05.6705386Z {
2026-01-27T12:28:05.6705713Z   "nodes": [
2026-01-27T12:28:05.6706250Z     {
2026-01-27T12:28:05.6706716Z       "name": "builder-a3d7eed4-2c83-46e9-8256-c12f688e0c1d0",
2026-01-27T12:28:05.6708418Z       "endpoint": "unix:///var/run/docker.sock",
2026-01-27T12:28:05.6709028Z       "status": "running",
2026-01-27T12:28:05.6709797Z       "buildkitd-flags": "--allow-insecure-entitlement security.insecure --allow-insecure-entitlement network.host",
2026-01-27T12:28:05.6710566Z       "buildkit": "v0.26.3",
2026-01-27T12:28:05.6711698Z       "platforms": "linux/amd64,linux/amd64/v2,linux/amd64/v3,linux/arm64,linux/riscv64,linux/ppc64le,linux/s390x,linux/386,linux/mips64le,linux/mips64,linux/loong64,linux/arm/v7,linux/arm/v6",
2026-01-27T12:28:05.6712619Z       "features": {
2026-01-27T12:28:05.6712934Z         "Automatically load images to the Docker Engine image store": true,
2026-01-27T12:28:05.6713524Z         "Cache export": true,
2026-01-27T12:28:05.6713912Z         "Direct push": true,
2026-01-27T12:28:05.6714152Z         "Docker exporter": true,
2026-01-27T12:28:05.6714418Z         "Multi-platform build": true,
2026-01-27T12:28:05.6714674Z         "OCI exporter": true
2026-01-27T12:28:05.6714905Z       },
2026-01-27T12:28:05.6715068Z       "labels": {
2026-01-27T12:28:05.6715330Z         "org.mobyproject.buildkit.worker.executor": "oci",
2026-01-27T12:28:05.6715729Z         "org.mobyproject.buildkit.worker.hostname": "91fa47b392a3",
2026-01-27T12:28:05.6716709Z         "org.mobyproject.buildkit.worker.network": "host",
2026-01-27T12:28:05.6717130Z         "org.mobyproject.buildkit.worker.oci.process-mode": "sandbox",
2026-01-27T12:28:05.6717832Z         "org.mobyproject.buildkit.worker.selinux.enabled": "false",
2026-01-27T12:28:05.6718262Z         "org.mobyproject.buildkit.worker.snapshotter": "overlayfs"
2026-01-27T12:28:05.6718586Z       },
2026-01-27T12:28:05.6718759Z       "gcPolicy": [
2026-01-27T12:28:05.6718958Z         {
2026-01-27T12:28:05.6719130Z           "all": false,
2026-01-27T12:28:05.6719325Z           "filter": [
2026-01-27T12:28:05.6719540Z             "type==source.local",
2026-01-27T12:28:05.6719930Z             "type==exec.cachemount",
2026-01-27T12:28:05.6720194Z             "type==source.git.checkout"
2026-01-27T12:28:05.6720441Z           ],
2026-01-27T12:28:05.6720620Z           "keepDuration": "48h0m0s",
2026-01-27T12:28:05.6720858Z           "maxUsedSpace": "488.3MiB"
2026-01-27T12:28:05.6721079Z         },
2026-01-27T12:28:05.6721245Z         {
2026-01-27T12:28:05.6721412Z           "all": false,
2026-01-27T12:28:05.6721614Z           "keepDuration": "1440h0m0s",
2026-01-27T12:28:05.6721859Z           "reservedSpace": "9.313GiB",
2026-01-27T12:28:05.6722109Z           "maxUsedSpace": "93.13GiB",
2026-01-27T12:28:05.6722351Z           "minFreeSpace": "27.01GiB"
2026-01-27T12:28:05.6722570Z         },
2026-01-27T12:28:05.6722729Z         {
2026-01-27T12:28:05.6722889Z           "all": false,
2026-01-27T12:28:05.6723093Z           "reservedSpace": "9.313GiB",
2026-01-27T12:28:05.6723331Z           "maxUsedSpace": "93.13GiB",
2026-01-27T12:28:05.6723572Z           "minFreeSpace": "27.01GiB"
2026-01-27T12:28:05.6723794Z         },
2026-01-27T12:28:05.6723948Z         {
2026-01-27T12:28:05.6724115Z           "all": true,
2026-01-27T12:28:05.6724321Z           "reservedSpace": "9.313GiB",
2026-01-27T12:28:05.6724560Z           "maxUsedSpace": "93.13GiB",
2026-01-27T12:28:05.6724797Z           "minFreeSpace": "27.01GiB"
2026-01-27T12:28:05.6725014Z         }
2026-01-27T12:28:05.6725178Z       ]
2026-01-27T12:28:05.6725336Z     }
2026-01-27T12:28:05.6725494Z   ],
2026-01-27T12:28:05.6725721Z   "name": "builder-a3d7eed4-2c83-46e9-8256-c12f688e0c1d",
2026-01-27T12:28:05.6726343Z   "driver": "docker-container",
2026-01-27T12:28:05.6726651Z   "lastActivity": "2026-01-27T12:28:03.000Z"
2026-01-27T12:28:05.6726898Z }
2026-01-27T12:28:05.6727260Z ##[endgroup]
2026-01-27T12:28:05.6727728Z ##[group]BuildKit version
2026-01-27T12:28:05.6728014Z builder-a3d7eed4-2c83-46e9-8256-c12f688e0c1d0: v0.26.3
2026-01-27T12:28:05.6728475Z ##[endgroup]
2026-01-27T12:28:05.6876253Z ##[group]Run docker/login-action@v3
2026-01-27T12:28:05.6876564Z with:
2026-01-27T12:28:05.6876890Z   username: ***
2026-01-27T12:28:05.6877160Z   password: ***
2026-01-27T12:28:05.6877354Z   logout: true
2026-01-27T12:28:05.6877543Z ##[endgroup]
2026-01-27T12:28:05.9957742Z Logging into docker.io...
2026-01-27T12:28:06.1070781Z Login Succeeded!
2026-01-27T12:28:06.1225087Z ##[group]Run docker/metadata-action@v5
2026-01-27T12:28:06.1225391Z with:
2026-01-27T12:28:06.1225651Z   images: ***/ai-teaching-assistant-frontend
2026-01-27T12:28:06.1226205Z   context: workflow
2026-01-27T12:28:06.1226523Z   github-token: ***
2026-01-27T12:28:06.1226722Z ##[endgroup]
2026-01-27T12:28:06.7822098Z ##[group]Context info
2026-01-27T12:28:06.7822544Z eventName: push
2026-01-27T12:28:06.7822954Z sha: 27ec4e2e160bfcf97da2be74f1b1d16421e93d0d
2026-01-27T12:28:06.7823455Z ref: refs/heads/main
2026-01-27T12:28:06.7823907Z workflow: CI/CD Pipeline
2026-01-27T12:28:06.7824462Z action: meta_frontend
2026-01-27T12:28:06.7824940Z actor: sst2020
2026-01-27T12:28:06.7825703Z runNumber: 22
2026-01-27T12:28:06.7826382Z runId: 21397172644
2026-01-27T12:28:06.7827088Z commitDate: Tue Jan 27 2026 12:27:37 GMT+0000 (Coordinated Universal Time)
2026-01-27T12:28:06.7828204Z ##[endgroup]
2026-01-27T12:28:06.7847334Z ##[group]Processing images input
2026-01-27T12:28:06.7848222Z name=***/ai-teaching-assistant-frontend,enable=true
2026-01-27T12:28:06.7849061Z ##[endgroup]
2026-01-27T12:28:06.7849653Z ##[group]Processing tags input
2026-01-27T12:28:06.7855239Z type=schedule,pattern=nightly,enable=true,priority=1000
2026-01-27T12:28:06.7857094Z type=ref,event=branch,enable=true,priority=600
2026-01-27T12:28:06.7857881Z type=ref,event=tag,enable=true,priority=600
2026-01-27T12:28:06.7858667Z type=ref,event=pr,prefix=pr-,enable=true,priority=600
2026-01-27T12:28:06.7859602Z ##[endgroup]
2026-01-27T12:28:06.7860352Z ##[group]Processing flavor input
2026-01-27T12:28:06.7861117Z latest=auto
2026-01-27T12:28:06.7861592Z prefix=
2026-01-27T12:28:06.7862018Z prefixLatest=false
2026-01-27T12:28:06.7862968Z suffix=
2026-01-27T12:28:06.7863405Z suffixLatest=false
2026-01-27T12:28:06.7864215Z ##[endgroup]
2026-01-27T12:28:06.7901175Z ##[group]Docker image version
2026-01-27T12:28:06.7901604Z main
2026-01-27T12:28:06.7902128Z ##[endgroup]
2026-01-27T12:28:06.7906883Z ##[group]Docker tags
2026-01-27T12:28:06.7907406Z ***/ai-teaching-assistant-frontend:main
2026-01-27T12:28:06.7908116Z ##[endgroup]
2026-01-27T12:28:06.7983726Z ##[group]Docker labels
2026-01-27T12:28:06.7984302Z org.opencontainers.image.created=2026-01-27T12:28:06.785Z
2026-01-27T12:28:06.7985167Z org.opencontainers.image.description=A web application for AI-based question judging.
2026-01-27T12:28:06.7986133Z org.opencontainers.image.licenses=MIT
2026-01-27T12:28:06.7986825Z org.opencontainers.image.revision=27ec4e2e160bfcf97da2be74f1b1d16421e93d0d
2026-01-27T12:28:06.7987777Z org.opencontainers.image.source=https://github.com/sst2020/ai-teaching-assistant
2026-01-27T12:28:06.7988597Z org.opencontainers.image.title=ai-teaching-assistant
2026-01-27T12:28:06.7989398Z org.opencontainers.image.url=https://github.com/sst2020/ai-teaching-assistant
2026-01-27T12:28:06.7990139Z org.opencontainers.image.version=main
2026-01-27T12:28:06.7990828Z ##[endgroup]
2026-01-27T12:28:06.7991357Z ##[group]Annotations
2026-01-27T12:28:06.7991879Z manifest:org.opencontainers.image.created=2026-01-27T12:28:06.785Z
2026-01-27T12:28:06.7992825Z manifest:org.opencontainers.image.description=A web application for AI-based question judging.
2026-01-27T12:28:06.7993702Z manifest:org.opencontainers.image.licenses=MIT
2026-01-27T12:28:06.7994500Z manifest:org.opencontainers.image.revision=27ec4e2e160bfcf97da2be74f1b1d16421e93d0d
2026-01-27T12:28:06.7995557Z manifest:org.opencontainers.image.source=https://github.com/sst2020/ai-teaching-assistant
2026-01-27T12:28:06.7996647Z manifest:org.opencontainers.image.title=ai-teaching-assistant
2026-01-27T12:28:06.7997530Z manifest:org.opencontainers.image.url=https://github.com/sst2020/ai-teaching-assistant
2026-01-27T12:28:06.7998357Z manifest:org.opencontainers.image.version=main
2026-01-27T12:28:06.7999090Z ##[endgroup]
2026-01-27T12:28:06.7999635Z ##[group]JSON output
2026-01-27T12:28:06.7999969Z {
2026-01-27T12:28:06.8000252Z   "tags": [
2026-01-27T12:28:06.8000690Z     "***/ai-teaching-assistant-frontend:main"
2026-01-27T12:28:06.8001525Z   ],
2026-01-27T12:28:06.8001826Z   "tag-names": [
2026-01-27T12:28:06.8002135Z     "main"
2026-01-27T12:28:06.8002404Z   ],
2026-01-27T12:28:06.8002682Z   "labels": {
2026-01-27T12:28:06.8003152Z     "org.opencontainers.image.created": "2026-01-27T12:28:06.785Z",
2026-01-27T12:28:06.8004085Z     "org.opencontainers.image.description": "A web application for AI-based question judging.",
2026-01-27T12:28:06.8004934Z     "org.opencontainers.image.licenses": "MIT",
2026-01-27T12:28:06.8005682Z     "org.opencontainers.image.revision": "27ec4e2e160bfcf97da2be74f1b1d16421e93d0d",
2026-01-27T12:28:06.8006864Z     "org.opencontainers.image.source": "https://github.com/sst2020/ai-teaching-assistant",
2026-01-27T12:28:06.8007772Z     "org.opencontainers.image.title": "ai-teaching-assistant",
2026-01-27T12:28:06.8008601Z     "org.opencontainers.image.url": "https://github.com/sst2020/ai-teaching-assistant",
2026-01-27T12:28:06.8009383Z     "org.opencontainers.image.version": "main"
2026-01-27T12:28:06.8009859Z   },
2026-01-27T12:28:06.8010138Z   "annotations": [
2026-01-27T12:28:06.8010676Z     "manifest:org.opencontainers.image.created=2026-01-27T12:28:06.785Z",
2026-01-27T12:28:06.8011674Z     "manifest:org.opencontainers.image.description=A web application for AI-based question judging.",
2026-01-27T12:28:06.8012591Z     "manifest:org.opencontainers.image.licenses=MIT",
2026-01-27T12:28:06.8013415Z     "manifest:org.opencontainers.image.revision=27ec4e2e160bfcf97da2be74f1b1d16421e93d0d",
2026-01-27T12:28:06.8014506Z     "manifest:org.opencontainers.image.source=https://github.com/sst2020/ai-teaching-assistant",
2026-01-27T12:28:06.8015462Z     "manifest:org.opencontainers.image.title=ai-teaching-assistant",
2026-01-27T12:28:06.8017023Z     "manifest:org.opencontainers.image.url=https://github.com/sst2020/ai-teaching-assistant",
2026-01-27T12:28:06.8017900Z     "manifest:org.opencontainers.image.version=main"
2026-01-27T12:28:06.8018397Z   ]
2026-01-27T12:28:06.8018668Z }
2026-01-27T12:28:06.8019225Z ##[endgroup]
2026-01-27T12:28:06.8019814Z ##[group]Bake file definition (tags)
2026-01-27T12:28:06.8020241Z {
2026-01-27T12:28:06.8020518Z   "target": {
2026-01-27T12:28:06.8020856Z     "docker-metadata-action": {
2026-01-27T12:28:06.8021252Z       "tags": [
2026-01-27T12:28:06.8021679Z         "***/ai-teaching-assistant-frontend:main"
2026-01-27T12:28:06.8022155Z       ],
2026-01-27T12:28:06.8022440Z       "args": {
2026-01-27T12:28:06.8022967Z         "DOCKER_META_IMAGES": "***/ai-teaching-assistant-frontend",
2026-01-27T12:28:06.8023558Z         "DOCKER_META_VERSION": "main"
2026-01-27T12:28:06.8023974Z       }
2026-01-27T12:28:06.8024244Z     }
2026-01-27T12:28:06.8024519Z   }
2026-01-27T12:28:06.8024796Z }
2026-01-27T12:28:06.8025308Z ##[endgroup]
2026-01-27T12:28:06.8026054Z ##[group]Bake file definition (labels)
2026-01-27T12:28:06.8026490Z {
2026-01-27T12:28:06.8026768Z   "target": {
2026-01-27T12:28:06.8027109Z     "docker-metadata-action": {
2026-01-27T12:28:06.8027512Z       "labels": {
2026-01-27T12:28:06.8027998Z         "org.opencontainers.image.created": "2026-01-27T12:28:06.785Z",
2026-01-27T12:28:06.8028944Z         "org.opencontainers.image.description": "A web application for AI-based question judging.",
2026-01-27T12:28:06.8029809Z         "org.opencontainers.image.licenses": "MIT",
2026-01-27T12:28:06.8030588Z         "org.opencontainers.image.revision": "27ec4e2e160bfcf97da2be74f1b1d16421e93d0d",
2026-01-27T12:28:06.8031601Z         "org.opencontainers.image.source": "https://github.com/sst2020/ai-teaching-assistant",
2026-01-27T12:28:06.8032498Z         "org.opencontainers.image.title": "ai-teaching-assistant",
2026-01-27T12:28:06.8033373Z         "org.opencontainers.image.url": "https://github.com/sst2020/ai-teaching-assistant",
2026-01-27T12:28:06.8034151Z         "org.opencontainers.image.version": "main"
2026-01-27T12:28:06.8034581Z       }
2026-01-27T12:28:06.8034862Z     }
2026-01-27T12:28:06.8035139Z   }
2026-01-27T12:28:06.8035413Z }
2026-01-27T12:28:06.8036074Z ##[endgroup]
2026-01-27T12:28:06.8036829Z ##[group]Bake file definition (annotations)
2026-01-27T12:28:06.8037241Z {
2026-01-27T12:28:06.8037503Z   "target": {
2026-01-27T12:28:06.8037843Z     "docker-metadata-action": {
2026-01-27T12:28:06.8038215Z       "annotations": [
2026-01-27T12:28:06.8038725Z         "manifest:org.opencontainers.image.created=2026-01-27T12:28:06.785Z",
2026-01-27T12:28:06.8039687Z         "manifest:org.opencontainers.image.description=A web application for AI-based question judging.",
2026-01-27T12:28:06.8040562Z         "manifest:org.opencontainers.image.licenses=MIT",
2026-01-27T12:28:06.8041374Z         "manifest:org.opencontainers.image.revision=27ec4e2e160bfcf97da2be74f1b1d16421e93d0d",
2026-01-27T12:28:06.8042461Z         "manifest:org.opencontainers.image.source=https://github.com/sst2020/ai-teaching-assistant",
2026-01-27T12:28:06.8043395Z         "manifest:org.opencontainers.image.title=ai-teaching-assistant",
2026-01-27T12:28:06.8044235Z         "manifest:org.opencontainers.image.url=https://github.com/sst2020/ai-teaching-assistant",
2026-01-27T12:28:06.8045030Z         "manifest:org.opencontainers.image.version=main"
2026-01-27T12:28:06.8045575Z       ]
2026-01-27T12:28:06.8045769Z     }
2026-01-27T12:28:06.8046158Z   }
2026-01-27T12:28:06.8046325Z }
2026-01-27T12:28:06.8046648Z ##[endgroup]
2026-01-27T12:28:06.8655271Z ##[group]Run docker/build-push-action@v5
2026-01-27T12:28:06.8655572Z with:
2026-01-27T12:28:06.8655759Z   context: ./frontend
2026-01-27T12:28:06.8656171Z   file: ./frontend/Dockerfile
2026-01-27T12:28:06.8656401Z   push: true
2026-01-27T12:28:06.8656686Z   tags: ***/ai-teaching-assistant-frontend:main
2026-01-27T12:28:06.8658693Z   labels: org.opencontainers.image.created=2026-01-27T12:28:06.785Z
org.opencontainers.image.description=A web application for AI-based question judging.
org.opencontainers.image.licenses=MIT
org.opencontainers.image.revision=27ec4e2e160bfcf97da2be74f1b1d16421e93d0d
org.opencontainers.image.source=https://github.com/sst2020/ai-teaching-assistant
org.opencontainers.image.title=ai-teaching-assistant
org.opencontainers.image.url=https://github.com/sst2020/ai-teaching-assistant
org.opencontainers.image.version=main
2026-01-27T12:28:06.8660818Z   cache-from: type=gha
2026-01-27T12:28:06.8661060Z   cache-to: type=gha,mode=max
2026-01-27T12:28:06.8661339Z   load: false
2026-01-27T12:28:06.8661520Z   no-cache: false
2026-01-27T12:28:06.8661714Z   pull: false
2026-01-27T12:28:06.8662031Z   github-token: ***
2026-01-27T12:28:06.8662235Z env:
2026-01-27T12:28:06.8662431Z   DOCKER_METADATA_OUTPUT_VERSION: main
2026-01-27T12:28:06.8662838Z   DOCKER_METADATA_OUTPUT_TAGS: ***/ai-teaching-assistant-frontend:main
2026-01-27T12:28:06.8663225Z   DOCKER_METADATA_OUTPUT_TAG_NAMES: main
2026-01-27T12:28:06.8665278Z   DOCKER_METADATA_OUTPUT_LABELS: org.opencontainers.image.created=2026-01-27T12:28:06.785Z
org.opencontainers.image.description=A web application for AI-based question judging.
org.opencontainers.image.licenses=MIT
org.opencontainers.image.revision=27ec4e2e160bfcf97da2be74f1b1d16421e93d0d
org.opencontainers.image.source=https://github.com/sst2020/ai-teaching-assistant
org.opencontainers.image.title=ai-teaching-assistant
org.opencontainers.image.url=https://github.com/sst2020/ai-teaching-assistant
org.opencontainers.image.version=main
2026-01-27T12:28:06.8669646Z   DOCKER_METADATA_OUTPUT_ANNOTATIONS: manifest:org.opencontainers.image.created=2026-01-27T12:28:06.785Z
manifest:org.opencontainers.image.description=A web application for AI-based question judging.
manifest:org.opencontainers.image.licenses=MIT
manifest:org.opencontainers.image.revision=27ec4e2e160bfcf97da2be74f1b1d16421e93d0d
manifest:org.opencontainers.image.source=https://github.com/sst2020/ai-teaching-assistant
manifest:org.opencontainers.image.title=ai-teaching-assistant
manifest:org.opencontainers.image.url=https://github.com/sst2020/ai-teaching-assistant
manifest:org.opencontainers.image.version=main
2026-01-27T12:28:06.8676208Z   DOCKER_METADATA_OUTPUT_JSON: {"tags":["***/ai-teaching-assistant-frontend:main"],"tag-names":["main"],"labels":{"org.opencontainers.image.created":"2026-01-27T12:28:06.785Z","org.opencontainers.image.description":"A web application for AI-based question judging.","org.opencontainers.image.licenses":"MIT","org.opencontainers.image.revision":"27ec4e2e160bfcf97da2be74f1b1d16421e93d0d","org.opencontainers.image.source":"https://github.com/sst2020/ai-teaching-assistant","org.opencontainers.image.title":"ai-teaching-assistant","org.opencontainers.image.url":"https://github.com/sst2020/ai-teaching-assistant","org.opencontainers.image.version":"main"},"annotations":["manifest:org.opencontainers.image.created=2026-01-27T12:28:06.785Z","manifest:org.opencontainers.image.description=A web application for AI-based question judging.","manifest:org.opencontainers.image.licenses=MIT","manifest:org.opencontainers.image.revision=27ec4e2e160bfcf97da2be74f1b1d16421e93d0d","manifest:org.opencontainers.image.source=https://github.com/sst2020/ai-teaching-assistant","manifest:org.opencontainers.image.title=ai-teaching-assistant","manifest:org.opencontainers.image.url=https://github.com/sst2020/ai-teaching-assistant","manifest:org.opencontainers.image.version=main"]}
2026-01-27T12:28:06.8681295Z   DOCKER_METADATA_OUTPUT_BAKE_FILE_TAGS: /home/runner/work/_temp/docker-actions-toolkit-Tr6J1O/docker-metadata-action-bake-tags.json
2026-01-27T12:28:06.8682228Z   DOCKER_METADATA_OUTPUT_BAKE_FILE_LABELS: /home/runner/work/_temp/docker-actions-toolkit-Tr6J1O/docker-metadata-action-bake-labels.json
2026-01-27T12:28:06.8683184Z   DOCKER_METADATA_OUTPUT_BAKE_FILE_ANNOTATIONS: /home/runner/work/_temp/docker-actions-toolkit-Tr6J1O/docker-metadata-action-bake-annotations.json
2026-01-27T12:28:06.8684207Z   DOCKER_METADATA_OUTPUT_BAKE_FILE: /home/runner/work/_temp/docker-actions-toolkit-Tr6J1O/docker-metadata-action-bake.json
2026-01-27T12:28:06.8684743Z ##[endgroup]
2026-01-27T12:28:07.1007784Z ##[group]GitHub Actions runtime token ACs
2026-01-27T12:28:07.1019069Z refs/heads/main: read/write
2026-01-27T12:28:07.1020509Z ##[endgroup]
2026-01-27T12:28:07.1021198Z ##[group]Docker info
2026-01-27T12:28:07.1071342Z [command]/usr/bin/docker version
2026-01-27T12:28:07.1287785Z Client: Docker Engine - Community
2026-01-27T12:28:07.1288313Z  Version:           28.0.4
2026-01-27T12:28:07.1288692Z  API version:       1.48
2026-01-27T12:28:07.1291068Z  Go version:        go1.23.7
2026-01-27T12:28:07.1291483Z  Git commit:        b8034c0
2026-01-27T12:28:07.1291900Z  Built:             Tue Mar 25 15:07:16 2025
2026-01-27T12:28:07.1292345Z  OS/Arch:           linux/amd64
2026-01-27T12:28:07.1292746Z  Context:           default
2026-01-27T12:28:07.1292949Z 
2026-01-27T12:28:07.1293054Z Server: Docker Engine - Community
2026-01-27T12:28:07.1293312Z  Engine:
2026-01-27T12:28:07.1293494Z   Version:          28.0.4
2026-01-27T12:28:07.1293763Z   API version:      1.48 (minimum version 1.24)
2026-01-27T12:28:07.1294054Z   Go version:       go1.23.7
2026-01-27T12:28:07.1294284Z   Git commit:       6430e49
2026-01-27T12:28:07.1294523Z   Built:            Tue Mar 25 15:07:16 2025
2026-01-27T12:28:07.1294785Z   OS/Arch:          linux/amd64
2026-01-27T12:28:07.1295014Z   Experimental:     false
2026-01-27T12:28:07.1295234Z  containerd:
2026-01-27T12:28:07.1295422Z   Version:          v2.2.1
2026-01-27T12:28:07.1295719Z   GitCommit:        dea7da592f5d1d2b7755e3a161be07f43fad8f75
2026-01-27T12:28:07.1296261Z  runc:
2026-01-27T12:28:07.1296438Z   Version:          1.3.4
2026-01-27T12:28:07.1296672Z   GitCommit:        v1.3.4-0-gd6d73eb8
2026-01-27T12:28:07.1296934Z  docker-init:
2026-01-27T12:28:07.1297128Z   Version:          0.19.0
2026-01-27T12:28:07.1297351Z   GitCommit:        de40ad0
2026-01-27T12:28:07.1336437Z [command]/usr/bin/docker info
2026-01-27T12:28:07.1788248Z Client: Docker Engine - Community
2026-01-27T12:28:07.1788757Z  Version:    28.0.4
2026-01-27T12:28:07.1789131Z  Context:    default
2026-01-27T12:28:07.1789498Z  Debug Mode: false
2026-01-27T12:28:07.1789805Z  Plugins:
2026-01-27T12:28:07.1790141Z   buildx: Docker Buildx (Docker Inc.)
2026-01-27T12:28:07.1790629Z     Version:  v0.30.1
2026-01-27T12:28:07.1791122Z     Path:     /usr/libexec/docker/cli-plugins/docker-buildx
2026-01-27T12:28:07.1791702Z   compose: Docker Compose (Docker Inc.)
2026-01-27T12:28:07.1792147Z     Version:  v2.38.2
2026-01-27T12:28:07.1792629Z     Path:     /usr/libexec/docker/cli-plugins/docker-compose
2026-01-27T12:28:07.1793026Z 
2026-01-27T12:28:07.1793146Z Server:
2026-01-27T12:28:07.1793435Z  Containers: 1
2026-01-27T12:28:07.1793748Z   Running: 1
2026-01-27T12:28:07.1794044Z   Paused: 0
2026-01-27T12:28:07.1794336Z   Stopped: 0
2026-01-27T12:28:07.1794633Z  Images: 3
2026-01-27T12:28:07.1794939Z  Server Version: 28.0.4
2026-01-27T12:28:07.1795330Z  Storage Driver: overlay2
2026-01-27T12:28:07.1795710Z   Backing Filesystem: extfs
2026-01-27T12:28:07.1796412Z   Supports d_type: true
2026-01-27T12:28:07.1796779Z   Using metacopy: false
2026-01-27T12:28:07.1797146Z   Native Overlay Diff: false
2026-01-27T12:28:07.1797526Z   userxattr: false
2026-01-27T12:28:07.1797849Z  Logging Driver: json-file
2026-01-27T12:28:07.1798203Z  Cgroup Driver: systemd
2026-01-27T12:28:07.1798535Z  Cgroup Version: 2
2026-01-27T12:28:07.1798843Z  Plugins:
2026-01-27T12:28:07.1799129Z   Volume: local
2026-01-27T12:28:07.1799522Z   Network: bridge host ipvlan macvlan null overlay
2026-01-27T12:28:07.1800546Z   Log: awslogs fluentd gcplogs gelf journald json-file local splunk syslog
2026-01-27T12:28:07.1801162Z  Swarm: inactive
2026-01-27T12:28:07.1801510Z  Runtimes: io.containerd.runc.v2 runc
2026-01-27T12:28:07.1801948Z  Default Runtime: runc
2026-01-27T12:28:07.1802286Z  Init Binary: docker-init
2026-01-27T12:28:07.1802773Z  containerd version: dea7da592f5d1d2b7755e3a161be07f43fad8f75
2026-01-27T12:28:07.1803544Z  runc version: v1.3.4-0-gd6d73eb8
2026-01-27T12:28:07.1803957Z  init version: de40ad0
2026-01-27T12:28:07.1804304Z  Security Options:
2026-01-27T12:28:07.1804627Z   apparmor
2026-01-27T12:28:07.1804912Z   seccomp
2026-01-27T12:28:07.1805195Z    Profile: builtin
2026-01-27T12:28:07.1805519Z   cgroupns
2026-01-27T12:28:07.1805826Z  Kernel Version: 6.11.0-1018-azure
2026-01-27T12:28:07.1806442Z  Operating System: Ubuntu 24.04.3 LTS
2026-01-27T12:28:07.1806857Z  OSType: linux
2026-01-27T12:28:07.1807184Z  Architecture: x86_64
2026-01-27T12:28:07.1807478Z  CPUs: 4
2026-01-27T12:28:07.1807666Z  Total Memory: 15.62GiB
2026-01-27T12:28:07.1807878Z  Name: runnervmymu0l
2026-01-27T12:28:07.1808216Z  ID: 6d647f4b-a064-4489-8a08-7cb8635b8d79
2026-01-27T12:28:07.1808496Z  Docker Root Dir: /var/lib/docker
2026-01-27T12:28:07.1808731Z  Debug Mode: false
2026-01-27T12:28:07.1809072Z  Username: ***
2026-01-27T12:28:07.1809270Z  Experimental: false
2026-01-27T12:28:07.1809475Z  Insecure Registries:
2026-01-27T12:28:07.1809707Z   ::1/128
2026-01-27T12:28:07.1809881Z   127.0.0.0/8
2026-01-27T12:28:07.1810073Z  Live Restore Enabled: false
2026-01-27T12:28:07.1810228Z 
2026-01-27T12:28:07.1812082Z ##[endgroup]
2026-01-27T12:28:07.1812461Z ##[group]Proxy configuration
2026-01-27T12:28:07.1816371Z No proxy configuration found
2026-01-27T12:28:07.1816835Z ##[endgroup]
2026-01-27T12:28:07.2377084Z ##[group]Buildx version
2026-01-27T12:28:07.2398269Z [command]/usr/bin/docker buildx version
2026-01-27T12:28:07.2918370Z github.com/docker/buildx v0.30.1 9e66234aa13328a5e75b75aa5574e1ca6d6d9c01
2026-01-27T12:28:07.2952012Z ##[endgroup]
2026-01-27T12:28:07.2952413Z ##[group]Builder info
2026-01-27T12:28:07.3977174Z {
2026-01-27T12:28:07.3979022Z   "nodes": [
2026-01-27T12:28:07.3979381Z     {
2026-01-27T12:28:07.3979869Z       "name": "builder-a3d7eed4-2c83-46e9-8256-c12f688e0c1d0",
2026-01-27T12:28:07.3980548Z       "endpoint": "unix:///var/run/docker.sock",
2026-01-27T12:28:07.3981079Z       "status": "running",
2026-01-27T12:28:07.3982041Z       "buildkitd-flags": "--allow-insecure-entitlement security.insecure --allow-insecure-entitlement network.host",
2026-01-27T12:28:07.3982969Z       "buildkit": "v0.26.3",
2026-01-27T12:28:07.3984293Z       "platforms": "linux/amd64,linux/amd64/v2,linux/amd64/v3,linux/arm64,linux/riscv64,linux/ppc64le,linux/s390x,linux/386,linux/mips64le,linux/mips64,linux/loong64,linux/arm/v7,linux/arm/v6",
2026-01-27T12:28:07.3985665Z       "features": {
2026-01-27T12:28:07.3986446Z         "Automatically load images to the Docker Engine image store": true,
2026-01-27T12:28:07.3987089Z         "Cache export": true,
2026-01-27T12:28:07.3987512Z         "Direct push": true,
2026-01-27T12:28:07.3987945Z         "Docker exporter": true,
2026-01-27T12:28:07.3988395Z         "Multi-platform build": true,
2026-01-27T12:28:07.3988862Z         "OCI exporter": true
2026-01-27T12:28:07.3989247Z       },
2026-01-27T12:28:07.3989549Z       "labels": {
2026-01-27T12:28:07.3990018Z         "org.mobyproject.buildkit.worker.executor": "oci",
2026-01-27T12:28:07.3990752Z         "org.mobyproject.buildkit.worker.hostname": "91fa47b392a3",
2026-01-27T12:28:07.3991481Z         "org.mobyproject.buildkit.worker.network": "host",
2026-01-27T12:28:07.3992248Z         "org.mobyproject.buildkit.worker.oci.process-mode": "sandbox",
2026-01-27T12:28:07.3993048Z         "org.mobyproject.buildkit.worker.selinux.enabled": "false",
2026-01-27T12:28:07.3993849Z         "org.mobyproject.buildkit.worker.snapshotter": "overlayfs"
2026-01-27T12:28:07.3994486Z       },
2026-01-27T12:28:07.3994798Z       "gcPolicy": [
2026-01-27T12:28:07.3995557Z         {
2026-01-27T12:28:07.3996805Z           "all": false,
2026-01-27T12:28:07.3997218Z           "filter": [
2026-01-27T12:28:07.3997610Z             "type==source.local",
2026-01-27T12:28:07.3998095Z             "type==exec.cachemount",
2026-01-27T12:28:07.3998553Z             "type==source.git.checkout"
2026-01-27T12:28:07.3999005Z           ],
2026-01-27T12:28:07.3999655Z           "keepDuration": "48h0m0s"
2026-01-27T12:28:07.4000104Z         },
2026-01-27T12:28:07.4000417Z         {
2026-01-27T12:28:07.4000717Z           "all": false,
2026-01-27T12:28:07.4001086Z           "keepDuration": "1440h0m0s"
2026-01-27T12:28:07.4001522Z         },
2026-01-27T12:28:07.4001822Z         {
2026-01-27T12:28:07.4002127Z           "all": false
2026-01-27T12:28:07.4002476Z         },
2026-01-27T12:28:07.4002775Z         {
2026-01-27T12:28:07.4003076Z           "all": true
2026-01-27T12:28:07.4003427Z         }
2026-01-27T12:28:07.4003739Z       ]
2026-01-27T12:28:07.4004026Z     }
2026-01-27T12:28:07.4004333Z   ],
2026-01-27T12:28:07.4004758Z   "name": "builder-a3d7eed4-2c83-46e9-8256-c12f688e0c1d",
2026-01-27T12:28:07.4005352Z   "driver": "docker-container",
2026-01-27T12:28:07.4005829Z   "lastActivity": "2026-01-27T12:28:03.000Z"
2026-01-27T12:28:07.4006921Z }
2026-01-27T12:28:07.4007608Z ##[endgroup]
2026-01-27T12:28:07.5638650Z [command]/usr/bin/docker buildx build --cache-from type=gha --cache-to type=gha,mode=max --file ./frontend/Dockerfile --iidfile /home/runner/work/_temp/docker-actions-toolkit-eedkAH/build-iidfile-ba5fd81f38.txt --label org.opencontainers.image.created=2026-01-27T12:28:06.785Z --label org.opencontainers.image.description=A web application for AI-based question judging. --label org.opencontainers.image.licenses=MIT --label org.opencontainers.image.revision=27ec4e2e160bfcf97da2be74f1b1d16421e93d0d --label org.opencontainers.image.source=https://github.com/sst2020/ai-teaching-assistant --label org.opencontainers.image.title=ai-teaching-assistant --label org.opencontainers.image.url=https://github.com/sst2020/ai-teaching-assistant --label org.opencontainers.image.version=main --attest type=provenance,mode=max,builder-id=https://github.com/sst2020/ai-teaching-assistant/actions/runs/21397172644 --tag ***/ai-teaching-assistant-frontend:main --metadata-file /home/runner/work/_temp/docker-actions-toolkit-eedkAH/build-metadata-b371e912f7.json --push ./frontend
2026-01-27T12:28:07.9287937Z #0 building with "builder-a3d7eed4-2c83-46e9-8256-c12f688e0c1d" instance using docker-container driver
2026-01-27T12:28:07.9289254Z 
2026-01-27T12:28:07.9289554Z #1 [internal] load build definition from Dockerfile
2026-01-27T12:28:07.9290133Z #1 transferring dockerfile: 1.37kB done
2026-01-27T12:28:07.9290588Z #1 DONE 0.0s
2026-01-27T12:28:07.9290776Z 
2026-01-27T12:28:07.9291055Z #2 [auth] library/node:pull token for registry-1.docker.io
2026-01-27T12:28:07.9291506Z #2 DONE 0.0s
2026-01-27T12:28:07.9291657Z 
2026-01-27T12:28:07.9291861Z #3 [auth] library/nginx:pull token for registry-1.docker.io
2026-01-27T12:28:07.9292329Z #3 DONE 0.0s
2026-01-27T12:28:07.9292473Z 
2026-01-27T12:28:07.9292706Z #4 [internal] load metadata for docker.io/library/nginx:alpine
2026-01-27T12:28:08.0897041Z #4 DONE 0.4s
2026-01-27T12:28:08.0897336Z 
2026-01-27T12:28:08.0897761Z #5 [internal] load metadata for docker.io/library/node:18-alpine
2026-01-27T12:28:08.2167391Z #5 DONE 0.4s
2026-01-27T12:28:08.2167662Z 
2026-01-27T12:28:08.2167859Z #6 [internal] load .dockerignore
2026-01-27T12:28:08.2168307Z #6 transferring context: 2B done
2026-01-27T12:28:08.2168690Z #6 DONE 0.0s
2026-01-27T12:28:08.2168869Z 
2026-01-27T12:28:08.2168997Z #7 [internal] load build context
2026-01-27T12:28:08.2169244Z #7 DONE 0.0s
2026-01-27T12:28:08.2169390Z 
2026-01-27T12:28:08.2169981Z #8 [builder 1/6] FROM docker.io/library/node:18-alpine@sha256:8d6421d663b4c28fd3ebc498332f249011d118945588d0a35cb9bc4b8ca09d9e
2026-01-27T12:28:08.2171770Z #8 resolve docker.io/library/node:18-alpine@sha256:8d6421d663b4c28fd3ebc498332f249011d118945588d0a35cb9bc4b8ca09d9e done
2026-01-27T12:28:08.2172783Z #8 DONE 0.0s
2026-01-27T12:28:08.2172908Z 
2026-01-27T12:28:08.2173407Z #9 [stage-1 1/3] FROM docker.io/library/nginx:alpine@sha256:b0f7830b6bfaa1258f45d94c240ab668ced1b3651c8a222aefe6683447c7bf55
2026-01-27T12:28:08.2174397Z #9 resolve docker.io/library/nginx:alpine@sha256:b0f7830b6bfaa1258f45d94c240ab668ced1b3651c8a222aefe6683447c7bf55 done
2026-01-27T12:28:08.2175275Z #9 DONE 0.0s
2026-01-27T12:28:08.2175476Z 
2026-01-27T12:28:08.2175723Z #10 importing cache manifest from gha:802929828694451391
2026-01-27T12:28:08.2176385Z #10 DONE 0.1s
2026-01-27T12:28:08.3168739Z 
2026-01-27T12:28:08.3169257Z #7 [internal] load build context
2026-01-27T12:28:08.3170296Z #7 transferring context: 1.39MB 0.0s done
2026-01-27T12:28:08.3171380Z #7 DONE 0.1s
2026-01-27T12:28:08.3171562Z 
2026-01-27T12:28:08.3172472Z #8 [builder 1/6] FROM docker.io/library/node:18-alpine@sha256:8d6421d663b4c28fd3ebc498332f249011d118945588d0a35cb9bc4b8ca09d9e
2026-01-27T12:28:08.3173607Z #8 sha256:25ff2da83641908f65c3a74d80409d6b1b62ccfaab220b9ea70b80df5a2e0549 446B / 446B 0.1s done
2026-01-27T12:28:08.3174683Z #8 sha256:1e5a4c89cee5c0826c540ab06d4b6b491c96eda01837f430bd47f0d26702d6e3 1.26MB / 1.26MB 0.1s done
2026-01-27T12:28:08.4352951Z #8 sha256:f18232174bc91741fdf3da96d85011092101a032a93a388b79e99e69c2d5c870 3.64MB / 3.64MB 0.1s done
2026-01-27T12:28:08.4354143Z #8 extracting sha256:f18232174bc91741fdf3da96d85011092101a032a93a388b79e99e69c2d5c870
2026-01-27T12:28:08.4355288Z #8 sha256:dd71dde834b5c203d162902e6b8994cb2309ae049a0eabc4efea161b2b5a3d0e 9.44MB / 40.01MB 0.2s
2026-01-27T12:28:08.5600303Z #8 extracting sha256:f18232174bc91741fdf3da96d85011092101a032a93a388b79e99e69c2d5c870 0.1s done
2026-01-27T12:28:08.5607582Z #8 sha256:dd71dde834b5c203d162902e6b8994cb2309ae049a0eabc4efea161b2b5a3d0e 35.65MB / 40.01MB 0.3s
2026-01-27T12:28:08.7234663Z #8 ...
2026-01-27T12:28:08.7234928Z 
2026-01-27T12:28:08.7235672Z #9 [stage-1 1/3] FROM docker.io/library/nginx:alpine@sha256:b0f7830b6bfaa1258f45d94c240ab668ced1b3651c8a222aefe6683447c7bf55
2026-01-27T12:28:08.7237224Z #9 sha256:0abf9e5672665202e79f26f23ef5dbd12558e2ea51ac32807922ab76fdb24ab0 1.40kB / 1.40kB 0.0s done
2026-01-27T12:28:08.7238425Z #9 sha256:085c5e5aaa8eb4b957ecf253c74f16a6a5551231de3fb7c3ac74814a6bf17e06 1.21kB / 1.21kB 0.0s done
2026-01-27T12:28:08.7239585Z #9 sha256:33f95a0f3229b49e777082e801b882b13fcc5b4e389410ce8eb066f4d58c71b9 403B / 403B 0.0s done
2026-01-27T12:28:08.7240982Z #9 sha256:e096540205d5d1ab2c2647d716491020d81e3f167a33606665b193d75540857f 20.18MB / 20.18MB 0.1s done
2026-01-27T12:28:08.7242633Z #9 sha256:da7c973d8b92a1555060972c8849a332c93bfe2608c11faeee2098c4cfbe8c3d 953B / 953B 0.0s done
2026-01-27T12:28:08.7243749Z #9 sha256:567f84da6fbd4287d40a5837485469435c40a81f9a94e98395b6385d3600643a 626B / 626B 0.0s done
2026-01-27T12:28:08.7245161Z #9 sha256:25f453064fd3e8a9754b6e51b86c637e13203cbfc748fcf73f3c8b2d10816ae3 1.86MB / 1.86MB 0.1s done
2026-01-27T12:28:08.7246882Z #9 sha256:1074353eec0db2c1d81d5af2671e56e00cf5738486f5762609ea33d606f88612 3.86MB / 3.86MB 0.1s done
2026-01-27T12:28:08.7248413Z #9 extracting sha256:1074353eec0db2c1d81d5af2671e56e00cf5738486f5762609ea33d606f88612 0.1s done
2026-01-27T12:28:08.7249519Z #9 extracting sha256:25f453064fd3e8a9754b6e51b86c637e13203cbfc748fcf73f3c8b2d10816ae3 0.1s done
2026-01-27T12:28:08.7250285Z #9 DONE 0.5s
2026-01-27T12:28:08.7250471Z 
2026-01-27T12:28:08.7251108Z #8 [builder 1/6] FROM docker.io/library/node:18-alpine@sha256:8d6421d663b4c28fd3ebc498332f249011d118945588d0a35cb9bc4b8ca09d9e
2026-01-27T12:28:08.7252447Z #8 sha256:dd71dde834b5c203d162902e6b8994cb2309ae049a0eabc4efea161b2b5a3d0e 40.01MB / 40.01MB 0.3s done
2026-01-27T12:28:08.7253551Z #8 extracting sha256:dd71dde834b5c203d162902e6b8994cb2309ae049a0eabc4efea161b2b5a3d0e
2026-01-27T12:28:09.1341313Z #8 ...
2026-01-27T12:28:09.1341503Z 
2026-01-27T12:28:09.1342030Z #9 [stage-1 1/3] FROM docker.io/library/nginx:alpine@sha256:b0f7830b6bfaa1258f45d94c240ab668ced1b3651c8a222aefe6683447c7bf55
2026-01-27T12:28:09.1343143Z #9 extracting sha256:567f84da6fbd4287d40a5837485469435c40a81f9a94e98395b6385d3600643a done
2026-01-27T12:28:09.1343899Z #9 extracting sha256:da7c973d8b92a1555060972c8849a332c93bfe2608c11faeee2098c4cfbe8c3d done
2026-01-27T12:28:09.1344596Z #9 extracting sha256:33f95a0f3229b49e777082e801b882b13fcc5b4e389410ce8eb066f4d58c71b9 done
2026-01-27T12:28:09.1345189Z #9 extracting sha256:085c5e5aaa8eb4b957ecf253c74f16a6a5551231de3fb7c3ac74814a6bf17e06 done
2026-01-27T12:28:09.1346345Z #9 extracting sha256:0abf9e5672665202e79f26f23ef5dbd12558e2ea51ac32807922ab76fdb24ab0 done
2026-01-27T12:28:09.1346959Z #9 extracting sha256:e096540205d5d1ab2c2647d716491020d81e3f167a33606665b193d75540857f 0.4s done
2026-01-27T12:28:09.1347472Z #9 DONE 0.9s
2026-01-27T12:28:09.2846224Z 
2026-01-27T12:28:09.2847219Z #8 [builder 1/6] FROM docker.io/library/node:18-alpine@sha256:8d6421d663b4c28fd3ebc498332f249011d118945588d0a35cb9bc4b8ca09d9e
2026-01-27T12:28:09.5121817Z #8 extracting sha256:dd71dde834b5c203d162902e6b8994cb2309ae049a0eabc4efea161b2b5a3d0e 0.9s done
2026-01-27T12:28:09.5122636Z #8 DONE 1.3s
2026-01-27T12:28:09.6945560Z 
2026-01-27T12:28:09.6946867Z #8 [builder 1/6] FROM docker.io/library/node:18-alpine@sha256:8d6421d663b4c28fd3ebc498332f249011d118945588d0a35cb9bc4b8ca09d9e
2026-01-27T12:28:09.6948275Z #8 extracting sha256:1e5a4c89cee5c0826c540ab06d4b6b491c96eda01837f430bd47f0d26702d6e3 0.0s done
2026-01-27T12:28:09.6949133Z #8 extracting sha256:25ff2da83641908f65c3a74d80409d6b1b62ccfaab220b9ea70b80df5a2e0549 done
2026-01-27T12:28:09.6949737Z #8 DONE 1.3s
2026-01-27T12:28:09.6949880Z 
2026-01-27T12:28:09.6949993Z #11 [builder 2/6] WORKDIR /app
2026-01-27T12:28:09.8030624Z #11 DONE 0.3s
2026-01-27T12:28:09.9640872Z 
2026-01-27T12:28:09.9641517Z #12 [builder 3/6] COPY package*.json ./
2026-01-27T12:28:09.9642030Z #12 DONE 0.0s
2026-01-27T12:28:09.9642186Z 
2026-01-27T12:28:09.9642347Z #13 [builder 4/6] RUN npm ci --legacy-peer-deps
2026-01-27T12:28:14.3644661Z #13 4.551 npm warn deprecated workbox-google-analytics@6.6.0: It is not compatible with newer versions of GA starting with v4, as long as you are using GAv3 it should be ok, but the package is not longer being maintained
2026-01-27T12:28:14.5101731Z #13 4.697 npm warn deprecated workbox-cacheable-response@6.6.0: workbox-background-sync@6.6.0
2026-01-27T12:28:15.0702585Z #13 5.256 npm warn deprecated w3c-hr-time@1.0.2: Use your platform's native performance.now() and performance.timeOrigin.
2026-01-27T12:28:16.4251847Z #13 6.611 npm warn deprecated svgo@1.3.2: This SVGO version is no longer supported. Upgrade to v2.x.x.
2026-01-27T12:28:17.1109427Z #13 7.297 npm warn deprecated stable@0.1.8: Modern JS already guarantees Array#sort() is a stable sort, so this library is deprecated. See the compatibility table on MDN: https://developer.mozilla.org/en-US/docs/Web/JavaScript/Reference/Global_Objects/Array/sort#browser_compatibility
2026-01-27T12:28:17.3244474Z #13 7.360 npm warn deprecated sourcemap-codec@1.4.8: Please use @jridgewell/sourcemap-codec instead
2026-01-27T12:28:17.9890650Z #13 8.175 npm warn deprecated rollup-plugin-terser@7.0.2: This package has been deprecated and is no longer maintained. Please use @rollup/plugin-terser
2026-01-27T12:28:18.1448122Z #13 8.331 npm warn deprecated rimraf@3.0.2: Rimraf versions prior to v4 are no longer supported
2026-01-27T12:28:19.0015072Z #13 9.187 npm warn deprecated q@1.5.1: You or someone you depend on is using Q, the JavaScript Promise library that gave JavaScript developers strong feelings about promises. They can almost certainly migrate to the native JavaScript promise now. Thank you literally everyone for joining me in this bet against the odds. Be excellent to each other.
2026-01-27T12:28:19.0017826Z #13 9.187 npm warn deprecated
2026-01-27T12:28:19.0018620Z #13 9.187 npm warn deprecated (For a CapTP with native promises, see @endo/eventual-send and @endo/captp)
2026-01-27T12:28:25.5511390Z #13 15.74 npm warn deprecated inflight@1.0.6: This module is not supported, and leaks memory. Do not use it. Check out lru-cache if you want a good and tested way to coalesce async requests by a key value, which is much more comprehensive and powerful.
2026-01-27T12:28:26.9118407Z #13 17.10 npm warn deprecated glob@7.2.3: Glob versions prior to v9 are no longer supported
2026-01-27T12:28:28.6091486Z #13 18.80 npm warn deprecated eslint@8.57.1: This version is no longer supported. Please see https://eslint.org/version-support for other options.
2026-01-27T12:28:29.0353263Z #13 19.22 npm warn deprecated domexception@2.0.1: Use your platform's native DOMException instead
2026-01-27T12:28:32.2180331Z #13 22.40 npm warn deprecated abab@2.0.6: Use your platform's native atob() and btoa() methods instead
2026-01-27T12:28:34.6068888Z #13 24.79 npm warn deprecated @humanwhocodes/config-array@0.13.0: Use @eslint/config-array instead
2026-01-27T12:28:34.7609296Z #13 24.80 npm warn deprecated @humanwhocodes/object-schema@2.0.3: Use @eslint/object-schema instead
2026-01-27T12:28:36.7075042Z #13 26.89 npm warn deprecated @babel/plugin-proposal-private-methods@7.18.6: This proposal has been merged to the ECMAScript standard and thus this plugin is no longer maintained. Please use @babel/plugin-transform-private-methods instead.
2026-01-27T12:28:36.9161468Z #13 26.93 npm warn deprecated @babel/plugin-proposal-numeric-separator@7.18.6: This proposal has been merged to the ECMAScript standard and thus this plugin is no longer maintained. Please use @babel/plugin-transform-numeric-separator instead.
2026-01-27T12:28:36.9164111Z #13 26.94 npm warn deprecated @babel/plugin-proposal-nullish-coalescing-operator@7.18.6: This proposal has been merged to the ECMAScript standard and thus this plugin is no longer maintained. Please use @babel/plugin-transform-nullish-coalescing-operator instead.
2026-01-27T12:28:36.9166829Z #13 26.94 npm warn deprecated @babel/plugin-proposal-optional-chaining@7.21.0: This proposal has been merged to the ECMAScript standard and thus this plugin is no longer maintained. Please use @babel/plugin-transform-optional-chaining instead.
2026-01-27T12:28:36.9169208Z #13 26.95 npm warn deprecated @babel/plugin-proposal-class-properties@7.18.6: This proposal has been merged to the ECMAScript standard and thus this plugin is no longer maintained. Please use @babel/plugin-transform-class-properties instead.
2026-01-27T12:28:37.4174763Z #13 27.60 npm warn deprecated source-map@0.8.0-beta.0: The work that was done in this beta branch won't be included in future versions
2026-01-27T12:28:40.9048093Z #13 31.09 npm warn deprecated @babel/plugin-proposal-private-property-in-object@7.21.11: This proposal has been merged to the ECMAScript standard and thus this plugin is no longer maintained. Please use @babel/plugin-transform-private-property-in-object instead.
2026-01-27T12:28:42.5726728Z #13 32.76 
2026-01-27T12:28:42.5727320Z #13 32.76 added 1456 packages, and audited 1457 packages in 33s
2026-01-27T12:28:42.7390743Z #13 32.76 
2026-01-27T12:28:42.7391488Z #13 32.76 354 packages are looking for funding
2026-01-27T12:28:42.7398091Z #13 32.76   run `npm fund` for details
2026-01-27T12:28:42.7398570Z #13 32.77 
2026-01-27T12:28:42.7398927Z #13 32.77 13 vulnerabilities (4 moderate, 9 high)
2026-01-27T12:28:42.7399388Z #13 32.77 
2026-01-27T12:28:42.7399764Z #13 32.77 To address issues that do not require attention, run:
2026-01-27T12:28:42.7400285Z #13 32.77   npm audit fix
2026-01-27T12:28:42.7400618Z #13 32.77 
2026-01-27T12:28:42.7401133Z #13 32.77 To address all issues (including breaking changes), run:
2026-01-27T12:28:42.7401839Z #13 32.77   npm audit fix --force
2026-01-27T12:28:42.7402328Z #13 32.77 
2026-01-27T12:28:42.7402844Z #13 32.77 Run `npm audit` for details.
2026-01-27T12:28:42.7403371Z #13 32.78 npm notice
2026-01-27T12:28:42.7403981Z #13 32.78 npm notice New major version of npm available! 10.8.2 -> 11.8.0
2026-01-27T12:28:42.7404960Z #13 32.78 npm notice Changelog: https://github.com/npm/cli/releases/tag/v11.8.0
2026-01-27T12:28:42.7405767Z #13 32.78 npm notice To update run: npm install -g npm@11.8.0
2026-01-27T12:28:42.7432297Z #13 32.78 npm notice
2026-01-27T12:28:43.4976773Z #13 DONE 33.7s
2026-01-27T12:28:43.6486178Z 
2026-01-27T12:28:43.6486527Z #14 [builder 5/6] COPY . .
2026-01-27T12:28:43.9102553Z #14 DONE 0.4s
2026-01-27T12:28:44.0613849Z 
2026-01-27T12:28:44.0614308Z #15 [builder 6/6] RUN npm run build
2026-01-27T12:28:44.1255050Z #15 0.214 
2026-01-27T12:28:44.1255590Z #15 0.214 > ai-teaching-assistant-frontend@0.1.0 build
2026-01-27T12:28:44.1256832Z #15 0.214 > react-scripts build
2026-01-27T12:28:44.1257240Z #15 0.214 
2026-01-27T12:28:45.4609025Z #15 1.550 Creating an optimized production build...
2026-01-27T12:29:14.7170430Z #15 30.80 Compiled with warnings.
2026-01-27T12:29:14.7171980Z #15 30.80 
2026-01-27T12:29:14.9162246Z #15 30.81 [eslint] 
2026-01-27T12:29:14.9162739Z #15 30.81 src/App.tsx
2026-01-27T12:29:14.9163525Z #15 30.81   Line 7:10:  'Dashboard' is defined but never used  @typescript-eslint/no-unused-vars
2026-01-27T12:29:14.9164435Z #15 30.81 
2026-01-27T12:29:14.9164841Z #15 30.81 src/contexts/ThemeContext.tsx
2026-01-27T12:29:14.9166514Z #15 30.81   Line 84:6:  React Hook useEffect has missing dependencies: 'applyTheme' and 'theme'. Either include them or remove the dependency array  react-hooks/exhaustive-deps
2026-01-27T12:29:14.9167915Z #15 30.81 
2026-01-27T12:29:14.9168394Z #15 30.81 Search for the keywords to learn more about each warning.
2026-01-27T12:29:14.9169225Z #15 30.81 To ignore, add // eslint-disable-next-line to the line before.
2026-01-27T12:29:14.9169758Z #15 30.81 
2026-01-27T12:29:14.9170030Z #15 30.81 File sizes after gzip:
2026-01-27T12:29:14.9170313Z #15 30.81 
2026-01-27T12:29:14.9170618Z #15 30.85   428.7 kB  build/static/js/main.a086abdb.js
2026-01-27T12:29:14.9171104Z #15 30.85   22.26 kB  build/static/css/main.0ff02bf3.css
2026-01-27T12:29:14.9171508Z #15 30.85 
2026-01-27T12:29:14.9171842Z #15 30.85 The project was built assuming it is hosted at /.
2026-01-27T12:29:14.9172411Z #15 30.85 You can control this with the homepage field in your package.json.
2026-01-27T12:29:14.9172911Z #15 30.85 
2026-01-27T12:29:14.9173219Z #15 30.85 The build folder is ready to be deployed.
2026-01-27T12:29:14.9173649Z #15 30.85 You may serve it with a static server:
2026-01-27T12:29:14.9174046Z #15 30.85 
2026-01-27T12:29:14.9174301Z #15 30.86   npm install -g serve
2026-01-27T12:29:14.9174646Z #15 30.86   serve -s build
2026-01-27T12:29:14.9174951Z #15 30.86 
2026-01-27T12:29:14.9175246Z #15 30.86 Find out more about deployment here:
2026-01-27T12:29:14.9175629Z #15 30.86 
2026-01-27T12:29:14.9176148Z #15 30.86   https://cra.link/deployment
2026-01-27T12:29:14.9176501Z #15 30.86 
2026-01-27T12:29:15.3193719Z #15 DONE 31.4s
2026-01-27T12:29:16.0685135Z 
2026-01-27T12:29:16.0686525Z #16 [stage-1 2/3] COPY --from=builder /app/build /usr/share/nginx/html
2026-01-27T12:29:16.2944526Z #16 DONE 0.0s
2026-01-27T12:29:16.2944868Z 
2026-01-27T12:29:16.2948346Z #17 [stage-1 3/3] RUN echo 'server {     listen 80;     server_name localhost;     root /usr/share/nginx/html;     index index.html;     location / {         try_files $uri $uri/ /index.html;     }     location /api {         proxy_pass http://backend:8000;         proxy_http_version 1.1;         proxy_set_header Upgrade $http_upgrade;         proxy_set_header Connection "upgrade";         proxy_set_header Host $host;         proxy_set_header X-Real-IP $remote_addr;         proxy_set_header X-Forwarded-For $proxy_add_x_forwarded_for;         proxy_set_header X-Forwarded-Proto $scheme;     } }' > /etc/nginx/conf.d/default.conf
2026-01-27T12:29:16.2951293Z #17 DONE 0.1s
2026-01-27T12:29:16.2951440Z 
2026-01-27T12:29:16.2951545Z #18 exporting to image
2026-01-27T12:29:16.2951818Z #18 exporting layers
2026-01-27T12:29:16.3900698Z #18 exporting layers 0.2s done
2026-01-27T12:29:16.6015476Z #18 ...
2026-01-27T12:29:16.6015757Z 
2026-01-27T12:29:16.6016752Z #19 [auth] ***/ai-teaching-assistant-frontend:pull,push token for registry-1.docker.io
2026-01-27T12:29:16.6017722Z #19 DONE 0.0s
2026-01-27T12:29:16.6017938Z 
2026-01-27T12:29:16.6018109Z #18 exporting to image
2026-01-27T12:29:16.6019369Z #18 exporting manifest sha256:a389892575a1f6bd51c83914dc8c3fbc738ce8a37d2737c7cfe0a07d45d7156f done
2026-01-27T12:29:16.6020283Z #18 exporting config sha256:b95f315e938b8ab28eb255ad33efbcd8f943d44a88e39fa7ff32687a01b426e7 done
2026-01-27T12:29:16.6021221Z #18 exporting attestation manifest sha256:6f5417ae4808e0ebf3a8fa9e340edf5e3ef1dcb91c0196a0e8d5355c9c62982b done
2026-01-27T12:29:16.6022172Z #18 exporting manifest list sha256:d1fd3639da3112206015e80c857d9632eb1eb4a2493b9ffbd513673a0705193c done
2026-01-27T12:29:16.6023218Z #18 pushing layers
2026-01-27T12:29:17.6241693Z #18 pushing layers 1.2s done
2026-01-27T12:29:17.6242809Z #18 pushing manifest for docker.io/***/ai-teaching-assistant-frontend:main@sha256:d1fd3639da3112206015e80c857d9632eb1eb4a2493b9ffbd513673a0705193c
2026-01-27T12:29:20.1431862Z #18 pushing manifest for docker.io/***/ai-teaching-assistant-frontend:main@sha256:d1fd3639da3112206015e80c857d9632eb1eb4a2493b9ffbd513673a0705193c 2.5s done
2026-01-27T12:29:20.1433369Z #18 DONE 4.0s
2026-01-27T12:29:20.1433642Z 
2026-01-27T12:29:20.1433839Z #20 exporting to GitHub Actions Cache
2026-01-27T12:29:20.1434386Z #20 preparing build cache for export
2026-01-27T12:29:33.0439878Z #20 writing layer sha256:1fcf97a3f1a028388df3f71cfc2517f7d520d0216d7ae591140f43c6b05e8f5e
2026-01-27T12:29:39.0809931Z #20 writing layer sha256:1fcf97a3f1a028388df3f71cfc2517f7d520d0216d7ae591140f43c6b05e8f5e 6.0s done
2026-01-27T12:29:39.1984366Z #20 writing layer sha256:6331ce36f219f13845c793fd7e8c4f36bd2cb91028c066616b8a2a0f5397aee7
2026-01-27T12:29:39.5088280Z #20 writing layer sha256:6331ce36f219f13845c793fd7e8c4f36bd2cb91028c066616b8a2a0f5397aee7 0.3s done
2026-01-27T12:29:39.6780103Z #20 writing layer sha256:a0178f049ba944d3fc435138c1ed2cfdc52c801b05849ec3bb25625d2bb679f6
2026-01-27T12:29:39.6947790Z #20 writing layer sha256:a0178f049ba944d3fc435138c1ed2cfdc52c801b05849ec3bb25625d2bb679f6 0.2s done
2026-01-27T12:29:39.8676233Z #20 writing layer sha256:a986c74fcbfba81931b10b59aa4612ec45d4a050cf2f01336c0187819550275a
2026-01-27T12:29:39.8871816Z #20 writing layer sha256:a986c74fcbfba81931b10b59aa4612ec45d4a050cf2f01336c0187819550275a 0.2s done
2026-01-27T12:29:40.0372376Z #20 writing layer sha256:b03e0d2ddea1b46d164dfce237a8fce3ba267826619d19cd310c4a128a1790f2 0.1s done
2026-01-27T12:29:40.2018898Z #20 writing layer sha256:b0f1d029aec501852a5e2ca93b8713f9189c129960635c151c7706e7287d15b3
2026-01-27T12:29:40.2020560Z #20 writing layer sha256:b0f1d029aec501852a5e2ca93b8713f9189c129960635c151c7706e7287d15b3 0.2s done
2026-01-27T12:29:40.4400464Z #20 writing layer sha256:e5a1c8aad3b75cfc776b5e08e5205f706a80750c1f369c7d82ee10cda707fc06
2026-01-27T12:29:40.7460956Z #20 writing layer sha256:e5a1c8aad3b75cfc776b5e08e5205f706a80750c1f369c7d82ee10cda707fc06 0.5s done
2026-01-27T12:29:40.9672488Z #20 preparing build cache for export 20.8s done
2026-01-27T12:29:40.9673169Z #20 DONE 20.8s
2026-01-27T12:29:40.9948298Z 
2026-01-27T12:29:40.9948796Z #21 resolving provenance for metadata file
2026-01-27T12:29:40.9949342Z #21 DONE 0.0s
2026-01-27T12:29:41.0039795Z ##[group]ImageID
2026-01-27T12:29:41.0040179Z sha256:d1fd3639da3112206015e80c857d9632eb1eb4a2493b9ffbd513673a0705193c
2026-01-27T12:29:41.0041314Z ##[endgroup]
2026-01-27T12:29:41.0041838Z ##[group]Digest
2026-01-27T12:29:41.0042350Z sha256:d1fd3639da3112206015e80c857d9632eb1eb4a2493b9ffbd513673a0705193c
2026-01-27T12:29:41.0043176Z ##[endgroup]
2026-01-27T12:29:41.0043687Z ##[group]Metadata
2026-01-27T12:29:41.0044546Z {
2026-01-27T12:29:41.0044864Z   "buildx.build.provenance": {
2026-01-27T12:29:41.0045299Z     "builder": {
2026-01-27T12:29:41.0046544Z       "id": "https://github.com/sst2020/ai-teaching-assistant/actions/runs/21397172644"
2026-01-27T12:29:41.0047232Z     },
2026-01-27T12:29:41.0047644Z     "buildType": "https://mobyproject.org/buildkit@v1",
2026-01-27T12:29:41.0048162Z     "materials": [
2026-01-27T12:29:41.0048473Z       {
2026-01-27T12:29:41.0048901Z         "uri": "pkg:docker/nginx@alpine?platform=linux%2Famd64",
2026-01-27T12:29:41.0049248Z         "digest": {
2026-01-27T12:29:41.0049802Z           "sha256": "b0f7830b6bfaa1258f45d94c240ab668ced1b3651c8a222aefe6683447c7bf55"
2026-01-27T12:29:41.0050198Z         }
2026-01-27T12:29:41.0050370Z       },
2026-01-27T12:29:41.0050534Z       {
2026-01-27T12:29:41.0050780Z         "uri": "pkg:docker/node@18-alpine?platform=linux%2Famd64",
2026-01-27T12:29:41.0051098Z         "digest": {
2026-01-27T12:29:41.0051416Z           "sha256": "8d6421d663b4c28fd3ebc498332f249011d118945588d0a35cb9bc4b8ca09d9e"
2026-01-27T12:29:41.0051950Z         }
2026-01-27T12:29:41.0052117Z       }
2026-01-27T12:29:41.0052272Z     ],
2026-01-27T12:29:41.0052441Z     "invocation": {
2026-01-27T12:29:41.0052640Z       "configSource": {
2026-01-27T12:29:41.0052864Z         "entryPoint": "Dockerfile"
2026-01-27T12:29:41.0053096Z       },
2026-01-27T12:29:41.0053267Z       "parameters": {
2026-01-27T12:29:41.0053484Z         "frontend": "dockerfile.v0",
2026-01-27T12:29:41.0053722Z         "args": {
2026-01-27T12:29:41.0054038Z           "label:org.opencontainers.image.created": "2026-01-27T12:28:06.785Z",
2026-01-27T12:29:41.0054613Z           "label:org.opencontainers.image.description": "A web application for AI-based question judging.",
2026-01-27T12:29:41.0055145Z           "label:org.opencontainers.image.licenses": "MIT",
2026-01-27T12:29:41.0055614Z           "label:org.opencontainers.image.revision": "27ec4e2e160bfcf97da2be74f1b1d16421e93d0d",
2026-01-27T12:29:41.0056724Z           "label:org.opencontainers.image.source": "https://github.com/sst2020/ai-teaching-assistant",
2026-01-27T12:29:41.0057321Z           "label:org.opencontainers.image.title": "ai-teaching-assistant",
2026-01-27T12:29:41.0057838Z           "label:org.opencontainers.image.url": "https://github.com/sst2020/ai-teaching-assistant",
2026-01-27T12:29:41.0058317Z           "label:org.opencontainers.image.version": "main"
2026-01-27T12:29:41.0058611Z         },
2026-01-27T12:29:41.0058776Z         "locals": [
2026-01-27T12:29:41.0058964Z           {
2026-01-27T12:29:41.0059142Z             "name": "context"
2026-01-27T12:29:41.0059361Z           },
2026-01-27T12:29:41.0059532Z           {
2026-01-27T12:29:41.0059706Z             "name": "dockerfile"
2026-01-27T12:29:41.0059924Z           }
2026-01-27T12:29:41.0060087Z         ]
2026-01-27T12:29:41.0060250Z       },
2026-01-27T12:29:41.0060424Z       "environment": {
2026-01-27T12:29:41.0060630Z         "github_actor": "sst2020",
2026-01-27T12:29:41.0060881Z         "github_actor_id": "77180679",
2026-01-27T12:29:41.0061130Z         "github_event_name": "push",
2026-01-27T12:29:41.0061383Z         "github_event_payload": {
2026-01-27T12:29:41.0061679Z           "after": "27ec4e2e160bfcf97da2be74f1b1d16421e93d0d",
2026-01-27T12:29:41.0061982Z           "base_ref": null,
2026-01-27T12:29:41.0062255Z           "before": "200d57cab5dd3c9928d3c8ed2b1bae0c6f6824b0",
2026-01-27T12:29:41.0062558Z           "commits": [
2026-01-27T12:29:41.0062754Z             {
2026-01-27T12:29:41.0062940Z               "author": {
2026-01-27T12:29:41.0063176Z                 "email": "2024040340@buct.edu.cn",
2026-01-27T12:29:41.0063441Z                 "name": "sst2020",
2026-01-27T12:29:41.0063683Z                 "username": "sst2020"
2026-01-27T12:29:41.0063915Z               },
2026-01-27T12:29:41.0064112Z               "committer": {
2026-01-27T12:29:41.0064354Z                 "email": "2024040340@buct.edu.cn",
2026-01-27T12:29:41.0064617Z                 "name": "sst2020",
2026-01-27T12:29:41.0064860Z                 "username": "sst2020"
2026-01-27T12:29:41.0065083Z               },
2026-01-27T12:29:41.0065359Z               "distinct": true,
2026-01-27T12:29:41.0065634Z               "id": "27ec4e2e160bfcf97da2be74f1b1d16421e93d0d",
2026-01-27T12:29:41.0066576Z               "message": "update ci.yml",
2026-01-27T12:29:41.0066874Z               "timestamp": "2026-01-27T20:27:37+08:00",
2026-01-27T12:29:41.0067208Z               "tree_id": "1432b08cdde6eac106099f47e3c7a63132003b8d",
2026-01-27T12:29:41.0067913Z               "url": "https://github.com/sst2020/ai-teaching-assistant/commit/27ec4e2e160bfcf97da2be74f1b1d16421e93d0d"
2026-01-27T12:29:41.0068406Z             }
2026-01-27T12:29:41.0068579Z           ],
2026-01-27T12:29:41.0068961Z           "compare": "https://github.com/sst2020/ai-teaching-assistant/compare/200d57cab5dd...27ec4e2e160b",
2026-01-27T12:29:41.0069416Z           "created": false,
2026-01-27T12:29:41.0069634Z           "deleted": false,
2026-01-27T12:29:41.0069972Z           "forced": false,
2026-01-27T12:29:41.0070181Z           "head_commit": {
2026-01-27T12:29:41.0070383Z             "author": {
2026-01-27T12:29:41.0070601Z               "email": "2024040340@buct.edu.cn",
2026-01-27T12:29:41.0070859Z               "name": "sst2020",
2026-01-27T12:29:41.0071083Z               "username": "sst2020"
2026-01-27T12:29:41.0071306Z             },
2026-01-27T12:29:41.0071490Z             "committer": {
2026-01-27T12:29:41.0071708Z               "email": "2024040340@buct.edu.cn",
2026-01-27T12:29:41.0071959Z               "name": "sst2020",
2026-01-27T12:29:41.0072185Z               "username": "sst2020"
2026-01-27T12:29:41.0072405Z             },
2026-01-27T12:29:41.0072589Z             "distinct": true,
2026-01-27T12:29:41.0072853Z             "id": "27ec4e2e160bfcf97da2be74f1b1d16421e93d0d",
2026-01-27T12:29:41.0073155Z             "message": "update ci.yml",
2026-01-27T12:29:41.0073431Z             "timestamp": "2026-01-27T20:27:37+08:00",
2026-01-27T12:29:41.0073748Z             "tree_id": "1432b08cdde6eac106099f47e3c7a63132003b8d",
2026-01-27T12:29:41.0074280Z             "url": "https://github.com/sst2020/ai-teaching-assistant/commit/27ec4e2e160bfcf97da2be74f1b1d16421e93d0d"
2026-01-27T12:29:41.0074752Z           },
2026-01-27T12:29:41.0074930Z           "pusher": {
2026-01-27T12:29:41.0075187Z             "email": "77180679+sst2020@users.noreply.github.com",
2026-01-27T12:29:41.0075489Z             "name": "sst2020"
2026-01-27T12:29:41.0075692Z           },
2026-01-27T12:29:41.0076090Z           "ref": "refs/heads/main",
2026-01-27T12:29:41.0076390Z           "repository": {
2026-01-27T12:29:41.0076618Z             "allow_forking": true,
2026-01-27T12:29:41.0077072Z             "archive_url": "https://api.github.com/repos/sst2020/ai-teaching-assistant/{archive_format}{/ref}",
2026-01-27T12:29:41.0077533Z             "archived": false,
2026-01-27T12:29:41.0077954Z             "assignees_url": "https://api.github.com/repos/sst2020/ai-teaching-assistant/assignees{/user}",
2026-01-27T12:29:41.0078571Z             "blobs_url": "https://api.github.com/repos/sst2020/ai-teaching-assistant/git/blobs{/sha}",
2026-01-27T12:29:41.0079178Z             "branches_url": "https://api.github.com/repos/sst2020/ai-teaching-assistant/branches{/branch}",
2026-01-27T12:29:41.0079719Z             "clone_url": "https://github.com/sst2020/ai-teaching-assistant.git",
2026-01-27T12:29:41.0080681Z             "collaborators_url": "https://api.github.com/repos/sst2020/ai-teaching-assistant/collaborators{/collaborator}",
2026-01-27T12:29:41.0081609Z             "comments_url": "https://api.github.com/repos/sst2020/ai-teaching-assistant/comments{/number}",
2026-01-27T12:29:41.0082215Z             "commits_url": "https://api.github.com/repos/sst2020/ai-teaching-assistant/commits{/sha}",
2026-01-27T12:29:41.0082833Z             "compare_url": "https://api.github.com/repos/sst2020/ai-teaching-assistant/compare/{base}...{head}",
2026-01-27T12:29:41.0083465Z             "contents_url": "https://api.github.com/repos/sst2020/ai-teaching-assistant/contents/{+path}",
2026-01-27T12:29:41.0084085Z             "contributors_url": "https://api.github.com/repos/sst2020/ai-teaching-assistant/contributors",
2026-01-27T12:29:41.0084531Z             "created_at": 1764340901,
2026-01-27T12:29:41.0084779Z             "default_branch": "main",
2026-01-27T12:29:41.0085193Z             "deployments_url": "https://api.github.com/repos/sst2020/ai-teaching-assistant/deployments",
2026-01-27T12:29:41.0085717Z             "description": "A web application for AI-based question judging.",
2026-01-27T12:29:41.0086490Z             "disabled": false,
2026-01-27T12:29:41.0086901Z             "downloads_url": "https://api.github.com/repos/sst2020/ai-teaching-assistant/downloads",
2026-01-27T12:29:41.0087461Z             "events_url": "https://api.github.com/repos/sst2020/ai-teaching-assistant/events",
2026-01-27T12:29:41.0087880Z             "fork": false,
2026-01-27T12:29:41.0088234Z             "forks": 1,
2026-01-27T12:29:41.0088822Z             "forks_count": 1,
2026-01-27T12:29:41.0089321Z             "forks_url": "https://api.github.com/repos/sst2020/ai-teaching-assistant/forks",
2026-01-27T12:29:41.0089782Z             "full_name": "sst2020/ai-teaching-assistant",
2026-01-27T12:29:41.0090273Z             "git_commits_url": "https://api.github.com/repos/sst2020/ai-teaching-assistant/git/commits{/sha}",
2026-01-27T12:29:41.0090894Z             "git_refs_url": "https://api.github.com/repos/sst2020/ai-teaching-assistant/git/refs{/sha}",
2026-01-27T12:29:41.0091490Z             "git_tags_url": "https://api.github.com/repos/sst2020/ai-teaching-assistant/git/tags{/sha}",
2026-01-27T12:29:41.0091991Z             "git_url": "git://github.com/sst2020/ai-teaching-assistant.git",
2026-01-27T12:29:41.0092346Z             "has_discussions": false,
2026-01-27T12:29:41.0092592Z             "has_downloads": true,
2026-01-27T12:29:41.0092829Z             "has_issues": true,
2026-01-27T12:29:41.0093054Z             "has_pages": false,
2026-01-27T12:29:41.0093289Z             "has_projects": true,
2026-01-27T12:29:41.0093514Z             "has_wiki": true,
2026-01-27T12:29:41.0093734Z             "homepage": null,
2026-01-27T12:29:41.0094088Z             "hooks_url": "https://api.github.com/repos/sst2020/ai-teaching-assistant/hooks",
2026-01-27T12:29:41.0094570Z             "html_url": "https://github.com/sst2020/ai-teaching-assistant",
2026-01-27T12:29:41.0094904Z             "id": 1106045712,
2026-01-27T12:29:41.0095118Z             "is_template": false,
2026-01-27T12:29:41.0095579Z             "issue_comment_url": "https://api.github.com/repos/sst2020/ai-teaching-assistant/issues/comments{/number}",
2026-01-27T12:29:41.0096570Z             "issue_events_url": "https://api.github.com/repos/sst2020/ai-teaching-assistant/issues/events{/number}",
2026-01-27T12:29:41.0097209Z             "issues_url": "https://api.github.com/repos/sst2020/ai-teaching-assistant/issues{/number}",
2026-01-27T12:29:41.0097791Z             "keys_url": "https://api.github.com/repos/sst2020/ai-teaching-assistant/keys{/key_id}",
2026-01-27T12:29:41.0098366Z             "labels_url": "https://api.github.com/repos/sst2020/ai-teaching-assistant/labels{/name}",
2026-01-27T12:29:41.0098784Z             "language": "Python",
2026-01-27T12:29:41.0099179Z             "languages_url": "https://api.github.com/repos/sst2020/ai-teaching-assistant/languages",
2026-01-27T12:29:41.0099594Z             "license": {
2026-01-27T12:29:41.0099801Z               "key": "mit",
2026-01-27T12:29:41.0100020Z               "name": "MIT License",
2026-01-27T12:29:41.0100281Z               "node_id": "MDc6TGljZW5zZTEz",
2026-01-27T12:29:41.0100535Z               "spdx_id": "MIT",
2026-01-27T12:29:41.0100796Z               "url": "https://api.github.com/licenses/mit"
2026-01-27T12:29:41.0101073Z             },
2026-01-27T12:29:41.0101263Z             "master_branch": "main",
2026-01-27T12:29:41.0101642Z             "merges_url": "https://api.github.com/repos/sst2020/ai-teaching-assistant/merges",
2026-01-27T12:29:41.0102249Z             "milestones_url": "https://api.github.com/repos/sst2020/ai-teaching-assistant/milestones{/number}",
2026-01-27T12:29:41.0102702Z             "mirror_url": null,
2026-01-27T12:29:41.0102938Z             "name": "ai-teaching-assistant",
2026-01-27T12:29:41.0103202Z             "node_id": "R_kgDOQezrEA",
2026-01-27T12:29:41.0103739Z             "notifications_url": "https://api.github.com/repos/sst2020/ai-teaching-assistant/notifications{?since,all,participating}",
2026-01-27T12:29:41.0104287Z             "open_issues": 1,
2026-01-27T12:29:41.0104515Z             "open_issues_count": 1,
2026-01-27T12:29:41.0104914Z             "owner": {
2026-01-27T12:29:41.0105247Z               "avatar_url": "https://avatars.githubusercontent.com/u/77180679?v=4",
2026-01-27T12:29:41.0105672Z               "email": "77180679+sst2020@users.noreply.github.com",
2026-01-27T12:29:41.0106335Z               "events_url": "https://api.github.com/users/sst2020/events{/privacy}",
2026-01-27T12:29:41.0107013Z               "followers_url": "https://api.github.com/users/sst2020/followers",
2026-01-27T12:29:41.0107559Z               "following_url": "https://api.github.com/users/sst2020/following{/other_user}",
2026-01-27T12:29:41.0108378Z               "gists_url": "https://api.github.com/users/sst2020/gists{/gist_id}",
2026-01-27T12:29:41.0108964Z               "gravatar_id": "",
2026-01-27T12:29:41.0109328Z               "html_url": "https://github.com/sst2020",
2026-01-27T12:29:41.0109611Z               "id": 77180679,
2026-01-27T12:29:41.0109837Z               "login": "sst2020",
2026-01-27T12:29:41.0110073Z               "name": "sst2020",
2026-01-27T12:29:41.0110317Z               "node_id": "MDQ6VXNlcjc3MTgwNjc5",
2026-01-27T12:29:41.0110682Z               "organizations_url": "https://api.github.com/users/sst2020/orgs",
2026-01-27T12:29:41.0111169Z               "received_events_url": "https://api.github.com/users/sst2020/received_events",
2026-01-27T12:29:41.0111637Z               "repos_url": "https://api.github.com/users/sst2020/repos",
2026-01-27T12:29:41.0111967Z               "site_admin": false,
2026-01-27T12:29:41.0112330Z               "starred_url": "https://api.github.com/users/sst2020/starred{/owner}{/repo}",
2026-01-27T12:29:41.0112830Z               "subscriptions_url": "https://api.github.com/users/sst2020/subscriptions",
2026-01-27T12:29:41.0113199Z               "type": "User",
2026-01-27T12:29:41.0113467Z               "url": "https://api.github.com/users/sst2020",
2026-01-27T12:29:41.0113769Z               "user_view_type": "public"
2026-01-27T12:29:41.0114007Z             },
2026-01-27T12:29:41.0114197Z             "private": false,
2026-01-27T12:29:41.0114582Z             "pulls_url": "https://api.github.com/repos/sst2020/ai-teaching-assistant/pulls{/number}",
2026-01-27T12:29:41.0115017Z             "pushed_at": 1769516867,
2026-01-27T12:29:41.0115428Z             "releases_url": "https://api.github.com/repos/sst2020/ai-teaching-assistant/releases{/id}",
2026-01-27T12:29:41.0116027Z             "size": 5879,
2026-01-27T12:29:41.0116386Z             "ssh_url": "git@github.com:sst2020/ai-teaching-assistant.git",
2026-01-27T12:29:41.0116715Z             "stargazers": 0,
2026-01-27T12:29:41.0116933Z             "stargazers_count": 0,
2026-01-27T12:29:41.0117340Z             "stargazers_url": "https://api.github.com/repos/sst2020/ai-teaching-assistant/stargazers",
2026-01-27T12:29:41.0117936Z             "statuses_url": "https://api.github.com/repos/sst2020/ai-teaching-assistant/statuses/{sha}",
2026-01-27T12:29:41.0118544Z             "subscribers_url": "https://api.github.com/repos/sst2020/ai-teaching-assistant/subscribers",
2026-01-27T12:29:41.0119155Z             "subscription_url": "https://api.github.com/repos/sst2020/ai-teaching-assistant/subscription",
2026-01-27T12:29:41.0119668Z             "svn_url": "https://github.com/sst2020/ai-teaching-assistant",
2026-01-27T12:29:41.0120123Z             "tags_url": "https://api.github.com/repos/sst2020/ai-teaching-assistant/tags",
2026-01-27T12:29:41.0120636Z             "teams_url": "https://api.github.com/repos/sst2020/ai-teaching-assistant/teams",
2026-01-27T12:29:41.0121023Z             "topics": [],
2026-01-27T12:29:41.0121399Z             "trees_url": "https://api.github.com/repos/sst2020/ai-teaching-assistant/git/trees{/sha}",
2026-01-27T12:29:41.0121838Z             "updated_at": "2026-01-27T12:01:56Z",
2026-01-27T12:29:41.0122194Z             "url": "https://api.github.com/repos/sst2020/ai-teaching-assistant",
2026-01-27T12:29:41.0122550Z             "visibility": "public",
2026-01-27T12:29:41.0122783Z             "watchers": 0,
2026-01-27T12:29:41.0123148Z             "watchers_count": 0,
2026-01-27T12:29:41.0123408Z             "web_commit_signoff_required": false
2026-01-27T12:29:41.0123665Z           },
2026-01-27T12:29:41.0123841Z           "sender": {
2026-01-27T12:29:41.0124144Z             "avatar_url": "https://avatars.githubusercontent.com/u/77180679?v=4",
2026-01-27T12:29:41.0124610Z             "events_url": "https://api.github.com/users/sst2020/events{/privacy}",
2026-01-27T12:29:41.0125205Z             "followers_url": "https://api.github.com/users/sst2020/followers",
2026-01-27T12:29:41.0125680Z             "following_url": "https://api.github.com/users/sst2020/following{/other_user}",
2026-01-27T12:29:41.0126334Z             "gists_url": "https://api.github.com/users/sst2020/gists{/gist_id}",
2026-01-27T12:29:41.0126681Z             "gravatar_id": "",
2026-01-27T12:29:41.0126936Z             "html_url": "https://github.com/sst2020",
2026-01-27T12:29:41.0127202Z             "id": 77180679,
2026-01-27T12:29:41.0127423Z             "login": "sst2020",
2026-01-27T12:29:41.0127668Z             "node_id": "MDQ6VXNlcjc3MTgwNjc5",
2026-01-27T12:29:41.0128018Z             "organizations_url": "https://api.github.com/users/sst2020/orgs",
2026-01-27T12:29:41.0128493Z             "received_events_url": "https://api.github.com/users/sst2020/received_events",
2026-01-27T12:29:41.0128944Z             "repos_url": "https://api.github.com/users/sst2020/repos",
2026-01-27T12:29:41.0129268Z             "site_admin": false,
2026-01-27T12:29:41.0129625Z             "starred_url": "https://api.github.com/users/sst2020/starred{/owner}{/repo}",
2026-01-27T12:29:41.0130118Z             "subscriptions_url": "https://api.github.com/users/sst2020/subscriptions",
2026-01-27T12:29:41.0130491Z             "type": "User",
2026-01-27T12:29:41.0130749Z             "url": "https://api.github.com/users/sst2020",
2026-01-27T12:29:41.0131039Z             "user_view_type": "public"
2026-01-27T12:29:41.0131274Z           }
2026-01-27T12:29:41.0131451Z         },
2026-01-27T12:29:41.0131643Z         "github_job": "docker-build",
2026-01-27T12:29:41.0131897Z         "github_ref": "refs/heads/main",
2026-01-27T12:29:41.0132150Z         "github_ref_name": "main",
2026-01-27T12:29:41.0132396Z         "github_ref_protected": "false",
2026-01-27T12:29:41.0132641Z         "github_ref_type": "branch",
2026-01-27T12:29:41.0132941Z         "github_repository": "sst2020/ai-teaching-assistant",
2026-01-27T12:29:41.0133266Z         "github_repository_id": "1106045712",
2026-01-27T12:29:41.0133538Z         "github_repository_owner": "sst2020",
2026-01-27T12:29:41.0133816Z         "github_repository_owner_id": "77180679",
2026-01-27T12:29:41.0134084Z         "github_run_attempt": "1",
2026-01-27T12:29:41.0134324Z         "github_run_id": "21397172644",
2026-01-27T12:29:41.0134566Z         "github_run_number": "22",
2026-01-27T12:29:41.0134837Z         "github_runner_arch": "X64",
2026-01-27T12:29:41.0135114Z         "github_runner_environment": "github-hosted",
2026-01-27T12:29:41.0135416Z         "github_runner_image_os": "ubuntu24",
2026-01-27T12:29:41.0135698Z         "github_runner_image_version": "20260119.4.1",
2026-01-27T12:29:41.0136307Z         "github_runner_name": "GitHub Actions 1000001440",
2026-01-27T12:29:41.0136669Z         "github_runner_os": "Linux",
2026-01-27T12:29:41.0137033Z         "github_runner_tracking_id": "github_c9e23937-db76-436f-9795-5bb8c8e9a1f9",
2026-01-27T12:29:41.0137448Z         "github_server_url": "https://github.com",
2026-01-27T12:29:41.0137745Z         "github_triggering_actor": "sst2020",
2026-01-27T12:29:41.0138019Z         "github_workflow": "CI/CD Pipeline",
2026-01-27T12:29:41.0138468Z         "github_workflow_ref": "sst2020/ai-teaching-assistant/.github/workflows/ci.yml@refs/heads/main",
2026-01-27T12:29:41.0139008Z         "github_workflow_sha": "27ec4e2e160bfcf97da2be74f1b1d16421e93d0d",
2026-01-27T12:29:41.0139361Z         "platform": "linux/amd64"
2026-01-27T12:29:41.0139590Z       }
2026-01-27T12:29:41.0139751Z     }
2026-01-27T12:29:41.0139904Z   },
2026-01-27T12:29:41.0140568Z   "buildx.build.ref": "builder-a3d7eed4-2c83-46e9-8256-c12f688e0c1d/builder-a3d7eed4-2c83-46e9-8256-c12f688e0c1d0/m9gdwff2u0h11b57354nydzv8",
2026-01-27T12:29:41.0141201Z   "containerimage.descriptor": {
2026-01-27T12:29:41.0141511Z     "mediaType": "application/vnd.oci.image.index.v1+json",
2026-01-27T12:29:41.0141962Z     "digest": "sha256:d1fd3639da3112206015e80c857d9632eb1eb4a2493b9ffbd513673a0705193c",
2026-01-27T12:29:41.0142461Z     "size": 856
2026-01-27T12:29:41.0142633Z   },
2026-01-27T12:29:41.0142998Z   "containerimage.digest": "sha256:d1fd3639da3112206015e80c857d9632eb1eb4a2493b9ffbd513673a0705193c",
2026-01-27T12:29:41.0143688Z   "image.name": "***/ai-teaching-assistant-frontend:main"
2026-01-27T12:29:41.0143992Z }
2026-01-27T12:29:41.0144398Z ##[endgroup]
2026-01-27T12:29:41.0212942Z Post job cleanup.
2026-01-27T12:29:41.2520480Z ##[group]Removing temp folder /home/runner/work/_temp/docker-actions-toolkit-eedkAH
2026-01-27T12:29:41.2535663Z ##[endgroup]
2026-01-27T12:29:41.2536972Z ##[group]Post cache
2026-01-27T12:29:41.2538832Z State not set
2026-01-27T12:29:41.2539572Z ##[endgroup]
2026-01-27T12:29:41.2653634Z Post job cleanup.
2026-01-27T12:29:41.5890345Z [command]/usr/bin/docker logout docker.io
2026-01-27T12:29:41.6076500Z Removing login credentials for docker.io
2026-01-27T12:29:41.6125743Z ##[group]Post cache
2026-01-27T12:29:41.6126677Z State not set
2026-01-27T12:29:41.6128122Z ##[endgroup]
2026-01-27T12:29:41.6309964Z Post job cleanup.
2026-01-27T12:29:41.9114686Z ##[group]Removing builder
2026-01-27T12:29:42.0500296Z [command]/usr/bin/docker buildx rm builder-a3d7eed4-2c83-46e9-8256-c12f688e0c1d
2026-01-27T12:29:44.0472139Z builder-a3d7eed4-2c83-46e9-8256-c12f688e0c1d removed
2026-01-27T12:29:44.0517222Z ##[endgroup]
2026-01-27T12:29:44.0517906Z ##[group]Cleaning up certificates
2026-01-27T12:29:44.0524756Z ##[endgroup]
2026-01-27T12:29:44.0526152Z ##[group]Post cache
2026-01-27T12:29:44.0528133Z State not set
2026-01-27T12:29:44.0529540Z ##[endgroup]
2026-01-27T12:29:44.0645831Z Post job cleanup.
2026-01-27T12:29:44.3082784Z ##[group]Post cache
2026-01-27T12:29:44.3085033Z Caching docker.io--tonistiigi--binfmt-latest-linux-x64 to GitHub Actions cache
2026-01-27T12:29:44.3277360Z [command]/usr/bin/tar --posix -cf cache.tzst --exclude cache.tzst -P -C /home/runner/work/ai-teaching-assistant/ai-teaching-assistant --files-from manifest.txt --use-compress-program zstdmt
2026-01-27T12:29:44.6784056Z Failed to save: Unable to reserve cache with key docker.io--tonistiigi--binfmt-latest-linux-x64, another job may be creating this cache.
2026-01-27T12:29:44.6853176Z ##[endgroup]
2026-01-27T12:29:44.7028894Z Post job cleanup.
2026-01-27T12:29:44.8027979Z [command]/usr/bin/git version
2026-01-27T12:29:44.8073986Z git version 2.52.0
2026-01-27T12:29:44.8121952Z Temporarily overriding HOME='/home/runner/work/_temp/d7f395ce-5426-4f8d-8d39-9ade8d482727' before making global git config changes
2026-01-27T12:29:44.8123296Z Adding repository directory to the temporary git global config as a safe directory
2026-01-27T12:29:44.8138557Z [command]/usr/bin/git config --global --add safe.directory /home/runner/work/ai-teaching-assistant/ai-teaching-assistant
2026-01-27T12:29:44.8179449Z [command]/usr/bin/git config --local --name-only --get-regexp core\.sshCommand
2026-01-27T12:29:44.8216814Z [command]/usr/bin/git submodule foreach --recursive sh -c "git config --local --name-only --get-regexp 'core\.sshCommand' && git config --local --unset-all 'core.sshCommand' || :"
2026-01-27T12:29:44.8481877Z [command]/usr/bin/git config --local --name-only --get-regexp http\.https\:\/\/github\.com\/\.extraheader
2026-01-27T12:29:44.8507443Z http.https://github.com/.extraheader
2026-01-27T12:29:44.8521093Z [command]/usr/bin/git config --local --unset-all http.https://github.com/.extraheader
2026-01-27T12:29:44.8556752Z [command]/usr/bin/git submodule foreach --recursive sh -c "git config --local --name-only --get-regexp 'http\.https\:\/\/github\.com\/\.extraheader' && git config --local --unset-all 'http.https://github.com/.extraheader' || :"
2026-01-27T12:29:44.8796086Z [command]/usr/bin/git config --local --name-only --get-regexp ^includeIf\.gitdir:
2026-01-27T12:29:44.8829714Z [command]/usr/bin/git submodule foreach --recursive git config --local --show-origin --name-only --get-regexp remote.origin.url
2026-01-27T12:29:44.9181578Z Cleaning up orphan processes
