2026-01-27T12:27:54.2700597Z Current runner version: '2.331.0'
2026-01-27T12:27:54.2725506Z ##[group]Runner Image Provisioner
2026-01-27T12:27:54.2726398Z Hosted Compute Agent
2026-01-27T12:27:54.2727022Z Version: 20260115.477
2026-01-27T12:27:54.2727608Z Commit: 4b342d620503cbe250a3154040964899ea7c9b00
2026-01-27T12:27:54.2728302Z Build Date: 2026-01-15T22:32:41Z
2026-01-27T12:27:54.2728996Z Worker ID: {918708e6-814a-4335-8088-32aa4deea8b2}
2026-01-27T12:27:54.2729689Z Azure Region: westus
2026-01-27T12:27:54.2730207Z ##[endgroup]
2026-01-27T12:27:54.2731624Z ##[group]Operating System
2026-01-27T12:27:54.2732184Z Ubuntu
2026-01-27T12:27:54.2732653Z 24.04.3
2026-01-27T12:27:54.2733342Z LTS
2026-01-27T12:27:54.2733827Z ##[endgroup]
2026-01-27T12:27:54.2734322Z ##[group]Runner Image
2026-01-27T12:27:54.2734897Z Image: ubuntu-24.04
2026-01-27T12:27:54.2735422Z Version: 20260119.4.1
2026-01-27T12:27:54.2736888Z Included Software: https://github.com/actions/runner-images/blob/ubuntu24/20260119.4/images/ubuntu/Ubuntu2404-Readme.md
2026-01-27T12:27:54.2738442Z Image Release: https://github.com/actions/runner-images/releases/tag/ubuntu24%2F20260119.4
2026-01-27T12:27:54.2739342Z ##[endgroup]
2026-01-27T12:27:54.2740498Z ##[group]GITHUB_TOKEN Permissions
2026-01-27T12:27:54.2742520Z Contents: read
2026-01-27T12:27:54.2743418Z Metadata: read
2026-01-27T12:27:54.2744139Z Packages: read
2026-01-27T12:27:54.2744651Z ##[endgroup]
2026-01-27T12:27:54.2746841Z Secret source: Actions
2026-01-27T12:27:54.2747610Z Prepare workflow directory
2026-01-27T12:27:54.3069085Z Prepare all required actions
2026-01-27T12:27:54.3113653Z Getting action download info
2026-01-27T12:27:54.8931121Z Download action repository 'actions/checkout@v4' (SHA:34e114876b0b11c390a56381ad16ebd13914f8d5)
2026-01-27T12:27:54.9877061Z Download action repository 'docker/setup-qemu-action@v3' (SHA:c7c53464625b32c7a7e944ae62b3e17d2b600130)
2026-01-27T12:27:55.5991727Z Download action repository 'docker/setup-buildx-action@v3' (SHA:8d2750c68a42422c14e847fe6c8ac0403b4cbd6f)
2026-01-27T12:27:56.3803864Z Download action repository 'docker/login-action@v3' (SHA:5e57cd118135c172c3672efd75eb46360885c0ef)
2026-01-27T12:27:57.0070616Z Download action repository 'docker/metadata-action@v5' (SHA:c299e40c65443455700f0fdfc63efafe5b349051)
2026-01-27T12:27:57.9545111Z Download action repository 'docker/build-push-action@v5' (SHA:ca052bb54ab0790a636c9b5f226502c73d547a25)
2026-01-27T12:27:58.6820629Z Complete job name: docker-build (backend)
2026-01-27T12:27:58.7561344Z ##[group]Run actions/checkout@v4
2026-01-27T12:27:58.7561918Z with:
2026-01-27T12:27:58.7562143Z   repository: sst2020/ai-teaching-assistant
2026-01-27T12:27:58.7562658Z   token: ***
2026-01-27T12:27:58.7562856Z   ssh-strict: true
2026-01-27T12:27:58.7563317Z   ssh-user: git
2026-01-27T12:27:58.7563525Z   persist-credentials: true
2026-01-27T12:27:58.7563765Z   clean: true
2026-01-27T12:27:58.7563968Z   sparse-checkout-cone-mode: true
2026-01-27T12:27:58.7564230Z   fetch-depth: 1
2026-01-27T12:27:58.7564425Z   fetch-tags: false
2026-01-27T12:27:58.7564674Z   show-progress: true
2026-01-27T12:27:58.7564893Z   lfs: false
2026-01-27T12:27:58.7565076Z   submodules: false
2026-01-27T12:27:58.7565282Z   set-safe-directory: true
2026-01-27T12:27:58.7565919Z ##[endgroup]
2026-01-27T12:27:58.8639975Z Syncing repository: sst2020/ai-teaching-assistant
2026-01-27T12:27:58.8641274Z ##[group]Getting Git version info
2026-01-27T12:27:58.8641798Z Working directory is '/home/runner/work/ai-teaching-assistant/ai-teaching-assistant'
2026-01-27T12:27:58.8642429Z [command]/usr/bin/git version
2026-01-27T12:27:58.8718474Z git version 2.52.0
2026-01-27T12:27:58.8744472Z ##[endgroup]
2026-01-27T12:27:58.8760355Z Temporarily overriding HOME='/home/runner/work/_temp/5ba2cb04-a709-434c-b7fd-df4c50021156' before making global git config changes
2026-01-27T12:27:58.8761919Z Adding repository directory to the temporary git global config as a safe directory
2026-01-27T12:27:58.8774212Z [command]/usr/bin/git config --global --add safe.directory /home/runner/work/ai-teaching-assistant/ai-teaching-assistant
2026-01-27T12:27:58.8813985Z Deleting the contents of '/home/runner/work/ai-teaching-assistant/ai-teaching-assistant'
2026-01-27T12:27:58.8817531Z ##[group]Initializing the repository
2026-01-27T12:27:58.8822240Z [command]/usr/bin/git init /home/runner/work/ai-teaching-assistant/ai-teaching-assistant
2026-01-27T12:27:58.8931371Z hint: Using 'master' as the name for the initial branch. This default branch name
2026-01-27T12:27:58.8932588Z hint: will change to "main" in Git 3.0. To configure the initial branch name
2026-01-27T12:27:58.8933340Z hint: to use in all of your new repositories, which will suppress this warning,
2026-01-27T12:27:58.8933727Z hint: call:
2026-01-27T12:27:58.8933901Z hint:
2026-01-27T12:27:58.8934159Z hint: 	git config --global init.defaultBranch <name>
2026-01-27T12:27:58.8934583Z hint:
2026-01-27T12:27:58.8935121Z hint: Names commonly chosen instead of 'master' are 'main', 'trunk' and
2026-01-27T12:27:58.8936026Z hint: 'development'. The just-created branch can be renamed via this command:
2026-01-27T12:27:58.8936437Z hint:
2026-01-27T12:27:58.8936703Z hint: 	git branch -m <name>
2026-01-27T12:27:58.8937116Z hint:
2026-01-27T12:27:58.8937702Z hint: Disable this message with "git config set advice.defaultBranchName false"
2026-01-27T12:27:58.8938942Z Initialized empty Git repository in /home/runner/work/ai-teaching-assistant/ai-teaching-assistant/.git/
2026-01-27T12:27:58.8948002Z [command]/usr/bin/git remote add origin https://github.com/sst2020/ai-teaching-assistant
2026-01-27T12:27:58.8980707Z ##[endgroup]
2026-01-27T12:27:58.8981340Z ##[group]Disabling automatic garbage collection
2026-01-27T12:27:58.8986163Z [command]/usr/bin/git config --local gc.auto 0
2026-01-27T12:27:58.9013445Z ##[endgroup]
2026-01-27T12:27:58.9014117Z ##[group]Setting up auth
2026-01-27T12:27:58.9020878Z [command]/usr/bin/git config --local --name-only --get-regexp core\.sshCommand
2026-01-27T12:27:58.9050451Z [command]/usr/bin/git submodule foreach --recursive sh -c "git config --local --name-only --get-regexp 'core\.sshCommand' && git config --local --unset-all 'core.sshCommand' || :"
2026-01-27T12:27:58.9382138Z [command]/usr/bin/git config --local --name-only --get-regexp http\.https\:\/\/github\.com\/\.extraheader
2026-01-27T12:27:58.9415025Z [command]/usr/bin/git submodule foreach --recursive sh -c "git config --local --name-only --get-regexp 'http\.https\:\/\/github\.com\/\.extraheader' && git config --local --unset-all 'http.https://github.com/.extraheader' || :"
2026-01-27T12:27:58.9638936Z [command]/usr/bin/git config --local --name-only --get-regexp ^includeIf\.gitdir:
2026-01-27T12:27:58.9670915Z [command]/usr/bin/git submodule foreach --recursive git config --local --show-origin --name-only --get-regexp remote.origin.url
2026-01-27T12:27:58.9906486Z [command]/usr/bin/git config --local http.https://github.com/.extraheader AUTHORIZATION: basic ***
2026-01-27T12:27:58.9941034Z ##[endgroup]
2026-01-27T12:27:58.9941780Z ##[group]Fetching the repository
2026-01-27T12:27:58.9950251Z [command]/usr/bin/git -c protocol.version=2 fetch --no-tags --prune --no-recurse-submodules --depth=1 origin +27ec4e2e160bfcf97da2be74f1b1d16421e93d0d:refs/remotes/origin/main
2026-01-27T12:27:59.5555810Z From https://github.com/sst2020/ai-teaching-assistant
2026-01-27T12:27:59.5556684Z  * [new ref]         27ec4e2e160bfcf97da2be74f1b1d16421e93d0d -> origin/main
2026-01-27T12:27:59.5591878Z ##[endgroup]
2026-01-27T12:27:59.5592516Z ##[group]Determining the checkout info
2026-01-27T12:27:59.5593257Z ##[endgroup]
2026-01-27T12:27:59.5597048Z [command]/usr/bin/git sparse-checkout disable
2026-01-27T12:27:59.5637495Z [command]/usr/bin/git config --local --unset-all extensions.worktreeConfig
2026-01-27T12:27:59.5662341Z ##[group]Checking out the ref
2026-01-27T12:27:59.5666343Z [command]/usr/bin/git checkout --progress --force -B main refs/remotes/origin/main
2026-01-27T12:27:59.5950874Z Switched to a new branch 'main'
2026-01-27T12:27:59.5951828Z branch 'main' set up to track 'origin/main'.
2026-01-27T12:27:59.5959874Z ##[endgroup]
2026-01-27T12:27:59.5998123Z [command]/usr/bin/git log -1 --format=%H
2026-01-27T12:27:59.6020146Z 27ec4e2e160bfcf97da2be74f1b1d16421e93d0d
2026-01-27T12:27:59.6228239Z ##[group]Run docker/setup-qemu-action@v3
2026-01-27T12:27:59.6228571Z with:
2026-01-27T12:27:59.6228774Z   image: docker.io/tonistiigi/binfmt:latest
2026-01-27T12:27:59.6229032Z   platforms: all
2026-01-27T12:27:59.6229223Z   cache-image: true
2026-01-27T12:27:59.6229418Z ##[endgroup]
2026-01-27T12:27:59.8642076Z ##[group]Docker info
2026-01-27T12:27:59.8689639Z [command]/usr/bin/docker version
2026-01-27T12:27:59.9494789Z Client: Docker Engine - Community
2026-01-27T12:27:59.9495375Z  Version:           28.0.4
2026-01-27T12:27:59.9498613Z  API version:       1.48
2026-01-27T12:27:59.9499064Z  Go version:        go1.23.7
2026-01-27T12:27:59.9499479Z  Git commit:        b8034c0
2026-01-27T12:27:59.9499920Z  Built:             Tue Mar 25 15:07:16 2025
2026-01-27T12:27:59.9500382Z  OS/Arch:           linux/amd64
2026-01-27T12:27:59.9500783Z  Context:           default
2026-01-27T12:27:59.9501017Z 
2026-01-27T12:27:59.9501175Z Server: Docker Engine - Community
2026-01-27T12:27:59.9501639Z  Engine:
2026-01-27T12:27:59.9501927Z   Version:          28.0.4
2026-01-27T12:27:59.9502311Z   API version:      1.48 (minimum version 1.24)
2026-01-27T12:27:59.9502771Z   Go version:       go1.23.7
2026-01-27T12:27:59.9503430Z   Git commit:       6430e49
2026-01-27T12:27:59.9503816Z   Built:            Tue Mar 25 15:07:16 2025
2026-01-27T12:27:59.9504253Z   OS/Arch:          linux/amd64
2026-01-27T12:27:59.9504633Z   Experimental:     false
2026-01-27T12:27:59.9504987Z  containerd:
2026-01-27T12:27:59.9505304Z   Version:          v2.2.1
2026-01-27T12:27:59.9505774Z   GitCommit:        dea7da592f5d1d2b7755e3a161be07f43fad8f75
2026-01-27T12:27:59.9506241Z  runc:
2026-01-27T12:27:59.9506518Z   Version:          1.3.4
2026-01-27T12:27:59.9506908Z   GitCommit:        v1.3.4-0-gd6d73eb8
2026-01-27T12:27:59.9507262Z  docker-init:
2026-01-27T12:27:59.9507500Z   Version:          0.19.0
2026-01-27T12:27:59.9507733Z   GitCommit:        de40ad0
2026-01-27T12:27:59.9548897Z [command]/usr/bin/docker info
2026-01-27T12:28:02.1503289Z Client: Docker Engine - Community
2026-01-27T12:28:02.1504942Z  Version:    28.0.4
2026-01-27T12:28:02.1505534Z  Context:    default
2026-01-27T12:28:02.1505884Z  Debug Mode: false
2026-01-27T12:28:02.1506199Z  Plugins:
2026-01-27T12:28:02.1506519Z   buildx: Docker Buildx (Docker Inc.)
2026-01-27T12:28:02.1506937Z     Version:  v0.30.1
2026-01-27T12:28:02.1507371Z     Path:     /usr/libexec/docker/cli-plugins/docker-buildx
2026-01-27T12:28:02.1507906Z   compose: Docker Compose (Docker Inc.)
2026-01-27T12:28:02.1508326Z     Version:  v2.38.2
2026-01-27T12:28:02.1508751Z     Path:     /usr/libexec/docker/cli-plugins/docker-compose
2026-01-27T12:28:02.1509144Z 
2026-01-27T12:28:02.1509260Z Server:
2026-01-27T12:28:02.1509530Z  Containers: 0
2026-01-27T12:28:02.1509856Z   Running: 0
2026-01-27T12:28:02.1510171Z   Paused: 0
2026-01-27T12:28:02.1510477Z   Stopped: 0
2026-01-27T12:28:02.1510748Z  Images: 1
2026-01-27T12:28:02.1511045Z  Server Version: 28.0.4
2026-01-27T12:28:02.1511401Z  Storage Driver: overlay2
2026-01-27T12:28:02.1511757Z   Backing Filesystem: extfs
2026-01-27T12:28:02.1512118Z   Supports d_type: true
2026-01-27T12:28:02.1512454Z   Using metacopy: false
2026-01-27T12:28:02.1512788Z   Native Overlay Diff: false
2026-01-27T12:28:02.1513372Z   userxattr: false
2026-01-27T12:28:02.1513701Z  Logging Driver: json-file
2026-01-27T12:28:02.1514064Z  Cgroup Driver: systemd
2026-01-27T12:28:02.1514399Z  Cgroup Version: 2
2026-01-27T12:28:02.1514707Z  Plugins:
2026-01-27T12:28:02.1515032Z   Volume: local
2026-01-27T12:28:02.1515416Z   Network: bridge host ipvlan macvlan null overlay
2026-01-27T12:28:02.1516120Z   Log: awslogs fluentd gcplogs gelf journald json-file local splunk syslog
2026-01-27T12:28:02.1516699Z  Swarm: inactive
2026-01-27T12:28:02.1517043Z  Runtimes: io.containerd.runc.v2 runc
2026-01-27T12:28:02.1517538Z  Default Runtime: runc
2026-01-27T12:28:02.1518267Z  Init Binary: docker-init
2026-01-27T12:28:02.1518747Z  containerd version: dea7da592f5d1d2b7755e3a161be07f43fad8f75
2026-01-27T12:28:02.1519560Z  runc version: v1.3.4-0-gd6d73eb8
2026-01-27T12:28:02.1519972Z  init version: de40ad0
2026-01-27T12:28:02.1520280Z  Security Options:
2026-01-27T12:28:02.1520585Z   apparmor
2026-01-27T12:28:02.1520868Z   seccomp
2026-01-27T12:28:02.1521161Z    Profile: builtin
2026-01-27T12:28:02.1521403Z   cgroupns
2026-01-27T12:28:02.1521592Z  Kernel Version: 6.11.0-1018-azure
2026-01-27T12:28:02.1521867Z  Operating System: Ubuntu 24.04.3 LTS
2026-01-27T12:28:02.1522223Z  OSType: linux
2026-01-27T12:28:02.1522422Z  Architecture: x86_64
2026-01-27T12:28:02.1522620Z  CPUs: 4
2026-01-27T12:28:02.1522801Z  Total Memory: 15.62GiB
2026-01-27T12:28:02.1523263Z  Name: runnervmymu0l
2026-01-27T12:28:02.1523612Z  ID: 6d647f4b-a064-4489-8a08-7cb8635b8d79
2026-01-27T12:28:02.1523885Z  Docker Root Dir: /var/lib/docker
2026-01-27T12:28:02.1524119Z  Debug Mode: false
2026-01-27T12:28:02.1524319Z  Username: githubactions
2026-01-27T12:28:02.1524534Z  Experimental: false
2026-01-27T12:28:02.1524739Z  Insecure Registries:
2026-01-27T12:28:02.1530027Z   ::1/128
2026-01-27T12:28:02.1530242Z   127.0.0.0/8
2026-01-27T12:28:02.1530449Z  Live Restore Enabled: false
2026-01-27T12:28:02.1530636Z 
2026-01-27T12:28:02.1531036Z ##[endgroup]
2026-01-27T12:28:02.1531383Z ##[group]Pulling binfmt Docker image
2026-01-27T12:28:02.4527102Z Cache hit for: docker.io--tonistiigi--binfmt-latest-linux-x64
2026-01-27T12:28:03.7319163Z Received 6505125 of 31670949 (20.5%), 6.2 MBs/sec
2026-01-27T12:28:03.9189103Z Received 31670949 of 31670949 (100.0%), 25.4 MBs/sec
2026-01-27T12:28:03.9191767Z Cache Size: ~30 MB (31670949 B)
2026-01-27T12:28:03.9227167Z [command]/usr/bin/tar -xf /home/runner/work/_temp/354ebad8-ac2a-48a0-9976-22a9fe56bde3/cache.tzst -P -C /home/runner/work/ai-teaching-assistant/ai-teaching-assistant --use-compress-program unzstd
2026-01-27T12:28:04.0598005Z Cache restored successfully
2026-01-27T12:28:04.0662166Z Restored docker.io--tonistiigi--binfmt-latest-linux-x64 from GitHub Actions cache
2026-01-27T12:28:04.1400638Z Cached to hosted tool cache /opt/hostedtoolcache/docker.io--tonistiigi--binfmt/latest/linux-x64
2026-01-27T12:28:04.1402363Z Copying /opt/hostedtoolcache/docker.io--tonistiigi--binfmt/latest/linux-x64/image.tar to /home/runner/.docker/.cache/images/docker.io--tonistiigi--binfmt/latest/linux-x64/image.tar
2026-01-27T12:28:04.2258513Z Image found from cache in /home/runner/.docker/.cache/images/docker.io--tonistiigi--binfmt/latest/linux-x64/image.tar
2026-01-27T12:28:04.2284744Z [command]/usr/bin/docker load -i /home/runner/.docker/.cache/images/docker.io--tonistiigi--binfmt/latest/linux-x64/image.tar
2026-01-27T12:28:04.7297779Z Loaded image: tonistiigi/binfmt:latest
2026-01-27T12:28:04.7480443Z [command]/usr/bin/docker pull docker.io/tonistiigi/binfmt:latest
2026-01-27T12:28:05.7611868Z latest: Pulling from tonistiigi/binfmt
2026-01-27T12:28:06.0471678Z Digest: sha256:30cc9a4d03765acac9be2ed0afc23af1ad018aed2c28ea4be8c2eb9afe03fbd1
2026-01-27T12:28:06.0476372Z Status: Image is up to date for tonistiigi/binfmt:latest
2026-01-27T12:28:06.0484495Z docker.io/tonistiigi/binfmt:latest
2026-01-27T12:28:06.0520863Z [command]/usr/bin/docker save -o /home/runner/work/_temp/docker-actions-toolkit-t2ajYc/749e64100d3fa0c09bdbc8a02e4fb9cb3ee64266f7f661c98371040689abacb3.tar docker.io/tonistiigi/binfmt:latest
2026-01-27T12:28:06.4497698Z Copying /home/runner/work/_temp/docker-actions-toolkit-t2ajYc/749e64100d3fa0c09bdbc8a02e4fb9cb3ee64266f7f661c98371040689abacb3.tar to /home/runner/.docker/.cache/images/docker.io--tonistiigi--binfmt/latest/linux-x64/image.tar
2026-01-27T12:28:06.6133633Z Image cached to /home/runner/.docker/.cache/images/docker.io--tonistiigi--binfmt/latest/linux-x64/image.tar
2026-01-27T12:28:06.6134434Z ##[endgroup]
2026-01-27T12:28:06.6135120Z ##[group]Image info
2026-01-27T12:28:06.6154676Z [command]/usr/bin/docker image inspect docker.io/tonistiigi/binfmt:latest
2026-01-27T12:28:06.6292806Z [
2026-01-27T12:28:06.6293962Z     {
2026-01-27T12:28:06.6294974Z         "Id": "sha256:c97f15e717f7eb99d237e46f0a3553da8cfdf470a15bba459c056d90d0e398f5",
2026-01-27T12:28:06.6295817Z         "RepoTags": [
2026-01-27T12:28:06.6296254Z             "tonistiigi/binfmt:latest"
2026-01-27T12:28:06.6296717Z         ],
2026-01-27T12:28:06.6297097Z         "RepoDigests": [
2026-01-27T12:28:06.6297912Z             "tonistiigi/binfmt@sha256:30cc9a4d03765acac9be2ed0afc23af1ad018aed2c28ea4be8c2eb9afe03fbd1"
2026-01-27T12:28:06.6298781Z         ],
2026-01-27T12:28:06.6299085Z         "Parent": "",
2026-01-27T12:28:06.6299522Z         "Comment": "buildkit.dockerfile.v0",
2026-01-27T12:28:06.6300040Z         "Created": "2025-09-11T09:43:57.050886711Z",
2026-01-27T12:28:06.6300993Z         "DockerVersion": "",
2026-01-27T12:28:06.6301358Z         "Author": "",
2026-01-27T12:28:06.6301690Z         "Config": {
2026-01-27T12:28:06.6302015Z             "Hostname": "",
2026-01-27T12:28:06.6302398Z             "Domainname": "",
2026-01-27T12:28:06.6302762Z             "User": "",
2026-01-27T12:28:06.6303271Z             "AttachStdin": false,
2026-01-27T12:28:06.6303691Z             "AttachStdout": false,
2026-01-27T12:28:06.6304096Z             "AttachStderr": false,
2026-01-27T12:28:06.6304470Z             "Tty": false,
2026-01-27T12:28:06.6304800Z             "OpenStdin": false,
2026-01-27T12:28:06.6305183Z             "StdinOnce": false,
2026-01-27T12:28:06.6305553Z             "Env": [
2026-01-27T12:28:06.6306081Z                 "PATH=/usr/local/sbin:/usr/local/bin:/usr/sbin:/usr/bin:/sbin:/bin",
2026-01-27T12:28:06.6306780Z                 "QEMU_PRESERVE_ARGV0=1"
2026-01-27T12:28:06.6307226Z             ],
2026-01-27T12:28:06.6307431Z             "Cmd": null,
2026-01-27T12:28:06.6307647Z             "Image": "",
2026-01-27T12:28:06.6307852Z             "Volumes": {
2026-01-27T12:28:06.6308049Z                 "/tmp": {}
2026-01-27T12:28:06.6308251Z             },
2026-01-27T12:28:06.6308440Z             "WorkingDir": "/",
2026-01-27T12:28:06.6308659Z             "Entrypoint": [
2026-01-27T12:28:06.6308887Z                 "/usr/bin/binfmt"
2026-01-27T12:28:06.6309109Z             ],
2026-01-27T12:28:06.6309291Z             "OnBuild": null,
2026-01-27T12:28:06.6309509Z             "Labels": {
2026-01-27T12:28:06.6309803Z                 "org.opencontainers.image.created": "2025-09-11T09:13:47.128Z",
2026-01-27T12:28:06.6310425Z                 "org.opencontainers.image.description": "Cross-platform emulator collection distributed with Docker images",
2026-01-27T12:28:06.6310993Z                 "org.opencontainers.image.licenses": "MIT",
2026-01-27T12:28:06.6311460Z                 "org.opencontainers.image.revision": "8bf932dba1f67bb274320e7cebece2807e4b99e1",
2026-01-27T12:28:06.6312036Z                 "org.opencontainers.image.source": "https://github.com/tonistiigi/binfmt",
2026-01-27T12:28:06.6312529Z                 "org.opencontainers.image.title": "Binfmt",
2026-01-27T12:28:06.6313175Z                 "org.opencontainers.image.url": "https://github.com/tonistiigi/binfmt",
2026-01-27T12:28:06.6314020Z                 "org.opencontainers.image.version": "qemu-v10.0.4-56"
2026-01-27T12:28:06.6314564Z             }
2026-01-27T12:28:06.6314849Z         },
2026-01-27T12:28:06.6315152Z         "Architecture": "amd64",
2026-01-27T12:28:06.6315534Z         "Os": "linux",
2026-01-27T12:28:06.6315857Z         "Size": 83325873,
2026-01-27T12:28:06.6316211Z         "GraphDriver": {
2026-01-27T12:28:06.6316551Z             "Data": {
2026-01-27T12:28:06.6317352Z                 "LowerDir": "/var/lib/docker/overlay2/3e7f0e962af843f44d54347932fb896f23ed7bf67464e985c82ad9ab34da3fd8/diff",
2026-01-27T12:28:06.6318456Z                 "MergedDir": "/var/lib/docker/overlay2/ef5a0f395b258ae658a8ec0e3425c449f17a52ea7e2a38a036f7d065b795b2f3/merged",
2026-01-27T12:28:06.6319238Z                 "UpperDir": "/var/lib/docker/overlay2/ef5a0f395b258ae658a8ec0e3425c449f17a52ea7e2a38a036f7d065b795b2f3/diff",
2026-01-27T12:28:06.6320384Z                 "WorkDir": "/var/lib/docker/overlay2/ef5a0f395b258ae658a8ec0e3425c449f17a52ea7e2a38a036f7d065b795b2f3/work"
2026-01-27T12:28:06.6321050Z             },
2026-01-27T12:28:06.6321369Z             "Name": "overlay2"
2026-01-27T12:28:06.6321606Z         },
2026-01-27T12:28:06.6321775Z         "RootFS": {
2026-01-27T12:28:06.6321972Z             "Type": "layers",
2026-01-27T12:28:06.6322328Z             "Layers": [
2026-01-27T12:28:06.6322679Z                 "sha256:ba63059928005ec5a66585f9353d2f4e14eaede3da6a25acac0a4f44d809cb64",
2026-01-27T12:28:06.6323580Z                 "sha256:66aa431c2e5b0cb36e6f7fde44ab8195fab52d6c93b407c720212e28337ac745"
2026-01-27T12:28:06.6324076Z             ]
2026-01-27T12:28:06.6324568Z         },
2026-01-27T12:28:06.6324889Z         "Metadata": {
2026-01-27T12:28:06.6325380Z             "LastTagTime": "0001-01-01T00:00:00Z"
2026-01-27T12:28:06.6325749Z         }
2026-01-27T12:28:06.6326111Z     }
2026-01-27T12:28:06.6326409Z ]
2026-01-27T12:28:06.6327739Z ##[endgroup]
2026-01-27T12:28:06.6328438Z ##[group]Binfmt version
2026-01-27T12:28:06.6334702Z [command]/usr/bin/docker run --rm --privileged docker.io/tonistiigi/binfmt:latest --version
2026-01-27T12:28:06.9790584Z binfmt/8bf932d qemu/v10.0.4 go/1.23.12
2026-01-27T12:28:07.0536844Z ##[endgroup]
2026-01-27T12:28:07.0537377Z ##[group]Installing QEMU static binaries
2026-01-27T12:28:07.0555032Z [command]/usr/bin/docker run --rm --privileged docker.io/tonistiigi/binfmt:latest --install all
2026-01-27T12:28:07.1964766Z installing: mips64 OK
2026-01-27T12:28:07.1965313Z installing: arm64 OK
2026-01-27T12:28:07.1965735Z installing: ppc64le OK
2026-01-27T12:28:07.1966214Z installing: mips64le OK
2026-01-27T12:28:07.1966595Z installing: riscv64 OK
2026-01-27T12:28:07.1966949Z installing: loong64 OK
2026-01-27T12:28:07.1967237Z installing: arm OK
2026-01-27T12:28:07.1967534Z installing: s390x OK
2026-01-27T12:28:07.2195386Z {
2026-01-27T12:28:07.2196319Z   "supported": [
2026-01-27T12:28:07.2196797Z     "linux/amd64",
2026-01-27T12:28:07.2197291Z     "linux/amd64/v2",
2026-01-27T12:28:07.2197772Z     "linux/amd64/v3",
2026-01-27T12:28:07.2198248Z     "linux/arm64",
2026-01-27T12:28:07.2198804Z     "linux/riscv64",
2026-01-27T12:28:07.2199208Z     "linux/ppc64le",
2026-01-27T12:28:07.2199492Z     "linux/s390x",
2026-01-27T12:28:07.2199813Z     "linux/386",
2026-01-27T12:28:07.2200096Z     "linux/mips64le",
2026-01-27T12:28:07.2200398Z     "linux/mips64",
2026-01-27T12:28:07.2200734Z     "linux/loong64",
2026-01-27T12:28:07.2201013Z     "linux/arm/v7",
2026-01-27T12:28:07.2201239Z     "linux/arm/v6"
2026-01-27T12:28:07.2201694Z   ],
2026-01-27T12:28:07.2202114Z   "emulators": [
2026-01-27T12:28:07.2202588Z     "llvm-16-runtime.binfmt",
2026-01-27T12:28:07.2203169Z     "llvm-17-runtime.binfmt",
2026-01-27T12:28:07.2234313Z     "llvm-18-runtime.binfmt",
2026-01-27T12:28:07.2234648Z     "python3.12",
2026-01-27T12:28:07.2235018Z     "qemu-aarch64",
2026-01-27T12:28:07.2235338Z     "qemu-arm",
2026-01-27T12:28:07.2235683Z     "qemu-loongarch64",
2026-01-27T12:28:07.2236044Z     "qemu-mips64",
2026-01-27T12:28:07.2236388Z     "qemu-mips64el",
2026-01-27T12:28:07.2236726Z     "qemu-ppc64le",
2026-01-27T12:28:07.2237020Z     "qemu-riscv64",
2026-01-27T12:28:07.2237350Z     "qemu-s390x"
2026-01-27T12:28:07.2237670Z   ]
2026-01-27T12:28:07.2237952Z }
2026-01-27T12:28:07.2797398Z ##[endgroup]
2026-01-27T12:28:07.2798044Z ##[group]Extracting available platforms
2026-01-27T12:28:07.5090549Z linux/amd64,linux/amd64/v2,linux/amd64/v3,linux/arm64,linux/riscv64,linux/ppc64le,linux/s390x,linux/386,linux/mips64le,linux/mips64,linux/loong64,linux/arm/v7,linux/arm/v6
2026-01-27T12:28:07.5091743Z ##[endgroup]
2026-01-27T12:28:07.5287098Z ##[group]Run docker/setup-buildx-action@v3
2026-01-27T12:28:07.5287387Z with:
2026-01-27T12:28:07.5287577Z   driver: docker-container
2026-01-27T12:28:07.5287801Z   use: true
2026-01-27T12:28:07.5288034Z   keep-state: false
2026-01-27T12:28:07.5288231Z   cache-binary: true
2026-01-27T12:28:07.5288422Z   cleanup: true
2026-01-27T12:28:07.5288778Z   install: false
2026-01-27T12:28:07.5288963Z ##[endgroup]
2026-01-27T12:28:07.7948858Z ##[group]Docker info
2026-01-27T12:28:07.7976193Z [command]/usr/bin/docker version
2026-01-27T12:28:07.8174385Z Client: Docker Engine - Community
2026-01-27T12:28:07.8177239Z  Version:           28.0.4
2026-01-27T12:28:07.8178061Z  API version:       1.48
2026-01-27T12:28:07.8178558Z  Go version:        go1.23.7
2026-01-27T12:28:07.8179005Z  Git commit:        b8034c0
2026-01-27T12:28:07.8179472Z  Built:             Tue Mar 25 15:07:16 2025
2026-01-27T12:28:07.8180101Z  OS/Arch:           linux/amd64
2026-01-27T12:28:07.8180575Z  Context:           default
2026-01-27T12:28:07.8180811Z 
2026-01-27T12:28:07.8180971Z Server: Docker Engine - Community
2026-01-27T12:28:07.8181272Z  Engine:
2026-01-27T12:28:07.8181458Z   Version:          28.0.4
2026-01-27T12:28:07.8181715Z   API version:      1.48 (minimum version 1.24)
2026-01-27T12:28:07.8181999Z   Go version:       go1.23.7
2026-01-27T12:28:07.8182231Z   Git commit:       6430e49
2026-01-27T12:28:07.8182464Z   Built:            Tue Mar 25 15:07:16 2025
2026-01-27T12:28:07.8182723Z   OS/Arch:          linux/amd64
2026-01-27T12:28:07.8183279Z   Experimental:     false
2026-01-27T12:28:07.8183506Z  containerd:
2026-01-27T12:28:07.8183684Z   Version:          v2.2.1
2026-01-27T12:28:07.8183963Z   GitCommit:        dea7da592f5d1d2b7755e3a161be07f43fad8f75
2026-01-27T12:28:07.8184259Z  runc:
2026-01-27T12:28:07.8184429Z   Version:          1.3.4
2026-01-27T12:28:07.8184647Z   GitCommit:        v1.3.4-0-gd6d73eb8
2026-01-27T12:28:07.8184897Z  docker-init:
2026-01-27T12:28:07.8185075Z   Version:          0.19.0
2026-01-27T12:28:07.8185290Z   GitCommit:        de40ad0
2026-01-27T12:28:07.8235804Z [command]/usr/bin/docker info
2026-01-27T12:28:07.8852691Z Client: Docker Engine - Community
2026-01-27T12:28:07.8854666Z  Version:    28.0.4
2026-01-27T12:28:07.8855033Z  Context:    default
2026-01-27T12:28:07.8855374Z  Debug Mode: false
2026-01-27T12:28:07.8855725Z  Plugins:
2026-01-27T12:28:07.8856042Z   buildx: Docker Buildx (Docker Inc.)
2026-01-27T12:28:07.8856471Z     Version:  v0.30.1
2026-01-27T12:28:07.8856920Z     Path:     /usr/libexec/docker/cli-plugins/docker-buildx
2026-01-27T12:28:07.8857479Z   compose: Docker Compose (Docker Inc.)
2026-01-27T12:28:07.8857914Z     Version:  v2.38.2
2026-01-27T12:28:07.8858349Z     Path:     /usr/libexec/docker/cli-plugins/docker-compose
2026-01-27T12:28:07.8858749Z 
2026-01-27T12:28:07.8858867Z Server:
2026-01-27T12:28:07.8859151Z  Containers: 0
2026-01-27T12:28:07.8859452Z   Running: 0
2026-01-27T12:28:07.8859729Z   Paused: 0
2026-01-27T12:28:07.8859981Z   Stopped: 0
2026-01-27T12:28:07.8860266Z  Images: 2
2026-01-27T12:28:07.8860548Z  Server Version: 28.0.4
2026-01-27T12:28:07.8860896Z  Storage Driver: overlay2
2026-01-27T12:28:07.8861269Z   Backing Filesystem: extfs
2026-01-27T12:28:07.8861639Z   Supports d_type: true
2026-01-27T12:28:07.8861991Z   Using metacopy: false
2026-01-27T12:28:07.8862347Z   Native Overlay Diff: false
2026-01-27T12:28:07.8862710Z   userxattr: false
2026-01-27T12:28:07.8863341Z  Logging Driver: json-file
2026-01-27T12:28:07.8863712Z  Cgroup Driver: systemd
2026-01-27T12:28:07.8864069Z  Cgroup Version: 2
2026-01-27T12:28:07.8864380Z  Plugins:
2026-01-27T12:28:07.8864653Z   Volume: local
2026-01-27T12:28:07.8865029Z   Network: bridge host ipvlan macvlan null overlay
2026-01-27T12:28:07.8865735Z   Log: awslogs fluentd gcplogs gelf journald json-file local splunk syslog
2026-01-27T12:28:07.8866354Z  Swarm: inactive
2026-01-27T12:28:07.8866711Z  Runtimes: io.containerd.runc.v2 runc
2026-01-27T12:28:07.8867145Z  Default Runtime: runc
2026-01-27T12:28:07.8867922Z  Init Binary: docker-init
2026-01-27T12:28:07.8868419Z  containerd version: dea7da592f5d1d2b7755e3a161be07f43fad8f75
2026-01-27T12:28:07.8869005Z  runc version: v1.3.4-0-gd6d73eb8
2026-01-27T12:28:07.8869334Z  init version: de40ad0
2026-01-27T12:28:07.8869562Z  Security Options:
2026-01-27T12:28:07.8869763Z   apparmor
2026-01-27T12:28:07.8870213Z   seccomp
2026-01-27T12:28:07.8870383Z    Profile: builtin
2026-01-27T12:28:07.8870586Z   cgroupns
2026-01-27T12:28:07.8870772Z  Kernel Version: 6.11.0-1018-azure
2026-01-27T12:28:07.8871031Z  Operating System: Ubuntu 24.04.3 LTS
2026-01-27T12:28:07.8871277Z  OSType: linux
2026-01-27T12:28:07.8871460Z  Architecture: x86_64
2026-01-27T12:28:07.8871658Z  CPUs: 4
2026-01-27T12:28:07.8871831Z  Total Memory: 15.62GiB
2026-01-27T12:28:07.8872040Z  Name: runnervmymu0l
2026-01-27T12:28:07.8872260Z  ID: 6d647f4b-a064-4489-8a08-7cb8635b8d79
2026-01-27T12:28:07.8872523Z  Docker Root Dir: /var/lib/docker
2026-01-27T12:28:07.8872758Z  Debug Mode: false
2026-01-27T12:28:07.8873196Z  Username: githubactions
2026-01-27T12:28:07.8873466Z  Experimental: false
2026-01-27T12:28:07.8873682Z  Insecure Registries:
2026-01-27T12:28:07.8874054Z   ::1/128
2026-01-27T12:28:07.8874352Z   127.0.0.0/8
2026-01-27T12:28:07.8874600Z  Live Restore Enabled: false
2026-01-27T12:28:07.8874750Z 
2026-01-27T12:28:07.8875077Z ##[endgroup]
2026-01-27T12:28:07.9478037Z ##[group]Buildx version
2026-01-27T12:28:07.9505974Z [command]/usr/bin/docker buildx version
2026-01-27T12:28:08.0089856Z github.com/docker/buildx v0.30.1 9e66234aa13328a5e75b75aa5574e1ca6d6d9c01
2026-01-27T12:28:08.0124844Z ##[endgroup]
2026-01-27T12:28:08.0281000Z ##[group]Inspecting default docker context
2026-01-27T12:28:08.0422248Z [
2026-01-27T12:28:08.0422583Z   {
2026-01-27T12:28:08.0423060Z     "Name": "default",
2026-01-27T12:28:08.0423449Z     "Metadata": {},
2026-01-27T12:28:08.0423776Z     "Endpoints": {
2026-01-27T12:28:08.0424077Z       "docker": {
2026-01-27T12:28:08.0424435Z         "Host": "unix:///var/run/docker.sock",
2026-01-27T12:28:08.0424939Z         "SkipTLSVerify": false
2026-01-27T12:28:08.0425320Z       }
2026-01-27T12:28:08.0425514Z     },
2026-01-27T12:28:08.0425689Z     "TLSMaterial": {},
2026-01-27T12:28:08.0425906Z     "Storage": {
2026-01-27T12:28:08.0426117Z       "MetadataPath": "<IN MEMORY>",
2026-01-27T12:28:08.0426385Z       "TLSPath": "<IN MEMORY>"
2026-01-27T12:28:08.0426615Z     }
2026-01-27T12:28:08.0426764Z   }
2026-01-27T12:28:08.0426916Z ]
2026-01-27T12:28:08.0427319Z ##[endgroup]
2026-01-27T12:28:08.0427671Z ##[group]Creating a new builder instance
2026-01-27T12:28:08.1609850Z [command]/usr/bin/docker buildx create --name builder-3841e53e-0ba8-4181-bd61-297d188ecda3 --driver docker-container --buildkitd-flags --allow-insecure-entitlement security.insecure --allow-insecure-entitlement network.host --use
2026-01-27T12:28:08.2210523Z builder-3841e53e-0ba8-4181-bd61-297d188ecda3
2026-01-27T12:28:08.2247571Z ##[endgroup]
2026-01-27T12:28:08.2248224Z ##[group]Booting builder
2026-01-27T12:28:08.2282457Z [command]/usr/bin/docker buildx inspect --bootstrap --builder builder-3841e53e-0ba8-4181-bd61-297d188ecda3
2026-01-27T12:28:08.2850355Z #1 [internal] booting buildkit
2026-01-27T12:28:08.4356283Z #1 pulling image moby/buildkit:buildx-stable-1
2026-01-27T12:28:11.3867397Z #1 pulling image moby/buildkit:buildx-stable-1 3.1s done
2026-01-27T12:28:11.5373441Z #1 creating container buildx_buildkit_builder-3841e53e-0ba8-4181-bd61-297d188ecda30
2026-01-27T12:28:11.7121774Z #1 creating container buildx_buildkit_builder-3841e53e-0ba8-4181-bd61-297d188ecda30 0.3s done
2026-01-27T12:28:11.7140997Z #1 DONE 3.4s
2026-01-27T12:28:11.7444070Z Name:          builder-3841e53e-0ba8-4181-bd61-297d188ecda3
2026-01-27T12:28:11.7444664Z Driver:        docker-container
2026-01-27T12:28:11.7445126Z Last Activity: 2026-01-27 12:28:08 +0000 UTC
2026-01-27T12:28:11.7445459Z 
2026-01-27T12:28:11.7445575Z Nodes:
2026-01-27T12:28:11.7453766Z Name:                  builder-3841e53e-0ba8-4181-bd61-297d188ecda30
2026-01-27T12:28:11.7454511Z Endpoint:              unix:///var/run/docker.sock
2026-01-27T12:28:11.7454846Z Status:                running
2026-01-27T12:28:11.7455388Z BuildKit daemon flags: --allow-insecure-entitlement security.insecure --allow-insecure-entitlement network.host
2026-01-27T12:28:11.7455930Z BuildKit version:      v0.26.3
2026-01-27T12:28:11.7456701Z Platforms:             linux/amd64, linux/amd64/v2, linux/amd64/v3, linux/arm64, linux/riscv64, linux/ppc64le, linux/s390x, linux/386, linux/mips64le, linux/mips64, linux/loong64, linux/arm/v7, linux/arm/v6
2026-01-27T12:28:11.7457640Z Labels:
2026-01-27T12:28:11.7457903Z  org.mobyproject.buildkit.worker.executor:         oci
2026-01-27T12:28:11.7458531Z  org.mobyproject.buildkit.worker.hostname:         d7bfb5bdcaf4
2026-01-27T12:28:11.7459237Z  org.mobyproject.buildkit.worker.network:          host
2026-01-27T12:28:11.7459839Z  org.mobyproject.buildkit.worker.oci.process-mode: sandbox
2026-01-27T12:28:11.7460267Z  org.mobyproject.buildkit.worker.selinux.enabled:  false
2026-01-27T12:28:11.7460700Z  org.mobyproject.buildkit.worker.snapshotter:      overlayfs
2026-01-27T12:28:11.7461049Z GC Policy rule#0:
2026-01-27T12:28:11.7461265Z  All:            false
2026-01-27T12:28:11.7461625Z  Filters:        type==source.local,type==exec.cachemount,type==source.git.checkout
2026-01-27T12:28:11.7462038Z  Keep Duration:  48h0m0s
2026-01-27T12:28:11.7462286Z  Max Used Space: 488.3MiB
2026-01-27T12:28:11.7462522Z GC Policy rule#1:
2026-01-27T12:28:11.7462733Z  All:            false
2026-01-27T12:28:11.7463137Z  Keep Duration:  1440h0m0s
2026-01-27T12:28:11.7463374Z  Reserved Space: 7.451GiB
2026-01-27T12:28:11.7463612Z  Max Used Space: 54.02GiB
2026-01-27T12:28:11.7463848Z  Min Free Space: 13.97GiB
2026-01-27T12:28:11.7464066Z GC Policy rule#2:
2026-01-27T12:28:11.7464265Z  All:            false
2026-01-27T12:28:11.7464475Z  Reserved Space: 7.451GiB
2026-01-27T12:28:11.7464706Z  Max Used Space: 54.02GiB
2026-01-27T12:28:11.7465051Z  Min Free Space: 13.97GiB
2026-01-27T12:28:11.7465278Z GC Policy rule#3:
2026-01-27T12:28:11.7465471Z  All:            true
2026-01-27T12:28:11.7465686Z  Reserved Space: 7.451GiB
2026-01-27T12:28:11.7465913Z  Max Used Space: 54.02GiB
2026-01-27T12:28:11.7466134Z  Min Free Space: 13.97GiB
2026-01-27T12:28:11.7499677Z ##[endgroup]
2026-01-27T12:28:11.8326329Z ##[group]Inspect builder
2026-01-27T12:28:11.8329489Z {
2026-01-27T12:28:11.8329971Z   "nodes": [
2026-01-27T12:28:11.8330293Z     {
2026-01-27T12:28:11.8331022Z       "name": "builder-3841e53e-0ba8-4181-bd61-297d188ecda30",
2026-01-27T12:28:11.8331716Z       "endpoint": "unix:///var/run/docker.sock",
2026-01-27T12:28:11.8332238Z       "status": "running",
2026-01-27T12:28:11.8333399Z       "buildkitd-flags": "--allow-insecure-entitlement security.insecure --allow-insecure-entitlement network.host",
2026-01-27T12:28:11.8334418Z       "buildkit": "v0.26.3",
2026-01-27T12:28:11.8335822Z       "platforms": "linux/amd64,linux/amd64/v2,linux/amd64/v3,linux/arm64,linux/riscv64,linux/ppc64le,linux/s390x,linux/386,linux/mips64le,linux/mips64,linux/loong64,linux/arm/v7,linux/arm/v6",
2026-01-27T12:28:11.8337268Z       "features": {
2026-01-27T12:28:11.8337836Z         "Automatically load images to the Docker Engine image store": true,
2026-01-27T12:28:11.8338513Z         "Cache export": true,
2026-01-27T12:28:11.8338933Z         "Direct push": true,
2026-01-27T12:28:11.8339344Z         "Docker exporter": true,
2026-01-27T12:28:11.8339739Z         "Multi-platform build": true,
2026-01-27T12:28:11.8340156Z         "OCI exporter": true
2026-01-27T12:28:11.8340498Z       },
2026-01-27T12:28:11.8340765Z       "labels": {
2026-01-27T12:28:11.8341170Z         "org.mobyproject.buildkit.worker.executor": "oci",
2026-01-27T12:28:11.8341827Z         "org.mobyproject.buildkit.worker.hostname": "d7bfb5bdcaf4",
2026-01-27T12:28:11.8342505Z         "org.mobyproject.buildkit.worker.network": "host",
2026-01-27T12:28:11.8343414Z         "org.mobyproject.buildkit.worker.oci.process-mode": "sandbox",
2026-01-27T12:28:11.8344446Z         "org.mobyproject.buildkit.worker.selinux.enabled": "false",
2026-01-27T12:28:11.8345200Z         "org.mobyproject.buildkit.worker.snapshotter": "overlayfs"
2026-01-27T12:28:11.8345767Z       },
2026-01-27T12:28:11.8346054Z       "gcPolicy": [
2026-01-27T12:28:11.8346369Z         {
2026-01-27T12:28:11.8346653Z           "all": false,
2026-01-27T12:28:11.8347161Z           "filter": [
2026-01-27T12:28:11.8347505Z             "type==source.local",
2026-01-27T12:28:11.8347919Z             "type==exec.cachemount",
2026-01-27T12:28:11.8348353Z             "type==source.git.checkout"
2026-01-27T12:28:11.8348752Z           ],
2026-01-27T12:28:11.8349048Z           "keepDuration": "48h0m0s",
2026-01-27T12:28:11.8349478Z           "maxUsedSpace": "488.3MiB"
2026-01-27T12:28:11.8349868Z         },
2026-01-27T12:28:11.8350146Z         {
2026-01-27T12:28:11.8350430Z           "all": false,
2026-01-27T12:28:11.8350782Z           "keepDuration": "1440h0m0s",
2026-01-27T12:28:11.8351214Z           "reservedSpace": "7.451GiB",
2026-01-27T12:28:11.8351655Z           "maxUsedSpace": "54.02GiB",
2026-01-27T12:28:11.8352074Z           "minFreeSpace": "13.97GiB"
2026-01-27T12:28:11.8352464Z         },
2026-01-27T12:28:11.8352736Z         {
2026-01-27T12:28:11.8353205Z           "all": false,
2026-01-27T12:28:11.8353561Z           "reservedSpace": "7.451GiB",
2026-01-27T12:28:11.8353994Z           "maxUsedSpace": "54.02GiB",
2026-01-27T12:28:11.8354412Z           "minFreeSpace": "13.97GiB"
2026-01-27T12:28:11.8354803Z         },
2026-01-27T12:28:11.8355069Z         {
2026-01-27T12:28:11.8355350Z           "all": true,
2026-01-27T12:28:11.8355704Z           "reservedSpace": "7.451GiB",
2026-01-27T12:28:11.8356125Z           "maxUsedSpace": "54.02GiB",
2026-01-27T12:28:11.8356544Z           "minFreeSpace": "13.97GiB"
2026-01-27T12:28:11.8356925Z         }
2026-01-27T12:28:11.8357193Z       ]
2026-01-27T12:28:11.8357443Z     }
2026-01-27T12:28:11.8357703Z   ],
2026-01-27T12:28:11.8358055Z   "name": "builder-3841e53e-0ba8-4181-bd61-297d188ecda3",
2026-01-27T12:28:11.8358534Z   "driver": "docker-container",
2026-01-27T12:28:11.8358923Z   "lastActivity": "2026-01-27T12:28:08.000Z"
2026-01-27T12:28:11.8359305Z }
2026-01-27T12:28:11.8359884Z ##[endgroup]
2026-01-27T12:28:11.8360562Z ##[group]BuildKit version
2026-01-27T12:28:11.8361039Z builder-3841e53e-0ba8-4181-bd61-297d188ecda30: v0.26.3
2026-01-27T12:28:11.8361756Z ##[endgroup]
2026-01-27T12:28:11.8495426Z ##[group]Run docker/login-action@v3
2026-01-27T12:28:11.8495713Z with:
2026-01-27T12:28:11.8495997Z   username: ***
2026-01-27T12:28:11.8496246Z   password: ***
2026-01-27T12:28:11.8496438Z   logout: true
2026-01-27T12:28:11.8496618Z ##[endgroup]
2026-01-27T12:28:12.1497264Z Logging into docker.io...
2026-01-27T12:28:12.8335982Z Login Succeeded!
2026-01-27T12:28:12.8501873Z ##[group]Run docker/metadata-action@v5
2026-01-27T12:28:12.8502182Z with:
2026-01-27T12:28:12.8502456Z   images: ***/ai-teaching-assistant-backend
2026-01-27T12:28:12.8502738Z   context: workflow
2026-01-27T12:28:12.8503298Z   github-token: ***
2026-01-27T12:28:12.8503500Z ##[endgroup]
2026-01-27T12:28:13.6046930Z ##[group]Context info
2026-01-27T12:28:13.6047375Z eventName: push
2026-01-27T12:28:13.6047827Z sha: 27ec4e2e160bfcf97da2be74f1b1d16421e93d0d
2026-01-27T12:28:13.6048313Z ref: refs/heads/main
2026-01-27T12:28:13.6048694Z workflow: CI/CD Pipeline
2026-01-27T12:28:13.6049126Z action: meta_backend
2026-01-27T12:28:13.6049505Z actor: sst2020
2026-01-27T12:28:13.6049826Z runNumber: 22
2026-01-27T12:28:13.6050141Z runId: 21397172644
2026-01-27T12:28:13.6050658Z commitDate: Tue Jan 27 2026 12:27:37 GMT+0000 (Coordinated Universal Time)
2026-01-27T12:28:13.6051542Z ##[endgroup]
2026-01-27T12:28:13.6057284Z ##[group]Processing images input
2026-01-27T12:28:13.6058169Z name=***/ai-teaching-assistant-backend,enable=true
2026-01-27T12:28:13.6060256Z ##[endgroup]
2026-01-27T12:28:13.6078470Z ##[group]Processing tags input
2026-01-27T12:28:13.6079423Z type=schedule,pattern=nightly,enable=true,priority=1000
2026-01-27T12:28:13.6080766Z type=ref,event=branch,enable=true,priority=600
2026-01-27T12:28:13.6081582Z type=ref,event=tag,enable=true,priority=600
2026-01-27T12:28:13.6083833Z type=ref,event=pr,prefix=pr-,enable=true,priority=600
2026-01-27T12:28:13.6084649Z ##[endgroup]
2026-01-27T12:28:13.6085240Z ##[group]Processing flavor input
2026-01-27T12:28:13.6085671Z latest=auto
2026-01-27T12:28:13.6086431Z prefix=
2026-01-27T12:28:13.6086837Z prefixLatest=false
2026-01-27T12:28:13.6087523Z suffix=
2026-01-27T12:28:13.6087967Z suffixLatest=false
2026-01-27T12:28:13.6088756Z ##[endgroup]
2026-01-27T12:28:13.6128933Z ##[group]Docker image version
2026-01-27T12:28:13.6129594Z main
2026-01-27T12:28:13.6131175Z ##[endgroup]
2026-01-27T12:28:13.6135109Z ##[group]Docker tags
2026-01-27T12:28:13.6149690Z ***/ai-teaching-assistant-backend:main
2026-01-27T12:28:13.6151719Z ##[endgroup]
2026-01-27T12:28:13.6225763Z ##[group]Docker labels
2026-01-27T12:28:13.6226887Z org.opencontainers.image.created=2026-01-27T12:28:13.608Z
2026-01-27T12:28:13.6229425Z org.opencontainers.image.description=A web application for AI-based question judging.
2026-01-27T12:28:13.6230247Z org.opencontainers.image.licenses=MIT
2026-01-27T12:28:13.6230943Z org.opencontainers.image.revision=27ec4e2e160bfcf97da2be74f1b1d16421e93d0d
2026-01-27T12:28:13.6231895Z org.opencontainers.image.source=https://github.com/sst2020/ai-teaching-assistant
2026-01-27T12:28:13.6232728Z org.opencontainers.image.title=ai-teaching-assistant
2026-01-27T12:28:13.6233692Z org.opencontainers.image.url=https://github.com/sst2020/ai-teaching-assistant
2026-01-27T12:28:13.6234434Z org.opencontainers.image.version=main
2026-01-27T12:28:13.6235136Z ##[endgroup]
2026-01-27T12:28:13.6235806Z ##[group]Annotations
2026-01-27T12:28:13.6236435Z manifest:org.opencontainers.image.created=2026-01-27T12:28:13.608Z
2026-01-27T12:28:13.6237633Z manifest:org.opencontainers.image.description=A web application for AI-based question judging.
2026-01-27T12:28:13.6238666Z manifest:org.opencontainers.image.licenses=MIT
2026-01-27T12:28:13.6239470Z manifest:org.opencontainers.image.revision=27ec4e2e160bfcf97da2be74f1b1d16421e93d0d
2026-01-27T12:28:13.6240519Z manifest:org.opencontainers.image.source=https://github.com/sst2020/ai-teaching-assistant
2026-01-27T12:28:13.6241443Z manifest:org.opencontainers.image.title=ai-teaching-assistant
2026-01-27T12:28:13.6242338Z manifest:org.opencontainers.image.url=https://github.com/sst2020/ai-teaching-assistant
2026-01-27T12:28:13.6243291Z manifest:org.opencontainers.image.version=main
2026-01-27T12:28:13.6244012Z ##[endgroup]
2026-01-27T12:28:13.6244551Z ##[group]JSON output
2026-01-27T12:28:13.6244881Z {
2026-01-27T12:28:13.6245149Z   "tags": [
2026-01-27T12:28:13.6245574Z     "***/ai-teaching-assistant-backend:main"
2026-01-27T12:28:13.6246469Z   ],
2026-01-27T12:28:13.6246777Z   "tag-names": [
2026-01-27T12:28:13.6247096Z     "main"
2026-01-27T12:28:13.6247376Z   ],
2026-01-27T12:28:13.6247638Z   "labels": {
2026-01-27T12:28:13.6248101Z     "org.opencontainers.image.created": "2026-01-27T12:28:13.608Z",
2026-01-27T12:28:13.6249017Z     "org.opencontainers.image.description": "A web application for AI-based question judging.",
2026-01-27T12:28:13.6249859Z     "org.opencontainers.image.licenses": "MIT",
2026-01-27T12:28:13.6250599Z     "org.opencontainers.image.revision": "27ec4e2e160bfcf97da2be74f1b1d16421e93d0d",
2026-01-27T12:28:13.6251602Z     "org.opencontainers.image.source": "https://github.com/sst2020/ai-teaching-assistant",
2026-01-27T12:28:13.6252463Z     "org.opencontainers.image.title": "ai-teaching-assistant",
2026-01-27T12:28:13.6253491Z     "org.opencontainers.image.url": "https://github.com/sst2020/ai-teaching-assistant",
2026-01-27T12:28:13.6254265Z     "org.opencontainers.image.version": "main"
2026-01-27T12:28:13.6254716Z   },
2026-01-27T12:28:13.6255007Z   "annotations": [
2026-01-27T12:28:13.6255515Z     "manifest:org.opencontainers.image.created=2026-01-27T12:28:13.608Z",
2026-01-27T12:28:13.6256493Z     "manifest:org.opencontainers.image.description=A web application for AI-based question judging.",
2026-01-27T12:28:13.6257397Z     "manifest:org.opencontainers.image.licenses=MIT",
2026-01-27T12:28:13.6258198Z     "manifest:org.opencontainers.image.revision=27ec4e2e160bfcf97da2be74f1b1d16421e93d0d",
2026-01-27T12:28:13.6259281Z     "manifest:org.opencontainers.image.source=https://github.com/sst2020/ai-teaching-assistant",
2026-01-27T12:28:13.6260433Z     "manifest:org.opencontainers.image.title=ai-teaching-assistant",
2026-01-27T12:28:13.6261345Z     "manifest:org.opencontainers.image.url=https://github.com/sst2020/ai-teaching-assistant",
2026-01-27T12:28:13.6262188Z     "manifest:org.opencontainers.image.version=main"
2026-01-27T12:28:13.6262675Z   ]
2026-01-27T12:28:13.6263090Z }
2026-01-27T12:28:13.6263732Z ##[endgroup]
2026-01-27T12:28:13.6264295Z ##[group]Bake file definition (tags)
2026-01-27T12:28:13.6264698Z {
2026-01-27T12:28:13.6264965Z   "target": {
2026-01-27T12:28:13.6265285Z     "docker-metadata-action": {
2026-01-27T12:28:13.6265660Z       "tags": [
2026-01-27T12:28:13.6266142Z         "***/ai-teaching-assistant-backend:main"
2026-01-27T12:28:13.6266592Z       ],
2026-01-27T12:28:13.6266855Z       "args": {
2026-01-27T12:28:13.6267324Z         "DOCKER_META_IMAGES": "***/ai-teaching-assistant-backend",
2026-01-27T12:28:13.6267904Z         "DOCKER_META_VERSION": "main"
2026-01-27T12:28:13.6268297Z       }
2026-01-27T12:28:13.6268571Z     }
2026-01-27T12:28:13.6268826Z   }
2026-01-27T12:28:13.6269072Z }
2026-01-27T12:28:13.6269561Z ##[endgroup]
2026-01-27T12:28:13.6270092Z ##[group]Bake file definition (labels)
2026-01-27T12:28:13.6270484Z {
2026-01-27T12:28:13.6270748Z   "target": {
2026-01-27T12:28:13.6271080Z     "docker-metadata-action": {
2026-01-27T12:28:13.6271470Z       "labels": {
2026-01-27T12:28:13.6271941Z         "org.opencontainers.image.created": "2026-01-27T12:28:13.608Z",
2026-01-27T12:28:13.6272848Z         "org.opencontainers.image.description": "A web application for AI-based question judging.",
2026-01-27T12:28:13.6273860Z         "org.opencontainers.image.licenses": "MIT",
2026-01-27T12:28:13.6274598Z         "org.opencontainers.image.revision": "27ec4e2e160bfcf97da2be74f1b1d16421e93d0d",
2026-01-27T12:28:13.6275598Z         "org.opencontainers.image.source": "https://github.com/sst2020/ai-teaching-assistant",
2026-01-27T12:28:13.6276473Z         "org.opencontainers.image.title": "ai-teaching-assistant",
2026-01-27T12:28:13.6277328Z         "org.opencontainers.image.url": "https://github.com/sst2020/ai-teaching-assistant",
2026-01-27T12:28:13.6278109Z         "org.opencontainers.image.version": "main"
2026-01-27T12:28:13.6278588Z       }
2026-01-27T12:28:13.6278854Z     }
2026-01-27T12:28:13.6279121Z   }
2026-01-27T12:28:13.6279380Z }
2026-01-27T12:28:13.6279880Z ##[endgroup]
2026-01-27T12:28:13.6280748Z ##[group]Bake file definition (annotations)
2026-01-27T12:28:13.6281209Z {
2026-01-27T12:28:13.6281454Z   "target": {
2026-01-27T12:28:13.6281755Z     "docker-metadata-action": {
2026-01-27T12:28:13.6282126Z       "annotations": [
2026-01-27T12:28:13.6282622Z         "manifest:org.opencontainers.image.created=2026-01-27T12:28:13.608Z",
2026-01-27T12:28:13.6283776Z         "manifest:org.opencontainers.image.description=A web application for AI-based question judging.",
2026-01-27T12:28:13.6284650Z         "manifest:org.opencontainers.image.licenses=MIT",
2026-01-27T12:28:13.6285482Z         "manifest:org.opencontainers.image.revision=27ec4e2e160bfcf97da2be74f1b1d16421e93d0d",
2026-01-27T12:28:13.6286534Z         "manifest:org.opencontainers.image.source=https://github.com/sst2020/ai-teaching-assistant",
2026-01-27T12:28:13.6287493Z         "manifest:org.opencontainers.image.title=ai-teaching-assistant",
2026-01-27T12:28:13.6288422Z         "manifest:org.opencontainers.image.url=https://github.com/sst2020/ai-teaching-assistant",
2026-01-27T12:28:13.6289260Z         "manifest:org.opencontainers.image.version=main"
2026-01-27T12:28:13.6289871Z       ]
2026-01-27T12:28:13.6290132Z     }
2026-01-27T12:28:13.6290384Z   }
2026-01-27T12:28:13.6290653Z }
2026-01-27T12:28:13.6291129Z ##[endgroup]
2026-01-27T12:28:13.6846405Z ##[group]Run docker/build-push-action@v5
2026-01-27T12:28:13.6846706Z with:
2026-01-27T12:28:13.6846888Z   context: ./backend
2026-01-27T12:28:13.6847090Z   file: ./backend/Dockerfile
2026-01-27T12:28:13.6847312Z   push: true
2026-01-27T12:28:13.6847589Z   tags: ***/ai-teaching-assistant-backend:main
2026-01-27T12:28:13.6849831Z   labels: org.opencontainers.image.created=2026-01-27T12:28:13.608Z
org.opencontainers.image.description=A web application for AI-based question judging.
org.opencontainers.image.licenses=MIT
org.opencontainers.image.revision=27ec4e2e160bfcf97da2be74f1b1d16421e93d0d
org.opencontainers.image.source=https://github.com/sst2020/ai-teaching-assistant
org.opencontainers.image.title=ai-teaching-assistant
org.opencontainers.image.url=https://github.com/sst2020/ai-teaching-assistant
org.opencontainers.image.version=main
2026-01-27T12:28:13.6851829Z   cache-from: type=gha
2026-01-27T12:28:13.6852044Z   cache-to: type=gha,mode=max
2026-01-27T12:28:13.6852303Z   load: false
2026-01-27T12:28:13.6852477Z   no-cache: false
2026-01-27T12:28:13.6852661Z   pull: false
2026-01-27T12:28:13.6853196Z   github-token: ***
2026-01-27T12:28:13.6853401Z env:
2026-01-27T12:28:13.6853590Z   DOCKER_METADATA_OUTPUT_VERSION: main
2026-01-27T12:28:13.6853972Z   DOCKER_METADATA_OUTPUT_TAGS: ***/ai-teaching-assistant-backend:main
2026-01-27T12:28:13.6854350Z   DOCKER_METADATA_OUTPUT_TAG_NAMES: main
2026-01-27T12:28:13.6856429Z   DOCKER_METADATA_OUTPUT_LABELS: org.opencontainers.image.created=2026-01-27T12:28:13.608Z
org.opencontainers.image.description=A web application for AI-based question judging.
org.opencontainers.image.licenses=MIT
org.opencontainers.image.revision=27ec4e2e160bfcf97da2be74f1b1d16421e93d0d
org.opencontainers.image.source=https://github.com/sst2020/ai-teaching-assistant
org.opencontainers.image.title=ai-teaching-assistant
org.opencontainers.image.url=https://github.com/sst2020/ai-teaching-assistant
org.opencontainers.image.version=main
2026-01-27T12:28:13.6860620Z   DOCKER_METADATA_OUTPUT_ANNOTATIONS: manifest:org.opencontainers.image.created=2026-01-27T12:28:13.608Z
manifest:org.opencontainers.image.description=A web application for AI-based question judging.
manifest:org.opencontainers.image.licenses=MIT
manifest:org.opencontainers.image.revision=27ec4e2e160bfcf97da2be74f1b1d16421e93d0d
manifest:org.opencontainers.image.source=https://github.com/sst2020/ai-teaching-assistant
manifest:org.opencontainers.image.title=ai-teaching-assistant
manifest:org.opencontainers.image.url=https://github.com/sst2020/ai-teaching-assistant
manifest:org.opencontainers.image.version=main
2026-01-27T12:28:13.6867552Z   DOCKER_METADATA_OUTPUT_JSON: {"tags":["***/ai-teaching-assistant-backend:main"],"tag-names":["main"],"labels":{"org.opencontainers.image.created":"2026-01-27T12:28:13.608Z","org.opencontainers.image.description":"A web application for AI-based question judging.","org.opencontainers.image.licenses":"MIT","org.opencontainers.image.revision":"27ec4e2e160bfcf97da2be74f1b1d16421e93d0d","org.opencontainers.image.source":"https://github.com/sst2020/ai-teaching-assistant","org.opencontainers.image.title":"ai-teaching-assistant","org.opencontainers.image.url":"https://github.com/sst2020/ai-teaching-assistant","org.opencontainers.image.version":"main"},"annotations":["manifest:org.opencontainers.image.created=2026-01-27T12:28:13.608Z","manifest:org.opencontainers.image.description=A web application for AI-based question judging.","manifest:org.opencontainers.image.licenses=MIT","manifest:org.opencontainers.image.revision=27ec4e2e160bfcf97da2be74f1b1d16421e93d0d","manifest:org.opencontainers.image.source=https://github.com/sst2020/ai-teaching-assistant","manifest:org.opencontainers.image.title=ai-teaching-assistant","manifest:org.opencontainers.image.url=https://github.com/sst2020/ai-teaching-assistant","manifest:org.opencontainers.image.version=main"]}
2026-01-27T12:28:13.6872829Z   DOCKER_METADATA_OUTPUT_BAKE_FILE_TAGS: /home/runner/work/_temp/docker-actions-toolkit-0hAM45/docker-metadata-action-bake-tags.json
2026-01-27T12:28:13.6874034Z   DOCKER_METADATA_OUTPUT_BAKE_FILE_LABELS: /home/runner/work/_temp/docker-actions-toolkit-0hAM45/docker-metadata-action-bake-labels.json
2026-01-27T12:28:13.6875000Z   DOCKER_METADATA_OUTPUT_BAKE_FILE_ANNOTATIONS: /home/runner/work/_temp/docker-actions-toolkit-0hAM45/docker-metadata-action-bake-annotations.json
2026-01-27T12:28:13.6876052Z   DOCKER_METADATA_OUTPUT_BAKE_FILE: /home/runner/work/_temp/docker-actions-toolkit-0hAM45/docker-metadata-action-bake.json
2026-01-27T12:28:13.6876591Z ##[endgroup]
2026-01-27T12:28:13.9211405Z ##[group]GitHub Actions runtime token ACs
2026-01-27T12:28:13.9222406Z refs/heads/main: read/write
2026-01-27T12:28:13.9223518Z ##[endgroup]
2026-01-27T12:28:13.9224483Z ##[group]Docker info
2026-01-27T12:28:13.9265327Z [command]/usr/bin/docker version
2026-01-27T12:28:13.9453383Z Client: Docker Engine - Community
2026-01-27T12:28:13.9453875Z  Version:           28.0.4
2026-01-27T12:28:13.9454135Z  API version:       1.48
2026-01-27T12:28:13.9454395Z  Go version:        go1.23.7
2026-01-27T12:28:13.9454629Z  Git commit:        b8034c0
2026-01-27T12:28:13.9454866Z  Built:             Tue Mar 25 15:07:16 2025
2026-01-27T12:28:13.9455137Z  OS/Arch:           linux/amd64
2026-01-27T12:28:13.9455358Z  Context:           default
2026-01-27T12:28:13.9455498Z 
2026-01-27T12:28:13.9455605Z Server: Docker Engine - Community
2026-01-27T12:28:13.9455837Z  Engine:
2026-01-27T12:28:13.9456007Z   Version:          28.0.4
2026-01-27T12:28:13.9456245Z   API version:      1.48 (minimum version 1.24)
2026-01-27T12:28:13.9456521Z   Go version:       go1.23.7
2026-01-27T12:28:13.9456731Z   Git commit:       6430e49
2026-01-27T12:28:13.9456955Z   Built:            Tue Mar 25 15:07:16 2025
2026-01-27T12:28:13.9457205Z   OS/Arch:          linux/amd64
2026-01-27T12:28:13.9457427Z   Experimental:     false
2026-01-27T12:28:13.9457637Z  containerd:
2026-01-27T12:28:13.9457807Z   Version:          v2.2.1
2026-01-27T12:28:13.9458088Z   GitCommit:        dea7da592f5d1d2b7755e3a161be07f43fad8f75
2026-01-27T12:28:13.9458402Z  runc:
2026-01-27T12:28:13.9458574Z   Version:          1.3.4
2026-01-27T12:28:13.9458793Z   GitCommit:        v1.3.4-0-gd6d73eb8
2026-01-27T12:28:13.9459170Z  docker-init:
2026-01-27T12:28:13.9459506Z   Version:          0.19.0
2026-01-27T12:28:13.9459726Z   GitCommit:        de40ad0
2026-01-27T12:28:13.9495470Z [command]/usr/bin/docker info
2026-01-27T12:28:13.9944794Z Client: Docker Engine - Community
2026-01-27T12:28:13.9945434Z  Version:    28.0.4
2026-01-27T12:28:13.9945793Z  Context:    default
2026-01-27T12:28:13.9946248Z  Debug Mode: false
2026-01-27T12:28:13.9946632Z  Plugins:
2026-01-27T12:28:13.9947000Z   buildx: Docker Buildx (Docker Inc.)
2026-01-27T12:28:13.9947473Z     Version:  v0.30.1
2026-01-27T12:28:13.9947986Z     Path:     /usr/libexec/docker/cli-plugins/docker-buildx
2026-01-27T12:28:13.9948593Z   compose: Docker Compose (Docker Inc.)
2026-01-27T12:28:13.9949083Z     Version:  v2.38.2
2026-01-27T12:28:13.9949866Z     Path:     /usr/libexec/docker/cli-plugins/docker-compose
2026-01-27T12:28:13.9950292Z 
2026-01-27T12:28:13.9950370Z Server:
2026-01-27T12:28:13.9950554Z  Containers: 1
2026-01-27T12:28:13.9950752Z   Running: 1
2026-01-27T12:28:13.9950927Z   Paused: 0
2026-01-27T12:28:13.9951095Z   Stopped: 0
2026-01-27T12:28:13.9951268Z  Images: 3
2026-01-27T12:28:13.9951463Z  Server Version: 28.0.4
2026-01-27T12:28:13.9951690Z  Storage Driver: overlay2
2026-01-27T12:28:13.9951924Z   Backing Filesystem: extfs
2026-01-27T12:28:13.9952148Z   Supports d_type: true
2026-01-27T12:28:13.9952360Z   Using metacopy: false
2026-01-27T12:28:13.9952572Z   Native Overlay Diff: false
2026-01-27T12:28:13.9952795Z   userxattr: false
2026-01-27T12:28:13.9953237Z  Logging Driver: json-file
2026-01-27T12:28:13.9953467Z  Cgroup Driver: systemd
2026-01-27T12:28:13.9953671Z  Cgroup Version: 2
2026-01-27T12:28:13.9953852Z  Plugins:
2026-01-27T12:28:13.9954151Z   Volume: local
2026-01-27T12:28:13.9954570Z   Network: bridge host ipvlan macvlan null overlay
2026-01-27T12:28:13.9955512Z   Log: awslogs fluentd gcplogs gelf journald json-file local splunk syslog
2026-01-27T12:28:13.9955903Z  Swarm: inactive
2026-01-27T12:28:13.9956117Z  Runtimes: io.containerd.runc.v2 runc
2026-01-27T12:28:13.9956373Z  Default Runtime: runc
2026-01-27T12:28:13.9956585Z  Init Binary: docker-init
2026-01-27T12:28:13.9957018Z  containerd version: dea7da592f5d1d2b7755e3a161be07f43fad8f75
2026-01-27T12:28:13.9957345Z  runc version: v1.3.4-0-gd6d73eb8
2026-01-27T12:28:13.9957583Z  init version: de40ad0
2026-01-27T12:28:13.9957800Z  Security Options:
2026-01-27T12:28:13.9957990Z   apparmor
2026-01-27T12:28:13.9958157Z   seccomp
2026-01-27T12:28:13.9958319Z    Profile: builtin
2026-01-27T12:28:13.9958502Z   cgroupns
2026-01-27T12:28:13.9958794Z  Kernel Version: 6.11.0-1018-azure
2026-01-27T12:28:13.9959192Z  Operating System: Ubuntu 24.04.3 LTS
2026-01-27T12:28:13.9959444Z  OSType: linux
2026-01-27T12:28:13.9959629Z  Architecture: x86_64
2026-01-27T12:28:13.9959833Z  CPUs: 4
2026-01-27T12:28:13.9960013Z  Total Memory: 15.62GiB
2026-01-27T12:28:13.9960219Z  Name: runnervmymu0l
2026-01-27T12:28:13.9960441Z  ID: 6d647f4b-a064-4489-8a08-7cb8635b8d79
2026-01-27T12:28:13.9960699Z  Docker Root Dir: /var/lib/docker
2026-01-27T12:28:13.9960929Z  Debug Mode: false
2026-01-27T12:28:13.9961835Z  Username: ***
2026-01-27T12:28:13.9962050Z  Experimental: false
2026-01-27T12:28:13.9962261Z  Insecure Registries:
2026-01-27T12:28:13.9962482Z   ::1/128
2026-01-27T12:28:13.9962638Z   127.0.0.0/8
2026-01-27T12:28:13.9962823Z  Live Restore Enabled: false
2026-01-27T12:28:13.9963403Z 
2026-01-27T12:28:13.9964063Z ##[endgroup]
2026-01-27T12:28:13.9964661Z ##[group]Proxy configuration
2026-01-27T12:28:13.9968667Z No proxy configuration found
2026-01-27T12:28:13.9969409Z ##[endgroup]
2026-01-27T12:28:14.0716345Z ##[group]Buildx version
2026-01-27T12:28:14.0746989Z [command]/usr/bin/docker buildx version
2026-01-27T12:28:14.1221330Z github.com/docker/buildx v0.30.1 9e66234aa13328a5e75b75aa5574e1ca6d6d9c01
2026-01-27T12:28:14.1255545Z ##[endgroup]
2026-01-27T12:28:14.1256172Z ##[group]Builder info
2026-01-27T12:28:14.2215315Z {
2026-01-27T12:28:14.2216228Z   "nodes": [
2026-01-27T12:28:14.2216699Z     {
2026-01-27T12:28:14.2217341Z       "name": "builder-3841e53e-0ba8-4181-bd61-297d188ecda30",
2026-01-27T12:28:14.2217995Z       "endpoint": "unix:///var/run/docker.sock",
2026-01-27T12:28:14.2218612Z       "status": "running",
2026-01-27T12:28:14.2219578Z       "buildkitd-flags": "--allow-insecure-entitlement security.insecure --allow-insecure-entitlement network.host",
2026-01-27T12:28:14.2220514Z       "buildkit": "v0.26.3",
2026-01-27T12:28:14.2221843Z       "platforms": "linux/amd64,linux/amd64/v2,linux/amd64/v3,linux/arm64,linux/riscv64,linux/ppc64le,linux/s390x,linux/386,linux/mips64le,linux/mips64,linux/loong64,linux/arm/v7,linux/arm/v6",
2026-01-27T12:28:14.2223508Z       "features": {
2026-01-27T12:28:14.2224061Z         "Automatically load images to the Docker Engine image store": true,
2026-01-27T12:28:14.2224756Z         "Cache export": true,
2026-01-27T12:28:14.2225144Z         "Direct push": true,
2026-01-27T12:28:14.2225549Z         "Docker exporter": true,
2026-01-27T12:28:14.2226073Z         "Multi-platform build": true,
2026-01-27T12:28:14.2226545Z         "OCI exporter": true
2026-01-27T12:28:14.2226928Z       },
2026-01-27T12:28:14.2227228Z       "labels": {
2026-01-27T12:28:14.2227692Z         "org.mobyproject.buildkit.worker.executor": "oci",
2026-01-27T12:28:14.2228421Z         "org.mobyproject.buildkit.worker.hostname": "d7bfb5bdcaf4",
2026-01-27T12:28:14.2229122Z         "org.mobyproject.buildkit.worker.network": "host",
2026-01-27T12:28:14.2229877Z         "org.mobyproject.buildkit.worker.oci.process-mode": "sandbox",
2026-01-27T12:28:14.2230689Z         "org.mobyproject.buildkit.worker.selinux.enabled": "false",
2026-01-27T12:28:14.2231443Z         "org.mobyproject.buildkit.worker.snapshotter": "overlayfs"
2026-01-27T12:28:14.2232049Z       },
2026-01-27T12:28:14.2232366Z       "gcPolicy": [
2026-01-27T12:28:14.2233312Z         {
2026-01-27T12:28:14.2233665Z           "all": false,
2026-01-27T12:28:14.2234035Z           "filter": [
2026-01-27T12:28:14.2234421Z             "type==source.local",
2026-01-27T12:28:14.2234866Z             "type==exec.cachemount",
2026-01-27T12:28:14.2235339Z             "type==source.git.checkout"
2026-01-27T12:28:14.2236048Z           ],
2026-01-27T12:28:14.2236376Z           "keepDuration": "48h0m0s"
2026-01-27T12:28:14.2236800Z         },
2026-01-27T12:28:14.2237095Z         {
2026-01-27T12:28:14.2237397Z           "all": false,
2026-01-27T12:28:14.2237787Z           "keepDuration": "1440h0m0s"
2026-01-27T12:28:14.2238219Z         },
2026-01-27T12:28:14.2238516Z         {
2026-01-27T12:28:14.2238810Z           "all": false
2026-01-27T12:28:14.2239111Z         },
2026-01-27T12:28:14.2239396Z         {
2026-01-27T12:28:14.2239676Z           "all": true
2026-01-27T12:28:14.2240004Z         }
2026-01-27T12:28:14.2240289Z       ]
2026-01-27T12:28:14.2240568Z     }
2026-01-27T12:28:14.2240868Z   ],
2026-01-27T12:28:14.2241260Z   "name": "builder-3841e53e-0ba8-4181-bd61-297d188ecda3",
2026-01-27T12:28:14.2241893Z   "driver": "docker-container",
2026-01-27T12:28:14.2242357Z   "lastActivity": "2026-01-27T12:28:08.000Z"
2026-01-27T12:28:14.2242820Z }
2026-01-27T12:28:14.2245000Z ##[endgroup]
2026-01-27T12:28:14.3695298Z [command]/usr/bin/docker buildx build --cache-from type=gha --cache-to type=gha,mode=max --file ./backend/Dockerfile --iidfile /home/runner/work/_temp/docker-actions-toolkit-M9sIoF/build-iidfile-b01c22e0f2.txt --label org.opencontainers.image.created=2026-01-27T12:28:13.608Z --label org.opencontainers.image.description=A web application for AI-based question judging. --label org.opencontainers.image.licenses=MIT --label org.opencontainers.image.revision=27ec4e2e160bfcf97da2be74f1b1d16421e93d0d --label org.opencontainers.image.source=https://github.com/sst2020/ai-teaching-assistant --label org.opencontainers.image.title=ai-teaching-assistant --label org.opencontainers.image.url=https://github.com/sst2020/ai-teaching-assistant --label org.opencontainers.image.version=main --attest type=provenance,mode=max,builder-id=https://github.com/sst2020/ai-teaching-assistant/actions/runs/21397172644 --tag ***/ai-teaching-assistant-backend:main --metadata-file /home/runner/work/_temp/docker-actions-toolkit-M9sIoF/build-metadata-dabc4eab3b.json --push ./backend
2026-01-27T12:28:14.6332061Z #0 building with "builder-3841e53e-0ba8-4181-bd61-297d188ecda3" instance using docker-container driver
2026-01-27T12:28:14.6332738Z 
2026-01-27T12:28:14.6333067Z #1 [internal] load build definition from Dockerfile
2026-01-27T12:28:14.6333426Z #1 transferring dockerfile: 923B done
2026-01-27T12:28:14.6333691Z #1 DONE 0.0s
2026-01-27T12:28:14.6333801Z 
2026-01-27T12:28:14.6333989Z #2 [internal] load metadata for docker.io/library/python:3.11-slim
2026-01-27T12:28:14.8525515Z #2 ...
2026-01-27T12:28:14.8525699Z 
2026-01-27T12:28:14.8525912Z #3 [auth] library/python:pull token for registry-1.docker.io
2026-01-27T12:28:14.8526275Z #3 DONE 0.0s
2026-01-27T12:28:15.0026522Z 
2026-01-27T12:28:15.0027156Z #2 [internal] load metadata for docker.io/library/python:3.11-slim
2026-01-27T12:28:15.4483318Z #2 DONE 1.0s
2026-01-27T12:28:15.6152563Z 
2026-01-27T12:28:15.6153198Z #4 [internal] load .dockerignore
2026-01-27T12:28:15.6153707Z #4 transferring context: 2B done
2026-01-27T12:28:15.6154161Z #4 DONE 0.0s
2026-01-27T12:28:15.6154348Z 
2026-01-27T12:28:15.6154492Z #5 [internal] load build context
2026-01-27T12:28:15.6154866Z #5 DONE 0.0s
2026-01-27T12:28:15.6155040Z 
2026-01-27T12:28:15.6155665Z #6 [1/6] FROM docker.io/library/python:3.11-slim@sha256:5be45dbade29bebd6886af6b438fd7e0b4eb7b611f39ba62b430263f82de36d2
2026-01-27T12:28:15.6157079Z #6 resolve docker.io/library/python:3.11-slim@sha256:5be45dbade29bebd6886af6b438fd7e0b4eb7b611f39ba62b430263f82de36d2 done
2026-01-27T12:28:15.6157660Z #6 DONE 0.0s
2026-01-27T12:28:15.6157776Z 
2026-01-27T12:28:15.6157925Z #7 importing cache manifest from gha:13477956023233325417
2026-01-27T12:28:15.9569701Z #7 DONE 0.5s
2026-01-27T12:28:16.1536939Z 
2026-01-27T12:28:16.1537438Z #5 [internal] load build context
2026-01-27T12:28:16.1538892Z #5 transferring context: 1.27MB 0.0s done
2026-01-27T12:28:16.1539292Z #5 DONE 0.0s
2026-01-27T12:28:16.1539413Z 
2026-01-27T12:28:16.1539498Z #8 [2/6] WORKDIR /app
2026-01-27T12:28:16.1540126Z #8 CACHED
2026-01-27T12:28:16.1540242Z 
2026-01-27T12:28:16.1540626Z #9 [3/6] RUN apt-get update && apt-get install -y --no-install-recommends     gcc     && rm -rf /var/lib/apt/lists/*
2026-01-27T12:28:16.1541185Z #9 CACHED
2026-01-27T12:28:16.1541293Z 
2026-01-27T12:28:16.1541396Z #10 [4/6] COPY requirements.txt .
2026-01-27T12:28:16.1541665Z #10 CACHED
2026-01-27T12:28:16.1541771Z 
2026-01-27T12:28:16.1542110Z #11 [5/6] RUN pip install --no-cache-dir --upgrade pip &&     pip install --no-cache-dir -r requirements.txt
2026-01-27T12:28:16.1920659Z #11 CACHED
2026-01-27T12:28:16.3429132Z 
2026-01-27T12:28:16.3429976Z #11 [5/6] RUN pip install --no-cache-dir --upgrade pip &&     pip install --no-cache-dir -r requirements.txt
2026-01-27T12:28:16.3453522Z #11 sha256:209a3416ffd88cc551e776ab924dd2edfb53589ae48c2ae85d36591d4782ea25 0B / 93.76MB 0.2s
2026-01-27T12:28:16.4692069Z #11 sha256:6165a0e6284b9ec1fc538b3ba532ff8eceb637062d98b16b505cf9517322fea5 0B / 767B 0.2s
2026-01-27T12:28:16.4693517Z #11 sha256:a6210ede12e84e88c6ea6127a4b3415d5dc59374c7f62d2971258d39340cf48a 0B / 67.79MB 0.2s
2026-01-27T12:28:16.4694413Z #11 sha256:1aa7ff6b56452e710f6ebb8df239185f8e3be65d6bd277d2a8739e606dc112c0 93B / 93B 0.3s done
2026-01-27T12:28:16.6200448Z #11 sha256:6165a0e6284b9ec1fc538b3ba532ff8eceb637062d98b16b505cf9517322fea5 767B / 767B 0.3s done
2026-01-27T12:28:16.6201593Z #11 sha256:0b2bf04f68e9f306a8a83f57c6ced322a23968bf3d5acebc07e055c090240826 0B / 250B 0.2s
2026-01-27T12:28:16.7217550Z #11 sha256:0b2bf04f68e9f306a8a83f57c6ced322a23968bf3d5acebc07e055c090240826 250B / 250B 0.3s done
2026-01-27T12:28:16.7218762Z #11 sha256:3e731abb5c1dd05aef62585d392d31ad26089dc4c031730e5ab0225aef80b3f2 0B / 14.36MB 0.2s
2026-01-27T12:28:16.8727168Z #11 sha256:5b09819094bb89d5b2416ff2fb03f68666a5372c358cfd22f2b62d7f6660d906 0B / 1.29MB 0.2s
2026-01-27T12:28:17.4727857Z #11 sha256:3e731abb5c1dd05aef62585d392d31ad26089dc4c031730e5ab0225aef80b3f2 1.05MB / 14.36MB 0.9s
2026-01-27T12:28:17.6222258Z #11 sha256:209a3416ffd88cc551e776ab924dd2edfb53589ae48c2ae85d36591d4782ea25 5.24MB / 93.76MB 1.4s
2026-01-27T12:28:17.6224105Z #11 sha256:3e731abb5c1dd05aef62585d392d31ad26089dc4c031730e5ab0225aef80b3f2 2.10MB / 14.36MB 1.1s
2026-01-27T12:28:17.6225035Z #11 sha256:5b09819094bb89d5b2416ff2fb03f68666a5372c358cfd22f2b62d7f6660d906 1.13MB / 1.29MB 0.9s
2026-01-27T12:28:17.7766878Z #11 sha256:a6210ede12e84e88c6ea6127a4b3415d5dc59374c7f62d2971258d39340cf48a 4.19MB / 67.79MB 1.5s
2026-01-27T12:28:17.7768165Z #11 sha256:3e731abb5c1dd05aef62585d392d31ad26089dc4c031730e5ab0225aef80b3f2 3.15MB / 14.36MB 1.2s
2026-01-27T12:28:17.7769446Z #11 sha256:5b09819094bb89d5b2416ff2fb03f68666a5372c358cfd22f2b62d7f6660d906 1.29MB / 1.29MB 0.9s done
2026-01-27T12:28:17.7770380Z #11 sha256:119d43eec815e5f9a47da3a7d59454581b1e204b0c34db86f171b7ceb3336533 0B / 29.77MB 0.2s
2026-01-27T12:28:17.9305397Z #11 sha256:3e731abb5c1dd05aef62585d392d31ad26089dc4c031730e5ab0225aef80b3f2 5.24MB / 14.36MB 1.4s
2026-01-27T12:28:18.0761914Z #11 sha256:209a3416ffd88cc551e776ab924dd2edfb53589ae48c2ae85d36591d4782ea25 11.53MB / 93.76MB 1.8s
2026-01-27T12:28:18.0762799Z #11 sha256:a6210ede12e84e88c6ea6127a4b3415d5dc59374c7f62d2971258d39340cf48a 8.39MB / 67.79MB 1.8s
2026-01-27T12:28:18.0763766Z #11 sha256:3e731abb5c1dd05aef62585d392d31ad26089dc4c031730e5ab0225aef80b3f2 7.34MB / 14.36MB 1.5s
2026-01-27T12:28:18.0764559Z #11 sha256:119d43eec815e5f9a47da3a7d59454581b1e204b0c34db86f171b7ceb3336533 3.15MB / 29.77MB 0.5s
2026-01-27T12:28:18.2263191Z #11 sha256:3e731abb5c1dd05aef62585d392d31ad26089dc4c031730e5ab0225aef80b3f2 10.49MB / 14.36MB 1.7s
2026-01-27T12:28:18.2264184Z #11 sha256:119d43eec815e5f9a47da3a7d59454581b1e204b0c34db86f171b7ceb3336533 5.24MB / 29.77MB 0.6s
2026-01-27T12:28:18.3768794Z #11 sha256:209a3416ffd88cc551e776ab924dd2edfb53589ae48c2ae85d36591d4782ea25 16.78MB / 93.76MB 2.1s
2026-01-27T12:28:18.3769663Z #11 sha256:a6210ede12e84e88c6ea6127a4b3415d5dc59374c7f62d2971258d39340cf48a 12.58MB / 67.79MB 2.1s
2026-01-27T12:28:18.3770434Z #11 sha256:3e731abb5c1dd05aef62585d392d31ad26089dc4c031730e5ab0225aef80b3f2 14.36MB / 14.36MB 1.8s done
2026-01-27T12:28:18.3771382Z #11 sha256:119d43eec815e5f9a47da3a7d59454581b1e204b0c34db86f171b7ceb3336533 8.39MB / 29.77MB 0.8s
2026-01-27T12:28:18.5267997Z #11 sha256:119d43eec815e5f9a47da3a7d59454581b1e204b0c34db86f171b7ceb3336533 12.58MB / 29.77MB 0.9s
2026-01-27T12:28:18.6763258Z #11 sha256:a6210ede12e84e88c6ea6127a4b3415d5dc59374c7f62d2971258d39340cf48a 16.78MB / 67.79MB 2.4s
2026-01-27T12:28:18.6764073Z #11 sha256:119d43eec815e5f9a47da3a7d59454581b1e204b0c34db86f171b7ceb3336533 16.78MB / 29.77MB 1.1s
2026-01-27T12:28:18.8264898Z #11 sha256:209a3416ffd88cc551e776ab924dd2edfb53589ae48c2ae85d36591d4782ea25 23.07MB / 93.76MB 2.6s
2026-01-27T12:28:18.8265867Z #11 sha256:119d43eec815e5f9a47da3a7d59454581b1e204b0c34db86f171b7ceb3336533 19.92MB / 29.77MB 1.2s
2026-01-27T12:28:18.9765387Z #11 sha256:a6210ede12e84e88c6ea6127a4b3415d5dc59374c7f62d2971258d39340cf48a 20.97MB / 67.79MB 2.7s
2026-01-27T12:28:18.9766334Z #11 sha256:119d43eec815e5f9a47da3a7d59454581b1e204b0c34db86f171b7ceb3336533 24.12MB / 29.77MB 1.4s
2026-01-27T12:28:19.1264142Z #11 sha256:119d43eec815e5f9a47da3a7d59454581b1e204b0c34db86f171b7ceb3336533 28.31MB / 29.77MB 1.5s
2026-01-27T12:28:19.2767426Z #11 sha256:209a3416ffd88cc551e776ab924dd2edfb53589ae48c2ae85d36591d4782ea25 29.36MB / 93.76MB 3.0s
2026-01-27T12:28:19.2768309Z #11 sha256:a6210ede12e84e88c6ea6127a4b3415d5dc59374c7f62d2971258d39340cf48a 25.17MB / 67.79MB 3.0s
2026-01-27T12:28:19.4960613Z #11 sha256:209a3416ffd88cc551e776ab924dd2edfb53589ae48c2ae85d36591d4782ea25 34.60MB / 93.76MB 3.3s
2026-01-27T12:28:19.4961896Z #11 sha256:119d43eec815e5f9a47da3a7d59454581b1e204b0c34db86f171b7ceb3336533 29.77MB / 29.77MB 1.7s done
2026-01-27T12:28:19.4963132Z #11 extracting sha256:119d43eec815e5f9a47da3a7d59454581b1e204b0c34db86f171b7ceb3336533
2026-01-27T12:28:19.6456814Z #11 sha256:a6210ede12e84e88c6ea6127a4b3415d5dc59374c7f62d2971258d39340cf48a 29.36MB / 67.79MB 3.3s
2026-01-27T12:28:19.9453228Z #11 sha256:209a3416ffd88cc551e776ab924dd2edfb53589ae48c2ae85d36591d4782ea25 40.89MB / 93.76MB 3.8s
2026-01-27T12:28:20.0719060Z #11 sha256:a6210ede12e84e88c6ea6127a4b3415d5dc59374c7f62d2971258d39340cf48a 34.60MB / 67.79MB 3.8s
2026-01-27T12:28:20.0720332Z #11 extracting sha256:119d43eec815e5f9a47da3a7d59454581b1e204b0c34db86f171b7ceb3336533 0.6s done
2026-01-27T12:28:20.0721450Z #11 extracting sha256:5b09819094bb89d5b2416ff2fb03f68666a5372c358cfd22f2b62d7f6660d906 0.1s done
2026-01-27T12:28:20.2455889Z #11 extracting sha256:3e731abb5c1dd05aef62585d392d31ad26089dc4c031730e5ab0225aef80b3f2
2026-01-27T12:28:20.3954444Z #11 sha256:209a3416ffd88cc551e776ab924dd2edfb53589ae48c2ae85d36591d4782ea25 47.19MB / 93.76MB 4.2s
2026-01-27T12:28:20.3956366Z #11 sha256:a6210ede12e84e88c6ea6127a4b3415d5dc59374c7f62d2971258d39340cf48a 38.80MB / 67.79MB 4.1s
2026-01-27T12:28:20.5296756Z #11 extracting sha256:3e731abb5c1dd05aef62585d392d31ad26089dc4c031730e5ab0225aef80b3f2 0.5s done
2026-01-27T12:28:20.6955276Z #11 sha256:209a3416ffd88cc551e776ab924dd2edfb53589ae48c2ae85d36591d4782ea25 52.43MB / 93.76MB 4.5s
2026-01-27T12:28:20.6956249Z #11 sha256:a6210ede12e84e88c6ea6127a4b3415d5dc59374c7f62d2971258d39340cf48a 42.99MB / 67.79MB 4.4s
2026-01-27T12:28:20.6957040Z #11 extracting sha256:0b2bf04f68e9f306a8a83f57c6ced322a23968bf3d5acebc07e055c090240826 done
2026-01-27T12:28:20.6957781Z #11 extracting sha256:1aa7ff6b56452e710f6ebb8df239185f8e3be65d6bd277d2a8739e606dc112c0 done
2026-01-27T12:28:20.9958129Z #11 sha256:a6210ede12e84e88c6ea6127a4b3415d5dc59374c7f62d2971258d39340cf48a 47.19MB / 67.79MB 4.7s
2026-01-27T12:28:21.1464255Z #11 sha256:209a3416ffd88cc551e776ab924dd2edfb53589ae48c2ae85d36591d4782ea25 58.72MB / 93.76MB 5.0s
2026-01-27T12:28:21.2963259Z #11 sha256:a6210ede12e84e88c6ea6127a4b3415d5dc59374c7f62d2971258d39340cf48a 51.38MB / 67.79MB 5.0s
2026-01-27T12:28:21.5957570Z #11 sha256:209a3416ffd88cc551e776ab924dd2edfb53589ae48c2ae85d36591d4782ea25 65.01MB / 93.76MB 5.4s
2026-01-27T12:28:21.5958682Z #11 sha256:a6210ede12e84e88c6ea6127a4b3415d5dc59374c7f62d2971258d39340cf48a 55.57MB / 67.79MB 5.3s
2026-01-27T12:28:21.8960142Z #11 sha256:209a3416ffd88cc551e776ab924dd2edfb53589ae48c2ae85d36591d4782ea25 70.25MB / 93.76MB 5.7s
2026-01-27T12:28:21.8961217Z #11 sha256:a6210ede12e84e88c6ea6127a4b3415d5dc59374c7f62d2971258d39340cf48a 59.77MB / 67.79MB 5.6s
2026-01-27T12:28:22.1953719Z #11 sha256:a6210ede12e84e88c6ea6127a4b3415d5dc59374c7f62d2971258d39340cf48a 63.96MB / 67.79MB 5.9s
2026-01-27T12:28:22.3288360Z #11 sha256:a6210ede12e84e88c6ea6127a4b3415d5dc59374c7f62d2971258d39340cf48a 67.79MB / 67.79MB 6.1s done
2026-01-27T12:28:22.4954023Z #11 sha256:209a3416ffd88cc551e776ab924dd2edfb53589ae48c2ae85d36591d4782ea25 76.55MB / 93.76MB 6.2s
2026-01-27T12:28:22.4955189Z #11 extracting sha256:a6210ede12e84e88c6ea6127a4b3415d5dc59374c7f62d2971258d39340cf48a
2026-01-27T12:28:22.7958722Z #11 sha256:209a3416ffd88cc551e776ab924dd2edfb53589ae48c2ae85d36591d4782ea25 82.84MB / 93.76MB 6.6s
2026-01-27T12:28:23.0955099Z #11 sha256:209a3416ffd88cc551e776ab924dd2edfb53589ae48c2ae85d36591d4782ea25 88.08MB / 93.76MB 6.9s
2026-01-27T12:28:23.2458882Z #11 extracting sha256:a6210ede12e84e88c6ea6127a4b3415d5dc59374c7f62d2971258d39340cf48a 0.8s done
2026-01-27T12:28:23.2460097Z #11 extracting sha256:6165a0e6284b9ec1fc538b3ba532ff8eceb637062d98b16b505cf9517322fea5 done
2026-01-27T12:28:23.5426627Z #11 sha256:209a3416ffd88cc551e776ab924dd2edfb53589ae48c2ae85d36591d4782ea25 93.76MB / 93.76MB 7.3s done
2026-01-27T12:28:23.5427344Z #11 DONE 7.5s
2026-01-27T12:28:23.6944307Z 
2026-01-27T12:28:23.6944997Z #11 [5/6] RUN pip install --no-cache-dir --upgrade pip &&     pip install --no-cache-dir -r requirements.txt
2026-01-27T12:28:23.6946403Z #11 extracting sha256:209a3416ffd88cc551e776ab924dd2edfb53589ae48c2ae85d36591d4782ea25
2026-01-27T12:28:26.2633936Z #11 extracting sha256:209a3416ffd88cc551e776ab924dd2edfb53589ae48c2ae85d36591d4782ea25 2.7s done
2026-01-27T12:28:26.2634757Z #11 DONE 10.3s
2026-01-27T12:28:26.4139210Z 
2026-01-27T12:28:26.4139639Z #12 [6/6] COPY . .
2026-01-27T12:28:27.6271200Z #12 DONE 1.4s
2026-01-27T12:28:27.7782159Z 
2026-01-27T12:28:27.7783426Z #13 [auth] ***/ai-teaching-assistant-backend:pull,push token for registry-1.docker.io
2026-01-27T12:28:27.9286128Z #13 DONE 0.0s
2026-01-27T12:28:27.9286387Z 
2026-01-27T12:28:27.9286554Z #14 exporting to image
2026-01-27T12:28:27.9287009Z #14 exporting layers 0.1s done
2026-01-27T12:28:27.9287952Z #14 exporting manifest sha256:de1cae518d235ac05f533a10754a247395a4b498fb882b09783a00ac027133ab done
2026-01-27T12:28:27.9289362Z #14 exporting config sha256:b6e092c485ef343c54466da11cc15127e3ff9ad13d49ad3649555fede2900b3e done
2026-01-27T12:28:27.9290842Z #14 exporting attestation manifest sha256:acea86d16a5859cdbb45d3da851f7f64edfafb8252b2888d344b429b815d849f done
2026-01-27T12:28:27.9291785Z #14 exporting manifest list sha256:8d60e07fa2e00cccbc08c5d1dc908642d58ca5760f0b9cf421e3d30275009b8c done
2026-01-27T12:28:27.9292405Z #14 pushing layers
2026-01-27T12:28:29.0073166Z #14 pushing layers 1.3s done
2026-01-27T12:28:29.0074356Z #14 pushing manifest for docker.io/***/ai-teaching-assistant-backend:main@sha256:8d60e07fa2e00cccbc08c5d1dc908642d58ca5760f0b9cf421e3d30275009b8c
2026-01-27T12:28:31.8297360Z #14 pushing manifest for docker.io/***/ai-teaching-assistant-backend:main@sha256:8d60e07fa2e00cccbc08c5d1dc908642d58ca5760f0b9cf421e3d30275009b8c 2.8s done
2026-01-27T12:28:31.8298698Z #14 DONE 4.2s
2026-01-27T12:28:31.8298895Z 
2026-01-27T12:28:31.8299068Z #15 exporting to GitHub Actions Cache
2026-01-27T12:28:31.8299557Z #15 preparing build cache for export
2026-01-27T12:28:32.6838687Z #15 writing layer sha256:c490fe2ca136767488eab940845ed6dbacbee8e481976b1230a81ca9a824e697
2026-01-27T12:28:33.6513496Z #15 writing layer sha256:c490fe2ca136767488eab940845ed6dbacbee8e481976b1230a81ca9a824e697 1.0s done
2026-01-27T12:28:34.3500708Z #15 preparing build cache for export 2.5s done
2026-01-27T12:28:34.3501287Z #15 DONE 2.5s
2026-01-27T12:28:34.3725271Z 
2026-01-27T12:28:34.3725626Z #16 resolving provenance for metadata file
2026-01-27T12:28:34.3726113Z #16 DONE 0.0s
2026-01-27T12:28:34.3799143Z ##[group]ImageID
2026-01-27T12:28:34.3799742Z sha256:8d60e07fa2e00cccbc08c5d1dc908642d58ca5760f0b9cf421e3d30275009b8c
2026-01-27T12:28:34.3801231Z ##[endgroup]
2026-01-27T12:28:34.3801826Z ##[group]Digest
2026-01-27T12:28:34.3802417Z sha256:8d60e07fa2e00cccbc08c5d1dc908642d58ca5760f0b9cf421e3d30275009b8c
2026-01-27T12:28:34.3803667Z ##[endgroup]
2026-01-27T12:28:34.3804019Z ##[group]Metadata
2026-01-27T12:28:34.3804734Z {
2026-01-27T12:28:34.3805077Z   "buildx.build.provenance": {
2026-01-27T12:28:34.3805460Z     "builder": {
2026-01-27T12:28:34.3805989Z       "id": "https://github.com/sst2020/ai-teaching-assistant/actions/runs/21397172644"
2026-01-27T12:28:34.3806445Z     },
2026-01-27T12:28:34.3806693Z     "buildType": "https://mobyproject.org/buildkit@v1",
2026-01-27T12:28:34.3806990Z     "materials": [
2026-01-27T12:28:34.3829936Z       {
2026-01-27T12:28:34.3830418Z         "uri": "pkg:docker/python@3.11-slim?platform=linux%2Famd64",
2026-01-27T12:28:34.3831078Z         "digest": {
2026-01-27T12:28:34.3831797Z           "sha256": "5be45dbade29bebd6886af6b438fd7e0b4eb7b611f39ba62b430263f82de36d2"
2026-01-27T12:28:34.3832480Z         }
2026-01-27T12:28:34.3832762Z       }
2026-01-27T12:28:34.3833547Z     ],
2026-01-27T12:28:34.3833858Z     "invocation": {
2026-01-27T12:28:34.3834175Z       "configSource": {
2026-01-27T12:28:34.3834505Z         "entryPoint": "Dockerfile"
2026-01-27T12:28:34.3834865Z       },
2026-01-27T12:28:34.3835121Z       "parameters": {
2026-01-27T12:28:34.3835451Z         "frontend": "dockerfile.v0",
2026-01-27T12:28:34.3835818Z         "args": {
2026-01-27T12:28:34.3836269Z           "label:org.opencontainers.image.created": "2026-01-27T12:28:13.608Z",
2026-01-27T12:28:34.3837266Z           "label:org.opencontainers.image.description": "A web application for AI-based question judging.",
2026-01-27T12:28:34.3838174Z           "label:org.opencontainers.image.licenses": "MIT",
2026-01-27T12:28:34.3839017Z           "label:org.opencontainers.image.revision": "27ec4e2e160bfcf97da2be74f1b1d16421e93d0d",
2026-01-27T12:28:34.3840184Z           "label:org.opencontainers.image.source": "https://github.com/sst2020/ai-teaching-assistant",
2026-01-27T12:28:34.3841184Z           "label:org.opencontainers.image.title": "ai-teaching-assistant",
2026-01-27T12:28:34.3842149Z           "label:org.opencontainers.image.url": "https://github.com/sst2020/ai-teaching-assistant",
2026-01-27T12:28:34.3843232Z           "label:org.opencontainers.image.version": "main"
2026-01-27T12:28:34.3843754Z         },
2026-01-27T12:28:34.3844091Z         "locals": [
2026-01-27T12:28:34.3844407Z           {
2026-01-27T12:28:34.3844656Z             "name": "context"
2026-01-27T12:28:34.3844894Z           },
2026-01-27T12:28:34.3845075Z           {
2026-01-27T12:28:34.3845251Z             "name": "dockerfile"
2026-01-27T12:28:34.3845469Z           }
2026-01-27T12:28:34.3845631Z         ]
2026-01-27T12:28:34.3845790Z       },
2026-01-27T12:28:34.3845956Z       "environment": {
2026-01-27T12:28:34.3846161Z         "github_actor": "sst2020",
2026-01-27T12:28:34.3846409Z         "github_actor_id": "77180679",
2026-01-27T12:28:34.3846663Z         "github_event_name": "push",
2026-01-27T12:28:34.3846915Z         "github_event_payload": {
2026-01-27T12:28:34.3847207Z           "after": "27ec4e2e160bfcf97da2be74f1b1d16421e93d0d",
2026-01-27T12:28:34.3847502Z           "base_ref": null,
2026-01-27T12:28:34.3847777Z           "before": "200d57cab5dd3c9928d3c8ed2b1bae0c6f6824b0",
2026-01-27T12:28:34.3848076Z           "commits": [
2026-01-27T12:28:34.3848269Z             {
2026-01-27T12:28:34.3848447Z               "author": {
2026-01-27T12:28:34.3848670Z                 "email": "2024040340@buct.edu.cn",
2026-01-27T12:28:34.3849154Z                 "name": "sst2020",
2026-01-27T12:28:34.3849407Z                 "username": "sst2020"
2026-01-27T12:28:34.3849639Z               },
2026-01-27T12:28:34.3849826Z               "committer": {
2026-01-27T12:28:34.3850059Z                 "email": "2024040340@buct.edu.cn",
2026-01-27T12:28:34.3850709Z                 "name": "sst2020",
2026-01-27T12:28:34.3851132Z                 "username": "sst2020"
2026-01-27T12:28:34.3851497Z               },
2026-01-27T12:28:34.3851818Z               "distinct": true,
2026-01-27T12:28:34.3852129Z               "id": "27ec4e2e160bfcf97da2be74f1b1d16421e93d0d",
2026-01-27T12:28:34.3852427Z               "message": "update ci.yml",
2026-01-27T12:28:34.3852701Z               "timestamp": "2026-01-27T20:27:37+08:00",
2026-01-27T12:28:34.3853258Z               "tree_id": "1432b08cdde6eac106099f47e3c7a63132003b8d",
2026-01-27T12:28:34.3853846Z               "url": "https://github.com/sst2020/ai-teaching-assistant/commit/27ec4e2e160bfcf97da2be74f1b1d16421e93d0d"
2026-01-27T12:28:34.3854351Z             }
2026-01-27T12:28:34.3854520Z           ],
2026-01-27T12:28:34.3854902Z           "compare": "https://github.com/sst2020/ai-teaching-assistant/compare/200d57cab5dd...27ec4e2e160b",
2026-01-27T12:28:34.3855364Z           "created": false,
2026-01-27T12:28:34.3855586Z           "deleted": false,
2026-01-27T12:28:34.3855797Z           "forced": false,
2026-01-27T12:28:34.3856006Z           "head_commit": {
2026-01-27T12:28:34.3856200Z             "author": {
2026-01-27T12:28:34.3856418Z               "email": "2024040340@buct.edu.cn",
2026-01-27T12:28:34.3856678Z               "name": "sst2020",
2026-01-27T12:28:34.3856905Z               "username": "sst2020"
2026-01-27T12:28:34.3857125Z             },
2026-01-27T12:28:34.3857300Z             "committer": {
2026-01-27T12:28:34.3857517Z               "email": "2024040340@buct.edu.cn",
2026-01-27T12:28:34.3857771Z               "name": "sst2020",
2026-01-27T12:28:34.3858002Z               "username": "sst2020"
2026-01-27T12:28:34.3858229Z             },
2026-01-27T12:28:34.3858412Z             "distinct": true,
2026-01-27T12:28:34.3858680Z             "id": "27ec4e2e160bfcf97da2be74f1b1d16421e93d0d",
2026-01-27T12:28:34.3858993Z             "message": "update ci.yml",
2026-01-27T12:28:34.3859266Z             "timestamp": "2026-01-27T20:27:37+08:00",
2026-01-27T12:28:34.3859598Z             "tree_id": "1432b08cdde6eac106099f47e3c7a63132003b8d",
2026-01-27T12:28:34.3860149Z             "url": "https://github.com/sst2020/ai-teaching-assistant/commit/27ec4e2e160bfcf97da2be74f1b1d16421e93d0d"
2026-01-27T12:28:34.3860629Z           },
2026-01-27T12:28:34.3860800Z           "pusher": {
2026-01-27T12:28:34.3861057Z             "email": "77180679+sst2020@users.noreply.github.com",
2026-01-27T12:28:34.3861356Z             "name": "sst2020"
2026-01-27T12:28:34.3861564Z           },
2026-01-27T12:28:34.3861745Z           "ref": "refs/heads/main",
2026-01-27T12:28:34.3861977Z           "repository": {
2026-01-27T12:28:34.3862198Z             "allow_forking": true,
2026-01-27T12:28:34.3862643Z             "archive_url": "https://api.github.com/repos/sst2020/ai-teaching-assistant/{archive_format}{/ref}",
2026-01-27T12:28:34.3863307Z             "archived": false,
2026-01-27T12:28:34.3863748Z             "assignees_url": "https://api.github.com/repos/sst2020/ai-teaching-assistant/assignees{/user}",
2026-01-27T12:28:34.3864383Z             "blobs_url": "https://api.github.com/repos/sst2020/ai-teaching-assistant/git/blobs{/sha}",
2026-01-27T12:28:34.3865006Z             "branches_url": "https://api.github.com/repos/sst2020/ai-teaching-assistant/branches{/branch}",
2026-01-27T12:28:34.3865557Z             "clone_url": "https://github.com/sst2020/ai-teaching-assistant.git",
2026-01-27T12:28:34.3866176Z             "collaborators_url": "https://api.github.com/repos/sst2020/ai-teaching-assistant/collaborators{/collaborator}",
2026-01-27T12:28:34.3867022Z             "comments_url": "https://api.github.com/repos/sst2020/ai-teaching-assistant/comments{/number}",
2026-01-27T12:28:34.3867642Z             "commits_url": "https://api.github.com/repos/sst2020/ai-teaching-assistant/commits{/sha}",
2026-01-27T12:28:34.3868268Z             "compare_url": "https://api.github.com/repos/sst2020/ai-teaching-assistant/compare/{base}...{head}",
2026-01-27T12:28:34.3869032Z             "contents_url": "https://api.github.com/repos/sst2020/ai-teaching-assistant/contents/{+path}",
2026-01-27T12:28:34.3870089Z             "contributors_url": "https://api.github.com/repos/sst2020/ai-teaching-assistant/contributors",
2026-01-27T12:28:34.3870872Z             "created_at": 1764340901,
2026-01-27T12:28:34.3871286Z             "default_branch": "main",
2026-01-27T12:28:34.3871842Z             "deployments_url": "https://api.github.com/repos/sst2020/ai-teaching-assistant/deployments",
2026-01-27T12:28:34.3872383Z             "description": "A web application for AI-based question judging.",
2026-01-27T12:28:34.3872741Z             "disabled": false,
2026-01-27T12:28:34.3873814Z             "downloads_url": "https://api.github.com/repos/sst2020/ai-teaching-assistant/downloads",
2026-01-27T12:28:34.3874387Z             "events_url": "https://api.github.com/repos/sst2020/ai-teaching-assistant/events",
2026-01-27T12:28:34.3874789Z             "fork": false,
2026-01-27T12:28:34.3875008Z             "forks": 1,
2026-01-27T12:28:34.3875219Z             "forks_count": 1,
2026-01-27T12:28:34.3875574Z             "forks_url": "https://api.github.com/repos/sst2020/ai-teaching-assistant/forks",
2026-01-27T12:28:34.3876014Z             "full_name": "sst2020/ai-teaching-assistant",
2026-01-27T12:28:34.3876493Z             "git_commits_url": "https://api.github.com/repos/sst2020/ai-teaching-assistant/git/commits{/sha}",
2026-01-27T12:28:34.3877120Z             "git_refs_url": "https://api.github.com/repos/sst2020/ai-teaching-assistant/git/refs{/sha}",
2026-01-27T12:28:34.3877714Z             "git_tags_url": "https://api.github.com/repos/sst2020/ai-teaching-assistant/git/tags{/sha}",
2026-01-27T12:28:34.3878232Z             "git_url": "git://github.com/sst2020/ai-teaching-assistant.git",
2026-01-27T12:28:34.3878578Z             "has_discussions": false,
2026-01-27T12:28:34.3878825Z             "has_downloads": true,
2026-01-27T12:28:34.3879051Z             "has_issues": true,
2026-01-27T12:28:34.3879282Z             "has_pages": false,
2026-01-27T12:28:34.3879506Z             "has_projects": true,
2026-01-27T12:28:34.3879735Z             "has_wiki": true,
2026-01-27T12:28:34.3879950Z             "homepage": null,
2026-01-27T12:28:34.3880312Z             "hooks_url": "https://api.github.com/repos/sst2020/ai-teaching-assistant/hooks",
2026-01-27T12:28:34.3880785Z             "html_url": "https://github.com/sst2020/ai-teaching-assistant",
2026-01-27T12:28:34.3881118Z             "id": 1106045712,
2026-01-27T12:28:34.3881337Z             "is_template": false,
2026-01-27T12:28:34.3881807Z             "issue_comment_url": "https://api.github.com/repos/sst2020/ai-teaching-assistant/issues/comments{/number}",
2026-01-27T12:28:34.3882516Z             "issue_events_url": "https://api.github.com/repos/sst2020/ai-teaching-assistant/issues/events{/number}",
2026-01-27T12:28:34.3883490Z             "issues_url": "https://api.github.com/repos/sst2020/ai-teaching-assistant/issues{/number}",
2026-01-27T12:28:34.3884083Z             "keys_url": "https://api.github.com/repos/sst2020/ai-teaching-assistant/keys{/key_id}",
2026-01-27T12:28:34.3884658Z             "labels_url": "https://api.github.com/repos/sst2020/ai-teaching-assistant/labels{/name}",
2026-01-27T12:28:34.3885086Z             "language": "Python",
2026-01-27T12:28:34.3885484Z             "languages_url": "https://api.github.com/repos/sst2020/ai-teaching-assistant/languages",
2026-01-27T12:28:34.3885902Z             "license": {
2026-01-27T12:28:34.3886107Z               "key": "mit",
2026-01-27T12:28:34.3886318Z               "name": "MIT License",
2026-01-27T12:28:34.3886585Z               "node_id": "MDc6TGljZW5zZTEz",
2026-01-27T12:28:34.3887001Z               "spdx_id": "MIT",
2026-01-27T12:28:34.3887281Z               "url": "https://api.github.com/licenses/mit"
2026-01-27T12:28:34.3887572Z             },
2026-01-27T12:28:34.3887760Z             "master_branch": "main",
2026-01-27T12:28:34.3888148Z             "merges_url": "https://api.github.com/repos/sst2020/ai-teaching-assistant/merges",
2026-01-27T12:28:34.3888870Z             "milestones_url": "https://api.github.com/repos/sst2020/ai-teaching-assistant/milestones{/number}",
2026-01-27T12:28:34.3889336Z             "mirror_url": null,
2026-01-27T12:28:34.3889571Z             "name": "ai-teaching-assistant",
2026-01-27T12:28:34.3889839Z             "node_id": "R_kgDOQezrEA",
2026-01-27T12:28:34.3890386Z             "notifications_url": "https://api.github.com/repos/sst2020/ai-teaching-assistant/notifications{?since,all,participating}",
2026-01-27T12:28:34.3890943Z             "open_issues": 1,
2026-01-27T12:28:34.3891172Z             "open_issues_count": 1,
2026-01-27T12:28:34.3891408Z             "owner": {
2026-01-27T12:28:34.3891716Z               "avatar_url": "https://avatars.githubusercontent.com/u/77180679?v=4",
2026-01-27T12:28:34.3892138Z               "email": "77180679+sst2020@users.noreply.github.com",
2026-01-27T12:28:34.3892549Z               "events_url": "https://api.github.com/users/sst2020/events{/privacy}",
2026-01-27T12:28:34.3893222Z               "followers_url": "https://api.github.com/users/sst2020/followers",
2026-01-27T12:28:34.3893715Z               "following_url": "https://api.github.com/users/sst2020/following{/other_user}",
2026-01-27T12:28:34.3894199Z               "gists_url": "https://api.github.com/users/sst2020/gists{/gist_id}",
2026-01-27T12:28:34.3894545Z               "gravatar_id": "",
2026-01-27T12:28:34.3894815Z               "html_url": "https://github.com/sst2020",
2026-01-27T12:28:34.3895094Z               "id": 77180679,
2026-01-27T12:28:34.3895311Z               "login": "sst2020",
2026-01-27T12:28:34.3895539Z               "name": "sst2020",
2026-01-27T12:28:34.3895792Z               "node_id": "MDQ6VXNlcjc3MTgwNjc5",
2026-01-27T12:28:34.3896147Z               "organizations_url": "https://api.github.com/users/sst2020/orgs",
2026-01-27T12:28:34.3896640Z               "received_events_url": "https://api.github.com/users/sst2020/received_events",
2026-01-27T12:28:34.3897108Z               "repos_url": "https://api.github.com/users/sst2020/repos",
2026-01-27T12:28:34.3897433Z               "site_admin": false,
2026-01-27T12:28:34.3897796Z               "starred_url": "https://api.github.com/users/sst2020/starred{/owner}{/repo}",
2026-01-27T12:28:34.3898307Z               "subscriptions_url": "https://api.github.com/users/sst2020/subscriptions",
2026-01-27T12:28:34.3898678Z               "type": "User",
2026-01-27T12:28:34.3898942Z               "url": "https://api.github.com/users/sst2020",
2026-01-27T12:28:34.3899241Z               "user_view_type": "public"
2026-01-27T12:28:34.3899480Z             },
2026-01-27T12:28:34.3899667Z             "private": false,
2026-01-27T12:28:34.3900053Z             "pulls_url": "https://api.github.com/repos/sst2020/ai-teaching-assistant/pulls{/number}",
2026-01-27T12:28:34.3900482Z             "pushed_at": 1769516867,
2026-01-27T12:28:34.3900908Z             "releases_url": "https://api.github.com/repos/sst2020/ai-teaching-assistant/releases{/id}",
2026-01-27T12:28:34.3901347Z             "size": 5879,
2026-01-27T12:28:34.3901641Z             "ssh_url": "git@github.com:sst2020/ai-teaching-assistant.git",
2026-01-27T12:28:34.3901974Z             "stargazers": 0,
2026-01-27T12:28:34.3902191Z             "stargazers_count": 0,
2026-01-27T12:28:34.3902597Z             "stargazers_url": "https://api.github.com/repos/sst2020/ai-teaching-assistant/stargazers",
2026-01-27T12:28:34.3903573Z             "statuses_url": "https://api.github.com/repos/sst2020/ai-teaching-assistant/statuses/{sha}",
2026-01-27T12:28:34.3904217Z             "subscribers_url": "https://api.github.com/repos/sst2020/ai-teaching-assistant/subscribers",
2026-01-27T12:28:34.3905071Z             "subscription_url": "https://api.github.com/repos/sst2020/ai-teaching-assistant/subscription",
2026-01-27T12:28:34.3905622Z             "svn_url": "https://github.com/sst2020/ai-teaching-assistant",
2026-01-27T12:28:34.3906082Z             "tags_url": "https://api.github.com/repos/sst2020/ai-teaching-assistant/tags",
2026-01-27T12:28:34.3906706Z             "teams_url": "https://api.github.com/repos/sst2020/ai-teaching-assistant/teams",
2026-01-27T12:28:34.3907097Z             "topics": [],
2026-01-27T12:28:34.3907482Z             "trees_url": "https://api.github.com/repos/sst2020/ai-teaching-assistant/git/trees{/sha}",
2026-01-27T12:28:34.3907926Z             "updated_at": "2026-01-27T12:01:56Z",
2026-01-27T12:28:34.3908285Z             "url": "https://api.github.com/repos/sst2020/ai-teaching-assistant",
2026-01-27T12:28:34.3908643Z             "visibility": "public",
2026-01-27T12:28:34.3908876Z             "watchers": 0,
2026-01-27T12:28:34.3909096Z             "watchers_count": 0,
2026-01-27T12:28:34.3909347Z             "web_commit_signoff_required": false
2026-01-27T12:28:34.3909604Z           },
2026-01-27T12:28:34.3909777Z           "sender": {
2026-01-27T12:28:34.3910080Z             "avatar_url": "https://avatars.githubusercontent.com/u/77180679?v=4",
2026-01-27T12:28:34.3910546Z             "events_url": "https://api.github.com/users/sst2020/events{/privacy}",
2026-01-27T12:28:34.3911003Z             "followers_url": "https://api.github.com/users/sst2020/followers",
2026-01-27T12:28:34.3911479Z             "following_url": "https://api.github.com/users/sst2020/following{/other_user}",
2026-01-27T12:28:34.3911962Z             "gists_url": "https://api.github.com/users/sst2020/gists{/gist_id}",
2026-01-27T12:28:34.3912313Z             "gravatar_id": "",
2026-01-27T12:28:34.3912575Z             "html_url": "https://github.com/sst2020",
2026-01-27T12:28:34.3912845Z             "id": 77180679,
2026-01-27T12:28:34.3913386Z             "login": "sst2020",
2026-01-27T12:28:34.3913644Z             "node_id": "MDQ6VXNlcjc3MTgwNjc5",
2026-01-27T12:28:34.3914002Z             "organizations_url": "https://api.github.com/users/sst2020/orgs",
2026-01-27T12:28:34.3914490Z             "received_events_url": "https://api.github.com/users/sst2020/received_events",
2026-01-27T12:28:34.3914952Z             "repos_url": "https://api.github.com/users/sst2020/repos",
2026-01-27T12:28:34.3915279Z             "site_admin": false,
2026-01-27T12:28:34.3915635Z             "starred_url": "https://api.github.com/users/sst2020/starred{/owner}{/repo}",
2026-01-27T12:28:34.3916143Z             "subscriptions_url": "https://api.github.com/users/sst2020/subscriptions",
2026-01-27T12:28:34.3916524Z             "type": "User",
2026-01-27T12:28:34.3916785Z             "url": "https://api.github.com/users/sst2020",
2026-01-27T12:28:34.3917074Z             "user_view_type": "public"
2026-01-27T12:28:34.3917306Z           }
2026-01-27T12:28:34.3917471Z         },
2026-01-27T12:28:34.3917659Z         "github_job": "docker-build",
2026-01-27T12:28:34.3917916Z         "github_ref": "refs/heads/main",
2026-01-27T12:28:34.3918177Z         "github_ref_name": "main",
2026-01-27T12:28:34.3918418Z         "github_ref_protected": "false",
2026-01-27T12:28:34.3918673Z         "github_ref_type": "branch",
2026-01-27T12:28:34.3918975Z         "github_repository": "sst2020/ai-teaching-assistant",
2026-01-27T12:28:34.3919303Z         "github_repository_id": "1106045712",
2026-01-27T12:28:34.3919584Z         "github_repository_owner": "sst2020",
2026-01-27T12:28:34.3919864Z         "github_repository_owner_id": "77180679",
2026-01-27T12:28:34.3920139Z         "github_run_attempt": "1",
2026-01-27T12:28:34.3920381Z         "github_run_id": "21397172644",
2026-01-27T12:28:34.3920630Z         "github_run_number": "22",
2026-01-27T12:28:34.3920869Z         "github_runner_arch": "X64",
2026-01-27T12:28:34.3921147Z         "github_runner_environment": "github-hosted",
2026-01-27T12:28:34.3921593Z         "github_runner_image_os": "ubuntu24",
2026-01-27T12:28:34.3921895Z         "github_runner_image_version": "20260119.4.1",
2026-01-27T12:28:34.3922207Z         "github_runner_name": "GitHub Actions 1000001439",
2026-01-27T12:28:34.3922497Z         "github_runner_os": "Linux",
2026-01-27T12:28:34.3922846Z         "github_runner_tracking_id": "github_6e0dc398-a5fc-412a-b381-3249d5af0e18",
2026-01-27T12:28:34.3923617Z         "github_server_url": "https://github.com",
2026-01-27T12:28:34.3923907Z         "github_triggering_actor": "sst2020",
2026-01-27T12:28:34.3924183Z         "github_workflow": "CI/CD Pipeline",
2026-01-27T12:28:34.3924639Z         "github_workflow_ref": "sst2020/ai-teaching-assistant/.github/workflows/ci.yml@refs/heads/main",
2026-01-27T12:28:34.3925184Z         "github_workflow_sha": "27ec4e2e160bfcf97da2be74f1b1d16421e93d0d",
2026-01-27T12:28:34.3925532Z         "platform": "linux/amd64"
2026-01-27T12:28:34.3925759Z       }
2026-01-27T12:28:34.3925911Z     }
2026-01-27T12:28:34.3926064Z   },
2026-01-27T12:28:34.3926594Z   "buildx.build.ref": "builder-3841e53e-0ba8-4181-bd61-297d188ecda3/builder-3841e53e-0ba8-4181-bd61-297d188ecda30/jo7tx4l0izjrzh1rfh38bd4d3",
2026-01-27T12:28:34.3927231Z   "containerimage.descriptor": {
2026-01-27T12:28:34.3927538Z     "mediaType": "application/vnd.oci.image.index.v1+json",
2026-01-27T12:28:34.3927994Z     "digest": "sha256:8d60e07fa2e00cccbc08c5d1dc908642d58ca5760f0b9cf421e3d30275009b8c",
2026-01-27T12:28:34.3928397Z     "size": 856
2026-01-27T12:28:34.3928572Z   },
2026-01-27T12:28:34.3928943Z   "containerimage.digest": "sha256:8d60e07fa2e00cccbc08c5d1dc908642d58ca5760f0b9cf421e3d30275009b8c",
2026-01-27T12:28:34.3929616Z   "image.name": "***/ai-teaching-assistant-backend:main"
2026-01-27T12:28:34.3929917Z }
2026-01-27T12:28:34.3930285Z ##[endgroup]
2026-01-27T12:28:34.4008576Z Post job cleanup.
2026-01-27T12:28:34.6237067Z ##[group]Removing temp folder /home/runner/work/_temp/docker-actions-toolkit-M9sIoF
2026-01-27T12:28:34.6252289Z ##[endgroup]
2026-01-27T12:28:34.6253474Z ##[group]Post cache
2026-01-27T12:28:34.6254950Z State not set
2026-01-27T12:28:34.6255598Z ##[endgroup]
2026-01-27T12:28:34.6360938Z Post job cleanup.
2026-01-27T12:28:34.9353677Z [command]/usr/bin/docker logout docker.io
2026-01-27T12:28:34.9484390Z Removing login credentials for docker.io
2026-01-27T12:28:34.9514760Z ##[group]Post cache
2026-01-27T12:28:34.9516550Z State not set
2026-01-27T12:28:34.9517856Z ##[endgroup]
2026-01-27T12:28:34.9651778Z Post job cleanup.
2026-01-27T12:28:35.2097037Z ##[group]Removing builder
2026-01-27T12:28:35.3301077Z [command]/usr/bin/docker buildx rm builder-3841e53e-0ba8-4181-bd61-297d188ecda3
2026-01-27T12:28:36.1078721Z builder-3841e53e-0ba8-4181-bd61-297d188ecda3 removed
2026-01-27T12:28:36.1114453Z ##[endgroup]
2026-01-27T12:28:36.1116142Z ##[group]Cleaning up certificates
2026-01-27T12:28:36.1122350Z ##[endgroup]
2026-01-27T12:28:36.1123532Z ##[group]Post cache
2026-01-27T12:28:36.1125791Z State not set
2026-01-27T12:28:36.1136509Z ##[endgroup]
2026-01-27T12:28:36.1240171Z Post job cleanup.
2026-01-27T12:28:36.3815406Z ##[group]Post cache
2026-01-27T12:28:36.3817949Z Caching docker.io--tonistiigi--binfmt-latest-linux-x64 to GitHub Actions cache
2026-01-27T12:28:36.4003124Z [command]/usr/bin/tar --posix -cf cache.tzst --exclude cache.tzst -P -C /home/runner/work/ai-teaching-assistant/ai-teaching-assistant --files-from manifest.txt --use-compress-program zstdmt
2026-01-27T12:28:36.9063231Z Failed to save: Unable to reserve cache with key docker.io--tonistiigi--binfmt-latest-linux-x64, another job may be creating this cache.
2026-01-27T12:28:36.9134346Z ##[endgroup]
2026-01-27T12:28:36.9261107Z Post job cleanup.
2026-01-27T12:28:37.0193395Z [command]/usr/bin/git version
2026-01-27T12:28:37.0229405Z git version 2.52.0
2026-01-27T12:28:37.0273315Z Temporarily overriding HOME='/home/runner/work/_temp/ea97226a-f892-4431-ae9a-b76debcfeb3a' before making global git config changes
2026-01-27T12:28:37.0274661Z Adding repository directory to the temporary git global config as a safe directory
2026-01-27T12:28:37.0287560Z [command]/usr/bin/git config --global --add safe.directory /home/runner/work/ai-teaching-assistant/ai-teaching-assistant
2026-01-27T12:28:37.0322291Z [command]/usr/bin/git config --local --name-only --get-regexp core\.sshCommand
2026-01-27T12:28:37.0354746Z [command]/usr/bin/git submodule foreach --recursive sh -c "git config --local --name-only --get-regexp 'core\.sshCommand' && git config --local --unset-all 'core.sshCommand' || :"
2026-01-27T12:28:37.0591231Z [command]/usr/bin/git config --local --name-only --get-regexp http\.https\:\/\/github\.com\/\.extraheader
2026-01-27T12:28:37.0613395Z http.https://github.com/.extraheader
2026-01-27T12:28:37.0626942Z [command]/usr/bin/git config --local --unset-all http.https://github.com/.extraheader
2026-01-27T12:28:37.0657910Z [command]/usr/bin/git submodule foreach --recursive sh -c "git config --local --name-only --get-regexp 'http\.https\:\/\/github\.com\/\.extraheader' && git config --local --unset-all 'http.https://github.com/.extraheader' || :"
2026-01-27T12:28:37.0887560Z [command]/usr/bin/git config --local --name-only --get-regexp ^includeIf\.gitdir:
2026-01-27T12:28:37.0919878Z [command]/usr/bin/git submodule foreach --recursive git config --local --show-origin --name-only --get-regexp remote.origin.url
2026-01-27T12:28:37.1243687Z Cleaning up orphan processes
